[0.334s] DEBUG:colcon:Command line arguments: ['/usr/bin/colcon', 'build']
[0.334s] DEBUG:colcon:Parsed command line arguments: Namespace(log_base=None, log_level=None, verb_name='build', build_base='build', install_base='install', merge_install=False, symlink_install=False, test_result_base=None, continue_on_error=False, executor='parallel', parallel_workers=20, event_handlers=None, ignore_user_meta=False, metas=['./colcon.meta'], base_paths=['.'], packages_ignore=None, packages_ignore_regex=None, paths=None, packages_up_to=None, packages_up_to_regex=None, packages_above=None, packages_above_and_dependencies=None, packages_above_depth=None, packages_select_by_dep=None, packages_skip_by_dep=None, packages_skip_up_to=None, packages_select_build_failed=False, packages_skip_build_finished=False, packages_select_test_failures=False, packages_skip_test_passed=False, packages_select=None, packages_skip=None, packages_select_regex=None, packages_skip_regex=None, packages_start=None, packages_end=None, allow_overriding=[], cmake_args=None, cmake_target=None, cmake_target_skip_unavailable=False, cmake_clean_cache=False, cmake_clean_first=False, cmake_force_configure=False, ament_cmake_args=None, catkin_cmake_args=None, catkin_skip_building_tests=False, mixin_files=None, mixin=None, verb_parser=<colcon_mixin.mixin.mixin_argument.MixinArgumentDecorator object at 0x7d0c01972440>, verb_extension=<colcon_core.verb.build.BuildVerb object at 0x7d0c01a6f430>, main=<bound method BuildVerb.main of <colcon_core.verb.build.BuildVerb object at 0x7d0c01a6f430>>, mixin_verb=('build',))
[0.728s] Level 1:colcon.colcon_core.package_discovery:discover_packages(colcon_meta) check parameters
[0.728s] Level 1:colcon.colcon_core.package_discovery:discover_packages(recursive) check parameters
[0.728s] Level 1:colcon.colcon_core.package_discovery:discover_packages(ignore) check parameters
[0.728s] Level 1:colcon.colcon_core.package_discovery:discover_packages(path) check parameters
[0.728s] Level 1:colcon.colcon_core.package_discovery:discover_packages(colcon_meta) discover
[0.728s] Level 1:colcon.colcon_core.package_discovery:discover_packages(recursive) discover
[0.728s] INFO:colcon.colcon_core.package_discovery:Crawling recursively for packages in '/home/xc2204/ros2_new_study'
[0.728s] Level 1:colcon.colcon_core.package_identification:_identify(.) by extensions ['ignore', 'ignore_ament_install']
[0.729s] Level 1:colcon.colcon_core.package_identification:_identify(.) by extension 'ignore'
[0.729s] Level 1:colcon.colcon_core.package_identification:_identify(.) by extension 'ignore_ament_install'
[0.729s] Level 1:colcon.colcon_core.package_identification:_identify(.) by extensions ['colcon_pkg']
[0.729s] Level 1:colcon.colcon_core.package_identification:_identify(.) by extension 'colcon_pkg'
[0.729s] Level 1:colcon.colcon_core.package_identification:_identify(.) by extensions ['colcon_meta']
[0.729s] Level 1:colcon.colcon_core.package_identification:_identify(.) by extension 'colcon_meta'
[0.729s] Level 1:colcon.colcon_core.package_identification:_identify(.) by extensions ['ros']
[0.729s] Level 1:colcon.colcon_core.package_identification:_identify(.) by extension 'ros'
[0.740s] Level 1:colcon.colcon_core.package_identification:_identify(.) by extensions ['cmake', 'python']
[0.740s] Level 1:colcon.colcon_core.package_identification:_identify(.) by extension 'cmake'
[0.740s] Level 1:colcon.colcon_core.package_identification:_identify(.) by extension 'python'
[0.741s] Level 1:colcon.colcon_core.package_identification:_identify(.) by extensions ['python_setup_py']
[0.741s] Level 1:colcon.colcon_core.package_identification:_identify(.) by extension 'python_setup_py'
[0.741s] Level 1:colcon.colcon_core.package_identification:_identify(ROS2学习 之python版本.assets) by extensions ['ignore', 'ignore_ament_install']
[0.741s] Level 1:colcon.colcon_core.package_identification:_identify(ROS2学习 之python版本.assets) by extension 'ignore'
[0.741s] Level 1:colcon.colcon_core.package_identification:_identify(ROS2学习 之python版本.assets) by extension 'ignore_ament_install'
[0.741s] Level 1:colcon.colcon_core.package_identification:_identify(ROS2学习 之python版本.assets) by extensions ['colcon_pkg']
[0.741s] Level 1:colcon.colcon_core.package_identification:_identify(ROS2学习 之python版本.assets) by extension 'colcon_pkg'
[0.741s] Level 1:colcon.colcon_core.package_identification:_identify(ROS2学习 之python版本.assets) by extensions ['colcon_meta']
[0.741s] Level 1:colcon.colcon_core.package_identification:_identify(ROS2学习 之python版本.assets) by extension 'colcon_meta'
[0.742s] Level 1:colcon.colcon_core.package_identification:_identify(ROS2学习 之python版本.assets) by extensions ['ros']
[0.742s] Level 1:colcon.colcon_core.package_identification:_identify(ROS2学习 之python版本.assets) by extension 'ros'
[0.742s] Level 1:colcon.colcon_core.package_identification:_identify(ROS2学习 之python版本.assets) by extensions ['cmake', 'python']
[0.742s] Level 1:colcon.colcon_core.package_identification:_identify(ROS2学习 之python版本.assets) by extension 'cmake'
[0.742s] Level 1:colcon.colcon_core.package_identification:_identify(ROS2学习 之python版本.assets) by extension 'python'
[0.742s] Level 1:colcon.colcon_core.package_identification:_identify(ROS2学习 之python版本.assets) by extensions ['python_setup_py']
[0.742s] Level 1:colcon.colcon_core.package_identification:_identify(ROS2学习 之python版本.assets) by extension 'python_setup_py'
[0.742s] Level 1:colcon.colcon_core.package_identification:_identify(build) by extensions ['ignore', 'ignore_ament_install']
[0.742s] Level 1:colcon.colcon_core.package_identification:_identify(build) by extension 'ignore'
[0.742s] Level 1:colcon.colcon_core.package_identification:_identify(build) ignored
[0.743s] Level 1:colcon.colcon_core.package_identification:_identify(install) by extensions ['ignore', 'ignore_ament_install']
[0.743s] Level 1:colcon.colcon_core.package_identification:_identify(install) by extension 'ignore'
[0.743s] Level 1:colcon.colcon_core.package_identification:_identify(install) ignored
[0.743s] Level 1:colcon.colcon_core.package_identification:_identify(log) by extensions ['ignore', 'ignore_ament_install']
[0.743s] Level 1:colcon.colcon_core.package_identification:_identify(log) by extension 'ignore'
[0.743s] Level 1:colcon.colcon_core.package_identification:_identify(log) ignored
[0.743s] Level 1:colcon.colcon_core.package_identification:_identify(src) by extensions ['ignore', 'ignore_ament_install']
[0.744s] Level 1:colcon.colcon_core.package_identification:_identify(src) by extension 'ignore'
[0.744s] Level 1:colcon.colcon_core.package_identification:_identify(src) by extension 'ignore_ament_install'
[0.744s] Level 1:colcon.colcon_core.package_identification:_identify(src) by extensions ['colcon_pkg']
[0.744s] Level 1:colcon.colcon_core.package_identification:_identify(src) by extension 'colcon_pkg'
[0.744s] Level 1:colcon.colcon_core.package_identification:_identify(src) by extensions ['colcon_meta']
[0.744s] Level 1:colcon.colcon_core.package_identification:_identify(src) by extension 'colcon_meta'
[0.744s] Level 1:colcon.colcon_core.package_identification:_identify(src) by extensions ['ros']
[0.744s] Level 1:colcon.colcon_core.package_identification:_identify(src) by extension 'ros'
[0.744s] Level 1:colcon.colcon_core.package_identification:_identify(src) by extensions ['cmake', 'python']
[0.744s] Level 1:colcon.colcon_core.package_identification:_identify(src) by extension 'cmake'
[0.744s] Level 1:colcon.colcon_core.package_identification:_identify(src) by extension 'python'
[0.744s] Level 1:colcon.colcon_core.package_identification:_identify(src) by extensions ['python_setup_py']
[0.744s] Level 1:colcon.colcon_core.package_identification:_identify(src) by extension 'python_setup_py'
[0.744s] Level 1:colcon.colcon_core.package_identification:_identify(src/TF_study) by extensions ['ignore', 'ignore_ament_install']
[0.744s] Level 1:colcon.colcon_core.package_identification:_identify(src/TF_study) by extension 'ignore'
[0.745s] Level 1:colcon.colcon_core.package_identification:_identify(src/TF_study) by extension 'ignore_ament_install'
[0.745s] Level 1:colcon.colcon_core.package_identification:_identify(src/TF_study) by extensions ['colcon_pkg']
[0.745s] Level 1:colcon.colcon_core.package_identification:_identify(src/TF_study) by extension 'colcon_pkg'
[0.745s] Level 1:colcon.colcon_core.package_identification:_identify(src/TF_study) by extensions ['colcon_meta']
[0.745s] Level 1:colcon.colcon_core.package_identification:_identify(src/TF_study) by extension 'colcon_meta'
[0.745s] Level 1:colcon.colcon_core.package_identification:_identify(src/TF_study) by extensions ['ros']
[0.745s] Level 1:colcon.colcon_core.package_identification:_identify(src/TF_study) by extension 'ros'
[0.748s] DEBUG:colcon.colcon_core.package_identification:Package 'src/TF_study' with type 'ros.ament_python' and name 'TF_study'
[0.748s] Level 1:colcon.colcon_core.package_identification:_identify(src/Urdf_study) by extensions ['ignore', 'ignore_ament_install']
[0.749s] Level 1:colcon.colcon_core.package_identification:_identify(src/Urdf_study) by extension 'ignore'
[0.749s] Level 1:colcon.colcon_core.package_identification:_identify(src/Urdf_study) by extension 'ignore_ament_install'
[0.749s] Level 1:colcon.colcon_core.package_identification:_identify(src/Urdf_study) by extensions ['colcon_pkg']
[0.749s] Level 1:colcon.colcon_core.package_identification:_identify(src/Urdf_study) by extension 'colcon_pkg'
[0.749s] Level 1:colcon.colcon_core.package_identification:_identify(src/Urdf_study) by extensions ['colcon_meta']
[0.749s] Level 1:colcon.colcon_core.package_identification:_identify(src/Urdf_study) by extension 'colcon_meta'
[0.749s] Level 1:colcon.colcon_core.package_identification:_identify(src/Urdf_study) by extensions ['ros']
[0.749s] Level 1:colcon.colcon_core.package_identification:_identify(src/Urdf_study) by extension 'ros'
[0.750s] DEBUG:colcon.colcon_core.package_identification:Found ROS schema reference in package manifest in 'src/Urdf_study'
[0.750s] WARNING:colcon.colcon_core.package_identification:Failed to parse ROS package manifest in 'src/Urdf_study': Error(s) in package 'src/Urdf_study/package.xml':
Invalid email "xc@" for person "xc2204"
[0.750s] Level 1:colcon.colcon_core.package_identification:_identify(src/Urdf_study) by extensions ['cmake', 'python']
[0.750s] Level 1:colcon.colcon_core.package_identification:_identify(src/Urdf_study) by extension 'cmake'
[0.752s] Level 1:colcon.colcon_core.package_identification:_identify(src/Urdf_study) by extension 'python'
[0.752s] DEBUG:colcon.colcon_core.package_identification:Package 'src/Urdf_study' with type 'cmake' and name 'Urdf_study'
[0.753s] Level 1:colcon.colcon_core.package_identification:_identify(src/face_detect) by extensions ['ignore', 'ignore_ament_install']
[0.753s] Level 1:colcon.colcon_core.package_identification:_identify(src/face_detect) by extension 'ignore'
[0.753s] Level 1:colcon.colcon_core.package_identification:_identify(src/face_detect) by extension 'ignore_ament_install'
[0.753s] Level 1:colcon.colcon_core.package_identification:_identify(src/face_detect) by extensions ['colcon_pkg']
[0.753s] Level 1:colcon.colcon_core.package_identification:_identify(src/face_detect) by extension 'colcon_pkg'
[0.753s] Level 1:colcon.colcon_core.package_identification:_identify(src/face_detect) by extensions ['colcon_meta']
[0.753s] Level 1:colcon.colcon_core.package_identification:_identify(src/face_detect) by extension 'colcon_meta'
[0.753s] Level 1:colcon.colcon_core.package_identification:_identify(src/face_detect) by extensions ['ros']
[0.753s] Level 1:colcon.colcon_core.package_identification:_identify(src/face_detect) by extension 'ros'
[0.754s] DEBUG:colcon.colcon_core.package_identification:Package 'src/face_detect' with type 'ros.ament_python' and name 'face_detect'
[0.754s] Level 1:colcon.colcon_core.package_identification:_identify(src/msg_interfaces) by extensions ['ignore', 'ignore_ament_install']
[0.754s] Level 1:colcon.colcon_core.package_identification:_identify(src/msg_interfaces) by extension 'ignore'
[0.754s] Level 1:colcon.colcon_core.package_identification:_identify(src/msg_interfaces) by extension 'ignore_ament_install'
[0.754s] Level 1:colcon.colcon_core.package_identification:_identify(src/msg_interfaces) by extensions ['colcon_pkg']
[0.754s] Level 1:colcon.colcon_core.package_identification:_identify(src/msg_interfaces) by extension 'colcon_pkg'
[0.754s] Level 1:colcon.colcon_core.package_identification:_identify(src/msg_interfaces) by extensions ['colcon_meta']
[0.754s] Level 1:colcon.colcon_core.package_identification:_identify(src/msg_interfaces) by extension 'colcon_meta'
[0.754s] Level 1:colcon.colcon_core.package_identification:_identify(src/msg_interfaces) by extensions ['ros']
[0.754s] Level 1:colcon.colcon_core.package_identification:_identify(src/msg_interfaces) by extension 'ros'
[0.755s] DEBUG:colcon.colcon_core.package_identification:Package 'src/msg_interfaces' with type 'ros.ament_cmake' and name 'msg_interfaces'
[0.755s] Level 1:colcon.colcon_core.package_identification:_identify(src/pc_stuts) by extensions ['ignore', 'ignore_ament_install']
[0.756s] Level 1:colcon.colcon_core.package_identification:_identify(src/pc_stuts) by extension 'ignore'
[0.756s] Level 1:colcon.colcon_core.package_identification:_identify(src/pc_stuts) by extension 'ignore_ament_install'
[0.756s] Level 1:colcon.colcon_core.package_identification:_identify(src/pc_stuts) by extensions ['colcon_pkg']
[0.756s] Level 1:colcon.colcon_core.package_identification:_identify(src/pc_stuts) by extension 'colcon_pkg'
[0.756s] Level 1:colcon.colcon_core.package_identification:_identify(src/pc_stuts) by extensions ['colcon_meta']
[0.756s] Level 1:colcon.colcon_core.package_identification:_identify(src/pc_stuts) by extension 'colcon_meta'
[0.756s] Level 1:colcon.colcon_core.package_identification:_identify(src/pc_stuts) by extensions ['ros']
[0.756s] Level 1:colcon.colcon_core.package_identification:_identify(src/pc_stuts) by extension 'ros'
[0.757s] DEBUG:colcon.colcon_core.package_identification:Package 'src/pc_stuts' with type 'ros.ament_python' and name 'pc_stuts'
[0.757s] Level 1:colcon.colcon_core.package_identification:_identify(src/test_pkg) by extensions ['ignore', 'ignore_ament_install']
[0.757s] Level 1:colcon.colcon_core.package_identification:_identify(src/test_pkg) by extension 'ignore'
[0.757s] Level 1:colcon.colcon_core.package_identification:_identify(src/test_pkg) by extension 'ignore_ament_install'
[0.757s] Level 1:colcon.colcon_core.package_identification:_identify(src/test_pkg) by extensions ['colcon_pkg']
[0.757s] Level 1:colcon.colcon_core.package_identification:_identify(src/test_pkg) by extension 'colcon_pkg'
[0.757s] Level 1:colcon.colcon_core.package_identification:_identify(src/test_pkg) by extensions ['colcon_meta']
[0.757s] Level 1:colcon.colcon_core.package_identification:_identify(src/test_pkg) by extension 'colcon_meta'
[0.758s] Level 1:colcon.colcon_core.package_identification:_identify(src/test_pkg) by extensions ['ros']
[0.758s] Level 1:colcon.colcon_core.package_identification:_identify(src/test_pkg) by extension 'ros'
[0.758s] DEBUG:colcon.colcon_core.package_identification:Package 'src/test_pkg' with type 'ros.ament_python' and name 'test_pkg'
[0.758s] Level 1:colcon.colcon_core.package_discovery:discover_packages(recursive) using defaults
[0.758s] Level 1:colcon.colcon_core.package_discovery:discover_packages(ignore) discover
[0.758s] Level 1:colcon.colcon_core.package_discovery:discover_packages(ignore) using defaults
[0.759s] Level 1:colcon.colcon_core.package_discovery:discover_packages(path) discover
[0.759s] Level 1:colcon.colcon_core.package_discovery:discover_packages(path) using defaults
[0.804s] Level 1:colcon.colcon_core.package_discovery:discover_packages(prefix_path) check parameters
[0.804s] Level 1:colcon.colcon_core.package_discovery:discover_packages(prefix_path) discover
[0.812s] DEBUG:colcon.colcon_installed_package_information.package_discovery:Found 387 installed packages in /opt/ros/humble
[0.814s] Level 1:colcon.colcon_core.package_discovery:discover_packages(prefix_path) using defaults
[0.940s] Level 5:colcon.colcon_core.verb:set package 'TF_study' build argument 'cmake_args' from command line to 'None'
[0.940s] Level 5:colcon.colcon_core.verb:set package 'TF_study' build argument 'cmake_target' from command line to 'None'
[0.940s] Level 5:colcon.colcon_core.verb:set package 'TF_study' build argument 'cmake_target_skip_unavailable' from command line to 'False'
[0.940s] Level 5:colcon.colcon_core.verb:set package 'TF_study' build argument 'cmake_clean_cache' from command line to 'False'
[0.940s] Level 5:colcon.colcon_core.verb:set package 'TF_study' build argument 'cmake_clean_first' from command line to 'False'
[0.940s] Level 5:colcon.colcon_core.verb:set package 'TF_study' build argument 'cmake_force_configure' from command line to 'False'
[0.940s] Level 5:colcon.colcon_core.verb:set package 'TF_study' build argument 'ament_cmake_args' from command line to 'None'
[0.940s] Level 5:colcon.colcon_core.verb:set package 'TF_study' build argument 'catkin_cmake_args' from command line to 'None'
[0.940s] Level 5:colcon.colcon_core.verb:set package 'TF_study' build argument 'catkin_skip_building_tests' from command line to 'False'
[0.940s] DEBUG:colcon.colcon_core.verb:Building package 'TF_study' with the following arguments: {'ament_cmake_args': None, 'build_base': '/home/xc2204/ros2_new_study/build/TF_study', 'catkin_cmake_args': None, 'catkin_skip_building_tests': False, 'cmake_args': None, 'cmake_clean_cache': False, 'cmake_clean_first': False, 'cmake_force_configure': False, 'cmake_target': None, 'cmake_target_skip_unavailable': False, 'install_base': '/home/xc2204/ros2_new_study/install/TF_study', 'merge_install': False, 'path': '/home/xc2204/ros2_new_study/src/TF_study', 'symlink_install': False, 'test_result_base': None}
[0.940s] Level 5:colcon.colcon_core.verb:set package 'Urdf_study' build argument 'cmake_args' from command line to 'None'
[0.940s] Level 5:colcon.colcon_core.verb:set package 'Urdf_study' build argument 'cmake_target' from command line to 'None'
[0.940s] Level 5:colcon.colcon_core.verb:set package 'Urdf_study' build argument 'cmake_target_skip_unavailable' from command line to 'False'
[0.940s] Level 5:colcon.colcon_core.verb:set package 'Urdf_study' build argument 'cmake_clean_cache' from command line to 'False'
[0.940s] Level 5:colcon.colcon_core.verb:set package 'Urdf_study' build argument 'cmake_clean_first' from command line to 'False'
[0.941s] Level 5:colcon.colcon_core.verb:set package 'Urdf_study' build argument 'cmake_force_configure' from command line to 'False'
[0.941s] Level 5:colcon.colcon_core.verb:set package 'Urdf_study' build argument 'ament_cmake_args' from command line to 'None'
[0.941s] Level 5:colcon.colcon_core.verb:set package 'Urdf_study' build argument 'catkin_cmake_args' from command line to 'None'
[0.941s] Level 5:colcon.colcon_core.verb:set package 'Urdf_study' build argument 'catkin_skip_building_tests' from command line to 'False'
[0.941s] DEBUG:colcon.colcon_core.verb:Building package 'Urdf_study' with the following arguments: {'ament_cmake_args': None, 'build_base': '/home/xc2204/ros2_new_study/build/Urdf_study', 'catkin_cmake_args': None, 'catkin_skip_building_tests': False, 'cmake_args': None, 'cmake_clean_cache': False, 'cmake_clean_first': False, 'cmake_force_configure': False, 'cmake_target': None, 'cmake_target_skip_unavailable': False, 'install_base': '/home/xc2204/ros2_new_study/install/Urdf_study', 'merge_install': False, 'path': '/home/xc2204/ros2_new_study/src/Urdf_study', 'symlink_install': False, 'test_result_base': None}
[0.941s] Level 5:colcon.colcon_core.verb:set package 'face_detect' build argument 'cmake_args' from command line to 'None'
[0.941s] Level 5:colcon.colcon_core.verb:set package 'face_detect' build argument 'cmake_target' from command line to 'None'
[0.941s] Level 5:colcon.colcon_core.verb:set package 'face_detect' build argument 'cmake_target_skip_unavailable' from command line to 'False'
[0.941s] Level 5:colcon.colcon_core.verb:set package 'face_detect' build argument 'cmake_clean_cache' from command line to 'False'
[0.941s] Level 5:colcon.colcon_core.verb:set package 'face_detect' build argument 'cmake_clean_first' from command line to 'False'
[0.941s] Level 5:colcon.colcon_core.verb:set package 'face_detect' build argument 'cmake_force_configure' from command line to 'False'
[0.941s] Level 5:colcon.colcon_core.verb:set package 'face_detect' build argument 'ament_cmake_args' from command line to 'None'
[0.941s] Level 5:colcon.colcon_core.verb:set package 'face_detect' build argument 'catkin_cmake_args' from command line to 'None'
[0.941s] Level 5:colcon.colcon_core.verb:set package 'face_detect' build argument 'catkin_skip_building_tests' from command line to 'False'
[0.941s] DEBUG:colcon.colcon_core.verb:Building package 'face_detect' with the following arguments: {'ament_cmake_args': None, 'build_base': '/home/xc2204/ros2_new_study/build/face_detect', 'catkin_cmake_args': None, 'catkin_skip_building_tests': False, 'cmake_args': None, 'cmake_clean_cache': False, 'cmake_clean_first': False, 'cmake_force_configure': False, 'cmake_target': None, 'cmake_target_skip_unavailable': False, 'install_base': '/home/xc2204/ros2_new_study/install/face_detect', 'merge_install': False, 'path': '/home/xc2204/ros2_new_study/src/face_detect', 'symlink_install': False, 'test_result_base': None}
[0.941s] Level 5:colcon.colcon_core.verb:set package 'msg_interfaces' build argument 'cmake_args' from command line to 'None'
[0.941s] Level 5:colcon.colcon_core.verb:set package 'msg_interfaces' build argument 'cmake_target' from command line to 'None'
[0.941s] Level 5:colcon.colcon_core.verb:set package 'msg_interfaces' build argument 'cmake_target_skip_unavailable' from command line to 'False'
[0.941s] Level 5:colcon.colcon_core.verb:set package 'msg_interfaces' build argument 'cmake_clean_cache' from command line to 'False'
[0.941s] Level 5:colcon.colcon_core.verb:set package 'msg_interfaces' build argument 'cmake_clean_first' from command line to 'False'
[0.941s] Level 5:colcon.colcon_core.verb:set package 'msg_interfaces' build argument 'cmake_force_configure' from command line to 'False'
[0.941s] Level 5:colcon.colcon_core.verb:set package 'msg_interfaces' build argument 'ament_cmake_args' from command line to 'None'
[0.941s] Level 5:colcon.colcon_core.verb:set package 'msg_interfaces' build argument 'catkin_cmake_args' from command line to 'None'
[0.941s] Level 5:colcon.colcon_core.verb:set package 'msg_interfaces' build argument 'catkin_skip_building_tests' from command line to 'False'
[0.941s] DEBUG:colcon.colcon_core.verb:Building package 'msg_interfaces' with the following arguments: {'ament_cmake_args': None, 'build_base': '/home/xc2204/ros2_new_study/build/msg_interfaces', 'catkin_cmake_args': None, 'catkin_skip_building_tests': False, 'cmake_args': None, 'cmake_clean_cache': False, 'cmake_clean_first': False, 'cmake_force_configure': False, 'cmake_target': None, 'cmake_target_skip_unavailable': False, 'install_base': '/home/xc2204/ros2_new_study/install/msg_interfaces', 'merge_install': False, 'path': '/home/xc2204/ros2_new_study/src/msg_interfaces', 'symlink_install': False, 'test_result_base': None}
[0.942s] Level 5:colcon.colcon_core.verb:set package 'pc_stuts' build argument 'cmake_args' from command line to 'None'
[0.942s] Level 5:colcon.colcon_core.verb:set package 'pc_stuts' build argument 'cmake_target' from command line to 'None'
[0.942s] Level 5:colcon.colcon_core.verb:set package 'pc_stuts' build argument 'cmake_target_skip_unavailable' from command line to 'False'
[0.942s] Level 5:colcon.colcon_core.verb:set package 'pc_stuts' build argument 'cmake_clean_cache' from command line to 'False'
[0.942s] Level 5:colcon.colcon_core.verb:set package 'pc_stuts' build argument 'cmake_clean_first' from command line to 'False'
[0.942s] Level 5:colcon.colcon_core.verb:set package 'pc_stuts' build argument 'cmake_force_configure' from command line to 'False'
[0.942s] Level 5:colcon.colcon_core.verb:set package 'pc_stuts' build argument 'ament_cmake_args' from command line to 'None'
[0.942s] Level 5:colcon.colcon_core.verb:set package 'pc_stuts' build argument 'catkin_cmake_args' from command line to 'None'
[0.942s] Level 5:colcon.colcon_core.verb:set package 'pc_stuts' build argument 'catkin_skip_building_tests' from command line to 'False'
[0.942s] DEBUG:colcon.colcon_core.verb:Building package 'pc_stuts' with the following arguments: {'ament_cmake_args': None, 'build_base': '/home/xc2204/ros2_new_study/build/pc_stuts', 'catkin_cmake_args': None, 'catkin_skip_building_tests': False, 'cmake_args': None, 'cmake_clean_cache': False, 'cmake_clean_first': False, 'cmake_force_configure': False, 'cmake_target': None, 'cmake_target_skip_unavailable': False, 'install_base': '/home/xc2204/ros2_new_study/install/pc_stuts', 'merge_install': False, 'path': '/home/xc2204/ros2_new_study/src/pc_stuts', 'symlink_install': False, 'test_result_base': None}
[0.942s] Level 5:colcon.colcon_core.verb:set package 'test_pkg' build argument 'cmake_args' from command line to 'None'
[0.942s] Level 5:colcon.colcon_core.verb:set package 'test_pkg' build argument 'cmake_target' from command line to 'None'
[0.942s] Level 5:colcon.colcon_core.verb:set package 'test_pkg' build argument 'cmake_target_skip_unavailable' from command line to 'False'
[0.942s] Level 5:colcon.colcon_core.verb:set package 'test_pkg' build argument 'cmake_clean_cache' from command line to 'False'
[0.942s] Level 5:colcon.colcon_core.verb:set package 'test_pkg' build argument 'cmake_clean_first' from command line to 'False'
[0.942s] Level 5:colcon.colcon_core.verb:set package 'test_pkg' build argument 'cmake_force_configure' from command line to 'False'
[0.942s] Level 5:colcon.colcon_core.verb:set package 'test_pkg' build argument 'ament_cmake_args' from command line to 'None'
[0.942s] Level 5:colcon.colcon_core.verb:set package 'test_pkg' build argument 'catkin_cmake_args' from command line to 'None'
[0.942s] Level 5:colcon.colcon_core.verb:set package 'test_pkg' build argument 'catkin_skip_building_tests' from command line to 'False'
[0.942s] DEBUG:colcon.colcon_core.verb:Building package 'test_pkg' with the following arguments: {'ament_cmake_args': None, 'build_base': '/home/xc2204/ros2_new_study/build/test_pkg', 'catkin_cmake_args': None, 'catkin_skip_building_tests': False, 'cmake_args': None, 'cmake_clean_cache': False, 'cmake_clean_first': False, 'cmake_force_configure': False, 'cmake_target': None, 'cmake_target_skip_unavailable': False, 'install_base': '/home/xc2204/ros2_new_study/install/test_pkg', 'merge_install': False, 'path': '/home/xc2204/ros2_new_study/src/test_pkg', 'symlink_install': False, 'test_result_base': None}
[0.942s] INFO:colcon.colcon_core.executor:Executing jobs using 'parallel' executor
[0.943s] DEBUG:colcon.colcon_parallel_executor.executor.parallel:run_until_complete
[0.944s] INFO:colcon.colcon_ros.task.ament_cmake.build:Building ROS package in '/home/xc2204/ros2_new_study/src/msg_interfaces' with build type 'ament_cmake'
[0.944s] INFO:colcon.colcon_cmake.task.cmake.build:Building CMake package in '/home/xc2204/ros2_new_study/src/msg_interfaces'
[0.949s] INFO:colcon.colcon_core.plugin_system:Skipping extension 'colcon_core.shell.bat': Not used on non-Windows systems
[0.950s] INFO:colcon.colcon_core.shell:Skip shell extension 'powershell' for command environment: Not usable outside of PowerShell
[0.950s] DEBUG:colcon.colcon_core.shell:Skip shell extension 'dsv' for command environment
[0.954s] INFO:colcon.colcon_ros.task.ament_python.build:Building ROS package in '/home/xc2204/ros2_new_study/src/TF_study' with build type 'ament_python'
[0.954s] Level 1:colcon.colcon_core.shell:create_environment_hook('TF_study', 'ament_prefix_path')
[0.954s] INFO:colcon.colcon_core.shell:Creating environment hook '/home/xc2204/ros2_new_study/install/TF_study/share/TF_study/hook/ament_prefix_path.ps1'
[0.956s] INFO:colcon.colcon_core.shell:Creating environment descriptor '/home/xc2204/ros2_new_study/install/TF_study/share/TF_study/hook/ament_prefix_path.dsv'
[0.956s] INFO:colcon.colcon_core.shell:Creating environment hook '/home/xc2204/ros2_new_study/install/TF_study/share/TF_study/hook/ament_prefix_path.sh'
[0.957s] INFO:colcon.colcon_core.shell:Skip shell extension 'powershell' for command environment: Not usable outside of PowerShell
[0.957s] DEBUG:colcon.colcon_core.shell:Skip shell extension 'dsv' for command environment
[0.959s] INFO:colcon.colcon_cmake.task.cmake.build:Building CMake package in '/home/xc2204/ros2_new_study/src/Urdf_study'
[0.960s] INFO:colcon.colcon_core.shell:Skip shell extension 'powershell' for command environment: Not usable outside of PowerShell
[0.960s] DEBUG:colcon.colcon_core.shell:Skip shell extension 'dsv' for command environment
[0.962s] INFO:colcon.colcon_ros.task.ament_python.build:Building ROS package in '/home/xc2204/ros2_new_study/src/face_detect' with build type 'ament_python'
[0.963s] Level 1:colcon.colcon_core.shell:create_environment_hook('face_detect', 'ament_prefix_path')
[0.963s] INFO:colcon.colcon_core.shell:Creating environment hook '/home/xc2204/ros2_new_study/install/face_detect/share/face_detect/hook/ament_prefix_path.ps1'
[0.963s] INFO:colcon.colcon_core.shell:Creating environment descriptor '/home/xc2204/ros2_new_study/install/face_detect/share/face_detect/hook/ament_prefix_path.dsv'
[0.964s] INFO:colcon.colcon_core.shell:Creating environment hook '/home/xc2204/ros2_new_study/install/face_detect/share/face_detect/hook/ament_prefix_path.sh'
[0.964s] INFO:colcon.colcon_core.shell:Skip shell extension 'powershell' for command environment: Not usable outside of PowerShell
[0.964s] DEBUG:colcon.colcon_core.shell:Skip shell extension 'dsv' for command environment
[0.973s] DEBUG:colcon.colcon_core.event_handler.log_command:Invoking command in '/home/xc2204/ros2_new_study/build/msg_interfaces': CMAKE_PREFIX_PATH=/opt/ros/humble /usr/bin/cmake --build /home/xc2204/ros2_new_study/build/msg_interfaces -- -j20 -l20
[1.258s] INFO:colcon.colcon_core.task.python.build:Building Python package in '/home/xc2204/ros2_new_study/src/TF_study'
[1.258s] INFO:colcon.colcon_core.shell:Skip shell extension 'powershell' for command environment: Not usable outside of PowerShell
[1.258s] DEBUG:colcon.colcon_core.shell:Skip shell extension 'dsv' for command environment
[1.266s] DEBUG:colcon.colcon_core.event_handler.log_command:Invoking command in '/home/xc2204/ros2_new_study/build/Urdf_study': /usr/bin/cmake /home/xc2204/ros2_new_study/src/Urdf_study -DCMAKE_INSTALL_PREFIX=/home/xc2204/ros2_new_study/install/Urdf_study
[1.452s] INFO:colcon.colcon_core.task.python.build:Building Python package in '/home/xc2204/ros2_new_study/src/face_detect'
[1.453s] INFO:colcon.colcon_core.shell:Skip shell extension 'powershell' for command environment: Not usable outside of PowerShell
[1.453s] DEBUG:colcon.colcon_core.shell:Skip shell extension 'dsv' for command environment
[1.458s] DEBUG:colcon.colcon_core.event_handler.log_command:Invoked command in '/home/xc2204/ros2_new_study/build/msg_interfaces' returned '0': CMAKE_PREFIX_PATH=/opt/ros/humble /usr/bin/cmake --build /home/xc2204/ros2_new_study/build/msg_interfaces -- -j20 -l20
[1.468s] DEBUG:colcon.colcon_core.event_handler.log_command:Invoking command in '/home/xc2204/ros2_new_study/build/msg_interfaces': CMAKE_PREFIX_PATH=/opt/ros/humble /usr/bin/cmake --install /home/xc2204/ros2_new_study/build/msg_interfaces
[1.546s] Level 1:colcon.colcon_core.environment:create_environment_scripts_only(msg_interfaces)
[1.547s] DEBUG:colcon.colcon_core.event_handler.log_command:Invoked command in '/home/xc2204/ros2_new_study/build/msg_interfaces' returned '0': CMAKE_PREFIX_PATH=/opt/ros/humble /usr/bin/cmake --install /home/xc2204/ros2_new_study/build/msg_interfaces
[1.553s] Level 1:colcon.colcon_core.environment:checking '/home/xc2204/ros2_new_study/install/msg_interfaces' for CMake module files
[1.555s] Level 1:colcon.colcon_core.environment:checking '/home/xc2204/ros2_new_study/install/msg_interfaces' for CMake config files
[1.557s] Level 1:colcon.colcon_core.shell:create_environment_hook('msg_interfaces', 'cmake_prefix_path')
[1.558s] INFO:colcon.colcon_core.shell:Creating environment hook '/home/xc2204/ros2_new_study/install/msg_interfaces/share/msg_interfaces/hook/cmake_prefix_path.ps1'
[1.558s] INFO:colcon.colcon_core.shell:Creating environment descriptor '/home/xc2204/ros2_new_study/install/msg_interfaces/share/msg_interfaces/hook/cmake_prefix_path.dsv'
[1.558s] INFO:colcon.colcon_core.shell:Creating environment hook '/home/xc2204/ros2_new_study/install/msg_interfaces/share/msg_interfaces/hook/cmake_prefix_path.sh'
[1.559s] Level 1:colcon.colcon_core.environment:checking '/home/xc2204/ros2_new_study/install/msg_interfaces/lib'
[1.559s] Level 1:colcon.colcon_core.shell:create_environment_hook('msg_interfaces', 'ld_library_path_lib')
[1.559s] INFO:colcon.colcon_core.shell:Creating environment hook '/home/xc2204/ros2_new_study/install/msg_interfaces/share/msg_interfaces/hook/ld_library_path_lib.ps1'
[1.560s] INFO:colcon.colcon_core.shell:Creating environment descriptor '/home/xc2204/ros2_new_study/install/msg_interfaces/share/msg_interfaces/hook/ld_library_path_lib.dsv'
[1.560s] INFO:colcon.colcon_core.shell:Creating environment hook '/home/xc2204/ros2_new_study/install/msg_interfaces/share/msg_interfaces/hook/ld_library_path_lib.sh'
[1.560s] Level 1:colcon.colcon_core.environment:checking '/home/xc2204/ros2_new_study/install/msg_interfaces/bin'
[1.560s] Level 1:colcon.colcon_core.environment:checking '/home/xc2204/ros2_new_study/install/msg_interfaces/lib/pkgconfig/msg_interfaces.pc'
[1.560s] Level 1:colcon.colcon_core.environment:checking '/home/xc2204/ros2_new_study/install/msg_interfaces/lib/python3.10/site-packages'
[1.561s] Level 1:colcon.colcon_core.environment:checking '/home/xc2204/ros2_new_study/install/msg_interfaces/bin'
[1.561s] INFO:colcon.colcon_core.shell:Creating package script '/home/xc2204/ros2_new_study/install/msg_interfaces/share/msg_interfaces/package.ps1'
[1.563s] INFO:colcon.colcon_core.shell:Creating package descriptor '/home/xc2204/ros2_new_study/install/msg_interfaces/share/msg_interfaces/package.dsv'
[1.564s] INFO:colcon.colcon_core.shell:Creating package script '/home/xc2204/ros2_new_study/install/msg_interfaces/share/msg_interfaces/package.sh'
[1.565s] INFO:colcon.colcon_core.shell:Creating package script '/home/xc2204/ros2_new_study/install/msg_interfaces/share/msg_interfaces/package.bash'
[1.567s] INFO:colcon.colcon_core.shell:Creating package script '/home/xc2204/ros2_new_study/install/msg_interfaces/share/msg_interfaces/package.zsh'
[1.568s] Level 1:colcon.colcon_core.environment:create_file_with_runtime_dependencies(/home/xc2204/ros2_new_study/install/msg_interfaces/share/colcon-core/packages/msg_interfaces)
[1.569s] Level 1:colcon.colcon_core.environment:create_environment_scripts_only(msg_interfaces)
[1.569s] Level 1:colcon.colcon_core.environment:checking '/home/xc2204/ros2_new_study/install/msg_interfaces' for CMake module files
[1.569s] Level 1:colcon.colcon_core.environment:checking '/home/xc2204/ros2_new_study/install/msg_interfaces' for CMake config files
[1.570s] Level 1:colcon.colcon_core.shell:create_environment_hook('msg_interfaces', 'cmake_prefix_path')
[1.570s] INFO:colcon.colcon_core.shell:Creating environment hook '/home/xc2204/ros2_new_study/install/msg_interfaces/share/msg_interfaces/hook/cmake_prefix_path.ps1'
[1.570s] INFO:colcon.colcon_core.shell:Creating environment descriptor '/home/xc2204/ros2_new_study/install/msg_interfaces/share/msg_interfaces/hook/cmake_prefix_path.dsv'
[1.571s] INFO:colcon.colcon_core.shell:Creating environment hook '/home/xc2204/ros2_new_study/install/msg_interfaces/share/msg_interfaces/hook/cmake_prefix_path.sh'
[1.571s] Level 1:colcon.colcon_core.environment:checking '/home/xc2204/ros2_new_study/install/msg_interfaces/lib'
[1.571s] Level 1:colcon.colcon_core.shell:create_environment_hook('msg_interfaces', 'ld_library_path_lib')
[1.571s] INFO:colcon.colcon_core.shell:Creating environment hook '/home/xc2204/ros2_new_study/install/msg_interfaces/share/msg_interfaces/hook/ld_library_path_lib.ps1'
[1.572s] INFO:colcon.colcon_core.shell:Creating environment descriptor '/home/xc2204/ros2_new_study/install/msg_interfaces/share/msg_interfaces/hook/ld_library_path_lib.dsv'
[1.572s] INFO:colcon.colcon_core.shell:Creating environment hook '/home/xc2204/ros2_new_study/install/msg_interfaces/share/msg_interfaces/hook/ld_library_path_lib.sh'
[1.572s] Level 1:colcon.colcon_core.environment:checking '/home/xc2204/ros2_new_study/install/msg_interfaces/bin'
[1.572s] Level 1:colcon.colcon_core.environment:checking '/home/xc2204/ros2_new_study/install/msg_interfaces/lib/pkgconfig/msg_interfaces.pc'
[1.572s] Level 1:colcon.colcon_core.environment:checking '/home/xc2204/ros2_new_study/install/msg_interfaces/lib/python3.10/site-packages'
[1.573s] Level 1:colcon.colcon_core.environment:checking '/home/xc2204/ros2_new_study/install/msg_interfaces/bin'
[1.573s] INFO:colcon.colcon_core.shell:Creating package script '/home/xc2204/ros2_new_study/install/msg_interfaces/share/msg_interfaces/package.ps1'
[1.573s] INFO:colcon.colcon_core.shell:Creating package descriptor '/home/xc2204/ros2_new_study/install/msg_interfaces/share/msg_interfaces/package.dsv'
[1.574s] INFO:colcon.colcon_core.shell:Creating package script '/home/xc2204/ros2_new_study/install/msg_interfaces/share/msg_interfaces/package.sh'
[1.574s] INFO:colcon.colcon_core.shell:Creating package script '/home/xc2204/ros2_new_study/install/msg_interfaces/share/msg_interfaces/package.bash'
[1.574s] INFO:colcon.colcon_core.shell:Creating package script '/home/xc2204/ros2_new_study/install/msg_interfaces/share/msg_interfaces/package.zsh'
[1.575s] Level 1:colcon.colcon_core.environment:create_file_with_runtime_dependencies(/home/xc2204/ros2_new_study/install/msg_interfaces/share/colcon-core/packages/msg_interfaces)
[1.575s] INFO:colcon.colcon_ros.task.ament_python.build:Building ROS package in '/home/xc2204/ros2_new_study/src/pc_stuts' with build type 'ament_python'
[1.575s] Level 1:colcon.colcon_core.shell:create_environment_hook('pc_stuts', 'ament_prefix_path')
[1.576s] INFO:colcon.colcon_core.shell:Creating environment hook '/home/xc2204/ros2_new_study/install/pc_stuts/share/pc_stuts/hook/ament_prefix_path.ps1'
[1.577s] INFO:colcon.colcon_core.shell:Creating environment descriptor '/home/xc2204/ros2_new_study/install/pc_stuts/share/pc_stuts/hook/ament_prefix_path.dsv'
[1.577s] INFO:colcon.colcon_core.shell:Creating environment hook '/home/xc2204/ros2_new_study/install/pc_stuts/share/pc_stuts/hook/ament_prefix_path.sh'
[1.578s] INFO:colcon.colcon_core.shell:Skip shell extension 'powershell' for command environment: Not usable outside of PowerShell
[1.578s] DEBUG:colcon.colcon_core.shell:Skip shell extension 'dsv' for command environment
[1.580s] INFO:colcon.colcon_ros.task.ament_python.build:Building ROS package in '/home/xc2204/ros2_new_study/src/test_pkg' with build type 'ament_python'
[1.580s] Level 1:colcon.colcon_core.shell:create_environment_hook('test_pkg', 'ament_prefix_path')
[1.581s] INFO:colcon.colcon_core.shell:Creating environment hook '/home/xc2204/ros2_new_study/install/test_pkg/share/test_pkg/hook/ament_prefix_path.ps1'
[1.581s] INFO:colcon.colcon_core.shell:Creating environment descriptor '/home/xc2204/ros2_new_study/install/test_pkg/share/test_pkg/hook/ament_prefix_path.dsv'
[1.582s] INFO:colcon.colcon_core.shell:Creating environment hook '/home/xc2204/ros2_new_study/install/test_pkg/share/test_pkg/hook/ament_prefix_path.sh'
[1.583s] INFO:colcon.colcon_core.shell:Skip shell extension 'powershell' for command environment: Not usable outside of PowerShell
[1.583s] DEBUG:colcon.colcon_core.shell:Skip shell extension 'dsv' for command environment
[1.894s] INFO:colcon.colcon_core.task.python.build:Building Python package in '/home/xc2204/ros2_new_study/src/pc_stuts'
[1.894s] INFO:colcon.colcon_core.shell:Skip shell extension 'powershell' for command environment: Not usable outside of PowerShell
[1.894s] DEBUG:colcon.colcon_core.shell:Skip shell extension 'dsv' for command environment
[2.059s] INFO:colcon.colcon_core.task.python.build:Building Python package in '/home/xc2204/ros2_new_study/src/test_pkg'
[2.059s] INFO:colcon.colcon_core.shell:Skip shell extension 'powershell' for command environment: Not usable outside of PowerShell
[2.059s] DEBUG:colcon.colcon_core.shell:Skip shell extension 'dsv' for command environment
[2.064s] DEBUG:colcon.colcon_core.event_handler.log_command:Invoking command in '/home/xc2204/ros2_new_study/src/face_detect': PYTHONPATH=/home/xc2204/ros2_new_study/build/face_detect/prefix_override:/usr/lib/python3/dist-packages/colcon_core/task/python/colcon_distutils_commands:/home/xc2204/ros2_new_study/install/face_detect/lib/python3.10/site-packages:${PYTHONPATH} /usr/bin/python3 -W ignore:setup.py install is deprecated -W ignore:easy_install command is deprecated setup.py egg_info --egg-base ../../build/face_detect build --build-base /home/xc2204/ros2_new_study/build/face_detect/build install --record /home/xc2204/ros2_new_study/build/face_detect/install.log --single-version-externally-managed install_data
[2.066s] DEBUG:colcon.colcon_core.event_handler.log_command:Invoking command in '/home/xc2204/ros2_new_study/src/TF_study': PYTHONPATH=/home/xc2204/ros2_new_study/build/TF_study/prefix_override:/usr/lib/python3/dist-packages/colcon_core/task/python/colcon_distutils_commands:/home/xc2204/ros2_new_study/install/TF_study/lib/python3.10/site-packages:${PYTHONPATH} /usr/bin/python3 -W ignore:setup.py install is deprecated -W ignore:easy_install command is deprecated setup.py egg_info --egg-base ../../build/TF_study build --build-base /home/xc2204/ros2_new_study/build/TF_study/build install --record /home/xc2204/ros2_new_study/build/TF_study/install.log --single-version-externally-managed install_data
[2.330s] Level 1:colcon.colcon_core.environment:checking '/home/xc2204/ros2_new_study/install/TF_study' for CMake module files
[2.330s] DEBUG:colcon.colcon_core.event_handler.log_command:Invoked command in '/home/xc2204/ros2_new_study/src/TF_study' returned '0': PYTHONPATH=/home/xc2204/ros2_new_study/build/TF_study/prefix_override:/usr/lib/python3/dist-packages/colcon_core/task/python/colcon_distutils_commands:/home/xc2204/ros2_new_study/install/TF_study/lib/python3.10/site-packages:${PYTHONPATH} /usr/bin/python3 -W ignore:setup.py install is deprecated -W ignore:easy_install command is deprecated setup.py egg_info --egg-base ../../build/TF_study build --build-base /home/xc2204/ros2_new_study/build/TF_study/build install --record /home/xc2204/ros2_new_study/build/TF_study/install.log --single-version-externally-managed install_data
[2.333s] Level 1:colcon.colcon_core.environment:checking '/home/xc2204/ros2_new_study/install/TF_study' for CMake config files
[2.336s] Level 1:colcon.colcon_core.environment:checking '/home/xc2204/ros2_new_study/install/TF_study/lib'
[2.336s] Level 1:colcon.colcon_core.environment:checking '/home/xc2204/ros2_new_study/install/TF_study/bin'
[2.336s] Level 1:colcon.colcon_core.environment:checking '/home/xc2204/ros2_new_study/install/TF_study/lib/pkgconfig/TF_study.pc'
[2.336s] Level 1:colcon.colcon_core.environment:checking '/home/xc2204/ros2_new_study/install/TF_study/lib/python3.10/site-packages'
[2.336s] Level 1:colcon.colcon_core.shell:create_environment_hook('TF_study', 'pythonpath')
[2.337s] INFO:colcon.colcon_core.shell:Creating environment hook '/home/xc2204/ros2_new_study/install/TF_study/share/TF_study/hook/pythonpath.ps1'
[2.338s] INFO:colcon.colcon_core.shell:Creating environment descriptor '/home/xc2204/ros2_new_study/install/TF_study/share/TF_study/hook/pythonpath.dsv'
[2.339s] INFO:colcon.colcon_core.shell:Creating environment hook '/home/xc2204/ros2_new_study/install/TF_study/share/TF_study/hook/pythonpath.sh'
[2.339s] Level 1:colcon.colcon_core.environment:checking '/home/xc2204/ros2_new_study/install/TF_study/bin'
[2.340s] Level 1:colcon.colcon_core.environment:create_environment_scripts_only(TF_study)
[2.340s] INFO:colcon.colcon_core.shell:Creating package script '/home/xc2204/ros2_new_study/install/TF_study/share/TF_study/package.ps1'
[2.341s] INFO:colcon.colcon_core.shell:Creating package descriptor '/home/xc2204/ros2_new_study/install/TF_study/share/TF_study/package.dsv'
[2.341s] INFO:colcon.colcon_core.shell:Creating package script '/home/xc2204/ros2_new_study/install/TF_study/share/TF_study/package.sh'
[2.342s] INFO:colcon.colcon_core.shell:Creating package script '/home/xc2204/ros2_new_study/install/TF_study/share/TF_study/package.bash'
[2.342s] INFO:colcon.colcon_core.shell:Creating package script '/home/xc2204/ros2_new_study/install/TF_study/share/TF_study/package.zsh'
[2.343s] Level 1:colcon.colcon_core.environment:create_file_with_runtime_dependencies(/home/xc2204/ros2_new_study/install/TF_study/share/colcon-core/packages/TF_study)
[2.346s] Level 1:colcon.colcon_core.environment:checking '/home/xc2204/ros2_new_study/install/face_detect' for CMake module files
[2.346s] DEBUG:colcon.colcon_core.event_handler.log_command:Invoked command in '/home/xc2204/ros2_new_study/src/face_detect' returned '0': PYTHONPATH=/home/xc2204/ros2_new_study/build/face_detect/prefix_override:/usr/lib/python3/dist-packages/colcon_core/task/python/colcon_distutils_commands:/home/xc2204/ros2_new_study/install/face_detect/lib/python3.10/site-packages:${PYTHONPATH} /usr/bin/python3 -W ignore:setup.py install is deprecated -W ignore:easy_install command is deprecated setup.py egg_info --egg-base ../../build/face_detect build --build-base /home/xc2204/ros2_new_study/build/face_detect/build install --record /home/xc2204/ros2_new_study/build/face_detect/install.log --single-version-externally-managed install_data
[2.348s] Level 1:colcon.colcon_core.environment:checking '/home/xc2204/ros2_new_study/install/face_detect' for CMake config files
[2.352s] Level 1:colcon.colcon_core.environment:checking '/home/xc2204/ros2_new_study/install/face_detect/lib'
[2.352s] Level 1:colcon.colcon_core.environment:checking '/home/xc2204/ros2_new_study/install/face_detect/bin'
[2.352s] Level 1:colcon.colcon_core.environment:checking '/home/xc2204/ros2_new_study/install/face_detect/lib/pkgconfig/face_detect.pc'
[2.353s] Level 1:colcon.colcon_core.environment:checking '/home/xc2204/ros2_new_study/install/face_detect/lib/python3.10/site-packages'
[2.353s] Level 1:colcon.colcon_core.shell:create_environment_hook('face_detect', 'pythonpath')
[2.353s] INFO:colcon.colcon_core.shell:Creating environment hook '/home/xc2204/ros2_new_study/install/face_detect/share/face_detect/hook/pythonpath.ps1'
[2.353s] INFO:colcon.colcon_core.shell:Creating environment descriptor '/home/xc2204/ros2_new_study/install/face_detect/share/face_detect/hook/pythonpath.dsv'
[2.354s] INFO:colcon.colcon_core.shell:Creating environment hook '/home/xc2204/ros2_new_study/install/face_detect/share/face_detect/hook/pythonpath.sh'
[2.354s] Level 1:colcon.colcon_core.environment:checking '/home/xc2204/ros2_new_study/install/face_detect/bin'
[2.354s] Level 1:colcon.colcon_core.environment:create_environment_scripts_only(face_detect)
[2.355s] INFO:colcon.colcon_core.shell:Creating package script '/home/xc2204/ros2_new_study/install/face_detect/share/face_detect/package.ps1'
[2.355s] INFO:colcon.colcon_core.shell:Creating package descriptor '/home/xc2204/ros2_new_study/install/face_detect/share/face_detect/package.dsv'
[2.356s] INFO:colcon.colcon_core.shell:Creating package script '/home/xc2204/ros2_new_study/install/face_detect/share/face_detect/package.sh'
[2.356s] INFO:colcon.colcon_core.shell:Creating package script '/home/xc2204/ros2_new_study/install/face_detect/share/face_detect/package.bash'
[2.356s] INFO:colcon.colcon_core.shell:Creating package script '/home/xc2204/ros2_new_study/install/face_detect/share/face_detect/package.zsh'
[2.356s] Level 1:colcon.colcon_core.environment:create_file_with_runtime_dependencies(/home/xc2204/ros2_new_study/install/face_detect/share/colcon-core/packages/face_detect)
[2.387s] DEBUG:colcon.colcon_core.event_handler.log_command:Invoking command in '/home/xc2204/ros2_new_study/src/pc_stuts': AMENT_PREFIX_PATH=/home/xc2204/ros2_new_study/install/msg_interfaces:${AMENT_PREFIX_PATH} CMAKE_PREFIX_PATH=/home/xc2204/ros2_new_study/install/msg_interfaces LD_LIBRARY_PATH=/home/xc2204/ros2_new_study/install/msg_interfaces/lib:${LD_LIBRARY_PATH} PYTHONPATH=/home/xc2204/ros2_new_study/build/pc_stuts/prefix_override:/usr/lib/python3/dist-packages/colcon_core/task/python/colcon_distutils_commands:/home/xc2204/ros2_new_study/install/pc_stuts/lib/python3.10/site-packages:/home/xc2204/ros2_new_study/install/msg_interfaces/local/lib/python3.10/dist-packages:${PYTHONPATH} /usr/bin/python3 -W ignore:setup.py install is deprecated -W ignore:easy_install command is deprecated setup.py egg_info --egg-base ../../build/pc_stuts build --build-base /home/xc2204/ros2_new_study/build/pc_stuts/build install --record /home/xc2204/ros2_new_study/build/pc_stuts/install.log --single-version-externally-managed install_data
[2.565s] DEBUG:colcon.colcon_core.event_handler.log_command:Invoking command in '/home/xc2204/ros2_new_study/src/test_pkg': AMENT_PREFIX_PATH=/home/xc2204/ros2_new_study/install/msg_interfaces:${AMENT_PREFIX_PATH} CMAKE_PREFIX_PATH=/home/xc2204/ros2_new_study/install/msg_interfaces LD_LIBRARY_PATH=/home/xc2204/ros2_new_study/install/msg_interfaces/lib:${LD_LIBRARY_PATH} PYTHONPATH=/home/xc2204/ros2_new_study/build/test_pkg/prefix_override:/usr/lib/python3/dist-packages/colcon_core/task/python/colcon_distutils_commands:/home/xc2204/ros2_new_study/install/test_pkg/lib/python3.10/site-packages:/home/xc2204/ros2_new_study/install/msg_interfaces/local/lib/python3.10/dist-packages:${PYTHONPATH} /usr/bin/python3 -W ignore:setup.py install is deprecated -W ignore:easy_install command is deprecated setup.py egg_info --egg-base ../../build/test_pkg build --build-base /home/xc2204/ros2_new_study/build/test_pkg/build install --record /home/xc2204/ros2_new_study/build/test_pkg/install.log --single-version-externally-managed install_data
[2.642s] Level 1:colcon.colcon_core.environment:checking '/home/xc2204/ros2_new_study/install/pc_stuts' for CMake module files
[2.643s] DEBUG:colcon.colcon_core.event_handler.log_command:Invoked command in '/home/xc2204/ros2_new_study/src/pc_stuts' returned '0': AMENT_PREFIX_PATH=/home/xc2204/ros2_new_study/install/msg_interfaces:${AMENT_PREFIX_PATH} CMAKE_PREFIX_PATH=/home/xc2204/ros2_new_study/install/msg_interfaces LD_LIBRARY_PATH=/home/xc2204/ros2_new_study/install/msg_interfaces/lib:${LD_LIBRARY_PATH} PYTHONPATH=/home/xc2204/ros2_new_study/build/pc_stuts/prefix_override:/usr/lib/python3/dist-packages/colcon_core/task/python/colcon_distutils_commands:/home/xc2204/ros2_new_study/install/pc_stuts/lib/python3.10/site-packages:/home/xc2204/ros2_new_study/install/msg_interfaces/local/lib/python3.10/dist-packages:${PYTHONPATH} /usr/bin/python3 -W ignore:setup.py install is deprecated -W ignore:easy_install command is deprecated setup.py egg_info --egg-base ../../build/pc_stuts build --build-base /home/xc2204/ros2_new_study/build/pc_stuts/build install --record /home/xc2204/ros2_new_study/build/pc_stuts/install.log --single-version-externally-managed install_data
[2.645s] Level 1:colcon.colcon_core.environment:checking '/home/xc2204/ros2_new_study/install/pc_stuts' for CMake config files
[2.648s] Level 1:colcon.colcon_core.environment:checking '/home/xc2204/ros2_new_study/install/pc_stuts/lib'
[2.649s] Level 1:colcon.colcon_core.environment:checking '/home/xc2204/ros2_new_study/install/pc_stuts/bin'
[2.649s] Level 1:colcon.colcon_core.environment:checking '/home/xc2204/ros2_new_study/install/pc_stuts/lib/pkgconfig/pc_stuts.pc'
[2.649s] Level 1:colcon.colcon_core.environment:checking '/home/xc2204/ros2_new_study/install/pc_stuts/lib/python3.10/site-packages'
[2.649s] Level 1:colcon.colcon_core.shell:create_environment_hook('pc_stuts', 'pythonpath')
[2.650s] INFO:colcon.colcon_core.shell:Creating environment hook '/home/xc2204/ros2_new_study/install/pc_stuts/share/pc_stuts/hook/pythonpath.ps1'
[2.652s] INFO:colcon.colcon_core.shell:Creating environment descriptor '/home/xc2204/ros2_new_study/install/pc_stuts/share/pc_stuts/hook/pythonpath.dsv'
[2.652s] INFO:colcon.colcon_core.shell:Creating environment hook '/home/xc2204/ros2_new_study/install/pc_stuts/share/pc_stuts/hook/pythonpath.sh'
[2.653s] Level 1:colcon.colcon_core.environment:checking '/home/xc2204/ros2_new_study/install/pc_stuts/bin'
[2.653s] Level 1:colcon.colcon_core.environment:create_environment_scripts_only(pc_stuts)
[2.654s] INFO:colcon.colcon_core.shell:Creating package script '/home/xc2204/ros2_new_study/install/pc_stuts/share/pc_stuts/package.ps1'
[2.654s] INFO:colcon.colcon_core.shell:Creating package descriptor '/home/xc2204/ros2_new_study/install/pc_stuts/share/pc_stuts/package.dsv'
[2.655s] INFO:colcon.colcon_core.shell:Creating package script '/home/xc2204/ros2_new_study/install/pc_stuts/share/pc_stuts/package.sh'
[2.655s] INFO:colcon.colcon_core.shell:Creating package script '/home/xc2204/ros2_new_study/install/pc_stuts/share/pc_stuts/package.bash'
[2.656s] INFO:colcon.colcon_core.shell:Creating package script '/home/xc2204/ros2_new_study/install/pc_stuts/share/pc_stuts/package.zsh'
[2.656s] Level 1:colcon.colcon_core.environment:create_file_with_runtime_dependencies(/home/xc2204/ros2_new_study/install/pc_stuts/share/colcon-core/packages/pc_stuts)
[2.856s] Level 1:colcon.colcon_core.environment:checking '/home/xc2204/ros2_new_study/install/test_pkg' for CMake module files
[2.857s] DEBUG:colcon.colcon_core.event_handler.log_command:Invoked command in '/home/xc2204/ros2_new_study/src/test_pkg' returned '0': AMENT_PREFIX_PATH=/home/xc2204/ros2_new_study/install/msg_interfaces:${AMENT_PREFIX_PATH} CMAKE_PREFIX_PATH=/home/xc2204/ros2_new_study/install/msg_interfaces LD_LIBRARY_PATH=/home/xc2204/ros2_new_study/install/msg_interfaces/lib:${LD_LIBRARY_PATH} PYTHONPATH=/home/xc2204/ros2_new_study/build/test_pkg/prefix_override:/usr/lib/python3/dist-packages/colcon_core/task/python/colcon_distutils_commands:/home/xc2204/ros2_new_study/install/test_pkg/lib/python3.10/site-packages:/home/xc2204/ros2_new_study/install/msg_interfaces/local/lib/python3.10/dist-packages:${PYTHONPATH} /usr/bin/python3 -W ignore:setup.py install is deprecated -W ignore:easy_install command is deprecated setup.py egg_info --egg-base ../../build/test_pkg build --build-base /home/xc2204/ros2_new_study/build/test_pkg/build install --record /home/xc2204/ros2_new_study/build/test_pkg/install.log --single-version-externally-managed install_data
[2.857s] Level 1:colcon.colcon_core.environment:checking '/home/xc2204/ros2_new_study/install/test_pkg' for CMake config files
[2.858s] Level 1:colcon.colcon_core.environment:checking '/home/xc2204/ros2_new_study/install/test_pkg/lib'
[2.858s] Level 1:colcon.colcon_core.environment:checking '/home/xc2204/ros2_new_study/install/test_pkg/bin'
[2.858s] Level 1:colcon.colcon_core.environment:checking '/home/xc2204/ros2_new_study/install/test_pkg/lib/pkgconfig/test_pkg.pc'
[2.858s] Level 1:colcon.colcon_core.environment:checking '/home/xc2204/ros2_new_study/install/test_pkg/lib/python3.10/site-packages'
[2.858s] Level 1:colcon.colcon_core.shell:create_environment_hook('test_pkg', 'pythonpath')
[2.858s] INFO:colcon.colcon_core.shell:Creating environment hook '/home/xc2204/ros2_new_study/install/test_pkg/share/test_pkg/hook/pythonpath.ps1'
[2.859s] INFO:colcon.colcon_core.shell:Creating environment descriptor '/home/xc2204/ros2_new_study/install/test_pkg/share/test_pkg/hook/pythonpath.dsv'
[2.859s] INFO:colcon.colcon_core.shell:Creating environment hook '/home/xc2204/ros2_new_study/install/test_pkg/share/test_pkg/hook/pythonpath.sh'
[2.860s] Level 1:colcon.colcon_core.environment:checking '/home/xc2204/ros2_new_study/install/test_pkg/bin'
[2.860s] Level 1:colcon.colcon_core.environment:create_environment_scripts_only(test_pkg)
[2.860s] INFO:colcon.colcon_core.shell:Creating package script '/home/xc2204/ros2_new_study/install/test_pkg/share/test_pkg/package.ps1'
[2.861s] INFO:colcon.colcon_core.shell:Creating package descriptor '/home/xc2204/ros2_new_study/install/test_pkg/share/test_pkg/package.dsv'
[2.861s] INFO:colcon.colcon_core.shell:Creating package script '/home/xc2204/ros2_new_study/install/test_pkg/share/test_pkg/package.sh'
[2.862s] INFO:colcon.colcon_core.shell:Creating package script '/home/xc2204/ros2_new_study/install/test_pkg/share/test_pkg/package.bash'
[2.862s] INFO:colcon.colcon_core.shell:Creating package script '/home/xc2204/ros2_new_study/install/test_pkg/share/test_pkg/package.zsh'
[2.862s] Level 1:colcon.colcon_core.environment:create_file_with_runtime_dependencies(/home/xc2204/ros2_new_study/install/test_pkg/share/colcon-core/packages/test_pkg)
[3.971s] DEBUG:colcon.colcon_core.event_handler.log_command:Invoked command in '/home/xc2204/ros2_new_study/build/Urdf_study' returned '1': /usr/bin/cmake /home/xc2204/ros2_new_study/src/Urdf_study -DCMAKE_INSTALL_PREFIX=/home/xc2204/ros2_new_study/install/Urdf_study
[3.981s] DEBUG:colcon.colcon_parallel_executor.executor.parallel:closing loop
[3.982s] DEBUG:colcon.colcon_parallel_executor.executor.parallel:loop closed
[3.982s] DEBUG:colcon.colcon_parallel_executor.executor.parallel:run_until_complete finished with '1'
[3.982s] DEBUG:colcon.colcon_core.event_reactor:joining thread
[3.994s] INFO:colcon.colcon_core.plugin_system:Skipping extension 'colcon_notification.desktop_notification.terminal_notifier': Not used on non-Darwin systems
[3.994s] INFO:colcon.colcon_core.plugin_system:Skipping extension 'colcon_notification.desktop_notification.win32': Not used on non-Windows systems
[3.994s] INFO:colcon.colcon_notification.desktop_notification:Sending desktop notification using 'notify2'
[4.236s] DEBUG:colcon.colcon_core.event_reactor:joined thread
[4.236s] INFO:colcon.colcon_core.shell:Creating prefix script '/home/xc2204/ros2_new_study/install/local_setup.ps1'
[4.237s] INFO:colcon.colcon_core.shell:Creating prefix util module '/home/xc2204/ros2_new_study/install/_local_setup_util_ps1.py'
[4.238s] INFO:colcon.colcon_core.shell:Creating prefix chain script '/home/xc2204/ros2_new_study/install/setup.ps1'
[4.239s] INFO:colcon.colcon_core.shell:Creating prefix script '/home/xc2204/ros2_new_study/install/local_setup.sh'
[4.240s] INFO:colcon.colcon_core.shell:Creating prefix util module '/home/xc2204/ros2_new_study/install/_local_setup_util_sh.py'
[4.241s] INFO:colcon.colcon_core.shell:Creating prefix chain script '/home/xc2204/ros2_new_study/install/setup.sh'
[4.242s] INFO:colcon.colcon_core.shell:Creating prefix script '/home/xc2204/ros2_new_study/install/local_setup.bash'
[4.243s] INFO:colcon.colcon_core.shell:Creating prefix chain script '/home/xc2204/ros2_new_study/install/setup.bash'
[4.245s] INFO:colcon.colcon_core.shell:Creating prefix script '/home/xc2204/ros2_new_study/install/local_setup.zsh'
[4.246s] INFO:colcon.colcon_core.shell:Creating prefix chain script '/home/xc2204/ros2_new_study/install/setup.zsh'
