[0.226s] Invoking command in '/home/xc2204/ros2_new_study/build/Urdf_study': /usr/bin/cmake /home/xc2204/ros2_new_study/src/urdf_study -DCMAKE_INSTALL_PREFIX=/home/xc2204/ros2_new_study/install/Urdf_study
[0.399s] -- The C compiler identification is GNU 11.4.0
[1.277s] -- The CXX compiler identification is GNU 11.4.0
[1.704s] -- Detecting C compiler ABI info
[1.869s] -- Detecting C compiler ABI info - done
[1.874s] -- Check for working C compiler: /usr/bin/cc - skipped
[1.875s] -- Detecting C compile features
[1.876s] -- Detecting C compile features - done
[1.879s] -- Detecting CXX compiler ABI info
[2.045s] -- Detecting CXX compiler ABI info - done
[2.054s] -- Check for working CXX compiler: /usr/bin/c++ - skipped
[2.055s] -- Detecting CXX compile features
[2.055s] -- Detecting CXX compile features - done
[2.067s] -- Found ament_cmake: 1.3.14 (/opt/ros/humble/share/ament_cmake/cmake)
[2.202s] -- Found Python3: /usr/bin/python3 (found version "3.10.12") found components: Interpreter 
[2.297s] -- Found ament_lint_auto: 0.12.15 (/opt/ros/humble/share/ament_lint_auto/cmake)
[2.337s] Error parsing '/home/xc2204/ros2_new_study/src/urdf_study/package.xml':
[2.387s] Traceback (most recent call last):
[2.387s]   File "/opt/ros/humble/share/ament_cmake_core/cmake/core/package_xml_2_cmake.py", line 150, in <module>
[2.387s]     main()
[2.388s]   File "/opt/ros/humble/share/ament_cmake_core/cmake/core/package_xml_2_cmake.py", line 53, in main
[2.388s]     raise e
[2.388s]   File "/opt/ros/humble/share/ament_cmake_core/cmake/core/package_xml_2_cmake.py", line 49, in main
[2.388s]     package = parse_package_string(
[2.388s]   File "/usr/lib/python3/dist-packages/catkin_pkg/package.py", line 788, in parse_package_string
[2.388s]     pkg.validate(warnings=warnings)
[2.388s]   File "/usr/lib/python3/dist-packages/catkin_pkg/package.py", line 330, in validate
[2.388s]     raise InvalidPackage('\n'.join(errors), self.filename)
[2.388s] catkin_pkg.package.InvalidPackage: Error(s) in package '/home/xc2204/ros2_new_study/src/urdf_study/package.xml':
[2.388s] Invalid email "xc@" for person "xc2204"
[2.399s] [31mCMake Error at /opt/ros/humble/share/ament_cmake_core/cmake/core/ament_package_xml.cmake:95 (message):
[2.399s]   execute_process(/usr/bin/python3
[2.400s]   /opt/ros/humble/share/ament_cmake_core/cmake/core/package_xml_2_cmake.py
[2.400s]   /home/xc2204/ros2_new_study/src/urdf_study/package.xml
[2.400s]   /home/xc2204/ros2_new_study/build/Urdf_study/ament_cmake_core/package.cmake)
[2.400s]   returned error code 1
[2.400s] Call Stack (most recent call first):
[2.400s]   /opt/ros/humble/share/ament_cmake_core/cmake/core/ament_package_xml.cmake:49 (_ament_package_xml)
[2.400s]   /opt/ros/humble/share/ament_lint_auto/cmake/ament_lint_auto_find_test_dependencies.cmake:31 (ament_package_xml)
[2.400s]   CMakeLists.txt:23 (ament_lint_auto_find_test_dependencies)
[2.400s] 
[2.400s] [0m
[2.400s] -- Configuring incomplete, errors occurred!
[2.400s] See also "/home/xc2204/ros2_new_study/build/Urdf_study/CMakeFiles/CMakeOutput.log".
[2.404s] Invoked command in '/home/xc2204/ros2_new_study/build/Urdf_study' returned '1': /usr/bin/cmake /home/xc2204/ros2_new_study/src/urdf_study -DCMAKE_INSTALL_PREFIX=/home/xc2204/ros2_new_study/install/Urdf_study
