-- The C compiler identification is GNU 11.4.0
-- The CXX compiler identification is GNU 11.4.0
-- Detecting C compiler ABI info
-- Detecting C compiler ABI info - done
-- Check for working C compiler: /usr/bin/cc - skipped
-- Detecting C compile features
-- Detecting C compile features - done
-- Detecting CXX compiler ABI info
-- Detecting CXX compiler ABI info - done
-- Check for working CXX compiler: /usr/bin/c++ - skipped
-- Detecting CXX compile features
-- Detecting CXX compile features - done
-- Found ament_cmake: 1.3.14 (/opt/ros/humble/share/ament_cmake/cmake)
-- Found Python3: /usr/bin/python3 (found version "3.10.12") found components: Interpreter 
-- Found rosidl_default_generators: 1.2.1 (/opt/ros/humble/share/rosidl_default_generators/cmake)
-- Using all available rosidl_typesupport_c: rosidl_typesupport_fastrtps_c;rosidl_typesupport_introspection_c
-- Found rosidl_adapter: 3.1.8 (/opt/ros/humble/share/rosidl_adapter/cmake)
-- Using all available rosidl_typesupport_cpp: rosidl_typesupport_fastrtps_cpp;rosidl_typesupport_introspection_cpp
-- Found builtin_interfaces: 1.2.2 (/opt/ros/humble/share/builtin_interfaces/cmake)
-- Found sensor_msgs: 4.9.1 (/opt/ros/humble/share/sensor_msgs/cmake)
-- Found ament_cmake_ros: 0.10.0 (/opt/ros/humble/share/ament_cmake_ros/cmake)
-- Using all available rosidl_typesupport_c: rosidl_typesupport_fastrtps_c;rosidl_typesupport_introspection_c
-- Using all available rosidl_typesupport_cpp: rosidl_typesupport_fastrtps_cpp;rosidl_typesupport_introspection_cpp
-- Found PythonInterp: /usr/bin/python3 (found suitable version "3.10.12", minimum required is "3.6") 
-- Found python_cmake_module: 0.10.0 (/opt/ros/humble/share/python_cmake_module/cmake)
-- Found PythonLibs: /usr/lib/x86_64-linux-gnu/libpython3.10.so (found suitable version "3.10.12", minimum required is "3.5") 
-- Using PYTHON_EXECUTABLE: /usr/bin/python3
-- Using PYTHON_INCLUDE_DIRS: /usr/include/python3.10
-- Using PYTHON_LIBRARIES: /usr/lib/x86_64-linux-gnu/libpython3.10.so
-- Found PythonExtra: .so  
-- Found ament_lint_auto: 0.12.15 (/opt/ros/humble/share/ament_lint_auto/cmake)
-- Added test 'lint_cmake' to check CMake code style
-- Added test 'xmllint' to check XML markup files
-- Configuring done
-- Generating done
-- Build files have been written to: /home/xc2204/ros2_new_study/build/msg_interfaces
[  2%] [34m[1mGenerating C code for ROS interfaces[0m
[  5%] [34m[1mGenerating Rust code for ROS interfaces[0m
[  7%] [34m[1mGenerating C++ code for ROS interfaces[0m
[  7%] Built target ament_cmake_python_copy_msg_interfaces
running egg_info
creating msg_interfaces.egg-info
writing msg_interfaces.egg-info/PKG-INFO
writing dependency_links to msg_interfaces.egg-info/dependency_links.txt
writing top-level names to msg_interfaces.egg-info/top_level.txt
writing manifest file 'msg_interfaces.egg-info/SOURCES.txt'
reading manifest file 'msg_interfaces.egg-info/SOURCES.txt'
writing manifest file 'msg_interfaces.egg-info/SOURCES.txt'
[  7%] Built target ament_cmake_python_build_msg_interfaces_egg
[  7%] Built target msg_interfaces__rs
[ 10%] [32mBuilding C object CMakeFiles/msg_interfaces__rosidl_generator_c.dir/rosidl_generator_c/msg_interfaces/msg/detail/system_status__functions.c.o[0m
[ 12%] [32mBuilding C object CMakeFiles/msg_interfaces__rosidl_generator_c.dir/rosidl_generator_c/msg_interfaces/srv/detail/face_detector__functions.c.o[0m
[ 12%] Built target msg_interfaces__cpp
[ 15%] [34m[1mGenerating C++ type support dispatch for ROS interfaces[0m
[ 20%] [34m[1mGenerating C++ introspection for ROS interfaces[0m
[ 20%] [34m[1mGenerating C++ type support for eProsima Fast-RTPS[0m
[ 22%] [32m[1mLinking C shared library libmsg_interfaces__rosidl_generator_c.so[0m
[ 27%] [32mBuilding CXX object CMakeFiles/msg_interfaces__rosidl_typesupport_cpp.dir/rosidl_typesupport_cpp/msg_interfaces/msg/system_status__type_support.cpp.o[0m
[ 27%] [32mBuilding CXX object CMakeFiles/msg_interfaces__rosidl_typesupport_cpp.dir/rosidl_typesupport_cpp/msg_interfaces/srv/face_detector__type_support.cpp.o[0m
[ 30%] [32mBuilding CXX object CMakeFiles/msg_interfaces__rosidl_typesupport_introspection_cpp.dir/rosidl_typesupport_introspection_cpp/msg_interfaces/msg/detail/system_status__type_support.cpp.o[0m
[ 32%] [32mBuilding CXX object CMakeFiles/msg_interfaces__rosidl_typesupport_introspection_cpp.dir/rosidl_typesupport_introspection_cpp/msg_interfaces/srv/detail/face_detector__type_support.cpp.o[0m
[ 32%] Built target msg_interfaces__rosidl_generator_c
[ 37%] [34m[1mGenerating C introspection for ROS interfaces[0m
[ 37%] [32mBuilding CXX object CMakeFiles/msg_interfaces__rosidl_typesupport_fastrtps_cpp.dir/rosidl_typesupport_fastrtps_cpp/msg_interfaces/msg/detail/dds_fastrtps/system_status__type_support.cpp.o[0m
[ 40%] [34m[1mGenerating C type support for eProsima Fast-RTPS[0m
[ 42%] [32mBuilding CXX object CMakeFiles/msg_interfaces__rosidl_typesupport_fastrtps_cpp.dir/rosidl_typesupport_fastrtps_cpp/msg_interfaces/srv/detail/dds_fastrtps/face_detector__type_support.cpp.o[0m
[ 45%] [34m[1mGenerating C type support dispatch for ROS interfaces[0m
[ 47%] [32m[1mLinking CXX shared library libmsg_interfaces__rosidl_typesupport_cpp.so[0m
[ 50%] [32mBuilding CXX object CMakeFiles/msg_interfaces__rosidl_typesupport_c.dir/rosidl_typesupport_c/msg_interfaces/msg/system_status__type_support.cpp.o[0m
[ 52%] [32mBuilding CXX object CMakeFiles/msg_interfaces__rosidl_typesupport_c.dir/rosidl_typesupport_c/msg_interfaces/srv/face_detector__type_support.cpp.o[0m
[ 55%] [32m[1mLinking CXX shared library libmsg_interfaces__rosidl_typesupport_c.so[0m
[ 57%] [32mBuilding C object CMakeFiles/msg_interfaces__rosidl_typesupport_introspection_c.dir/rosidl_typesupport_introspection_c/msg_interfaces/srv/detail/face_detector__type_support.c.o[0m
[ 60%] [32mBuilding C object CMakeFiles/msg_interfaces__rosidl_typesupport_introspection_c.dir/rosidl_typesupport_introspection_c/msg_interfaces/msg/detail/system_status__type_support.c.o[0m
[ 62%] [32mBuilding CXX object CMakeFiles/msg_interfaces__rosidl_typesupport_fastrtps_c.dir/rosidl_typesupport_fastrtps_c/msg_interfaces/srv/detail/face_detector__type_support_c.cpp.o[0m
[ 65%] [32mBuilding CXX object CMakeFiles/msg_interfaces__rosidl_typesupport_fastrtps_c.dir/rosidl_typesupport_fastrtps_c/msg_interfaces/msg/detail/system_status__type_support_c.cpp.o[0m
[ 67%] [32m[1mLinking C shared library libmsg_interfaces__rosidl_typesupport_introspection_c.so[0m
[ 70%] [32m[1mLinking CXX shared library libmsg_interfaces__rosidl_typesupport_introspection_cpp.so[0m
[ 72%] [32m[1mLinking CXX shared library libmsg_interfaces__rosidl_typesupport_fastrtps_cpp.so[0m
[ 72%] Built target msg_interfaces__rosidl_typesupport_cpp
[ 72%] Built target msg_interfaces__rosidl_typesupport_c
[ 72%] Built target msg_interfaces__rosidl_typesupport_introspection_c
[ 75%] [32m[1mLinking CXX shared library libmsg_interfaces__rosidl_typesupport_fastrtps_c.so[0m
[ 75%] Built target msg_interfaces__rosidl_typesupport_introspection_cpp
[ 75%] Built target msg_interfaces__rosidl_typesupport_fastrtps_cpp
[ 75%] Built target msg_interfaces__rosidl_typesupport_fastrtps_c
[ 75%] Built target msg_interfaces
[ 77%] [34m[1mGenerating Python code for ROS interfaces[0m
[ 77%] Built target msg_interfaces__py
[ 82%] [32mBuilding C object CMakeFiles/msg_interfaces__rosidl_generator_py.dir/rosidl_generator_py/msg_interfaces/msg/_system_status_s.c.o[0m
[ 82%] [32mBuilding C object CMakeFiles/msg_interfaces__rosidl_generator_py.dir/rosidl_generator_py/msg_interfaces/srv/_face_detector_s.c.o[0m
[ 85%] [32m[1mLinking C shared library rosidl_generator_py/msg_interfaces/libmsg_interfaces__rosidl_generator_py.so[0m
[ 85%] Built target msg_interfaces__rosidl_generator_py
[ 92%] [32mBuilding C object CMakeFiles/msg_interfaces__rosidl_typesupport_fastrtps_c__pyext.dir/rosidl_generator_py/msg_interfaces/_msg_interfaces_s.ep.rosidl_typesupport_fastrtps_c.c.o[0m
[ 92%] [32mBuilding C object CMakeFiles/msg_interfaces__rosidl_typesupport_c__pyext.dir/rosidl_generator_py/msg_interfaces/_msg_interfaces_s.ep.rosidl_typesupport_c.c.o[0m
[ 92%] [32mBuilding C object CMakeFiles/msg_interfaces__rosidl_typesupport_introspection_c__pyext.dir/rosidl_generator_py/msg_interfaces/_msg_interfaces_s.ep.rosidl_typesupport_introspection_c.c.o[0m
[ 95%] [32m[1mLinking C shared library rosidl_generator_py/msg_interfaces/msg_interfaces_s__rosidl_typesupport_c.cpython-310-x86_64-linux-gnu.so[0m
[ 97%] [32m[1mLinking C shared library rosidl_generator_py/msg_interfaces/msg_interfaces_s__rosidl_typesupport_introspection_c.cpython-310-x86_64-linux-gnu.so[0m
[100%] [32m[1mLinking C shared library rosidl_generator_py/msg_interfaces/msg_interfaces_s__rosidl_typesupport_fastrtps_c.cpython-310-x86_64-linux-gnu.so[0m
[100%] Built target msg_interfaces__rosidl_typesupport_c__pyext
[100%] Built target msg_interfaces__rosidl_typesupport_introspection_c__pyext
[100%] Built target msg_interfaces__rosidl_typesupport_fastrtps_c__pyext
-- Install configuration: ""
-- Installing: /home/xc2204/ros2_new_study/install/msg_interfaces/share/ament_index/resource_index/rosidl_interfaces/msg_interfaces
-- Installing: /home/xc2204/ros2_new_study/install/msg_interfaces/include/msg_interfaces/msg_interfaces
-- Installing: /home/xc2204/ros2_new_study/install/msg_interfaces/include/msg_interfaces/msg_interfaces/msg
-- Installing: /home/xc2204/ros2_new_study/install/msg_interfaces/include/msg_interfaces/msg_interfaces/msg/rosidl_generator_c__visibility_control.h
-- Installing: /home/xc2204/ros2_new_study/install/msg_interfaces/include/msg_interfaces/msg_interfaces/msg/detail
-- Installing: /home/xc2204/ros2_new_study/install/msg_interfaces/include/msg_interfaces/msg_interfaces/msg/detail/system_status__functions.h
-- Installing: /home/xc2204/ros2_new_study/install/msg_interfaces/include/msg_interfaces/msg_interfaces/msg/detail/system_status__struct.h
-- Installing: /home/xc2204/ros2_new_study/install/msg_interfaces/include/msg_interfaces/msg_interfaces/msg/detail/system_status__type_support.h
-- Installing: /home/xc2204/ros2_new_study/install/msg_interfaces/include/msg_interfaces/msg_interfaces/msg/detail/system_status__functions.c
-- Installing: /home/xc2204/ros2_new_study/install/msg_interfaces/include/msg_interfaces/msg_interfaces/msg/system_status.h
-- Installing: /home/xc2204/ros2_new_study/install/msg_interfaces/include/msg_interfaces/msg_interfaces/srv
-- Installing: /home/xc2204/ros2_new_study/install/msg_interfaces/include/msg_interfaces/msg_interfaces/srv/face_detector.h
-- Installing: /home/xc2204/ros2_new_study/install/msg_interfaces/include/msg_interfaces/msg_interfaces/srv/detail
-- Installing: /home/xc2204/ros2_new_study/install/msg_interfaces/include/msg_interfaces/msg_interfaces/srv/detail/face_detector__functions.h
-- Installing: /home/xc2204/ros2_new_study/install/msg_interfaces/include/msg_interfaces/msg_interfaces/srv/detail/face_detector__struct.h
-- Installing: /home/xc2204/ros2_new_study/install/msg_interfaces/include/msg_interfaces/msg_interfaces/srv/detail/face_detector__functions.c
-- Installing: /home/xc2204/ros2_new_study/install/msg_interfaces/include/msg_interfaces/msg_interfaces/srv/detail/face_detector__type_support.h
-- Installing: /home/xc2204/ros2_new_study/install/msg_interfaces/share/msg_interfaces/environment/library_path.sh
-- Installing: /home/xc2204/ros2_new_study/install/msg_interfaces/share/msg_interfaces/environment/library_path.dsv
-- Installing: /home/xc2204/ros2_new_study/install/msg_interfaces/lib/libmsg_interfaces__rosidl_generator_c.so
-- Set runtime path of "/home/xc2204/ros2_new_study/install/msg_interfaces/lib/libmsg_interfaces__rosidl_generator_c.so" to ""
-- Up-to-date: /home/xc2204/ros2_new_study/install/msg_interfaces/include/msg_interfaces/msg_interfaces
-- Up-to-date: /home/xc2204/ros2_new_study/install/msg_interfaces/include/msg_interfaces/msg_interfaces/msg
-- Installing: /home/xc2204/ros2_new_study/install/msg_interfaces/include/msg_interfaces/msg_interfaces/msg/rosidl_typesupport_fastrtps_c__visibility_control.h
-- Up-to-date: /home/xc2204/ros2_new_study/install/msg_interfaces/include/msg_interfaces/msg_interfaces/msg/detail
-- Installing: /home/xc2204/ros2_new_study/install/msg_interfaces/include/msg_interfaces/msg_interfaces/msg/detail/system_status__rosidl_typesupport_fastrtps_c.h
-- Up-to-date: /home/xc2204/ros2_new_study/install/msg_interfaces/include/msg_interfaces/msg_interfaces/srv
-- Up-to-date: /home/xc2204/ros2_new_study/install/msg_interfaces/include/msg_interfaces/msg_interfaces/srv/detail
-- Installing: /home/xc2204/ros2_new_study/install/msg_interfaces/include/msg_interfaces/msg_interfaces/srv/detail/face_detector__rosidl_typesupport_fastrtps_c.h
-- Installing: /home/xc2204/ros2_new_study/install/msg_interfaces/lib/libmsg_interfaces__rosidl_typesupport_fastrtps_c.so
-- Set runtime path of "/home/xc2204/ros2_new_study/install/msg_interfaces/lib/libmsg_interfaces__rosidl_typesupport_fastrtps_c.so" to ""
-- Up-to-date: /home/xc2204/ros2_new_study/install/msg_interfaces/include/msg_interfaces/msg_interfaces
-- Up-to-date: /home/xc2204/ros2_new_study/install/msg_interfaces/include/msg_interfaces/msg_interfaces/msg
-- Installing: /home/xc2204/ros2_new_study/install/msg_interfaces/include/msg_interfaces/msg_interfaces/msg/rosidl_typesupport_introspection_c__visibility_control.h
-- Up-to-date: /home/xc2204/ros2_new_study/install/msg_interfaces/include/msg_interfaces/msg_interfaces/msg/detail
-- Installing: /home/xc2204/ros2_new_study/install/msg_interfaces/include/msg_interfaces/msg_interfaces/msg/detail/system_status__type_support.c
-- Installing: /home/xc2204/ros2_new_study/install/msg_interfaces/include/msg_interfaces/msg_interfaces/msg/detail/system_status__rosidl_typesupport_introspection_c.h
-- Up-to-date: /home/xc2204/ros2_new_study/install/msg_interfaces/include/msg_interfaces/msg_interfaces/srv
-- Up-to-date: /home/xc2204/ros2_new_study/install/msg_interfaces/include/msg_interfaces/msg_interfaces/srv/detail
-- Installing: /home/xc2204/ros2_new_study/install/msg_interfaces/include/msg_interfaces/msg_interfaces/srv/detail/face_detector__rosidl_typesupport_introspection_c.h
-- Installing: /home/xc2204/ros2_new_study/install/msg_interfaces/include/msg_interfaces/msg_interfaces/srv/detail/face_detector__type_support.c
-- Installing: /home/xc2204/ros2_new_study/install/msg_interfaces/lib/libmsg_interfaces__rosidl_typesupport_introspection_c.so
-- Set runtime path of "/home/xc2204/ros2_new_study/install/msg_interfaces/lib/libmsg_interfaces__rosidl_typesupport_introspection_c.so" to ""
-- Installing: /home/xc2204/ros2_new_study/install/msg_interfaces/lib/libmsg_interfaces__rosidl_typesupport_c.so
-- Set runtime path of "/home/xc2204/ros2_new_study/install/msg_interfaces/lib/libmsg_interfaces__rosidl_typesupport_c.so" to ""
-- Up-to-date: /home/xc2204/ros2_new_study/install/msg_interfaces/include/msg_interfaces/msg_interfaces
-- Up-to-date: /home/xc2204/ros2_new_study/install/msg_interfaces/include/msg_interfaces/msg_interfaces/msg
-- Up-to-date: /home/xc2204/ros2_new_study/install/msg_interfaces/include/msg_interfaces/msg_interfaces/msg/detail
-- Installing: /home/xc2204/ros2_new_study/install/msg_interfaces/include/msg_interfaces/msg_interfaces/msg/detail/system_status__traits.hpp
-- Installing: /home/xc2204/ros2_new_study/install/msg_interfaces/include/msg_interfaces/msg_interfaces/msg/detail/system_status__struct.hpp
-- Installing: /home/xc2204/ros2_new_study/install/msg_interfaces/include/msg_interfaces/msg_interfaces/msg/detail/system_status__type_support.hpp
-- Installing: /home/xc2204/ros2_new_study/install/msg_interfaces/include/msg_interfaces/msg_interfaces/msg/detail/system_status__builder.hpp
-- Installing: /home/xc2204/ros2_new_study/install/msg_interfaces/include/msg_interfaces/msg_interfaces/msg/rosidl_generator_cpp__visibility_control.hpp
-- Installing: /home/xc2204/ros2_new_study/install/msg_interfaces/include/msg_interfaces/msg_interfaces/msg/system_status.hpp
-- Up-to-date: /home/xc2204/ros2_new_study/install/msg_interfaces/include/msg_interfaces/msg_interfaces/srv
-- Up-to-date: /home/xc2204/ros2_new_study/install/msg_interfaces/include/msg_interfaces/msg_interfaces/srv/detail
-- Installing: /home/xc2204/ros2_new_study/install/msg_interfaces/include/msg_interfaces/msg_interfaces/srv/detail/face_detector__traits.hpp
-- Installing: /home/xc2204/ros2_new_study/install/msg_interfaces/include/msg_interfaces/msg_interfaces/srv/detail/face_detector__builder.hpp
-- Installing: /home/xc2204/ros2_new_study/install/msg_interfaces/include/msg_interfaces/msg_interfaces/srv/detail/face_detector__type_support.hpp
-- Installing: /home/xc2204/ros2_new_study/install/msg_interfaces/include/msg_interfaces/msg_interfaces/srv/detail/face_detector__struct.hpp
-- Installing: /home/xc2204/ros2_new_study/install/msg_interfaces/include/msg_interfaces/msg_interfaces/srv/face_detector.hpp
-- Up-to-date: /home/xc2204/ros2_new_study/install/msg_interfaces/include/msg_interfaces/msg_interfaces
-- Up-to-date: /home/xc2204/ros2_new_study/install/msg_interfaces/include/msg_interfaces/msg_interfaces/msg
-- Installing: /home/xc2204/ros2_new_study/install/msg_interfaces/include/msg_interfaces/msg_interfaces/msg/rosidl_typesupport_fastrtps_cpp__visibility_control.h
-- Up-to-date: /home/xc2204/ros2_new_study/install/msg_interfaces/include/msg_interfaces/msg_interfaces/msg/detail
-- Installing: /home/xc2204/ros2_new_study/install/msg_interfaces/include/msg_interfaces/msg_interfaces/msg/detail/system_status__rosidl_typesupport_fastrtps_cpp.hpp
-- Installing: /home/xc2204/ros2_new_study/install/msg_interfaces/include/msg_interfaces/msg_interfaces/msg/detail/dds_fastrtps
-- Up-to-date: /home/xc2204/ros2_new_study/install/msg_interfaces/include/msg_interfaces/msg_interfaces/srv
-- Up-to-date: /home/xc2204/ros2_new_study/install/msg_interfaces/include/msg_interfaces/msg_interfaces/srv/detail
-- Installing: /home/xc2204/ros2_new_study/install/msg_interfaces/include/msg_interfaces/msg_interfaces/srv/detail/dds_fastrtps
-- Installing: /home/xc2204/ros2_new_study/install/msg_interfaces/include/msg_interfaces/msg_interfaces/srv/detail/face_detector__rosidl_typesupport_fastrtps_cpp.hpp
-- Installing: /home/xc2204/ros2_new_study/install/msg_interfaces/lib/libmsg_interfaces__rosidl_typesupport_fastrtps_cpp.so
-- Set runtime path of "/home/xc2204/ros2_new_study/install/msg_interfaces/lib/libmsg_interfaces__rosidl_typesupport_fastrtps_cpp.so" to ""
-- Up-to-date: /home/xc2204/ros2_new_study/install/msg_interfaces/include/msg_interfaces/msg_interfaces
-- Up-to-date: /home/xc2204/ros2_new_study/install/msg_interfaces/include/msg_interfaces/msg_interfaces/msg
-- Up-to-date: /home/xc2204/ros2_new_study/install/msg_interfaces/include/msg_interfaces/msg_interfaces/msg/detail
-- Installing: /home/xc2204/ros2_new_study/install/msg_interfaces/include/msg_interfaces/msg_interfaces/msg/detail/system_status__type_support.cpp
-- Installing: /home/xc2204/ros2_new_study/install/msg_interfaces/include/msg_interfaces/msg_interfaces/msg/detail/system_status__rosidl_typesupport_introspection_cpp.hpp
-- Up-to-date: /home/xc2204/ros2_new_study/install/msg_interfaces/include/msg_interfaces/msg_interfaces/srv
-- Up-to-date: /home/xc2204/ros2_new_study/install/msg_interfaces/include/msg_interfaces/msg_interfaces/srv/detail
-- Installing: /home/xc2204/ros2_new_study/install/msg_interfaces/include/msg_interfaces/msg_interfaces/srv/detail/face_detector__type_support.cpp
-- Installing: /home/xc2204/ros2_new_study/install/msg_interfaces/include/msg_interfaces/msg_interfaces/srv/detail/face_detector__rosidl_typesupport_introspection_cpp.hpp
-- Installing: /home/xc2204/ros2_new_study/install/msg_interfaces/lib/libmsg_interfaces__rosidl_typesupport_introspection_cpp.so
-- Set runtime path of "/home/xc2204/ros2_new_study/install/msg_interfaces/lib/libmsg_interfaces__rosidl_typesupport_introspection_cpp.so" to ""
-- Installing: /home/xc2204/ros2_new_study/install/msg_interfaces/lib/libmsg_interfaces__rosidl_typesupport_cpp.so
-- Set runtime path of "/home/xc2204/ros2_new_study/install/msg_interfaces/lib/libmsg_interfaces__rosidl_typesupport_cpp.so" to ""
-- Installing: /home/xc2204/ros2_new_study/install/msg_interfaces/share/msg_interfaces/environment/pythonpath.sh
-- Installing: /home/xc2204/ros2_new_study/install/msg_interfaces/share/msg_interfaces/environment/pythonpath.dsv
-- Installing: /home/xc2204/ros2_new_study/install/msg_interfaces/local/lib/python3.10/dist-packages/msg_interfaces-0.0.0-py3.10.egg-info
-- Installing: /home/xc2204/ros2_new_study/install/msg_interfaces/local/lib/python3.10/dist-packages/msg_interfaces-0.0.0-py3.10.egg-info/top_level.txt
-- Installing: /home/xc2204/ros2_new_study/install/msg_interfaces/local/lib/python3.10/dist-packages/msg_interfaces-0.0.0-py3.10.egg-info/SOURCES.txt
-- Installing: /home/xc2204/ros2_new_study/install/msg_interfaces/local/lib/python3.10/dist-packages/msg_interfaces-0.0.0-py3.10.egg-info/dependency_links.txt
-- Installing: /home/xc2204/ros2_new_study/install/msg_interfaces/local/lib/python3.10/dist-packages/msg_interfaces-0.0.0-py3.10.egg-info/PKG-INFO
-- Installing: /home/xc2204/ros2_new_study/install/msg_interfaces/local/lib/python3.10/dist-packages/msg_interfaces
-- Installing: /home/xc2204/ros2_new_study/install/msg_interfaces/local/lib/python3.10/dist-packages/msg_interfaces/_msg_interfaces_s.ep.rosidl_typesupport_c.c
-- Installing: /home/xc2204/ros2_new_study/install/msg_interfaces/local/lib/python3.10/dist-packages/msg_interfaces/msg
-- Installing: /home/xc2204/ros2_new_study/install/msg_interfaces/local/lib/python3.10/dist-packages/msg_interfaces/msg/_system_status.py
-- Installing: /home/xc2204/ros2_new_study/install/msg_interfaces/local/lib/python3.10/dist-packages/msg_interfaces/msg/_system_status_s.c
-- Installing: /home/xc2204/ros2_new_study/install/msg_interfaces/local/lib/python3.10/dist-packages/msg_interfaces/msg/__init__.py
-- Installing: /home/xc2204/ros2_new_study/install/msg_interfaces/local/lib/python3.10/dist-packages/msg_interfaces/libmsg_interfaces__rosidl_generator_py.so
-- Installing: /home/xc2204/ros2_new_study/install/msg_interfaces/local/lib/python3.10/dist-packages/msg_interfaces/_msg_interfaces_s.ep.rosidl_typesupport_fastrtps_c.c
-- Installing: /home/xc2204/ros2_new_study/install/msg_interfaces/local/lib/python3.10/dist-packages/msg_interfaces/srv
-- Installing: /home/xc2204/ros2_new_study/install/msg_interfaces/local/lib/python3.10/dist-packages/msg_interfaces/srv/_face_detector.py
-- Installing: /home/xc2204/ros2_new_study/install/msg_interfaces/local/lib/python3.10/dist-packages/msg_interfaces/srv/_face_detector_s.c
-- Installing: /home/xc2204/ros2_new_study/install/msg_interfaces/local/lib/python3.10/dist-packages/msg_interfaces/srv/__init__.py
-- Installing: /home/xc2204/ros2_new_study/install/msg_interfaces/local/lib/python3.10/dist-packages/msg_interfaces/_msg_interfaces_s.ep.rosidl_typesupport_introspection_c.c
-- Installing: /home/xc2204/ros2_new_study/install/msg_interfaces/local/lib/python3.10/dist-packages/msg_interfaces/msg_interfaces_s__rosidl_typesupport_fastrtps_c.cpython-310-x86_64-linux-gnu.so
-- Installing: /home/xc2204/ros2_new_study/install/msg_interfaces/local/lib/python3.10/dist-packages/msg_interfaces/msg_interfaces_s__rosidl_typesupport_c.cpython-310-x86_64-linux-gnu.so
-- Installing: /home/xc2204/ros2_new_study/install/msg_interfaces/local/lib/python3.10/dist-packages/msg_interfaces/msg_interfaces_s__rosidl_typesupport_introspection_c.cpython-310-x86_64-linux-gnu.so
-- Installing: /home/xc2204/ros2_new_study/install/msg_interfaces/local/lib/python3.10/dist-packages/msg_interfaces/__init__.py
Listing '/home/xc2204/ros2_new_study/install/msg_interfaces/local/lib/python3.10/dist-packages/msg_interfaces'...
Compiling '/home/xc2204/ros2_new_study/install/msg_interfaces/local/lib/python3.10/dist-packages/msg_interfaces/__init__.py'...
Listing '/home/xc2204/ros2_new_study/install/msg_interfaces/local/lib/python3.10/dist-packages/msg_interfaces/msg'...
Compiling '/home/xc2204/ros2_new_study/install/msg_interfaces/local/lib/python3.10/dist-packages/msg_interfaces/msg/__init__.py'...
Compiling '/home/xc2204/ros2_new_study/install/msg_interfaces/local/lib/python3.10/dist-packages/msg_interfaces/msg/_system_status.py'...
Listing '/home/xc2204/ros2_new_study/install/msg_interfaces/local/lib/python3.10/dist-packages/msg_interfaces/srv'...
Compiling '/home/xc2204/ros2_new_study/install/msg_interfaces/local/lib/python3.10/dist-packages/msg_interfaces/srv/__init__.py'...
Compiling '/home/xc2204/ros2_new_study/install/msg_interfaces/local/lib/python3.10/dist-packages/msg_interfaces/srv/_face_detector.py'...
-- Installing: /home/xc2204/ros2_new_study/install/msg_interfaces/local/lib/python3.10/dist-packages/msg_interfaces/msg_interfaces_s__rosidl_typesupport_fastrtps_c.cpython-310-x86_64-linux-gnu.so
-- Set runtime path of "/home/xc2204/ros2_new_study/install/msg_interfaces/local/lib/python3.10/dist-packages/msg_interfaces/msg_interfaces_s__rosidl_typesupport_fastrtps_c.cpython-310-x86_64-linux-gnu.so" to ""
-- Installing: /home/xc2204/ros2_new_study/install/msg_interfaces/local/lib/python3.10/dist-packages/msg_interfaces/msg_interfaces_s__rosidl_typesupport_introspection_c.cpython-310-x86_64-linux-gnu.so
-- Set runtime path of "/home/xc2204/ros2_new_study/install/msg_interfaces/local/lib/python3.10/dist-packages/msg_interfaces/msg_interfaces_s__rosidl_typesupport_introspection_c.cpython-310-x86_64-linux-gnu.so" to ""
-- Installing: /home/xc2204/ros2_new_study/install/msg_interfaces/local/lib/python3.10/dist-packages/msg_interfaces/msg_interfaces_s__rosidl_typesupport_c.cpython-310-x86_64-linux-gnu.so
-- Set runtime path of "/home/xc2204/ros2_new_study/install/msg_interfaces/local/lib/python3.10/dist-packages/msg_interfaces/msg_interfaces_s__rosidl_typesupport_c.cpython-310-x86_64-linux-gnu.so" to ""
-- Installing: /home/xc2204/ros2_new_study/install/msg_interfaces/lib/libmsg_interfaces__rosidl_generator_py.so
-- Set runtime path of "/home/xc2204/ros2_new_study/install/msg_interfaces/lib/libmsg_interfaces__rosidl_generator_py.so" to ""
-- Installing: /home/xc2204/ros2_new_study/install/msg_interfaces/share/ament_index/resource_index/rust_packages/msg_interfaces
-- Installing: /home/xc2204/ros2_new_study/install/msg_interfaces/share/msg_interfaces/rust
-- Installing: /home/xc2204/ros2_new_study/install/msg_interfaces/share/msg_interfaces/rust/build.rs
-- Installing: /home/xc2204/ros2_new_study/install/msg_interfaces/share/msg_interfaces/rust/src
-- Installing: /home/xc2204/ros2_new_study/install/msg_interfaces/share/msg_interfaces/rust/src/srv.rs
-- Installing: /home/xc2204/ros2_new_study/install/msg_interfaces/share/msg_interfaces/rust/src/msg
-- Installing: /home/xc2204/ros2_new_study/install/msg_interfaces/share/msg_interfaces/rust/src/msg/rmw.rs
-- Installing: /home/xc2204/ros2_new_study/install/msg_interfaces/share/msg_interfaces/rust/src/lib.rs
-- Installing: /home/xc2204/ros2_new_study/install/msg_interfaces/share/msg_interfaces/rust/src/srv
-- Installing: /home/xc2204/ros2_new_study/install/msg_interfaces/share/msg_interfaces/rust/src/srv/rmw.rs
-- Installing: /home/xc2204/ros2_new_study/install/msg_interfaces/share/msg_interfaces/rust/src/msg.rs
-- Installing: /home/xc2204/ros2_new_study/install/msg_interfaces/share/msg_interfaces/rust/Cargo.toml
-- Installing: /home/xc2204/ros2_new_study/install/msg_interfaces/share/msg_interfaces/msg/SystemStatus.idl
-- Installing: /home/xc2204/ros2_new_study/install/msg_interfaces/share/msg_interfaces/srv/FaceDetector.idl
-- Installing: /home/xc2204/ros2_new_study/install/msg_interfaces/share/msg_interfaces/msg/SystemStatus.msg
-- Installing: /home/xc2204/ros2_new_study/install/msg_interfaces/share/msg_interfaces/srv/FaceDetector.srv
-- Installing: /home/xc2204/ros2_new_study/install/msg_interfaces/share/msg_interfaces/srv/FaceDetector_Request.msg
-- Installing: /home/xc2204/ros2_new_study/install/msg_interfaces/share/msg_interfaces/srv/FaceDetector_Response.msg
-- Installing: /home/xc2204/ros2_new_study/install/msg_interfaces/share/ament_index/resource_index/package_run_dependencies/msg_interfaces
-- Installing: /home/xc2204/ros2_new_study/install/msg_interfaces/share/ament_index/resource_index/parent_prefix_path/msg_interfaces
-- Installing: /home/xc2204/ros2_new_study/install/msg_interfaces/share/msg_interfaces/environment/ament_prefix_path.sh
-- Installing: /home/xc2204/ros2_new_study/install/msg_interfaces/share/msg_interfaces/environment/ament_prefix_path.dsv
-- Installing: /home/xc2204/ros2_new_study/install/msg_interfaces/share/msg_interfaces/environment/path.sh
-- Installing: /home/xc2204/ros2_new_study/install/msg_interfaces/share/msg_interfaces/environment/path.dsv
-- Installing: /home/xc2204/ros2_new_study/install/msg_interfaces/share/msg_interfaces/local_setup.bash
-- Installing: /home/xc2204/ros2_new_study/install/msg_interfaces/share/msg_interfaces/local_setup.sh
-- Installing: /home/xc2204/ros2_new_study/install/msg_interfaces/share/msg_interfaces/local_setup.zsh
-- Installing: /home/xc2204/ros2_new_study/install/msg_interfaces/share/msg_interfaces/local_setup.dsv
-- Installing: /home/xc2204/ros2_new_study/install/msg_interfaces/share/msg_interfaces/package.dsv
-- Installing: /home/xc2204/ros2_new_study/install/msg_interfaces/share/ament_index/resource_index/packages/msg_interfaces
-- Installing: /home/xc2204/ros2_new_study/install/msg_interfaces/share/msg_interfaces/cmake/export_msg_interfaces__rosidl_generator_cExport.cmake
-- Installing: /home/xc2204/ros2_new_study/install/msg_interfaces/share/msg_interfaces/cmake/export_msg_interfaces__rosidl_generator_cExport-noconfig.cmake
-- Installing: /home/xc2204/ros2_new_study/install/msg_interfaces/share/msg_interfaces/cmake/export_msg_interfaces__rosidl_typesupport_fastrtps_cExport.cmake
-- Installing: /home/xc2204/ros2_new_study/install/msg_interfaces/share/msg_interfaces/cmake/export_msg_interfaces__rosidl_typesupport_fastrtps_cExport-noconfig.cmake
-- Installing: /home/xc2204/ros2_new_study/install/msg_interfaces/share/msg_interfaces/cmake/msg_interfaces__rosidl_typesupport_introspection_cExport.cmake
-- Installing: /home/xc2204/ros2_new_study/install/msg_interfaces/share/msg_interfaces/cmake/msg_interfaces__rosidl_typesupport_introspection_cExport-noconfig.cmake
-- Installing: /home/xc2204/ros2_new_study/install/msg_interfaces/share/msg_interfaces/cmake/msg_interfaces__rosidl_typesupport_cExport.cmake
-- Installing: /home/xc2204/ros2_new_study/install/msg_interfaces/share/msg_interfaces/cmake/msg_interfaces__rosidl_typesupport_cExport-noconfig.cmake
-- Installing: /home/xc2204/ros2_new_study/install/msg_interfaces/share/msg_interfaces/cmake/export_msg_interfaces__rosidl_generator_cppExport.cmake
-- Installing: /home/xc2204/ros2_new_study/install/msg_interfaces/share/msg_interfaces/cmake/export_msg_interfaces__rosidl_typesupport_fastrtps_cppExport.cmake
-- Installing: /home/xc2204/ros2_new_study/install/msg_interfaces/share/msg_interfaces/cmake/export_msg_interfaces__rosidl_typesupport_fastrtps_cppExport-noconfig.cmake
-- Installing: /home/xc2204/ros2_new_study/install/msg_interfaces/share/msg_interfaces/cmake/msg_interfaces__rosidl_typesupport_introspection_cppExport.cmake
-- Installing: /home/xc2204/ros2_new_study/install/msg_interfaces/share/msg_interfaces/cmake/msg_interfaces__rosidl_typesupport_introspection_cppExport-noconfig.cmake
-- Installing: /home/xc2204/ros2_new_study/install/msg_interfaces/share/msg_interfaces/cmake/msg_interfaces__rosidl_typesupport_cppExport.cmake
-- Installing: /home/xc2204/ros2_new_study/install/msg_interfaces/share/msg_interfaces/cmake/msg_interfaces__rosidl_typesupport_cppExport-noconfig.cmake
-- Installing: /home/xc2204/ros2_new_study/install/msg_interfaces/share/msg_interfaces/cmake/export_msg_interfaces__rosidl_generator_pyExport.cmake
-- Installing: /home/xc2204/ros2_new_study/install/msg_interfaces/share/msg_interfaces/cmake/export_msg_interfaces__rosidl_generator_pyExport-noconfig.cmake
-- Installing: /home/xc2204/ros2_new_study/install/msg_interfaces/share/msg_interfaces/cmake/rosidl_cmake-extras.cmake
-- Installing: /home/xc2204/ros2_new_study/install/msg_interfaces/share/msg_interfaces/cmake/ament_cmake_export_dependencies-extras.cmake
-- Installing: /home/xc2204/ros2_new_study/install/msg_interfaces/share/msg_interfaces/cmake/ament_cmake_export_include_directories-extras.cmake
-- Installing: /home/xc2204/ros2_new_study/install/msg_interfaces/share/msg_interfaces/cmake/ament_cmake_export_libraries-extras.cmake
-- Installing: /home/xc2204/ros2_new_study/install/msg_interfaces/share/msg_interfaces/cmake/ament_cmake_export_targets-extras.cmake
-- Installing: /home/xc2204/ros2_new_study/install/msg_interfaces/share/msg_interfaces/cmake/rosidl_cmake_export_typesupport_targets-extras.cmake
-- Installing: /home/xc2204/ros2_new_study/install/msg_interfaces/share/msg_interfaces/cmake/rosidl_cmake_export_typesupport_libraries-extras.cmake
-- Installing: /home/xc2204/ros2_new_study/install/msg_interfaces/share/msg_interfaces/cmake/msg_interfacesConfig.cmake
-- Installing: /home/xc2204/ros2_new_study/install/msg_interfaces/share/msg_interfaces/cmake/msg_interfacesConfig-version.cmake
-- Installing: /home/xc2204/ros2_new_study/install/msg_interfaces/share/msg_interfaces/package.xml
