running egg_info
writing ../../build/TF_study/TF_study.egg-info/PKG-INFO
writing dependency_links to ../../build/TF_study/TF_study.egg-info/dependency_links.txt
writing entry points to ../../build/TF_study/TF_study.egg-info/entry_points.txt
writing requirements to ../../build/TF_study/TF_study.egg-info/requires.txt
writing top-level names to ../../build/TF_study/TF_study.egg-info/top_level.txt
reading manifest file '../../build/TF_study/TF_study.egg-info/SOURCES.txt'
adding license file 'LICENSE'
writing manifest file '../../build/TF_study/TF_study.egg-info/SOURCES.txt'
running build
running build_py
copying TF_study/tf_listen.py -> /home/xc2204/ros2_new_study/build/TF_study/build/lib/TF_study
running install
running install_lib
copying /home/xc2204/ros2_new_study/build/TF_study/build/lib/TF_study/tf_listen.py -> /home/xc2204/ros2_new_study/install/TF_study/lib/python3.10/site-packages/TF_study
byte-compiling /home/xc2204/ros2_new_study/install/TF_study/lib/python3.10/site-packages/TF_study/tf_listen.py to tf_listen.cpython-310.pyc
running install_data
running install_egg_info
removing '/home/xc2204/ros2_new_study/install/TF_study/lib/python3.10/site-packages/TF_study-0.0.0-py3.10.egg-info' (and everything under it)
Copying ../../build/TF_study/TF_study.egg-info to /home/xc2204/ros2_new_study/install/TF_study/lib/python3.10/site-packages/TF_study-0.0.0-py3.10.egg-info
running install_scripts
Installing dynamic_tf_broadcaster script to /home/xc2204/ros2_new_study/install/TF_study/lib/TF_study
Installing static_tf_broadcaster script to /home/xc2204/ros2_new_study/install/TF_study/lib/TF_study
Installing tf_listen script to /home/xc2204/ros2_new_study/install/TF_study/lib/TF_study
writing list of installed files to '/home/xc2204/ros2_new_study/build/TF_study/install.log'
