[1.185s] Invoking command in '/home/xc2204/ros2_new_study/src/TF_study': PYTHONPATH=/home/xc2204/ros2_new_study/build/TF_study/prefix_override:/usr/lib/python3/dist-packages/colcon_core/task/python/colcon_distutils_commands:/home/xc2204/ros2_new_study/install/TF_study/lib/python3.10/site-packages:${PYTHONPATH} /usr/bin/python3 -W ignore:setup.py install is deprecated -W ignore:easy_install command is deprecated setup.py egg_info --egg-base ../../build/TF_study build --build-base /home/xc2204/ros2_new_study/build/TF_study/build install --record /home/xc2204/ros2_new_study/build/TF_study/install.log --single-version-externally-managed install_data
[1.384s] running egg_info
[1.386s] writing ../../build/TF_study/TF_study.egg-info/PKG-INFO
[1.386s] writing dependency_links to ../../build/TF_study/TF_study.egg-info/dependency_links.txt
[1.387s] writing entry points to ../../build/TF_study/TF_study.egg-info/entry_points.txt
[1.387s] writing requirements to ../../build/TF_study/TF_study.egg-info/requires.txt
[1.387s] writing top-level names to ../../build/TF_study/TF_study.egg-info/top_level.txt
[1.390s] reading manifest file '../../build/TF_study/TF_study.egg-info/SOURCES.txt'
[1.390s] adding license file 'LICENSE'
[1.391s] writing manifest file '../../build/TF_study/TF_study.egg-info/SOURCES.txt'
[1.392s] running build
[1.392s] running build_py
[1.392s] copying TF_study/tf_listen.py -> /home/xc2204/ros2_new_study/build/TF_study/build/lib/TF_study
[1.392s] running install
[1.392s] running install_lib
[1.393s] copying /home/xc2204/ros2_new_study/build/TF_study/build/lib/TF_study/tf_listen.py -> /home/xc2204/ros2_new_study/install/TF_study/lib/python3.10/site-packages/TF_study
[1.393s] byte-compiling /home/xc2204/ros2_new_study/install/TF_study/lib/python3.10/site-packages/TF_study/tf_listen.py to tf_listen.cpython-310.pyc
[1.394s] running install_data
[1.394s] running install_egg_info
[1.396s] removing '/home/xc2204/ros2_new_study/install/TF_study/lib/python3.10/site-packages/TF_study-0.0.0-py3.10.egg-info' (and everything under it)
[1.396s] Copying ../../build/TF_study/TF_study.egg-info to /home/xc2204/ros2_new_study/install/TF_study/lib/python3.10/site-packages/TF_study-0.0.0-py3.10.egg-info
[1.397s] running install_scripts
[1.418s] Installing dynamic_tf_broadcaster script to /home/xc2204/ros2_new_study/install/TF_study/lib/TF_study
[1.418s] Installing static_tf_broadcaster script to /home/xc2204/ros2_new_study/install/TF_study/lib/TF_study
[1.418s] Installing tf_listen script to /home/xc2204/ros2_new_study/install/TF_study/lib/TF_study
[1.418s] writing list of installed files to '/home/xc2204/ros2_new_study/build/TF_study/install.log'
[1.453s] Invoked command in '/home/xc2204/ros2_new_study/src/TF_study' returned '0': PYTHONPATH=/home/xc2204/ros2_new_study/build/TF_study/prefix_override:/usr/lib/python3/dist-packages/colcon_core/task/python/colcon_distutils_commands:/home/xc2204/ros2_new_study/install/TF_study/lib/python3.10/site-packages:${PYTHONPATH} /usr/bin/python3 -W ignore:setup.py install is deprecated -W ignore:easy_install command is deprecated setup.py egg_info --egg-base ../../build/TF_study build --build-base /home/xc2204/ros2_new_study/build/TF_study/build install --record /home/xc2204/ros2_new_study/build/TF_study/install.log --single-version-externally-managed install_data
