[0.258s] DEBUG:colcon:Command line arguments: ['/usr/bin/colcon', 'build']
[0.258s] DEBUG:colcon:Parsed command line arguments: Namespace(log_base=None, log_level=None, verb_name='build', build_base='build', install_base='install', merge_install=False, symlink_install=False, test_result_base=None, continue_on_error=False, executor='parallel', parallel_workers=20, event_handlers=None, ignore_user_meta=False, metas=['./colcon.meta'], base_paths=['.'], packages_ignore=None, packages_ignore_regex=None, paths=None, packages_up_to=None, packages_up_to_regex=None, packages_above=None, packages_above_and_dependencies=None, packages_above_depth=None, packages_select_by_dep=None, packages_skip_by_dep=None, packages_skip_up_to=None, packages_select_build_failed=False, packages_skip_build_finished=False, packages_select_test_failures=False, packages_skip_test_passed=False, packages_select=None, packages_skip=None, packages_select_regex=None, packages_skip_regex=None, packages_start=None, packages_end=None, allow_overriding=[], cmake_args=None, cmake_target=None, cmake_target_skip_unavailable=False, cmake_clean_cache=False, cmake_clean_first=False, cmake_force_configure=False, ament_cmake_args=None, catkin_cmake_args=None, catkin_skip_building_tests=False, mixin_files=None, mixin=None, verb_parser=<colcon_mixin.mixin.mixin_argument.MixinArgumentDecorator object at 0x7aca7645b8b0>, verb_extension=<colcon_core.verb.build.BuildVerb object at 0x7aca765a4850>, main=<bound method BuildVerb.main of <colcon_core.verb.build.BuildVerb object at 0x7aca765a4850>>, mixin_verb=('build',))
[0.395s] Level 1:colcon.colcon_core.package_discovery:discover_packages(colcon_meta) check parameters
[0.395s] Level 1:colcon.colcon_core.package_discovery:discover_packages(recursive) check parameters
[0.395s] Level 1:colcon.colcon_core.package_discovery:discover_packages(ignore) check parameters
[0.395s] Level 1:colcon.colcon_core.package_discovery:discover_packages(path) check parameters
[0.396s] Level 1:colcon.colcon_core.package_discovery:discover_packages(colcon_meta) discover
[0.396s] Level 1:colcon.colcon_core.package_discovery:discover_packages(recursive) discover
[0.396s] INFO:colcon.colcon_core.package_discovery:Crawling recursively for packages in '/home/xc2204/ros2_new_study'
[0.396s] Level 1:colcon.colcon_core.package_identification:_identify(.) by extensions ['ignore', 'ignore_ament_install']
[0.396s] Level 1:colcon.colcon_core.package_identification:_identify(.) by extension 'ignore'
[0.396s] Level 1:colcon.colcon_core.package_identification:_identify(.) by extension 'ignore_ament_install'
[0.396s] Level 1:colcon.colcon_core.package_identification:_identify(.) by extensions ['colcon_pkg']
[0.396s] Level 1:colcon.colcon_core.package_identification:_identify(.) by extension 'colcon_pkg'
[0.396s] Level 1:colcon.colcon_core.package_identification:_identify(.) by extensions ['colcon_meta']
[0.396s] Level 1:colcon.colcon_core.package_identification:_identify(.) by extension 'colcon_meta'
[0.396s] Level 1:colcon.colcon_core.package_identification:_identify(.) by extensions ['ros']
[0.396s] Level 1:colcon.colcon_core.package_identification:_identify(.) by extension 'ros'
[0.405s] Level 1:colcon.colcon_core.package_identification:_identify(.) by extensions ['cmake', 'python']
[0.405s] Level 1:colcon.colcon_core.package_identification:_identify(.) by extension 'cmake'
[0.405s] Level 1:colcon.colcon_core.package_identification:_identify(.) by extension 'python'
[0.405s] Level 1:colcon.colcon_core.package_identification:_identify(.) by extensions ['python_setup_py']
[0.405s] Level 1:colcon.colcon_core.package_identification:_identify(.) by extension 'python_setup_py'
[0.405s] Level 1:colcon.colcon_core.package_identification:_identify(build) by extensions ['ignore', 'ignore_ament_install']
[0.405s] Level 1:colcon.colcon_core.package_identification:_identify(build) by extension 'ignore'
[0.406s] Level 1:colcon.colcon_core.package_identification:_identify(build) ignored
[0.406s] Level 1:colcon.colcon_core.package_identification:_identify(install) by extensions ['ignore', 'ignore_ament_install']
[0.406s] Level 1:colcon.colcon_core.package_identification:_identify(install) by extension 'ignore'
[0.406s] Level 1:colcon.colcon_core.package_identification:_identify(install) ignored
[0.406s] Level 1:colcon.colcon_core.package_identification:_identify(log) by extensions ['ignore', 'ignore_ament_install']
[0.406s] Level 1:colcon.colcon_core.package_identification:_identify(log) by extension 'ignore'
[0.406s] Level 1:colcon.colcon_core.package_identification:_identify(log) ignored
[0.406s] Level 1:colcon.colcon_core.package_identification:_identify(src) by extensions ['ignore', 'ignore_ament_install']
[0.406s] Level 1:colcon.colcon_core.package_identification:_identify(src) by extension 'ignore'
[0.406s] Level 1:colcon.colcon_core.package_identification:_identify(src) by extension 'ignore_ament_install'
[0.406s] Level 1:colcon.colcon_core.package_identification:_identify(src) by extensions ['colcon_pkg']
[0.406s] Level 1:colcon.colcon_core.package_identification:_identify(src) by extension 'colcon_pkg'
[0.406s] Level 1:colcon.colcon_core.package_identification:_identify(src) by extensions ['colcon_meta']
[0.406s] Level 1:colcon.colcon_core.package_identification:_identify(src) by extension 'colcon_meta'
[0.406s] Level 1:colcon.colcon_core.package_identification:_identify(src) by extensions ['ros']
[0.406s] Level 1:colcon.colcon_core.package_identification:_identify(src) by extension 'ros'
[0.406s] Level 1:colcon.colcon_core.package_identification:_identify(src) by extensions ['cmake', 'python']
[0.406s] Level 1:colcon.colcon_core.package_identification:_identify(src) by extension 'cmake'
[0.406s] Level 1:colcon.colcon_core.package_identification:_identify(src) by extension 'python'
[0.406s] Level 1:colcon.colcon_core.package_identification:_identify(src) by extensions ['python_setup_py']
[0.406s] Level 1:colcon.colcon_core.package_identification:_identify(src) by extension 'python_setup_py'
[0.406s] Level 1:colcon.colcon_core.package_identification:_identify(src/TF_study) by extensions ['ignore', 'ignore_ament_install']
[0.407s] Level 1:colcon.colcon_core.package_identification:_identify(src/TF_study) by extension 'ignore'
[0.407s] Level 1:colcon.colcon_core.package_identification:_identify(src/TF_study) by extension 'ignore_ament_install'
[0.407s] Level 1:colcon.colcon_core.package_identification:_identify(src/TF_study) by extensions ['colcon_pkg']
[0.407s] Level 1:colcon.colcon_core.package_identification:_identify(src/TF_study) by extension 'colcon_pkg'
[0.407s] Level 1:colcon.colcon_core.package_identification:_identify(src/TF_study) by extensions ['colcon_meta']
[0.407s] Level 1:colcon.colcon_core.package_identification:_identify(src/TF_study) by extension 'colcon_meta'
[0.407s] Level 1:colcon.colcon_core.package_identification:_identify(src/TF_study) by extensions ['ros']
[0.407s] Level 1:colcon.colcon_core.package_identification:_identify(src/TF_study) by extension 'ros'
[0.410s] DEBUG:colcon.colcon_core.package_identification:Package 'src/TF_study' with type 'ros.ament_python' and name 'TF_study'
[0.410s] Level 1:colcon.colcon_core.package_identification:_identify(src/build) by extensions ['ignore', 'ignore_ament_install']
[0.410s] Level 1:colcon.colcon_core.package_identification:_identify(src/build) by extension 'ignore'
[0.410s] Level 1:colcon.colcon_core.package_identification:_identify(src/build) ignored
[0.410s] Level 1:colcon.colcon_core.package_identification:_identify(src/face_detect) by extensions ['ignore', 'ignore_ament_install']
[0.410s] Level 1:colcon.colcon_core.package_identification:_identify(src/face_detect) by extension 'ignore'
[0.410s] Level 1:colcon.colcon_core.package_identification:_identify(src/face_detect) by extension 'ignore_ament_install'
[0.410s] Level 1:colcon.colcon_core.package_identification:_identify(src/face_detect) by extensions ['colcon_pkg']
[0.410s] Level 1:colcon.colcon_core.package_identification:_identify(src/face_detect) by extension 'colcon_pkg'
[0.410s] Level 1:colcon.colcon_core.package_identification:_identify(src/face_detect) by extensions ['colcon_meta']
[0.410s] Level 1:colcon.colcon_core.package_identification:_identify(src/face_detect) by extension 'colcon_meta'
[0.410s] Level 1:colcon.colcon_core.package_identification:_identify(src/face_detect) by extensions ['ros']
[0.410s] Level 1:colcon.colcon_core.package_identification:_identify(src/face_detect) by extension 'ros'
[0.411s] DEBUG:colcon.colcon_core.package_identification:Package 'src/face_detect' with type 'ros.ament_python' and name 'face_detect'
[0.411s] Level 1:colcon.colcon_core.package_identification:_identify(src/install) by extensions ['ignore', 'ignore_ament_install']
[0.411s] Level 1:colcon.colcon_core.package_identification:_identify(src/install) by extension 'ignore'
[0.411s] Level 1:colcon.colcon_core.package_identification:_identify(src/install) ignored
[0.411s] Level 1:colcon.colcon_core.package_identification:_identify(src/log) by extensions ['ignore', 'ignore_ament_install']
[0.411s] Level 1:colcon.colcon_core.package_identification:_identify(src/log) by extension 'ignore'
[0.411s] Level 1:colcon.colcon_core.package_identification:_identify(src/log) ignored
[0.411s] Level 1:colcon.colcon_core.package_identification:_identify(src/msg_interfaces) by extensions ['ignore', 'ignore_ament_install']
[0.411s] Level 1:colcon.colcon_core.package_identification:_identify(src/msg_interfaces) by extension 'ignore'
[0.412s] Level 1:colcon.colcon_core.package_identification:_identify(src/msg_interfaces) by extension 'ignore_ament_install'
[0.412s] Level 1:colcon.colcon_core.package_identification:_identify(src/msg_interfaces) by extensions ['colcon_pkg']
[0.412s] Level 1:colcon.colcon_core.package_identification:_identify(src/msg_interfaces) by extension 'colcon_pkg'
[0.412s] Level 1:colcon.colcon_core.package_identification:_identify(src/msg_interfaces) by extensions ['colcon_meta']
[0.412s] Level 1:colcon.colcon_core.package_identification:_identify(src/msg_interfaces) by extension 'colcon_meta'
[0.412s] Level 1:colcon.colcon_core.package_identification:_identify(src/msg_interfaces) by extensions ['ros']
[0.412s] Level 1:colcon.colcon_core.package_identification:_identify(src/msg_interfaces) by extension 'ros'
[0.412s] DEBUG:colcon.colcon_core.package_identification:Package 'src/msg_interfaces' with type 'ros.ament_cmake' and name 'msg_interfaces'
[0.412s] Level 1:colcon.colcon_core.package_identification:_identify(src/pc_stuts) by extensions ['ignore', 'ignore_ament_install']
[0.412s] Level 1:colcon.colcon_core.package_identification:_identify(src/pc_stuts) by extension 'ignore'
[0.413s] Level 1:colcon.colcon_core.package_identification:_identify(src/pc_stuts) by extension 'ignore_ament_install'
[0.413s] Level 1:colcon.colcon_core.package_identification:_identify(src/pc_stuts) by extensions ['colcon_pkg']
[0.413s] Level 1:colcon.colcon_core.package_identification:_identify(src/pc_stuts) by extension 'colcon_pkg'
[0.413s] Level 1:colcon.colcon_core.package_identification:_identify(src/pc_stuts) by extensions ['colcon_meta']
[0.413s] Level 1:colcon.colcon_core.package_identification:_identify(src/pc_stuts) by extension 'colcon_meta'
[0.413s] Level 1:colcon.colcon_core.package_identification:_identify(src/pc_stuts) by extensions ['ros']
[0.413s] Level 1:colcon.colcon_core.package_identification:_identify(src/pc_stuts) by extension 'ros'
[0.413s] DEBUG:colcon.colcon_core.package_identification:Package 'src/pc_stuts' with type 'ros.ament_python' and name 'pc_stuts'
[0.413s] Level 1:colcon.colcon_core.package_identification:_identify(src/test_pkg) by extensions ['ignore', 'ignore_ament_install']
[0.413s] Level 1:colcon.colcon_core.package_identification:_identify(src/test_pkg) by extension 'ignore'
[0.413s] Level 1:colcon.colcon_core.package_identification:_identify(src/test_pkg) by extension 'ignore_ament_install'
[0.414s] Level 1:colcon.colcon_core.package_identification:_identify(src/test_pkg) by extensions ['colcon_pkg']
[0.414s] Level 1:colcon.colcon_core.package_identification:_identify(src/test_pkg) by extension 'colcon_pkg'
[0.414s] Level 1:colcon.colcon_core.package_identification:_identify(src/test_pkg) by extensions ['colcon_meta']
[0.414s] Level 1:colcon.colcon_core.package_identification:_identify(src/test_pkg) by extension 'colcon_meta'
[0.414s] Level 1:colcon.colcon_core.package_identification:_identify(src/test_pkg) by extensions ['ros']
[0.414s] Level 1:colcon.colcon_core.package_identification:_identify(src/test_pkg) by extension 'ros'
[0.414s] DEBUG:colcon.colcon_core.package_identification:Package 'src/test_pkg' with type 'ros.ament_python' and name 'test_pkg'
[0.414s] Level 1:colcon.colcon_core.package_discovery:discover_packages(recursive) using defaults
[0.414s] Level 1:colcon.colcon_core.package_discovery:discover_packages(ignore) discover
[0.414s] Level 1:colcon.colcon_core.package_discovery:discover_packages(ignore) using defaults
[0.414s] Level 1:colcon.colcon_core.package_discovery:discover_packages(path) discover
[0.414s] Level 1:colcon.colcon_core.package_discovery:discover_packages(path) using defaults
[0.455s] Level 1:colcon.colcon_core.package_discovery:discover_packages(prefix_path) check parameters
[0.455s] Level 1:colcon.colcon_core.package_discovery:discover_packages(prefix_path) discover
[0.457s] DEBUG:colcon.colcon_installed_package_information.package_discovery:Found 5 installed packages in /home/xc2204/ros2_new_study/install
[0.459s] DEBUG:colcon.colcon_installed_package_information.package_discovery:Found 385 installed packages in /opt/ros/humble
[0.461s] Level 1:colcon.colcon_core.package_discovery:discover_packages(prefix_path) using defaults
[0.498s] Level 5:colcon.colcon_core.verb:set package 'TF_study' build argument 'cmake_args' from command line to 'None'
[0.498s] Level 5:colcon.colcon_core.verb:set package 'TF_study' build argument 'cmake_target' from command line to 'None'
[0.498s] Level 5:colcon.colcon_core.verb:set package 'TF_study' build argument 'cmake_target_skip_unavailable' from command line to 'False'
[0.498s] Level 5:colcon.colcon_core.verb:set package 'TF_study' build argument 'cmake_clean_cache' from command line to 'False'
[0.498s] Level 5:colcon.colcon_core.verb:set package 'TF_study' build argument 'cmake_clean_first' from command line to 'False'
[0.498s] Level 5:colcon.colcon_core.verb:set package 'TF_study' build argument 'cmake_force_configure' from command line to 'False'
[0.498s] Level 5:colcon.colcon_core.verb:set package 'TF_study' build argument 'ament_cmake_args' from command line to 'None'
[0.498s] Level 5:colcon.colcon_core.verb:set package 'TF_study' build argument 'catkin_cmake_args' from command line to 'None'
[0.498s] Level 5:colcon.colcon_core.verb:set package 'TF_study' build argument 'catkin_skip_building_tests' from command line to 'False'
[0.498s] DEBUG:colcon.colcon_core.verb:Building package 'TF_study' with the following arguments: {'ament_cmake_args': None, 'build_base': '/home/xc2204/ros2_new_study/build/TF_study', 'catkin_cmake_args': None, 'catkin_skip_building_tests': False, 'cmake_args': None, 'cmake_clean_cache': False, 'cmake_clean_first': False, 'cmake_force_configure': False, 'cmake_target': None, 'cmake_target_skip_unavailable': False, 'install_base': '/home/xc2204/ros2_new_study/install/TF_study', 'merge_install': False, 'path': '/home/xc2204/ros2_new_study/src/TF_study', 'symlink_install': False, 'test_result_base': None}
[0.499s] Level 5:colcon.colcon_core.verb:set package 'face_detect' build argument 'cmake_args' from command line to 'None'
[0.499s] Level 5:colcon.colcon_core.verb:set package 'face_detect' build argument 'cmake_target' from command line to 'None'
[0.499s] Level 5:colcon.colcon_core.verb:set package 'face_detect' build argument 'cmake_target_skip_unavailable' from command line to 'False'
[0.499s] Level 5:colcon.colcon_core.verb:set package 'face_detect' build argument 'cmake_clean_cache' from command line to 'False'
[0.499s] Level 5:colcon.colcon_core.verb:set package 'face_detect' build argument 'cmake_clean_first' from command line to 'False'
[0.499s] Level 5:colcon.colcon_core.verb:set package 'face_detect' build argument 'cmake_force_configure' from command line to 'False'
[0.499s] Level 5:colcon.colcon_core.verb:set package 'face_detect' build argument 'ament_cmake_args' from command line to 'None'
[0.499s] Level 5:colcon.colcon_core.verb:set package 'face_detect' build argument 'catkin_cmake_args' from command line to 'None'
[0.499s] Level 5:colcon.colcon_core.verb:set package 'face_detect' build argument 'catkin_skip_building_tests' from command line to 'False'
[0.499s] DEBUG:colcon.colcon_core.verb:Building package 'face_detect' with the following arguments: {'ament_cmake_args': None, 'build_base': '/home/xc2204/ros2_new_study/build/face_detect', 'catkin_cmake_args': None, 'catkin_skip_building_tests': False, 'cmake_args': None, 'cmake_clean_cache': False, 'cmake_clean_first': False, 'cmake_force_configure': False, 'cmake_target': None, 'cmake_target_skip_unavailable': False, 'install_base': '/home/xc2204/ros2_new_study/install/face_detect', 'merge_install': False, 'path': '/home/xc2204/ros2_new_study/src/face_detect', 'symlink_install': False, 'test_result_base': None}
[0.499s] Level 5:colcon.colcon_core.verb:set package 'msg_interfaces' build argument 'cmake_args' from command line to 'None'
[0.499s] Level 5:colcon.colcon_core.verb:set package 'msg_interfaces' build argument 'cmake_target' from command line to 'None'
[0.499s] Level 5:colcon.colcon_core.verb:set package 'msg_interfaces' build argument 'cmake_target_skip_unavailable' from command line to 'False'
[0.499s] Level 5:colcon.colcon_core.verb:set package 'msg_interfaces' build argument 'cmake_clean_cache' from command line to 'False'
[0.499s] Level 5:colcon.colcon_core.verb:set package 'msg_interfaces' build argument 'cmake_clean_first' from command line to 'False'
[0.499s] Level 5:colcon.colcon_core.verb:set package 'msg_interfaces' build argument 'cmake_force_configure' from command line to 'False'
[0.499s] Level 5:colcon.colcon_core.verb:set package 'msg_interfaces' build argument 'ament_cmake_args' from command line to 'None'
[0.499s] Level 5:colcon.colcon_core.verb:set package 'msg_interfaces' build argument 'catkin_cmake_args' from command line to 'None'
[0.499s] Level 5:colcon.colcon_core.verb:set package 'msg_interfaces' build argument 'catkin_skip_building_tests' from command line to 'False'
[0.499s] DEBUG:colcon.colcon_core.verb:Building package 'msg_interfaces' with the following arguments: {'ament_cmake_args': None, 'build_base': '/home/xc2204/ros2_new_study/build/msg_interfaces', 'catkin_cmake_args': None, 'catkin_skip_building_tests': False, 'cmake_args': None, 'cmake_clean_cache': False, 'cmake_clean_first': False, 'cmake_force_configure': False, 'cmake_target': None, 'cmake_target_skip_unavailable': False, 'install_base': '/home/xc2204/ros2_new_study/install/msg_interfaces', 'merge_install': False, 'path': '/home/xc2204/ros2_new_study/src/msg_interfaces', 'symlink_install': False, 'test_result_base': None}
[0.500s] Level 5:colcon.colcon_core.verb:set package 'pc_stuts' build argument 'cmake_args' from command line to 'None'
[0.500s] Level 5:colcon.colcon_core.verb:set package 'pc_stuts' build argument 'cmake_target' from command line to 'None'
[0.500s] Level 5:colcon.colcon_core.verb:set package 'pc_stuts' build argument 'cmake_target_skip_unavailable' from command line to 'False'
[0.500s] Level 5:colcon.colcon_core.verb:set package 'pc_stuts' build argument 'cmake_clean_cache' from command line to 'False'
[0.500s] Level 5:colcon.colcon_core.verb:set package 'pc_stuts' build argument 'cmake_clean_first' from command line to 'False'
[0.500s] Level 5:colcon.colcon_core.verb:set package 'pc_stuts' build argument 'cmake_force_configure' from command line to 'False'
[0.500s] Level 5:colcon.colcon_core.verb:set package 'pc_stuts' build argument 'ament_cmake_args' from command line to 'None'
[0.500s] Level 5:colcon.colcon_core.verb:set package 'pc_stuts' build argument 'catkin_cmake_args' from command line to 'None'
[0.500s] Level 5:colcon.colcon_core.verb:set package 'pc_stuts' build argument 'catkin_skip_building_tests' from command line to 'False'
[0.500s] DEBUG:colcon.colcon_core.verb:Building package 'pc_stuts' with the following arguments: {'ament_cmake_args': None, 'build_base': '/home/xc2204/ros2_new_study/build/pc_stuts', 'catkin_cmake_args': None, 'catkin_skip_building_tests': False, 'cmake_args': None, 'cmake_clean_cache': False, 'cmake_clean_first': False, 'cmake_force_configure': False, 'cmake_target': None, 'cmake_target_skip_unavailable': False, 'install_base': '/home/xc2204/ros2_new_study/install/pc_stuts', 'merge_install': False, 'path': '/home/xc2204/ros2_new_study/src/pc_stuts', 'symlink_install': False, 'test_result_base': None}
[0.500s] Level 5:colcon.colcon_core.verb:set package 'test_pkg' build argument 'cmake_args' from command line to 'None'
[0.500s] Level 5:colcon.colcon_core.verb:set package 'test_pkg' build argument 'cmake_target' from command line to 'None'
[0.500s] Level 5:colcon.colcon_core.verb:set package 'test_pkg' build argument 'cmake_target_skip_unavailable' from command line to 'False'
[0.500s] Level 5:colcon.colcon_core.verb:set package 'test_pkg' build argument 'cmake_clean_cache' from command line to 'False'
[0.500s] Level 5:colcon.colcon_core.verb:set package 'test_pkg' build argument 'cmake_clean_first' from command line to 'False'
[0.500s] Level 5:colcon.colcon_core.verb:set package 'test_pkg' build argument 'cmake_force_configure' from command line to 'False'
[0.500s] Level 5:colcon.colcon_core.verb:set package 'test_pkg' build argument 'ament_cmake_args' from command line to 'None'
[0.500s] Level 5:colcon.colcon_core.verb:set package 'test_pkg' build argument 'catkin_cmake_args' from command line to 'None'
[0.500s] Level 5:colcon.colcon_core.verb:set package 'test_pkg' build argument 'catkin_skip_building_tests' from command line to 'False'
[0.500s] DEBUG:colcon.colcon_core.verb:Building package 'test_pkg' with the following arguments: {'ament_cmake_args': None, 'build_base': '/home/xc2204/ros2_new_study/build/test_pkg', 'catkin_cmake_args': None, 'catkin_skip_building_tests': False, 'cmake_args': None, 'cmake_clean_cache': False, 'cmake_clean_first': False, 'cmake_force_configure': False, 'cmake_target': None, 'cmake_target_skip_unavailable': False, 'install_base': '/home/xc2204/ros2_new_study/install/test_pkg', 'merge_install': False, 'path': '/home/xc2204/ros2_new_study/src/test_pkg', 'symlink_install': False, 'test_result_base': None}
[0.500s] INFO:colcon.colcon_core.executor:Executing jobs using 'parallel' executor
[0.501s] DEBUG:colcon.colcon_parallel_executor.executor.parallel:run_until_complete
[0.502s] INFO:colcon.colcon_ros.task.ament_cmake.build:Building ROS package in '/home/xc2204/ros2_new_study/src/msg_interfaces' with build type 'ament_cmake'
[0.502s] INFO:colcon.colcon_cmake.task.cmake.build:Building CMake package in '/home/xc2204/ros2_new_study/src/msg_interfaces'
[0.504s] INFO:colcon.colcon_core.plugin_system:Skipping extension 'colcon_core.shell.bat': Not used on non-Windows systems
[0.504s] INFO:colcon.colcon_core.shell:Skip shell extension 'powershell' for command environment: Not usable outside of PowerShell
[0.504s] DEBUG:colcon.colcon_core.shell:Skip shell extension 'dsv' for command environment
[0.508s] INFO:colcon.colcon_ros.task.ament_python.build:Building ROS package in '/home/xc2204/ros2_new_study/src/TF_study' with build type 'ament_python'
[0.508s] Level 1:colcon.colcon_core.shell:create_environment_hook('TF_study', 'ament_prefix_path')
[0.508s] INFO:colcon.colcon_core.shell:Creating environment hook '/home/xc2204/ros2_new_study/install/TF_study/share/TF_study/hook/ament_prefix_path.ps1'
[0.509s] INFO:colcon.colcon_core.shell:Creating environment descriptor '/home/xc2204/ros2_new_study/install/TF_study/share/TF_study/hook/ament_prefix_path.dsv'
[0.510s] INFO:colcon.colcon_core.shell:Creating environment hook '/home/xc2204/ros2_new_study/install/TF_study/share/TF_study/hook/ament_prefix_path.sh'
[0.510s] INFO:colcon.colcon_core.shell:Skip shell extension 'powershell' for command environment: Not usable outside of PowerShell
[0.510s] DEBUG:colcon.colcon_core.shell:Skip shell extension 'dsv' for command environment
[0.513s] INFO:colcon.colcon_ros.task.ament_python.build:Building ROS package in '/home/xc2204/ros2_new_study/src/face_detect' with build type 'ament_python'
[0.514s] Level 1:colcon.colcon_core.shell:create_environment_hook('face_detect', 'ament_prefix_path')
[0.514s] INFO:colcon.colcon_core.shell:Creating environment hook '/home/xc2204/ros2_new_study/install/face_detect/share/face_detect/hook/ament_prefix_path.ps1'
[0.515s] INFO:colcon.colcon_core.shell:Creating environment descriptor '/home/xc2204/ros2_new_study/install/face_detect/share/face_detect/hook/ament_prefix_path.dsv'
[0.515s] INFO:colcon.colcon_core.shell:Creating environment hook '/home/xc2204/ros2_new_study/install/face_detect/share/face_detect/hook/ament_prefix_path.sh'
[0.515s] INFO:colcon.colcon_core.shell:Skip shell extension 'powershell' for command environment: Not usable outside of PowerShell
[0.516s] DEBUG:colcon.colcon_core.shell:Skip shell extension 'dsv' for command environment
[0.526s] DEBUG:colcon.colcon_core.event_handler.log_command:Invoking command in '/home/xc2204/ros2_new_study/build/msg_interfaces': CMAKE_PREFIX_PATH=${CMAKE_PREFIX_PATH}:/home/xc2204/ros2_new_study/install/test_pkg:/home/xc2204/ros2_new_study/install/pc_stuts:/home/xc2204/ros2_new_study/install/face_detect:/home/xc2204/ros2_new_study/install/TF_study:/opt/ros/humble /usr/bin/cmake --build /home/xc2204/ros2_new_study/build/msg_interfaces -- -j20 -l20
[0.771s] INFO:colcon.colcon_core.task.python.build:Building Python package in '/home/xc2204/ros2_new_study/src/TF_study'
[0.772s] INFO:colcon.colcon_core.shell:Skip shell extension 'powershell' for command environment: Not usable outside of PowerShell
[0.772s] DEBUG:colcon.colcon_core.shell:Skip shell extension 'dsv' for command environment
[1.000s] INFO:colcon.colcon_core.task.python.build:Building Python package in '/home/xc2204/ros2_new_study/src/face_detect'
[1.000s] INFO:colcon.colcon_core.shell:Skip shell extension 'powershell' for command environment: Not usable outside of PowerShell
[1.000s] DEBUG:colcon.colcon_core.shell:Skip shell extension 'dsv' for command environment
[1.008s] DEBUG:colcon.colcon_core.event_handler.log_command:Invoked command in '/home/xc2204/ros2_new_study/build/msg_interfaces' returned '0': CMAKE_PREFIX_PATH=${CMAKE_PREFIX_PATH}:/home/xc2204/ros2_new_study/install/test_pkg:/home/xc2204/ros2_new_study/install/pc_stuts:/home/xc2204/ros2_new_study/install/face_detect:/home/xc2204/ros2_new_study/install/TF_study:/opt/ros/humble /usr/bin/cmake --build /home/xc2204/ros2_new_study/build/msg_interfaces -- -j20 -l20
[1.017s] DEBUG:colcon.colcon_core.event_handler.log_command:Invoking command in '/home/xc2204/ros2_new_study/build/msg_interfaces': CMAKE_PREFIX_PATH=${CMAKE_PREFIX_PATH}:/home/xc2204/ros2_new_study/install/test_pkg:/home/xc2204/ros2_new_study/install/pc_stuts:/home/xc2204/ros2_new_study/install/face_detect:/home/xc2204/ros2_new_study/install/TF_study:/opt/ros/humble /usr/bin/cmake --install /home/xc2204/ros2_new_study/build/msg_interfaces
[1.082s] Level 1:colcon.colcon_core.environment:create_environment_scripts_only(msg_interfaces)
[1.084s] DEBUG:colcon.colcon_core.event_handler.log_command:Invoked command in '/home/xc2204/ros2_new_study/build/msg_interfaces' returned '0': CMAKE_PREFIX_PATH=${CMAKE_PREFIX_PATH}:/home/xc2204/ros2_new_study/install/test_pkg:/home/xc2204/ros2_new_study/install/pc_stuts:/home/xc2204/ros2_new_study/install/face_detect:/home/xc2204/ros2_new_study/install/TF_study:/opt/ros/humble /usr/bin/cmake --install /home/xc2204/ros2_new_study/build/msg_interfaces
[1.087s] Level 1:colcon.colcon_core.environment:checking '/home/xc2204/ros2_new_study/install/msg_interfaces' for CMake module files
[1.087s] Level 1:colcon.colcon_core.environment:checking '/home/xc2204/ros2_new_study/install/msg_interfaces' for CMake config files
[1.088s] Level 1:colcon.colcon_core.shell:create_environment_hook('msg_interfaces', 'cmake_prefix_path')
[1.088s] INFO:colcon.colcon_core.shell:Creating environment hook '/home/xc2204/ros2_new_study/install/msg_interfaces/share/msg_interfaces/hook/cmake_prefix_path.ps1'
[1.089s] INFO:colcon.colcon_core.shell:Creating environment descriptor '/home/xc2204/ros2_new_study/install/msg_interfaces/share/msg_interfaces/hook/cmake_prefix_path.dsv'
[1.090s] INFO:colcon.colcon_core.shell:Creating environment hook '/home/xc2204/ros2_new_study/install/msg_interfaces/share/msg_interfaces/hook/cmake_prefix_path.sh'
[1.091s] Level 1:colcon.colcon_core.environment:checking '/home/xc2204/ros2_new_study/install/msg_interfaces/lib'
[1.091s] Level 1:colcon.colcon_core.shell:create_environment_hook('msg_interfaces', 'ld_library_path_lib')
[1.091s] INFO:colcon.colcon_core.shell:Creating environment hook '/home/xc2204/ros2_new_study/install/msg_interfaces/share/msg_interfaces/hook/ld_library_path_lib.ps1'
[1.092s] INFO:colcon.colcon_core.shell:Creating environment descriptor '/home/xc2204/ros2_new_study/install/msg_interfaces/share/msg_interfaces/hook/ld_library_path_lib.dsv'
[1.092s] INFO:colcon.colcon_core.shell:Creating environment hook '/home/xc2204/ros2_new_study/install/msg_interfaces/share/msg_interfaces/hook/ld_library_path_lib.sh'
[1.093s] Level 1:colcon.colcon_core.environment:checking '/home/xc2204/ros2_new_study/install/msg_interfaces/bin'
[1.093s] Level 1:colcon.colcon_core.environment:checking '/home/xc2204/ros2_new_study/install/msg_interfaces/lib/pkgconfig/msg_interfaces.pc'
[1.093s] Level 1:colcon.colcon_core.environment:checking '/home/xc2204/ros2_new_study/install/msg_interfaces/lib/python3.10/site-packages'
[1.093s] Level 1:colcon.colcon_core.environment:checking '/home/xc2204/ros2_new_study/install/msg_interfaces/bin'
[1.094s] INFO:colcon.colcon_core.shell:Creating package script '/home/xc2204/ros2_new_study/install/msg_interfaces/share/msg_interfaces/package.ps1'
[1.095s] INFO:colcon.colcon_core.shell:Creating package descriptor '/home/xc2204/ros2_new_study/install/msg_interfaces/share/msg_interfaces/package.dsv'
[1.095s] INFO:colcon.colcon_core.shell:Creating package script '/home/xc2204/ros2_new_study/install/msg_interfaces/share/msg_interfaces/package.sh'
[1.096s] INFO:colcon.colcon_core.shell:Creating package script '/home/xc2204/ros2_new_study/install/msg_interfaces/share/msg_interfaces/package.bash'
[1.096s] INFO:colcon.colcon_core.shell:Creating package script '/home/xc2204/ros2_new_study/install/msg_interfaces/share/msg_interfaces/package.zsh'
[1.097s] Level 1:colcon.colcon_core.environment:create_file_with_runtime_dependencies(/home/xc2204/ros2_new_study/install/msg_interfaces/share/colcon-core/packages/msg_interfaces)
[1.097s] Level 1:colcon.colcon_core.environment:create_environment_scripts_only(msg_interfaces)
[1.098s] Level 1:colcon.colcon_core.environment:checking '/home/xc2204/ros2_new_study/install/msg_interfaces' for CMake module files
[1.098s] Level 1:colcon.colcon_core.environment:checking '/home/xc2204/ros2_new_study/install/msg_interfaces' for CMake config files
[1.098s] Level 1:colcon.colcon_core.shell:create_environment_hook('msg_interfaces', 'cmake_prefix_path')
[1.099s] INFO:colcon.colcon_core.shell:Creating environment hook '/home/xc2204/ros2_new_study/install/msg_interfaces/share/msg_interfaces/hook/cmake_prefix_path.ps1'
[1.099s] INFO:colcon.colcon_core.shell:Creating environment descriptor '/home/xc2204/ros2_new_study/install/msg_interfaces/share/msg_interfaces/hook/cmake_prefix_path.dsv'
[1.099s] INFO:colcon.colcon_core.shell:Creating environment hook '/home/xc2204/ros2_new_study/install/msg_interfaces/share/msg_interfaces/hook/cmake_prefix_path.sh'
[1.100s] Level 1:colcon.colcon_core.environment:checking '/home/xc2204/ros2_new_study/install/msg_interfaces/lib'
[1.100s] Level 1:colcon.colcon_core.shell:create_environment_hook('msg_interfaces', 'ld_library_path_lib')
[1.100s] INFO:colcon.colcon_core.shell:Creating environment hook '/home/xc2204/ros2_new_study/install/msg_interfaces/share/msg_interfaces/hook/ld_library_path_lib.ps1'
[1.100s] INFO:colcon.colcon_core.shell:Creating environment descriptor '/home/xc2204/ros2_new_study/install/msg_interfaces/share/msg_interfaces/hook/ld_library_path_lib.dsv'
[1.101s] INFO:colcon.colcon_core.shell:Creating environment hook '/home/xc2204/ros2_new_study/install/msg_interfaces/share/msg_interfaces/hook/ld_library_path_lib.sh'
[1.101s] Level 1:colcon.colcon_core.environment:checking '/home/xc2204/ros2_new_study/install/msg_interfaces/bin'
[1.101s] Level 1:colcon.colcon_core.environment:checking '/home/xc2204/ros2_new_study/install/msg_interfaces/lib/pkgconfig/msg_interfaces.pc'
[1.101s] Level 1:colcon.colcon_core.environment:checking '/home/xc2204/ros2_new_study/install/msg_interfaces/lib/python3.10/site-packages'
[1.102s] Level 1:colcon.colcon_core.environment:checking '/home/xc2204/ros2_new_study/install/msg_interfaces/bin'
[1.102s] INFO:colcon.colcon_core.shell:Creating package script '/home/xc2204/ros2_new_study/install/msg_interfaces/share/msg_interfaces/package.ps1'
[1.103s] INFO:colcon.colcon_core.shell:Creating package descriptor '/home/xc2204/ros2_new_study/install/msg_interfaces/share/msg_interfaces/package.dsv'
[1.103s] INFO:colcon.colcon_core.shell:Creating package script '/home/xc2204/ros2_new_study/install/msg_interfaces/share/msg_interfaces/package.sh'
[1.104s] INFO:colcon.colcon_core.shell:Creating package script '/home/xc2204/ros2_new_study/install/msg_interfaces/share/msg_interfaces/package.bash'
[1.104s] INFO:colcon.colcon_core.shell:Creating package script '/home/xc2204/ros2_new_study/install/msg_interfaces/share/msg_interfaces/package.zsh'
[1.105s] Level 1:colcon.colcon_core.environment:create_file_with_runtime_dependencies(/home/xc2204/ros2_new_study/install/msg_interfaces/share/colcon-core/packages/msg_interfaces)
[1.105s] INFO:colcon.colcon_ros.task.ament_python.build:Building ROS package in '/home/xc2204/ros2_new_study/src/pc_stuts' with build type 'ament_python'
[1.105s] Level 1:colcon.colcon_core.shell:create_environment_hook('pc_stuts', 'ament_prefix_path')
[1.105s] INFO:colcon.colcon_core.shell:Creating environment hook '/home/xc2204/ros2_new_study/install/pc_stuts/share/pc_stuts/hook/ament_prefix_path.ps1'
[1.106s] INFO:colcon.colcon_core.shell:Creating environment descriptor '/home/xc2204/ros2_new_study/install/pc_stuts/share/pc_stuts/hook/ament_prefix_path.dsv'
[1.107s] INFO:colcon.colcon_core.shell:Creating environment hook '/home/xc2204/ros2_new_study/install/pc_stuts/share/pc_stuts/hook/ament_prefix_path.sh'
[1.108s] INFO:colcon.colcon_core.shell:Skip shell extension 'powershell' for command environment: Not usable outside of PowerShell
[1.108s] DEBUG:colcon.colcon_core.shell:Skip shell extension 'dsv' for command environment
[1.111s] INFO:colcon.colcon_ros.task.ament_python.build:Building ROS package in '/home/xc2204/ros2_new_study/src/test_pkg' with build type 'ament_python'
[1.112s] Level 1:colcon.colcon_core.shell:create_environment_hook('test_pkg', 'ament_prefix_path')
[1.112s] INFO:colcon.colcon_core.shell:Creating environment hook '/home/xc2204/ros2_new_study/install/test_pkg/share/test_pkg/hook/ament_prefix_path.ps1'
[1.113s] INFO:colcon.colcon_core.shell:Creating environment descriptor '/home/xc2204/ros2_new_study/install/test_pkg/share/test_pkg/hook/ament_prefix_path.dsv'
[1.114s] INFO:colcon.colcon_core.shell:Creating environment hook '/home/xc2204/ros2_new_study/install/test_pkg/share/test_pkg/hook/ament_prefix_path.sh'
[1.115s] INFO:colcon.colcon_core.shell:Skip shell extension 'powershell' for command environment: Not usable outside of PowerShell
[1.115s] DEBUG:colcon.colcon_core.shell:Skip shell extension 'dsv' for command environment
[1.478s] INFO:colcon.colcon_core.task.python.build:Building Python package in '/home/xc2204/ros2_new_study/src/pc_stuts'
[1.479s] INFO:colcon.colcon_core.shell:Skip shell extension 'powershell' for command environment: Not usable outside of PowerShell
[1.479s] DEBUG:colcon.colcon_core.shell:Skip shell extension 'dsv' for command environment
[1.696s] INFO:colcon.colcon_core.task.python.build:Building Python package in '/home/xc2204/ros2_new_study/src/test_pkg'
[1.696s] INFO:colcon.colcon_core.shell:Skip shell extension 'powershell' for command environment: Not usable outside of PowerShell
[1.696s] DEBUG:colcon.colcon_core.shell:Skip shell extension 'dsv' for command environment
[1.704s] DEBUG:colcon.colcon_core.event_handler.log_command:Invoking command in '/home/xc2204/ros2_new_study/src/TF_study': PYTHONPATH=/home/xc2204/ros2_new_study/build/TF_study/prefix_override:/usr/lib/python3/dist-packages/colcon_core/task/python/colcon_distutils_commands:/home/xc2204/ros2_new_study/install/TF_study/lib/python3.10/site-packages:${PYTHONPATH} /usr/bin/python3 -W ignore:setup.py install is deprecated -W ignore:easy_install command is deprecated setup.py egg_info --egg-base ../../build/TF_study build --build-base /home/xc2204/ros2_new_study/build/TF_study/build install --record /home/xc2204/ros2_new_study/build/TF_study/install.log --single-version-externally-managed install_data
[1.709s] DEBUG:colcon.colcon_core.event_handler.log_command:Invoking command in '/home/xc2204/ros2_new_study/src/face_detect': PYTHONPATH=/home/xc2204/ros2_new_study/build/face_detect/prefix_override:/usr/lib/python3/dist-packages/colcon_core/task/python/colcon_distutils_commands:/home/xc2204/ros2_new_study/install/face_detect/lib/python3.10/site-packages:${PYTHONPATH} /usr/bin/python3 -W ignore:setup.py install is deprecated -W ignore:easy_install command is deprecated setup.py egg_info --egg-base ../../build/face_detect build --build-base /home/xc2204/ros2_new_study/build/face_detect/build install --record /home/xc2204/ros2_new_study/build/face_detect/install.log --single-version-externally-managed install_data
[1.978s] Level 1:colcon.colcon_core.environment:checking '/home/xc2204/ros2_new_study/install/face_detect' for CMake module files
[1.978s] DEBUG:colcon.colcon_core.event_handler.log_command:Invoked command in '/home/xc2204/ros2_new_study/src/face_detect' returned '0': PYTHONPATH=/home/xc2204/ros2_new_study/build/face_detect/prefix_override:/usr/lib/python3/dist-packages/colcon_core/task/python/colcon_distutils_commands:/home/xc2204/ros2_new_study/install/face_detect/lib/python3.10/site-packages:${PYTHONPATH} /usr/bin/python3 -W ignore:setup.py install is deprecated -W ignore:easy_install command is deprecated setup.py egg_info --egg-base ../../build/face_detect build --build-base /home/xc2204/ros2_new_study/build/face_detect/build install --record /home/xc2204/ros2_new_study/build/face_detect/install.log --single-version-externally-managed install_data
[1.979s] Level 1:colcon.colcon_core.environment:checking '/home/xc2204/ros2_new_study/install/face_detect' for CMake config files
[1.979s] Level 1:colcon.colcon_core.environment:checking '/home/xc2204/ros2_new_study/install/face_detect/lib'
[1.979s] Level 1:colcon.colcon_core.environment:checking '/home/xc2204/ros2_new_study/install/face_detect/bin'
[1.979s] Level 1:colcon.colcon_core.environment:checking '/home/xc2204/ros2_new_study/install/face_detect/lib/pkgconfig/face_detect.pc'
[1.980s] Level 1:colcon.colcon_core.environment:checking '/home/xc2204/ros2_new_study/install/face_detect/lib/python3.10/site-packages'
[1.980s] Level 1:colcon.colcon_core.shell:create_environment_hook('face_detect', 'pythonpath')
[1.980s] INFO:colcon.colcon_core.shell:Creating environment hook '/home/xc2204/ros2_new_study/install/face_detect/share/face_detect/hook/pythonpath.ps1'
[1.980s] INFO:colcon.colcon_core.shell:Creating environment descriptor '/home/xc2204/ros2_new_study/install/face_detect/share/face_detect/hook/pythonpath.dsv'
[1.981s] INFO:colcon.colcon_core.shell:Creating environment hook '/home/xc2204/ros2_new_study/install/face_detect/share/face_detect/hook/pythonpath.sh'
[1.982s] Level 1:colcon.colcon_core.environment:checking '/home/xc2204/ros2_new_study/install/face_detect/bin'
[1.982s] Level 1:colcon.colcon_core.environment:create_environment_scripts_only(face_detect)
[1.982s] INFO:colcon.colcon_core.shell:Creating package script '/home/xc2204/ros2_new_study/install/face_detect/share/face_detect/package.ps1'
[1.983s] INFO:colcon.colcon_core.shell:Creating package descriptor '/home/xc2204/ros2_new_study/install/face_detect/share/face_detect/package.dsv'
[1.983s] INFO:colcon.colcon_core.shell:Creating package script '/home/xc2204/ros2_new_study/install/face_detect/share/face_detect/package.sh'
[1.984s] INFO:colcon.colcon_core.shell:Creating package script '/home/xc2204/ros2_new_study/install/face_detect/share/face_detect/package.bash'
[1.984s] INFO:colcon.colcon_core.shell:Creating package script '/home/xc2204/ros2_new_study/install/face_detect/share/face_detect/package.zsh'
[1.984s] Level 1:colcon.colcon_core.environment:create_file_with_runtime_dependencies(/home/xc2204/ros2_new_study/install/face_detect/share/colcon-core/packages/face_detect)
[1.986s] Level 1:colcon.colcon_core.environment:checking '/home/xc2204/ros2_new_study/install/TF_study' for CMake module files
[1.987s] Level 1:colcon.colcon_core.environment:checking '/home/xc2204/ros2_new_study/install/TF_study' for CMake config files
[1.988s] DEBUG:colcon.colcon_core.event_handler.log_command:Invoked command in '/home/xc2204/ros2_new_study/src/TF_study' returned '0': PYTHONPATH=/home/xc2204/ros2_new_study/build/TF_study/prefix_override:/usr/lib/python3/dist-packages/colcon_core/task/python/colcon_distutils_commands:/home/xc2204/ros2_new_study/install/TF_study/lib/python3.10/site-packages:${PYTHONPATH} /usr/bin/python3 -W ignore:setup.py install is deprecated -W ignore:easy_install command is deprecated setup.py egg_info --egg-base ../../build/TF_study build --build-base /home/xc2204/ros2_new_study/build/TF_study/build install --record /home/xc2204/ros2_new_study/build/TF_study/install.log --single-version-externally-managed install_data
[1.988s] Level 1:colcon.colcon_core.environment:checking '/home/xc2204/ros2_new_study/install/TF_study/lib'
[1.988s] Level 1:colcon.colcon_core.environment:checking '/home/xc2204/ros2_new_study/install/TF_study/bin'
[1.988s] Level 1:colcon.colcon_core.environment:checking '/home/xc2204/ros2_new_study/install/TF_study/lib/pkgconfig/TF_study.pc'
[1.988s] Level 1:colcon.colcon_core.environment:checking '/home/xc2204/ros2_new_study/install/TF_study/lib/python3.10/site-packages'
[1.989s] Level 1:colcon.colcon_core.shell:create_environment_hook('TF_study', 'pythonpath')
[1.989s] INFO:colcon.colcon_core.shell:Creating environment hook '/home/xc2204/ros2_new_study/install/TF_study/share/TF_study/hook/pythonpath.ps1'
[1.989s] INFO:colcon.colcon_core.shell:Creating environment descriptor '/home/xc2204/ros2_new_study/install/TF_study/share/TF_study/hook/pythonpath.dsv'
[1.990s] INFO:colcon.colcon_core.shell:Creating environment hook '/home/xc2204/ros2_new_study/install/TF_study/share/TF_study/hook/pythonpath.sh'
[1.990s] Level 1:colcon.colcon_core.environment:checking '/home/xc2204/ros2_new_study/install/TF_study/bin'
[1.990s] Level 1:colcon.colcon_core.environment:create_environment_scripts_only(TF_study)
[1.991s] INFO:colcon.colcon_core.shell:Creating package script '/home/xc2204/ros2_new_study/install/TF_study/share/TF_study/package.ps1'
[1.991s] INFO:colcon.colcon_core.shell:Creating package descriptor '/home/xc2204/ros2_new_study/install/TF_study/share/TF_study/package.dsv'
[1.992s] INFO:colcon.colcon_core.shell:Creating package script '/home/xc2204/ros2_new_study/install/TF_study/share/TF_study/package.sh'
[1.992s] INFO:colcon.colcon_core.shell:Creating package script '/home/xc2204/ros2_new_study/install/TF_study/share/TF_study/package.bash'
[1.992s] INFO:colcon.colcon_core.shell:Creating package script '/home/xc2204/ros2_new_study/install/TF_study/share/TF_study/package.zsh'
[1.993s] Level 1:colcon.colcon_core.environment:create_file_with_runtime_dependencies(/home/xc2204/ros2_new_study/install/TF_study/share/colcon-core/packages/TF_study)
[2.054s] DEBUG:colcon.colcon_core.event_handler.log_command:Invoking command in '/home/xc2204/ros2_new_study/src/pc_stuts': PYTHONPATH=/home/xc2204/ros2_new_study/build/pc_stuts/prefix_override:/usr/lib/python3/dist-packages/colcon_core/task/python/colcon_distutils_commands:/home/xc2204/ros2_new_study/install/pc_stuts/lib/python3.10/site-packages:${PYTHONPATH} /usr/bin/python3 -W ignore:setup.py install is deprecated -W ignore:easy_install command is deprecated setup.py egg_info --egg-base ../../build/pc_stuts build --build-base /home/xc2204/ros2_new_study/build/pc_stuts/build install --record /home/xc2204/ros2_new_study/build/pc_stuts/install.log --single-version-externally-managed install_data
[2.231s] DEBUG:colcon.colcon_core.event_handler.log_command:Invoking command in '/home/xc2204/ros2_new_study/src/test_pkg': PYTHONPATH=/home/xc2204/ros2_new_study/build/test_pkg/prefix_override:/usr/lib/python3/dist-packages/colcon_core/task/python/colcon_distutils_commands:/home/xc2204/ros2_new_study/install/test_pkg/lib/python3.10/site-packages:${PYTHONPATH} /usr/bin/python3 -W ignore:setup.py install is deprecated -W ignore:easy_install command is deprecated setup.py egg_info --egg-base ../../build/test_pkg build --build-base /home/xc2204/ros2_new_study/build/test_pkg/build install --record /home/xc2204/ros2_new_study/build/test_pkg/install.log --single-version-externally-managed install_data
[2.303s] Level 1:colcon.colcon_core.environment:checking '/home/xc2204/ros2_new_study/install/pc_stuts' for CMake module files
[2.304s] DEBUG:colcon.colcon_core.event_handler.log_command:Invoked command in '/home/xc2204/ros2_new_study/src/pc_stuts' returned '0': PYTHONPATH=/home/xc2204/ros2_new_study/build/pc_stuts/prefix_override:/usr/lib/python3/dist-packages/colcon_core/task/python/colcon_distutils_commands:/home/xc2204/ros2_new_study/install/pc_stuts/lib/python3.10/site-packages:${PYTHONPATH} /usr/bin/python3 -W ignore:setup.py install is deprecated -W ignore:easy_install command is deprecated setup.py egg_info --egg-base ../../build/pc_stuts build --build-base /home/xc2204/ros2_new_study/build/pc_stuts/build install --record /home/xc2204/ros2_new_study/build/pc_stuts/install.log --single-version-externally-managed install_data
[2.304s] Level 1:colcon.colcon_core.environment:checking '/home/xc2204/ros2_new_study/install/pc_stuts' for CMake config files
[2.305s] Level 1:colcon.colcon_core.environment:checking '/home/xc2204/ros2_new_study/install/pc_stuts/lib'
[2.305s] Level 1:colcon.colcon_core.environment:checking '/home/xc2204/ros2_new_study/install/pc_stuts/bin'
[2.305s] Level 1:colcon.colcon_core.environment:checking '/home/xc2204/ros2_new_study/install/pc_stuts/lib/pkgconfig/pc_stuts.pc'
[2.305s] Level 1:colcon.colcon_core.environment:checking '/home/xc2204/ros2_new_study/install/pc_stuts/lib/python3.10/site-packages'
[2.305s] Level 1:colcon.colcon_core.shell:create_environment_hook('pc_stuts', 'pythonpath')
[2.305s] INFO:colcon.colcon_core.shell:Creating environment hook '/home/xc2204/ros2_new_study/install/pc_stuts/share/pc_stuts/hook/pythonpath.ps1'
[2.306s] INFO:colcon.colcon_core.shell:Creating environment descriptor '/home/xc2204/ros2_new_study/install/pc_stuts/share/pc_stuts/hook/pythonpath.dsv'
[2.307s] INFO:colcon.colcon_core.shell:Creating environment hook '/home/xc2204/ros2_new_study/install/pc_stuts/share/pc_stuts/hook/pythonpath.sh'
[2.308s] Level 1:colcon.colcon_core.environment:checking '/home/xc2204/ros2_new_study/install/pc_stuts/bin'
[2.308s] Level 1:colcon.colcon_core.environment:create_environment_scripts_only(pc_stuts)
[2.308s] INFO:colcon.colcon_core.shell:Creating package script '/home/xc2204/ros2_new_study/install/pc_stuts/share/pc_stuts/package.ps1'
[2.309s] INFO:colcon.colcon_core.shell:Creating package descriptor '/home/xc2204/ros2_new_study/install/pc_stuts/share/pc_stuts/package.dsv'
[2.309s] INFO:colcon.colcon_core.shell:Creating package script '/home/xc2204/ros2_new_study/install/pc_stuts/share/pc_stuts/package.sh'
[2.310s] INFO:colcon.colcon_core.shell:Creating package script '/home/xc2204/ros2_new_study/install/pc_stuts/share/pc_stuts/package.bash'
[2.310s] INFO:colcon.colcon_core.shell:Creating package script '/home/xc2204/ros2_new_study/install/pc_stuts/share/pc_stuts/package.zsh'
[2.310s] Level 1:colcon.colcon_core.environment:create_file_with_runtime_dependencies(/home/xc2204/ros2_new_study/install/pc_stuts/share/colcon-core/packages/pc_stuts)
[2.487s] Level 1:colcon.colcon_core.environment:checking '/home/xc2204/ros2_new_study/install/test_pkg' for CMake module files
[2.488s] DEBUG:colcon.colcon_core.event_handler.log_command:Invoked command in '/home/xc2204/ros2_new_study/src/test_pkg' returned '0': PYTHONPATH=/home/xc2204/ros2_new_study/build/test_pkg/prefix_override:/usr/lib/python3/dist-packages/colcon_core/task/python/colcon_distutils_commands:/home/xc2204/ros2_new_study/install/test_pkg/lib/python3.10/site-packages:${PYTHONPATH} /usr/bin/python3 -W ignore:setup.py install is deprecated -W ignore:easy_install command is deprecated setup.py egg_info --egg-base ../../build/test_pkg build --build-base /home/xc2204/ros2_new_study/build/test_pkg/build install --record /home/xc2204/ros2_new_study/build/test_pkg/install.log --single-version-externally-managed install_data
[2.489s] Level 1:colcon.colcon_core.environment:checking '/home/xc2204/ros2_new_study/install/test_pkg' for CMake config files
[2.489s] Level 1:colcon.colcon_core.environment:checking '/home/xc2204/ros2_new_study/install/test_pkg/lib'
[2.489s] Level 1:colcon.colcon_core.environment:checking '/home/xc2204/ros2_new_study/install/test_pkg/bin'
[2.489s] Level 1:colcon.colcon_core.environment:checking '/home/xc2204/ros2_new_study/install/test_pkg/lib/pkgconfig/test_pkg.pc'
[2.490s] Level 1:colcon.colcon_core.environment:checking '/home/xc2204/ros2_new_study/install/test_pkg/lib/python3.10/site-packages'
[2.490s] Level 1:colcon.colcon_core.shell:create_environment_hook('test_pkg', 'pythonpath')
[2.490s] INFO:colcon.colcon_core.shell:Creating environment hook '/home/xc2204/ros2_new_study/install/test_pkg/share/test_pkg/hook/pythonpath.ps1'
[2.490s] INFO:colcon.colcon_core.shell:Creating environment descriptor '/home/xc2204/ros2_new_study/install/test_pkg/share/test_pkg/hook/pythonpath.dsv'
[2.491s] INFO:colcon.colcon_core.shell:Creating environment hook '/home/xc2204/ros2_new_study/install/test_pkg/share/test_pkg/hook/pythonpath.sh'
[2.491s] Level 1:colcon.colcon_core.environment:checking '/home/xc2204/ros2_new_study/install/test_pkg/bin'
[2.492s] Level 1:colcon.colcon_core.environment:create_environment_scripts_only(test_pkg)
[2.492s] INFO:colcon.colcon_core.shell:Creating package script '/home/xc2204/ros2_new_study/install/test_pkg/share/test_pkg/package.ps1'
[2.493s] INFO:colcon.colcon_core.shell:Creating package descriptor '/home/xc2204/ros2_new_study/install/test_pkg/share/test_pkg/package.dsv'
[2.493s] INFO:colcon.colcon_core.shell:Creating package script '/home/xc2204/ros2_new_study/install/test_pkg/share/test_pkg/package.sh'
[2.494s] INFO:colcon.colcon_core.shell:Creating package script '/home/xc2204/ros2_new_study/install/test_pkg/share/test_pkg/package.bash'
[2.495s] INFO:colcon.colcon_core.shell:Creating package script '/home/xc2204/ros2_new_study/install/test_pkg/share/test_pkg/package.zsh'
[2.495s] Level 1:colcon.colcon_core.environment:create_file_with_runtime_dependencies(/home/xc2204/ros2_new_study/install/test_pkg/share/colcon-core/packages/test_pkg)
[2.495s] DEBUG:colcon.colcon_parallel_executor.executor.parallel:closing loop
[2.496s] DEBUG:colcon.colcon_parallel_executor.executor.parallel:loop closed
[2.496s] DEBUG:colcon.colcon_parallel_executor.executor.parallel:run_until_complete finished with '0'
[2.496s] DEBUG:colcon.colcon_core.event_reactor:joining thread
[2.502s] INFO:colcon.colcon_core.plugin_system:Skipping extension 'colcon_notification.desktop_notification.terminal_notifier': Not used on non-Darwin systems
[2.502s] INFO:colcon.colcon_core.plugin_system:Skipping extension 'colcon_notification.desktop_notification.win32': Not used on non-Windows systems
[2.502s] INFO:colcon.colcon_notification.desktop_notification:Sending desktop notification using 'notify2'
[2.508s] DEBUG:colcon.colcon_core.event_reactor:joined thread
[2.508s] INFO:colcon.colcon_core.shell:Creating prefix script '/home/xc2204/ros2_new_study/install/local_setup.ps1'
[2.509s] INFO:colcon.colcon_core.shell:Creating prefix util module '/home/xc2204/ros2_new_study/install/_local_setup_util_ps1.py'
[2.511s] INFO:colcon.colcon_core.shell:Creating prefix chain script '/home/xc2204/ros2_new_study/install/setup.ps1'
[2.513s] INFO:colcon.colcon_core.shell:Creating prefix script '/home/xc2204/ros2_new_study/install/local_setup.sh'
[2.513s] INFO:colcon.colcon_core.shell:Creating prefix util module '/home/xc2204/ros2_new_study/install/_local_setup_util_sh.py'
[2.514s] INFO:colcon.colcon_core.shell:Creating prefix chain script '/home/xc2204/ros2_new_study/install/setup.sh'
[2.515s] INFO:colcon.colcon_core.shell:Creating prefix script '/home/xc2204/ros2_new_study/install/local_setup.bash'
[2.516s] INFO:colcon.colcon_core.shell:Creating prefix chain script '/home/xc2204/ros2_new_study/install/setup.bash'
[2.517s] INFO:colcon.colcon_core.shell:Creating prefix script '/home/xc2204/ros2_new_study/install/local_setup.zsh'
[2.517s] INFO:colcon.colcon_core.shell:Creating prefix chain script '/home/xc2204/ros2_new_study/install/setup.zsh'
