[0.561s] Invoking command in '/home/xc2204/ros2_new_study/build/urdf_study': CMAKE_PREFIX_PATH=/opt/ros/humble /usr/bin/cmake --build /home/xc2204/ros2_new_study/build/urdf_study -- -j20 -l20
[0.589s] -- Found ament_cmake: 1.3.14 (/opt/ros/humble/share/ament_cmake/cmake)
[0.730s] -- Found ament_lint_auto: 0.12.15 (/opt/ros/humble/share/ament_lint_auto/cmake)
[0.824s] -- Added test 'flake8' to check Python code syntax and style conventions
[0.824s] -- Added test 'lint_cmake' to check CMake code style
[0.825s] -- Added test 'pep257' to check Python code against some of the docstring style conventions in PEP 257
[0.826s] -- Added test 'xmllint' to check XML markup files
[0.826s] -- Configuring done
[0.832s] -- Generating done
[0.836s] -- Build files have been written to: /home/xc2204/ros2_new_study/build/urdf_study
[0.870s] Invoked command in '/home/xc2204/ros2_new_study/build/urdf_study' returned '0': CMAKE_PREFIX_PATH=/opt/ros/humble /usr/bin/cmake --build /home/xc2204/ros2_new_study/build/urdf_study -- -j20 -l20
[0.873s] Invoking command in '/home/xc2204/ros2_new_study/build/urdf_study': CMAKE_PREFIX_PATH=/opt/ros/humble /usr/bin/cmake --install /home/xc2204/ros2_new_study/build/urdf_study
[0.884s] -- Install configuration: ""
[0.884s] -- Up-to-date: /home/xc2204/ros2_new_study/install/urdf_study/share/urdf_study//launch
[0.884s] -- Up-to-date: /home/xc2204/ros2_new_study/install/urdf_study/share/urdf_study//launch/J_L_S_publisher.launch.py
[0.884s] -- Installing: /home/xc2204/ros2_new_study/install/urdf_study/share/urdf_study//launch/cmd.launch.py
[0.885s] -- Installing: /home/xc2204/ros2_new_study/install/urdf_study/share/urdf_study//urdf
[0.885s] -- Installing: /home/xc2204/ros2_new_study/install/urdf_study/share/urdf_study//urdf/cmd_vel.urdf
[0.886s] -- Installing: /home/xc2204/ros2_new_study/install/urdf_study/share/urdf_study//urdf/study_urdf_processed.urdf
[0.886s] -- Installing: /home/xc2204/ros2_new_study/install/urdf_study/share/urdf_study//urdf/study_urdf.urdf
[0.888s] -- Up-to-date: /home/xc2204/ros2_new_study/install/urdf_study/share/urdf_study//rviz
[0.888s] -- Up-to-date: /home/xc2204/ros2_new_study/install/urdf_study/share/urdf_study//rviz/urdf_study.rviz
[0.888s] -- Up-to-date: /home/xc2204/ros2_new_study/install/urdf_study/share/urdf_study//rviz/urdf_study.rviz:Zone.Identifier
[0.888s] -- Up-to-date: /home/xc2204/ros2_new_study/install/urdf_study/share/urdf_study//world
[0.889s] -- Up-to-date: /home/xc2204/ros2_new_study/install/urdf_study/share/urdf_study//PLAGIN
[0.889s] -- Up-to-date: /home/xc2204/ros2_new_study/install/urdf_study/share/urdf_study//PLAGIN/cmd_vel.urdf
[0.889s] -- Up-to-date: /home/xc2204/ros2_new_study/install/urdf_study/share/ament_index/resource_index/package_run_dependencies/urdf_study
[0.889s] -- Installing: /home/xc2204/ros2_new_study/install/urdf_study/share/ament_index/resource_index/parent_prefix_path/urdf_study
[0.890s] -- Up-to-date: /home/xc2204/ros2_new_study/install/urdf_study/share/urdf_study/environment/ament_prefix_path.sh
[0.890s] -- Installing: /home/xc2204/ros2_new_study/install/urdf_study/share/urdf_study/environment/ament_prefix_path.dsv
[0.890s] -- Up-to-date: /home/xc2204/ros2_new_study/install/urdf_study/share/urdf_study/environment/path.sh
[0.890s] -- Installing: /home/xc2204/ros2_new_study/install/urdf_study/share/urdf_study/environment/path.dsv
[0.891s] -- Up-to-date: /home/xc2204/ros2_new_study/install/urdf_study/share/urdf_study/local_setup.bash
[0.891s] -- Up-to-date: /home/xc2204/ros2_new_study/install/urdf_study/share/urdf_study/local_setup.sh
[0.891s] -- Up-to-date: /home/xc2204/ros2_new_study/install/urdf_study/share/urdf_study/local_setup.zsh
[0.892s] -- Installing: /home/xc2204/ros2_new_study/install/urdf_study/share/urdf_study/local_setup.dsv
[0.892s] -- Installing: /home/xc2204/ros2_new_study/install/urdf_study/share/urdf_study/package.dsv
[0.893s] -- Up-to-date: /home/xc2204/ros2_new_study/install/urdf_study/share/ament_index/resource_index/packages/urdf_study
[0.893s] -- Up-to-date: /home/xc2204/ros2_new_study/install/urdf_study/share/urdf_study/cmake/urdf_studyConfig.cmake
[0.893s] -- Up-to-date: /home/xc2204/ros2_new_study/install/urdf_study/share/urdf_study/cmake/urdf_studyConfig-version.cmake
[0.893s] -- Up-to-date: /home/xc2204/ros2_new_study/install/urdf_study/share/urdf_study/package.xml
[1.480s] Invoked command in '/home/xc2204/ros2_new_study/build/urdf_study' returned '0': CMAKE_PREFIX_PATH=/opt/ros/humble /usr/bin/cmake --install /home/xc2204/ros2_new_study/build/urdf_study
