[0.306s] Invoking command in '/home/xc2204/ros2_new_study/build/Urdf_study': /usr/bin/cmake /home/xc2204/ros2_new_study/src/Urdf_study -DCMAKE_INSTALL_PREFIX=/home/xc2204/ros2_new_study/install/Urdf_study
[0.602s] -- The C compiler identification is GNU 11.4.0
[1.476s] -- The CXX compiler identification is GNU 11.4.0
[2.234s] -- Detecting C compiler ABI info
[2.471s] -- Detecting C compiler ABI info - done
[2.477s] -- Check for working C compiler: /usr/bin/cc - skipped
[2.478s] -- Detecting C compile features
[2.479s] -- Detecting C compile features - done
[2.482s] -- Detecting CXX compiler ABI info
[2.668s] -- Detecting CXX compiler ABI info - done
[2.674s] -- Check for working CXX compiler: /usr/bin/c++ - skipped
[2.674s] -- Detecting CXX compile features
[2.674s] -- Detecting CXX compile features - done
[2.681s] -- Found ament_cmake: 1.3.14 (/opt/ros/humble/share/ament_cmake/cmake)
[2.800s] -- Found Python3: /usr/bin/python3 (found version "3.10.12") found components: Interpreter 
[2.896s] -- Found ament_lint_auto: 0.12.15 (/opt/ros/humble/share/ament_lint_auto/cmake)
[2.938s] WARNING: Package name "Urdf_study" does not follow the naming conventions. It should start with a lower case letter and only contain lower case letters, digits, underscores, and dashes.
[2.938s] Error parsing '/home/xc2204/ros2_new_study/src/Urdf_study/package.xml':
[2.994s] Traceback (most recent call last):
[2.994s]   File "/opt/ros/humble/share/ament_cmake_core/cmake/core/package_xml_2_cmake.py", line 150, in <module>
[2.994s]     main()
[2.994s]   File "/opt/ros/humble/share/ament_cmake_core/cmake/core/package_xml_2_cmake.py", line 53, in main
[2.994s]     raise e
[2.994s]   File "/opt/ros/humble/share/ament_cmake_core/cmake/core/package_xml_2_cmake.py", line 49, in main
[2.994s]     package = parse_package_string(
[2.994s]   File "/usr/lib/python3/dist-packages/catkin_pkg/package.py", line 788, in parse_package_string
[2.994s]     pkg.validate(warnings=warnings)
[2.994s]   File "/usr/lib/python3/dist-packages/catkin_pkg/package.py", line 330, in validate
[2.994s]     raise InvalidPackage('\n'.join(errors), self.filename)
[2.994s] catkin_pkg.package.InvalidPackage: Error(s) in package '/home/xc2204/ros2_new_study/src/Urdf_study/package.xml':
[2.994s] Invalid email "xc@" for person "xc2204"
[3.007s] [31mCMake Error at /opt/ros/humble/share/ament_cmake_core/cmake/core/ament_package_xml.cmake:95 (message):
[3.007s]   execute_process(/usr/bin/python3
[3.007s]   /opt/ros/humble/share/ament_cmake_core/cmake/core/package_xml_2_cmake.py
[3.007s]   /home/xc2204/ros2_new_study/src/Urdf_study/package.xml
[3.007s]   /home/xc2204/ros2_new_study/build/Urdf_study/ament_cmake_core/package.cmake)
[3.007s]   returned error code 1
[3.007s] Call Stack (most recent call first):
[3.007s]   /opt/ros/humble/share/ament_cmake_core/cmake/core/ament_package_xml.cmake:49 (_ament_package_xml)
[3.007s]   /opt/ros/humble/share/ament_lint_auto/cmake/ament_lint_auto_find_test_dependencies.cmake:31 (ament_package_xml)
[3.007s]   CMakeLists.txt:23 (ament_lint_auto_find_test_dependencies)
[3.007s] 
[3.008s] [0m
[3.008s] -- Configuring incomplete, errors occurred!
[3.008s] See also "/home/xc2204/ros2_new_study/build/Urdf_study/CMakeFiles/CMakeOutput.log".
[3.011s] Invoked command in '/home/xc2204/ros2_new_study/build/Urdf_study' returned '1': /usr/bin/cmake /home/xc2204/ros2_new_study/src/Urdf_study -DCMAKE_INSTALL_PREFIX=/home/xc2204/ros2_new_study/install/Urdf_study
