[0.667s] Invoking command in '/home/xc2204/ros2_new_study/src/face_detect': PYTHONPATH=/home/xc2204/ros2_new_study/build/face_detect/prefix_override:/usr/lib/python3/dist-packages/colcon_core/task/python/colcon_distutils_commands:/home/xc2204/ros2_new_study/install/face_detect/lib/python3.10/site-packages:${PYTHONPATH} /usr/bin/python3 -W ignore:setup.py install is deprecated -W ignore:easy_install command is deprecated setup.py egg_info --egg-base ../../build/face_detect build --build-base /home/xc2204/ros2_new_study/build/face_detect/build install --record /home/xc2204/ros2_new_study/build/face_detect/install.log --single-version-externally-managed install_data
[0.841s] running egg_info
[0.842s] creating ../../build/face_detect/face_detect.egg-info
[0.842s] writing ../../build/face_detect/face_detect.egg-info/PKG-INFO
[0.843s] writing dependency_links to ../../build/face_detect/face_detect.egg-info/dependency_links.txt
[0.843s] writing entry points to ../../build/face_detect/face_detect.egg-info/entry_points.txt
[0.844s] writing requirements to ../../build/face_detect/face_detect.egg-info/requires.txt
[0.844s] writing top-level names to ../../build/face_detect/face_detect.egg-info/top_level.txt
[0.844s] writing manifest file '../../build/face_detect/face_detect.egg-info/SOURCES.txt'
[0.846s] reading manifest file '../../build/face_detect/face_detect.egg-info/SOURCES.txt'
[0.846s] writing manifest file '../../build/face_detect/face_detect.egg-info/SOURCES.txt'
[0.847s] running build
[0.847s] running build_py
[0.847s] creating /home/xc2204/ros2_new_study/build/face_detect/build
[0.847s] creating /home/xc2204/ros2_new_study/build/face_detect/build/lib
[0.847s] creating /home/xc2204/ros2_new_study/build/face_detect/build/lib/face_detect
[0.848s] copying face_detect/srv_face_detect.py -> /home/xc2204/ros2_new_study/build/face_detect/build/lib/face_detect
[0.848s] copying face_detect/video_detect.py -> /home/xc2204/ros2_new_study/build/face_detect/build/lib/face_detect
[0.848s] copying face_detect/client_face_detect.py -> /home/xc2204/ros2_new_study/build/face_detect/build/lib/face_detect
[0.848s] copying face_detect/__init__.py -> /home/xc2204/ros2_new_study/build/face_detect/build/lib/face_detect
[0.848s] running install
[0.848s] running install_lib
[0.848s] creating /home/xc2204/ros2_new_study/install/face_detect/lib/python3.10/site-packages/face_detect
[0.848s] copying /home/xc2204/ros2_new_study/build/face_detect/build/lib/face_detect/srv_face_detect.py -> /home/xc2204/ros2_new_study/install/face_detect/lib/python3.10/site-packages/face_detect
[0.848s] copying /home/xc2204/ros2_new_study/build/face_detect/build/lib/face_detect/video_detect.py -> /home/xc2204/ros2_new_study/install/face_detect/lib/python3.10/site-packages/face_detect
[0.848s] copying /home/xc2204/ros2_new_study/build/face_detect/build/lib/face_detect/client_face_detect.py -> /home/xc2204/ros2_new_study/install/face_detect/lib/python3.10/site-packages/face_detect
[0.848s] copying /home/xc2204/ros2_new_study/build/face_detect/build/lib/face_detect/__init__.py -> /home/xc2204/ros2_new_study/install/face_detect/lib/python3.10/site-packages/face_detect
[0.849s] byte-compiling /home/xc2204/ros2_new_study/install/face_detect/lib/python3.10/site-packages/face_detect/srv_face_detect.py to srv_face_detect.cpython-310.pyc
[0.849s] byte-compiling /home/xc2204/ros2_new_study/install/face_detect/lib/python3.10/site-packages/face_detect/video_detect.py to video_detect.cpython-310.pyc
[0.850s] byte-compiling /home/xc2204/ros2_new_study/install/face_detect/lib/python3.10/site-packages/face_detect/client_face_detect.py to client_face_detect.cpython-310.pyc
[0.850s] byte-compiling /home/xc2204/ros2_new_study/install/face_detect/lib/python3.10/site-packages/face_detect/__init__.py to __init__.cpython-310.pyc
[0.851s] running install_data
[0.851s] creating /home/xc2204/ros2_new_study/install/face_detect/share/ament_index
[0.851s] creating /home/xc2204/ros2_new_study/install/face_detect/share/ament_index/resource_index
[0.851s] creating /home/xc2204/ros2_new_study/install/face_detect/share/ament_index/resource_index/packages
[0.851s] copying resource/face_detect -> /home/xc2204/ros2_new_study/install/face_detect/share/ament_index/resource_index/packages
[0.851s] copying package.xml -> /home/xc2204/ros2_new_study/install/face_detect/share/face_detect
[0.851s] creating /home/xc2204/ros2_new_study/install/face_detect/share/face_detect/resource
[0.851s] copying resource/image.png -> /home/xc2204/ros2_new_study/install/face_detect/share/face_detect/resource
[0.852s] copying resource/image_face.png -> /home/xc2204/ros2_new_study/install/face_detect/share/face_detect/resource
[0.852s] creating /home/xc2204/ros2_new_study/install/face_detect/share/face_detect/launch
[0.852s] copying launch/face.launch.py -> /home/xc2204/ros2_new_study/install/face_detect/share/face_detect/launch
[0.853s] running install_egg_info
[0.854s] Copying ../../build/face_detect/face_detect.egg-info to /home/xc2204/ros2_new_study/install/face_detect/lib/python3.10/site-packages/face_detect-0.0.0-py3.10.egg-info
[0.855s] running install_scripts
[0.871s] Installing client_face_detect script to /home/xc2204/ros2_new_study/install/face_detect/lib/face_detect
[0.871s] Installing srv_face_detect script to /home/xc2204/ros2_new_study/install/face_detect/lib/face_detect
[0.871s] Installing video_detect script to /home/xc2204/ros2_new_study/install/face_detect/lib/face_detect
[0.872s] writing list of installed files to '/home/xc2204/ros2_new_study/build/face_detect/install.log'
[0.898s] Invoked command in '/home/xc2204/ros2_new_study/src/face_detect' returned '0': PYTHONPATH=/home/xc2204/ros2_new_study/build/face_detect/prefix_override:/usr/lib/python3/dist-packages/colcon_core/task/python/colcon_distutils_commands:/home/xc2204/ros2_new_study/install/face_detect/lib/python3.10/site-packages:${PYTHONPATH} /usr/bin/python3 -W ignore:setup.py install is deprecated -W ignore:easy_install command is deprecated setup.py egg_info --egg-base ../../build/face_detect build --build-base /home/xc2204/ros2_new_study/build/face_detect/build install --record /home/xc2204/ros2_new_study/build/face_detect/install.log --single-version-externally-managed install_data
