[0.871s] Invoking command in '/home/xc2204/ros2_new_study/src/TF_study': PYTHONPATH=/home/xc2204/ros2_new_study/src/build/TF_study/prefix_override:/usr/lib/python3/dist-packages/colcon_core/task/python/colcon_distutils_commands:/home/xc2204/ros2_new_study/src/install/TF_study/lib/python3.10/site-packages:${PYTHONPATH} /usr/bin/python3 -W ignore:setup.py install is deprecated -W ignore:easy_install command is deprecated setup.py egg_info --egg-base ../build/TF_study build --build-base /home/xc2204/ros2_new_study/src/build/TF_study/build install --record /home/xc2204/ros2_new_study/src/build/TF_study/install.log --single-version-externally-managed install_data
[1.067s] running egg_info
[1.068s] creating ../build/TF_study/TF_study.egg-info
[1.068s] writing ../build/TF_study/TF_study.egg-info/PKG-INFO
[1.069s] writing dependency_links to ../build/TF_study/TF_study.egg-info/dependency_links.txt
[1.069s] writing entry points to ../build/TF_study/TF_study.egg-info/entry_points.txt
[1.069s] writing requirements to ../build/TF_study/TF_study.egg-info/requires.txt
[1.069s] writing top-level names to ../build/TF_study/TF_study.egg-info/top_level.txt
[1.069s] writing manifest file '../build/TF_study/TF_study.egg-info/SOURCES.txt'
[1.071s] reading manifest file '../build/TF_study/TF_study.egg-info/SOURCES.txt'
[1.071s] adding license file 'LICENSE'
[1.072s] writing manifest file '../build/TF_study/TF_study.egg-info/SOURCES.txt'
[1.072s] running build
[1.072s] running build_py
[1.073s] creating /home/xc2204/ros2_new_study/src/build/TF_study/build
[1.073s] creating /home/xc2204/ros2_new_study/src/build/TF_study/build/lib
[1.073s] creating /home/xc2204/ros2_new_study/src/build/TF_study/build/lib/TF_study
[1.073s] copying TF_study/static_TF_broadcast.py -> /home/xc2204/ros2_new_study/src/build/TF_study/build/lib/TF_study
[1.073s] copying TF_study/__init__.py -> /home/xc2204/ros2_new_study/src/build/TF_study/build/lib/TF_study
[1.073s] running install
[1.073s] running install_lib
[1.074s] creating /home/xc2204/ros2_new_study/src/install/TF_study/lib/python3.10/site-packages/TF_study
[1.075s] copying /home/xc2204/ros2_new_study/src/build/TF_study/build/lib/TF_study/static_TF_broadcast.py -> /home/xc2204/ros2_new_study/src/install/TF_study/lib/python3.10/site-packages/TF_study
[1.075s] copying /home/xc2204/ros2_new_study/src/build/TF_study/build/lib/TF_study/__init__.py -> /home/xc2204/ros2_new_study/src/install/TF_study/lib/python3.10/site-packages/TF_study
[1.075s] byte-compiling /home/xc2204/ros2_new_study/src/install/TF_study/lib/python3.10/site-packages/TF_study/static_TF_broadcast.py to static_TF_broadcast.cpython-310.pyc
[1.075s] byte-compiling /home/xc2204/ros2_new_study/src/install/TF_study/lib/python3.10/site-packages/TF_study/__init__.py to __init__.cpython-310.pyc
[1.076s] running install_data
[1.076s] creating /home/xc2204/ros2_new_study/src/install/TF_study/share/ament_index
[1.076s] creating /home/xc2204/ros2_new_study/src/install/TF_study/share/ament_index/resource_index
[1.076s] creating /home/xc2204/ros2_new_study/src/install/TF_study/share/ament_index/resource_index/packages
[1.077s] copying resource/TF_study -> /home/xc2204/ros2_new_study/src/install/TF_study/share/ament_index/resource_index/packages
[1.077s] copying package.xml -> /home/xc2204/ros2_new_study/src/install/TF_study/share/TF_study
[1.077s] running install_egg_info
[1.079s] Copying ../build/TF_study/TF_study.egg-info to /home/xc2204/ros2_new_study/src/install/TF_study/lib/python3.10/site-packages/TF_study-0.0.0-py3.10.egg-info
[1.080s] running install_scripts
[1.098s] Installing static_tf_broadcaster script to /home/xc2204/ros2_new_study/src/install/TF_study/lib/TF_study
[1.098s] writing list of installed files to '/home/xc2204/ros2_new_study/src/build/TF_study/install.log'
[1.124s] Invoked command in '/home/xc2204/ros2_new_study/src/TF_study' returned '0': PYTHONPATH=/home/xc2204/ros2_new_study/src/build/TF_study/prefix_override:/usr/lib/python3/dist-packages/colcon_core/task/python/colcon_distutils_commands:/home/xc2204/ros2_new_study/src/install/TF_study/lib/python3.10/site-packages:${PYTHONPATH} /usr/bin/python3 -W ignore:setup.py install is deprecated -W ignore:easy_install command is deprecated setup.py egg_info --egg-base ../build/TF_study build --build-base /home/xc2204/ros2_new_study/src/build/TF_study/build install --record /home/xc2204/ros2_new_study/src/build/TF_study/install.log --single-version-externally-managed install_data
