[1.053s] Invoking command in '/home/xc2204/ros2_new_study/src/TF_study': PYTHONPATH=/home/xc2204/ros2_new_study/build/TF_study/prefix_override:/usr/lib/python3/dist-packages/colcon_core/task/python/colcon_distutils_commands:/home/xc2204/ros2_new_study/install/TF_study/lib/python3.10/site-packages:${PYTHONPATH} /usr/bin/python3 -W ignore:setup.py install is deprecated -W ignore:easy_install command is deprecated setup.py egg_info --egg-base ../../build/TF_study build --build-base /home/xc2204/ros2_new_study/build/TF_study/build install --record /home/xc2204/ros2_new_study/build/TF_study/install.log --single-version-externally-managed install_data
[1.241s] running egg_info
[1.242s] creating ../../build/TF_study/TF_study.egg-info
[1.242s] writing ../../build/TF_study/TF_study.egg-info/PKG-INFO
[1.244s] writing dependency_links to ../../build/TF_study/TF_study.egg-info/dependency_links.txt
[1.244s] writing entry points to ../../build/TF_study/TF_study.egg-info/entry_points.txt
[1.245s] writing requirements to ../../build/TF_study/TF_study.egg-info/requires.txt
[1.245s] writing top-level names to ../../build/TF_study/TF_study.egg-info/top_level.txt
[1.245s] writing manifest file '../../build/TF_study/TF_study.egg-info/SOURCES.txt'
[1.246s] reading manifest file '../../build/TF_study/TF_study.egg-info/SOURCES.txt'
[1.246s] adding license file 'LICENSE'
[1.246s] writing manifest file '../../build/TF_study/TF_study.egg-info/SOURCES.txt'
[1.246s] running build
[1.246s] running build_py
[1.247s] creating /home/xc2204/ros2_new_study/build/TF_study/build
[1.247s] creating /home/xc2204/ros2_new_study/build/TF_study/build/lib
[1.247s] creating /home/xc2204/ros2_new_study/build/TF_study/build/lib/TF_study
[1.247s] copying TF_study/dynamic_TF_broadcast.py -> /home/xc2204/ros2_new_study/build/TF_study/build/lib/TF_study
[1.247s] copying TF_study/static_TF_broadcast.py -> /home/xc2204/ros2_new_study/build/TF_study/build/lib/TF_study
[1.247s] copying TF_study/__init__.py -> /home/xc2204/ros2_new_study/build/TF_study/build/lib/TF_study
[1.247s] running install
[1.248s] running install_lib
[1.249s] creating /home/xc2204/ros2_new_study/install/TF_study/lib/python3.10/site-packages/TF_study
[1.249s] copying /home/xc2204/ros2_new_study/build/TF_study/build/lib/TF_study/dynamic_TF_broadcast.py -> /home/xc2204/ros2_new_study/install/TF_study/lib/python3.10/site-packages/TF_study
[1.249s] copying /home/xc2204/ros2_new_study/build/TF_study/build/lib/TF_study/static_TF_broadcast.py -> /home/xc2204/ros2_new_study/install/TF_study/lib/python3.10/site-packages/TF_study
[1.249s] copying /home/xc2204/ros2_new_study/build/TF_study/build/lib/TF_study/__init__.py -> /home/xc2204/ros2_new_study/install/TF_study/lib/python3.10/site-packages/TF_study
[1.249s] byte-compiling /home/xc2204/ros2_new_study/install/TF_study/lib/python3.10/site-packages/TF_study/dynamic_TF_broadcast.py to dynamic_TF_broadcast.cpython-310.pyc
[1.250s] byte-compiling /home/xc2204/ros2_new_study/install/TF_study/lib/python3.10/site-packages/TF_study/static_TF_broadcast.py to static_TF_broadcast.cpython-310.pyc
[1.250s] byte-compiling /home/xc2204/ros2_new_study/install/TF_study/lib/python3.10/site-packages/TF_study/__init__.py to __init__.cpython-310.pyc
[1.251s] running install_data
[1.251s] creating /home/xc2204/ros2_new_study/install/TF_study/share/ament_index
[1.251s] creating /home/xc2204/ros2_new_study/install/TF_study/share/ament_index/resource_index
[1.252s] creating /home/xc2204/ros2_new_study/install/TF_study/share/ament_index/resource_index/packages
[1.252s] copying resource/TF_study -> /home/xc2204/ros2_new_study/install/TF_study/share/ament_index/resource_index/packages
[1.252s] copying package.xml -> /home/xc2204/ros2_new_study/install/TF_study/share/TF_study
[1.253s] running install_egg_info
[1.254s] Copying ../../build/TF_study/TF_study.egg-info to /home/xc2204/ros2_new_study/install/TF_study/lib/python3.10/site-packages/TF_study-0.0.0-py3.10.egg-info
[1.255s] running install_scripts
[1.276s] Installing dynamic_tf_broadcaster script to /home/xc2204/ros2_new_study/install/TF_study/lib/TF_study
[1.277s] Installing static_tf_broadcaster script to /home/xc2204/ros2_new_study/install/TF_study/lib/TF_study
[1.277s] writing list of installed files to '/home/xc2204/ros2_new_study/build/TF_study/install.log'
[1.307s] Invoked command in '/home/xc2204/ros2_new_study/src/TF_study' returned '0': PYTHONPATH=/home/xc2204/ros2_new_study/build/TF_study/prefix_override:/usr/lib/python3/dist-packages/colcon_core/task/python/colcon_distutils_commands:/home/xc2204/ros2_new_study/install/TF_study/lib/python3.10/site-packages:${PYTHONPATH} /usr/bin/python3 -W ignore:setup.py install is deprecated -W ignore:easy_install command is deprecated setup.py egg_info --egg-base ../../build/TF_study build --build-base /home/xc2204/ros2_new_study/build/TF_study/build install --record /home/xc2204/ros2_new_study/build/TF_study/install.log --single-version-externally-managed install_data
