[0.424s] Invoking command in '/home/xc2204/ros2_new_study/build/urdf_study': CMAKE_PREFIX_PATH=/opt/ros/humble /usr/bin/cmake /home/xc2204/ros2_new_study/src/urdf_study -DCMAKE_INSTALL_PREFIX=/home/xc2204/ros2_new_study/install/urdf_study
[0.428s] -- Found ament_cmake: 1.3.14 (/opt/ros/humble/share/ament_cmake/cmake)
[0.548s] -- Found ament_lint_auto: 0.12.15 (/opt/ros/humble/share/ament_lint_auto/cmake)
[0.636s] -- Added test 'flake8' to check Python code syntax and style conventions
[0.637s] -- Added test 'lint_cmake' to check CMake code style
[0.638s] -- Added test 'pep257' to check Python code against some of the docstring style conventions in PEP 257
[0.639s] -- Added test 'xmllint' to check XML markup files
[0.641s] -- Configuring done
[0.647s] -- Generating done
[0.652s] -- Build files have been written to: /home/xc2204/ros2_new_study/build/urdf_study
[0.658s] Invoked command in '/home/xc2204/ros2_new_study/build/urdf_study' returned '0': CMAKE_PREFIX_PATH=/opt/ros/humble /usr/bin/cmake /home/xc2204/ros2_new_study/src/urdf_study -DCMAKE_INSTALL_PREFIX=/home/xc2204/ros2_new_study/install/urdf_study
[0.660s] Invoking command in '/home/xc2204/ros2_new_study/build/urdf_study': CMAKE_PREFIX_PATH=/opt/ros/humble /usr/bin/cmake --build /home/xc2204/ros2_new_study/build/urdf_study -- -j20 -l20
[1.164s] Invoked command in '/home/xc2204/ros2_new_study/build/urdf_study' returned '0': CMAKE_PREFIX_PATH=/opt/ros/humble /usr/bin/cmake --build /home/xc2204/ros2_new_study/build/urdf_study -- -j20 -l20
[1.166s] Invoking command in '/home/xc2204/ros2_new_study/build/urdf_study': CMAKE_PREFIX_PATH=/opt/ros/humble /usr/bin/cmake --install /home/xc2204/ros2_new_study/build/urdf_study
[1.174s] -- Install configuration: ""
[1.174s] -- Installing: /home/xc2204/ros2_new_study/install/urdf_study/share/urdf_study//launch
[1.175s] -- Installing: /home/xc2204/ros2_new_study/install/urdf_study/share/urdf_study//launch/J_L_S_publisher.launch.py
[1.175s] -- Installing: /home/xc2204/ros2_new_study/install/urdf_study/share/ament_index/resource_index/package_run_dependencies/urdf_study
[1.175s] -- Installing: /home/xc2204/ros2_new_study/install/urdf_study/share/ament_index/resource_index/parent_prefix_path/urdf_study
[1.176s] -- Installing: /home/xc2204/ros2_new_study/install/urdf_study/share/urdf_study/environment/ament_prefix_path.sh
[1.176s] -- Installing: /home/xc2204/ros2_new_study/install/urdf_study/share/urdf_study/environment/ament_prefix_path.dsv
[1.176s] -- Installing: /home/xc2204/ros2_new_study/install/urdf_study/share/urdf_study/environment/path.sh
[1.176s] -- Installing: /home/xc2204/ros2_new_study/install/urdf_study/share/urdf_study/environment/path.dsv
[1.176s] -- Installing: /home/xc2204/ros2_new_study/install/urdf_study/share/urdf_study/local_setup.bash
[1.176s] -- Installing: /home/xc2204/ros2_new_study/install/urdf_study/share/urdf_study/local_setup.sh
[1.176s] -- Installing: /home/xc2204/ros2_new_study/install/urdf_study/share/urdf_study/local_setup.zsh
[1.176s] -- Installing: /home/xc2204/ros2_new_study/install/urdf_study/share/urdf_study/local_setup.dsv
[1.177s] -- Installing: /home/xc2204/ros2_new_study/install/urdf_study/share/urdf_study/package.dsv
[1.177s] -- Installing: /home/xc2204/ros2_new_study/install/urdf_study/share/ament_index/resource_index/packages/urdf_study
[1.177s] -- Installing: /home/xc2204/ros2_new_study/install/urdf_study/share/urdf_study/cmake/urdf_studyConfig.cmake
[1.177s] -- Installing: /home/xc2204/ros2_new_study/install/urdf_study/share/urdf_study/cmake/urdf_studyConfig-version.cmake
[1.177s] -- Installing: /home/xc2204/ros2_new_study/install/urdf_study/share/urdf_study/package.xml
[1.180s] Invoked command in '/home/xc2204/ros2_new_study/build/urdf_study' returned '0': CMAKE_PREFIX_PATH=/opt/ros/humble /usr/bin/cmake --install /home/xc2204/ros2_new_study/build/urdf_study
