[0.419s] DEBUG:colcon:Command line arguments: ['/usr/bin/colcon', 'build']
[0.419s] DEBUG:colcon:Parsed command line arguments: Namespace(log_base=None, log_level=None, verb_name='build', build_base='build', install_base='install', merge_install=False, symlink_install=False, test_result_base=None, continue_on_error=False, executor='parallel', parallel_workers=20, event_handlers=None, ignore_user_meta=False, metas=['./colcon.meta'], base_paths=['.'], packages_ignore=None, packages_ignore_regex=None, paths=None, packages_up_to=None, packages_up_to_regex=None, packages_above=None, packages_above_and_dependencies=None, packages_above_depth=None, packages_select_by_dep=None, packages_skip_by_dep=None, packages_skip_up_to=None, packages_select_build_failed=False, packages_skip_build_finished=False, packages_select_test_failures=False, packages_skip_test_passed=False, packages_select=None, packages_skip=None, packages_select_regex=None, packages_skip_regex=None, packages_start=None, packages_end=None, allow_overriding=[], cmake_args=None, cmake_target=None, cmake_target_skip_unavailable=False, cmake_clean_cache=False, cmake_clean_first=False, cmake_force_configure=False, ament_cmake_args=None, catkin_cmake_args=None, catkin_skip_building_tests=False, mixin_files=None, mixin=None, verb_parser=<colcon_mixin.mixin.mixin_argument.MixinArgumentDecorator object at 0x7b4866257970>, verb_extension=<colcon_core.verb.build.BuildVerb object at 0x7b48663a8910>, main=<bound method BuildVerb.main of <colcon_core.verb.build.BuildVerb object at 0x7b48663a8910>>, mixin_verb=('build',))
[0.812s] Level 1:colcon.colcon_core.package_discovery:discover_packages(colcon_meta) check parameters
[0.812s] Level 1:colcon.colcon_core.package_discovery:discover_packages(recursive) check parameters
[0.812s] Level 1:colcon.colcon_core.package_discovery:discover_packages(ignore) check parameters
[0.812s] Level 1:colcon.colcon_core.package_discovery:discover_packages(path) check parameters
[0.812s] Level 1:colcon.colcon_core.package_discovery:discover_packages(colcon_meta) discover
[0.812s] Level 1:colcon.colcon_core.package_discovery:discover_packages(recursive) discover
[0.812s] INFO:colcon.colcon_core.package_discovery:Crawling recursively for packages in '/home/xc2204/ros2_new_study'
[0.812s] Level 1:colcon.colcon_core.package_identification:_identify(.) by extensions ['ignore', 'ignore_ament_install']
[0.812s] Level 1:colcon.colcon_core.package_identification:_identify(.) by extension 'ignore'
[0.812s] Level 1:colcon.colcon_core.package_identification:_identify(.) by extension 'ignore_ament_install'
[0.813s] Level 1:colcon.colcon_core.package_identification:_identify(.) by extensions ['colcon_pkg']
[0.813s] Level 1:colcon.colcon_core.package_identification:_identify(.) by extension 'colcon_pkg'
[0.813s] Level 1:colcon.colcon_core.package_identification:_identify(.) by extensions ['colcon_meta']
[0.813s] Level 1:colcon.colcon_core.package_identification:_identify(.) by extension 'colcon_meta'
[0.813s] Level 1:colcon.colcon_core.package_identification:_identify(.) by extensions ['ros']
[0.813s] Level 1:colcon.colcon_core.package_identification:_identify(.) by extension 'ros'
[0.826s] Level 1:colcon.colcon_core.package_identification:_identify(.) by extensions ['cmake', 'python']
[0.827s] Level 1:colcon.colcon_core.package_identification:_identify(.) by extension 'cmake'
[0.827s] Level 1:colcon.colcon_core.package_identification:_identify(.) by extension 'python'
[0.827s] Level 1:colcon.colcon_core.package_identification:_identify(.) by extensions ['python_setup_py']
[0.827s] Level 1:colcon.colcon_core.package_identification:_identify(.) by extension 'python_setup_py'
[0.827s] Level 1:colcon.colcon_core.package_identification:_identify(build) by extensions ['ignore', 'ignore_ament_install']
[0.827s] Level 1:colcon.colcon_core.package_identification:_identify(build) by extension 'ignore'
[0.827s] Level 1:colcon.colcon_core.package_identification:_identify(build) ignored
[0.827s] Level 1:colcon.colcon_core.package_identification:_identify(install) by extensions ['ignore', 'ignore_ament_install']
[0.827s] Level 1:colcon.colcon_core.package_identification:_identify(install) by extension 'ignore'
[0.827s] Level 1:colcon.colcon_core.package_identification:_identify(install) ignored
[0.827s] Level 1:colcon.colcon_core.package_identification:_identify(log) by extensions ['ignore', 'ignore_ament_install']
[0.827s] Level 1:colcon.colcon_core.package_identification:_identify(log) by extension 'ignore'
[0.827s] Level 1:colcon.colcon_core.package_identification:_identify(log) ignored
[0.828s] Level 1:colcon.colcon_core.package_identification:_identify(src) by extensions ['ignore', 'ignore_ament_install']
[0.828s] Level 1:colcon.colcon_core.package_identification:_identify(src) by extension 'ignore'
[0.828s] Level 1:colcon.colcon_core.package_identification:_identify(src) by extension 'ignore_ament_install'
[0.828s] Level 1:colcon.colcon_core.package_identification:_identify(src) by extensions ['colcon_pkg']
[0.828s] Level 1:colcon.colcon_core.package_identification:_identify(src) by extension 'colcon_pkg'
[0.828s] Level 1:colcon.colcon_core.package_identification:_identify(src) by extensions ['colcon_meta']
[0.828s] Level 1:colcon.colcon_core.package_identification:_identify(src) by extension 'colcon_meta'
[0.828s] Level 1:colcon.colcon_core.package_identification:_identify(src) by extensions ['ros']
[0.828s] Level 1:colcon.colcon_core.package_identification:_identify(src) by extension 'ros'
[0.828s] Level 1:colcon.colcon_core.package_identification:_identify(src) by extensions ['cmake', 'python']
[0.828s] Level 1:colcon.colcon_core.package_identification:_identify(src) by extension 'cmake'
[0.828s] Level 1:colcon.colcon_core.package_identification:_identify(src) by extension 'python'
[0.828s] Level 1:colcon.colcon_core.package_identification:_identify(src) by extensions ['python_setup_py']
[0.828s] Level 1:colcon.colcon_core.package_identification:_identify(src) by extension 'python_setup_py'
[0.828s] Level 1:colcon.colcon_core.package_identification:_identify(src/TF_study) by extensions ['ignore', 'ignore_ament_install']
[0.828s] Level 1:colcon.colcon_core.package_identification:_identify(src/TF_study) by extension 'ignore'
[0.828s] Level 1:colcon.colcon_core.package_identification:_identify(src/TF_study) by extension 'ignore_ament_install'
[0.828s] Level 1:colcon.colcon_core.package_identification:_identify(src/TF_study) by extensions ['colcon_pkg']
[0.828s] Level 1:colcon.colcon_core.package_identification:_identify(src/TF_study) by extension 'colcon_pkg'
[0.828s] Level 1:colcon.colcon_core.package_identification:_identify(src/TF_study) by extensions ['colcon_meta']
[0.828s] Level 1:colcon.colcon_core.package_identification:_identify(src/TF_study) by extension 'colcon_meta'
[0.828s] Level 1:colcon.colcon_core.package_identification:_identify(src/TF_study) by extensions ['ros']
[0.829s] Level 1:colcon.colcon_core.package_identification:_identify(src/TF_study) by extension 'ros'
[0.832s] DEBUG:colcon.colcon_core.package_identification:Package 'src/TF_study' with type 'ros.ament_python' and name 'TF_study'
[0.832s] Level 1:colcon.colcon_core.package_identification:_identify(src/face_detect) by extensions ['ignore', 'ignore_ament_install']
[0.832s] Level 1:colcon.colcon_core.package_identification:_identify(src/face_detect) by extension 'ignore'
[0.832s] Level 1:colcon.colcon_core.package_identification:_identify(src/face_detect) by extension 'ignore_ament_install'
[0.833s] Level 1:colcon.colcon_core.package_identification:_identify(src/face_detect) by extensions ['colcon_pkg']
[0.833s] Level 1:colcon.colcon_core.package_identification:_identify(src/face_detect) by extension 'colcon_pkg'
[0.833s] Level 1:colcon.colcon_core.package_identification:_identify(src/face_detect) by extensions ['colcon_meta']
[0.833s] Level 1:colcon.colcon_core.package_identification:_identify(src/face_detect) by extension 'colcon_meta'
[0.833s] Level 1:colcon.colcon_core.package_identification:_identify(src/face_detect) by extensions ['ros']
[0.833s] Level 1:colcon.colcon_core.package_identification:_identify(src/face_detect) by extension 'ros'
[0.833s] DEBUG:colcon.colcon_core.package_identification:Package 'src/face_detect' with type 'ros.ament_python' and name 'face_detect'
[0.834s] Level 1:colcon.colcon_core.package_identification:_identify(src/msg_interfaces) by extensions ['ignore', 'ignore_ament_install']
[0.834s] Level 1:colcon.colcon_core.package_identification:_identify(src/msg_interfaces) by extension 'ignore'
[0.834s] Level 1:colcon.colcon_core.package_identification:_identify(src/msg_interfaces) by extension 'ignore_ament_install'
[0.834s] Level 1:colcon.colcon_core.package_identification:_identify(src/msg_interfaces) by extensions ['colcon_pkg']
[0.834s] Level 1:colcon.colcon_core.package_identification:_identify(src/msg_interfaces) by extension 'colcon_pkg'
[0.834s] Level 1:colcon.colcon_core.package_identification:_identify(src/msg_interfaces) by extensions ['colcon_meta']
[0.834s] Level 1:colcon.colcon_core.package_identification:_identify(src/msg_interfaces) by extension 'colcon_meta'
[0.834s] Level 1:colcon.colcon_core.package_identification:_identify(src/msg_interfaces) by extensions ['ros']
[0.834s] Level 1:colcon.colcon_core.package_identification:_identify(src/msg_interfaces) by extension 'ros'
[0.834s] DEBUG:colcon.colcon_core.package_identification:Package 'src/msg_interfaces' with type 'ros.ament_cmake' and name 'msg_interfaces'
[0.835s] Level 1:colcon.colcon_core.package_identification:_identify(src/pc_stuts) by extensions ['ignore', 'ignore_ament_install']
[0.835s] Level 1:colcon.colcon_core.package_identification:_identify(src/pc_stuts) by extension 'ignore'
[0.835s] Level 1:colcon.colcon_core.package_identification:_identify(src/pc_stuts) by extension 'ignore_ament_install'
[0.835s] Level 1:colcon.colcon_core.package_identification:_identify(src/pc_stuts) by extensions ['colcon_pkg']
[0.835s] Level 1:colcon.colcon_core.package_identification:_identify(src/pc_stuts) by extension 'colcon_pkg'
[0.835s] Level 1:colcon.colcon_core.package_identification:_identify(src/pc_stuts) by extensions ['colcon_meta']
[0.835s] Level 1:colcon.colcon_core.package_identification:_identify(src/pc_stuts) by extension 'colcon_meta'
[0.835s] Level 1:colcon.colcon_core.package_identification:_identify(src/pc_stuts) by extensions ['ros']
[0.835s] Level 1:colcon.colcon_core.package_identification:_identify(src/pc_stuts) by extension 'ros'
[0.836s] DEBUG:colcon.colcon_core.package_identification:Package 'src/pc_stuts' with type 'ros.ament_python' and name 'pc_stuts'
[0.836s] Level 1:colcon.colcon_core.package_identification:_identify(src/test_pkg) by extensions ['ignore', 'ignore_ament_install']
[0.836s] Level 1:colcon.colcon_core.package_identification:_identify(src/test_pkg) by extension 'ignore'
[0.836s] Level 1:colcon.colcon_core.package_identification:_identify(src/test_pkg) by extension 'ignore_ament_install'
[0.836s] Level 1:colcon.colcon_core.package_identification:_identify(src/test_pkg) by extensions ['colcon_pkg']
[0.836s] Level 1:colcon.colcon_core.package_identification:_identify(src/test_pkg) by extension 'colcon_pkg'
[0.836s] Level 1:colcon.colcon_core.package_identification:_identify(src/test_pkg) by extensions ['colcon_meta']
[0.836s] Level 1:colcon.colcon_core.package_identification:_identify(src/test_pkg) by extension 'colcon_meta'
[0.836s] Level 1:colcon.colcon_core.package_identification:_identify(src/test_pkg) by extensions ['ros']
[0.836s] Level 1:colcon.colcon_core.package_identification:_identify(src/test_pkg) by extension 'ros'
[0.837s] DEBUG:colcon.colcon_core.package_identification:Package 'src/test_pkg' with type 'ros.ament_python' and name 'test_pkg'
[0.837s] Level 1:colcon.colcon_core.package_identification:_identify(src/urdf_study) by extensions ['ignore', 'ignore_ament_install']
[0.837s] Level 1:colcon.colcon_core.package_identification:_identify(src/urdf_study) by extension 'ignore'
[0.837s] Level 1:colcon.colcon_core.package_identification:_identify(src/urdf_study) by extension 'ignore_ament_install'
[0.837s] Level 1:colcon.colcon_core.package_identification:_identify(src/urdf_study) by extensions ['colcon_pkg']
[0.837s] Level 1:colcon.colcon_core.package_identification:_identify(src/urdf_study) by extension 'colcon_pkg'
[0.837s] Level 1:colcon.colcon_core.package_identification:_identify(src/urdf_study) by extensions ['colcon_meta']
[0.837s] Level 1:colcon.colcon_core.package_identification:_identify(src/urdf_study) by extension 'colcon_meta'
[0.837s] Level 1:colcon.colcon_core.package_identification:_identify(src/urdf_study) by extensions ['ros']
[0.837s] Level 1:colcon.colcon_core.package_identification:_identify(src/urdf_study) by extension 'ros'
[0.837s] DEBUG:colcon.colcon_core.package_identification:Package 'src/urdf_study' with type 'ros.ament_cmake' and name 'urdf_study'
[0.838s] Level 1:colcon.colcon_core.package_discovery:discover_packages(recursive) using defaults
[0.838s] Level 1:colcon.colcon_core.package_discovery:discover_packages(ignore) discover
[0.838s] Level 1:colcon.colcon_core.package_discovery:discover_packages(ignore) using defaults
[0.838s] Level 1:colcon.colcon_core.package_discovery:discover_packages(path) discover
[0.838s] Level 1:colcon.colcon_core.package_discovery:discover_packages(path) using defaults
[0.887s] Level 1:colcon.colcon_core.package_discovery:discover_packages(prefix_path) check parameters
[0.887s] Level 1:colcon.colcon_core.package_discovery:discover_packages(prefix_path) discover
[0.891s] DEBUG:colcon.colcon_installed_package_information.package_discovery:Found 6 installed packages in /home/xc2204/ros2_new_study/install
[0.893s] DEBUG:colcon.colcon_installed_package_information.package_discovery:Found 388 installed packages in /opt/ros/humble
[0.895s] Level 1:colcon.colcon_core.package_discovery:discover_packages(prefix_path) using defaults
[1.030s] Level 5:colcon.colcon_core.verb:set package 'TF_study' build argument 'cmake_args' from command line to 'None'
[1.030s] Level 5:colcon.colcon_core.verb:set package 'TF_study' build argument 'cmake_target' from command line to 'None'
[1.030s] Level 5:colcon.colcon_core.verb:set package 'TF_study' build argument 'cmake_target_skip_unavailable' from command line to 'False'
[1.030s] Level 5:colcon.colcon_core.verb:set package 'TF_study' build argument 'cmake_clean_cache' from command line to 'False'
[1.030s] Level 5:colcon.colcon_core.verb:set package 'TF_study' build argument 'cmake_clean_first' from command line to 'False'
[1.030s] Level 5:colcon.colcon_core.verb:set package 'TF_study' build argument 'cmake_force_configure' from command line to 'False'
[1.030s] Level 5:colcon.colcon_core.verb:set package 'TF_study' build argument 'ament_cmake_args' from command line to 'None'
[1.030s] Level 5:colcon.colcon_core.verb:set package 'TF_study' build argument 'catkin_cmake_args' from command line to 'None'
[1.030s] Level 5:colcon.colcon_core.verb:set package 'TF_study' build argument 'catkin_skip_building_tests' from command line to 'False'
[1.030s] DEBUG:colcon.colcon_core.verb:Building package 'TF_study' with the following arguments: {'ament_cmake_args': None, 'build_base': '/home/xc2204/ros2_new_study/build/TF_study', 'catkin_cmake_args': None, 'catkin_skip_building_tests': False, 'cmake_args': None, 'cmake_clean_cache': False, 'cmake_clean_first': False, 'cmake_force_configure': False, 'cmake_target': None, 'cmake_target_skip_unavailable': False, 'install_base': '/home/xc2204/ros2_new_study/install/TF_study', 'merge_install': False, 'path': '/home/xc2204/ros2_new_study/src/TF_study', 'symlink_install': False, 'test_result_base': None}
[1.030s] Level 5:colcon.colcon_core.verb:set package 'face_detect' build argument 'cmake_args' from command line to 'None'
[1.030s] Level 5:colcon.colcon_core.verb:set package 'face_detect' build argument 'cmake_target' from command line to 'None'
[1.030s] Level 5:colcon.colcon_core.verb:set package 'face_detect' build argument 'cmake_target_skip_unavailable' from command line to 'False'
[1.030s] Level 5:colcon.colcon_core.verb:set package 'face_detect' build argument 'cmake_clean_cache' from command line to 'False'
[1.030s] Level 5:colcon.colcon_core.verb:set package 'face_detect' build argument 'cmake_clean_first' from command line to 'False'
[1.030s] Level 5:colcon.colcon_core.verb:set package 'face_detect' build argument 'cmake_force_configure' from command line to 'False'
[1.030s] Level 5:colcon.colcon_core.verb:set package 'face_detect' build argument 'ament_cmake_args' from command line to 'None'
[1.030s] Level 5:colcon.colcon_core.verb:set package 'face_detect' build argument 'catkin_cmake_args' from command line to 'None'
[1.030s] Level 5:colcon.colcon_core.verb:set package 'face_detect' build argument 'catkin_skip_building_tests' from command line to 'False'
[1.030s] DEBUG:colcon.colcon_core.verb:Building package 'face_detect' with the following arguments: {'ament_cmake_args': None, 'build_base': '/home/xc2204/ros2_new_study/build/face_detect', 'catkin_cmake_args': None, 'catkin_skip_building_tests': False, 'cmake_args': None, 'cmake_clean_cache': False, 'cmake_clean_first': False, 'cmake_force_configure': False, 'cmake_target': None, 'cmake_target_skip_unavailable': False, 'install_base': '/home/xc2204/ros2_new_study/install/face_detect', 'merge_install': False, 'path': '/home/xc2204/ros2_new_study/src/face_detect', 'symlink_install': False, 'test_result_base': None}
[1.031s] Level 5:colcon.colcon_core.verb:set package 'msg_interfaces' build argument 'cmake_args' from command line to 'None'
[1.031s] Level 5:colcon.colcon_core.verb:set package 'msg_interfaces' build argument 'cmake_target' from command line to 'None'
[1.031s] Level 5:colcon.colcon_core.verb:set package 'msg_interfaces' build argument 'cmake_target_skip_unavailable' from command line to 'False'
[1.031s] Level 5:colcon.colcon_core.verb:set package 'msg_interfaces' build argument 'cmake_clean_cache' from command line to 'False'
[1.031s] Level 5:colcon.colcon_core.verb:set package 'msg_interfaces' build argument 'cmake_clean_first' from command line to 'False'
[1.031s] Level 5:colcon.colcon_core.verb:set package 'msg_interfaces' build argument 'cmake_force_configure' from command line to 'False'
[1.031s] Level 5:colcon.colcon_core.verb:set package 'msg_interfaces' build argument 'ament_cmake_args' from command line to 'None'
[1.031s] Level 5:colcon.colcon_core.verb:set package 'msg_interfaces' build argument 'catkin_cmake_args' from command line to 'None'
[1.031s] Level 5:colcon.colcon_core.verb:set package 'msg_interfaces' build argument 'catkin_skip_building_tests' from command line to 'False'
[1.031s] DEBUG:colcon.colcon_core.verb:Building package 'msg_interfaces' with the following arguments: {'ament_cmake_args': None, 'build_base': '/home/xc2204/ros2_new_study/build/msg_interfaces', 'catkin_cmake_args': None, 'catkin_skip_building_tests': False, 'cmake_args': None, 'cmake_clean_cache': False, 'cmake_clean_first': False, 'cmake_force_configure': False, 'cmake_target': None, 'cmake_target_skip_unavailable': False, 'install_base': '/home/xc2204/ros2_new_study/install/msg_interfaces', 'merge_install': False, 'path': '/home/xc2204/ros2_new_study/src/msg_interfaces', 'symlink_install': False, 'test_result_base': None}
[1.031s] Level 5:colcon.colcon_core.verb:set package 'urdf_study' build argument 'cmake_args' from command line to 'None'
[1.031s] Level 5:colcon.colcon_core.verb:set package 'urdf_study' build argument 'cmake_target' from command line to 'None'
[1.031s] Level 5:colcon.colcon_core.verb:set package 'urdf_study' build argument 'cmake_target_skip_unavailable' from command line to 'False'
[1.031s] Level 5:colcon.colcon_core.verb:set package 'urdf_study' build argument 'cmake_clean_cache' from command line to 'False'
[1.031s] Level 5:colcon.colcon_core.verb:set package 'urdf_study' build argument 'cmake_clean_first' from command line to 'False'
[1.031s] Level 5:colcon.colcon_core.verb:set package 'urdf_study' build argument 'cmake_force_configure' from command line to 'False'
[1.031s] Level 5:colcon.colcon_core.verb:set package 'urdf_study' build argument 'ament_cmake_args' from command line to 'None'
[1.031s] Level 5:colcon.colcon_core.verb:set package 'urdf_study' build argument 'catkin_cmake_args' from command line to 'None'
[1.031s] Level 5:colcon.colcon_core.verb:set package 'urdf_study' build argument 'catkin_skip_building_tests' from command line to 'False'
[1.031s] DEBUG:colcon.colcon_core.verb:Building package 'urdf_study' with the following arguments: {'ament_cmake_args': None, 'build_base': '/home/xc2204/ros2_new_study/build/urdf_study', 'catkin_cmake_args': None, 'catkin_skip_building_tests': False, 'cmake_args': None, 'cmake_clean_cache': False, 'cmake_clean_first': False, 'cmake_force_configure': False, 'cmake_target': None, 'cmake_target_skip_unavailable': False, 'install_base': '/home/xc2204/ros2_new_study/install/urdf_study', 'merge_install': False, 'path': '/home/xc2204/ros2_new_study/src/urdf_study', 'symlink_install': False, 'test_result_base': None}
[1.032s] Level 5:colcon.colcon_core.verb:set package 'pc_stuts' build argument 'cmake_args' from command line to 'None'
[1.032s] Level 5:colcon.colcon_core.verb:set package 'pc_stuts' build argument 'cmake_target' from command line to 'None'
[1.032s] Level 5:colcon.colcon_core.verb:set package 'pc_stuts' build argument 'cmake_target_skip_unavailable' from command line to 'False'
[1.032s] Level 5:colcon.colcon_core.verb:set package 'pc_stuts' build argument 'cmake_clean_cache' from command line to 'False'
[1.032s] Level 5:colcon.colcon_core.verb:set package 'pc_stuts' build argument 'cmake_clean_first' from command line to 'False'
[1.032s] Level 5:colcon.colcon_core.verb:set package 'pc_stuts' build argument 'cmake_force_configure' from command line to 'False'
[1.032s] Level 5:colcon.colcon_core.verb:set package 'pc_stuts' build argument 'ament_cmake_args' from command line to 'None'
[1.032s] Level 5:colcon.colcon_core.verb:set package 'pc_stuts' build argument 'catkin_cmake_args' from command line to 'None'
[1.032s] Level 5:colcon.colcon_core.verb:set package 'pc_stuts' build argument 'catkin_skip_building_tests' from command line to 'False'
[1.032s] DEBUG:colcon.colcon_core.verb:Building package 'pc_stuts' with the following arguments: {'ament_cmake_args': None, 'build_base': '/home/xc2204/ros2_new_study/build/pc_stuts', 'catkin_cmake_args': None, 'catkin_skip_building_tests': False, 'cmake_args': None, 'cmake_clean_cache': False, 'cmake_clean_first': False, 'cmake_force_configure': False, 'cmake_target': None, 'cmake_target_skip_unavailable': False, 'install_base': '/home/xc2204/ros2_new_study/install/pc_stuts', 'merge_install': False, 'path': '/home/xc2204/ros2_new_study/src/pc_stuts', 'symlink_install': False, 'test_result_base': None}
[1.032s] Level 5:colcon.colcon_core.verb:set package 'test_pkg' build argument 'cmake_args' from command line to 'None'
[1.032s] Level 5:colcon.colcon_core.verb:set package 'test_pkg' build argument 'cmake_target' from command line to 'None'
[1.032s] Level 5:colcon.colcon_core.verb:set package 'test_pkg' build argument 'cmake_target_skip_unavailable' from command line to 'False'
[1.032s] Level 5:colcon.colcon_core.verb:set package 'test_pkg' build argument 'cmake_clean_cache' from command line to 'False'
[1.032s] Level 5:colcon.colcon_core.verb:set package 'test_pkg' build argument 'cmake_clean_first' from command line to 'False'
[1.032s] Level 5:colcon.colcon_core.verb:set package 'test_pkg' build argument 'cmake_force_configure' from command line to 'False'
[1.032s] Level 5:colcon.colcon_core.verb:set package 'test_pkg' build argument 'ament_cmake_args' from command line to 'None'
[1.032s] Level 5:colcon.colcon_core.verb:set package 'test_pkg' build argument 'catkin_cmake_args' from command line to 'None'
[1.032s] Level 5:colcon.colcon_core.verb:set package 'test_pkg' build argument 'catkin_skip_building_tests' from command line to 'False'
[1.032s] DEBUG:colcon.colcon_core.verb:Building package 'test_pkg' with the following arguments: {'ament_cmake_args': None, 'build_base': '/home/xc2204/ros2_new_study/build/test_pkg', 'catkin_cmake_args': None, 'catkin_skip_building_tests': False, 'cmake_args': None, 'cmake_clean_cache': False, 'cmake_clean_first': False, 'cmake_force_configure': False, 'cmake_target': None, 'cmake_target_skip_unavailable': False, 'install_base': '/home/xc2204/ros2_new_study/install/test_pkg', 'merge_install': False, 'path': '/home/xc2204/ros2_new_study/src/test_pkg', 'symlink_install': False, 'test_result_base': None}
[1.032s] INFO:colcon.colcon_core.executor:Executing jobs using 'parallel' executor
[1.033s] DEBUG:colcon.colcon_parallel_executor.executor.parallel:run_until_complete
[1.034s] INFO:colcon.colcon_ros.task.ament_cmake.build:Building ROS package in '/home/xc2204/ros2_new_study/src/msg_interfaces' with build type 'ament_cmake'
[1.034s] INFO:colcon.colcon_cmake.task.cmake.build:Building CMake package in '/home/xc2204/ros2_new_study/src/msg_interfaces'
[1.040s] INFO:colcon.colcon_core.plugin_system:Skipping extension 'colcon_core.shell.bat': Not used on non-Windows systems
[1.040s] INFO:colcon.colcon_core.shell:Skip shell extension 'powershell' for command environment: Not usable outside of PowerShell
[1.040s] DEBUG:colcon.colcon_core.shell:Skip shell extension 'dsv' for command environment
[1.043s] INFO:colcon.colcon_ros.task.ament_python.build:Building ROS package in '/home/xc2204/ros2_new_study/src/TF_study' with build type 'ament_python'
[1.043s] Level 1:colcon.colcon_core.shell:create_environment_hook('TF_study', 'ament_prefix_path')
[1.044s] INFO:colcon.colcon_core.shell:Creating environment hook '/home/xc2204/ros2_new_study/install/TF_study/share/TF_study/hook/ament_prefix_path.ps1'
[1.045s] INFO:colcon.colcon_core.shell:Creating environment descriptor '/home/xc2204/ros2_new_study/install/TF_study/share/TF_study/hook/ament_prefix_path.dsv'
[1.046s] INFO:colcon.colcon_core.shell:Creating environment hook '/home/xc2204/ros2_new_study/install/TF_study/share/TF_study/hook/ament_prefix_path.sh'
[1.047s] INFO:colcon.colcon_core.shell:Skip shell extension 'powershell' for command environment: Not usable outside of PowerShell
[1.047s] DEBUG:colcon.colcon_core.shell:Skip shell extension 'dsv' for command environment
[1.051s] INFO:colcon.colcon_ros.task.ament_python.build:Building ROS package in '/home/xc2204/ros2_new_study/src/face_detect' with build type 'ament_python'
[1.051s] Level 1:colcon.colcon_core.shell:create_environment_hook('face_detect', 'ament_prefix_path')
[1.052s] INFO:colcon.colcon_core.shell:Creating environment hook '/home/xc2204/ros2_new_study/install/face_detect/share/face_detect/hook/ament_prefix_path.ps1'
[1.053s] INFO:colcon.colcon_core.shell:Creating environment descriptor '/home/xc2204/ros2_new_study/install/face_detect/share/face_detect/hook/ament_prefix_path.dsv'
[1.053s] INFO:colcon.colcon_core.shell:Creating environment hook '/home/xc2204/ros2_new_study/install/face_detect/share/face_detect/hook/ament_prefix_path.sh'
[1.054s] INFO:colcon.colcon_core.shell:Skip shell extension 'powershell' for command environment: Not usable outside of PowerShell
[1.054s] DEBUG:colcon.colcon_core.shell:Skip shell extension 'dsv' for command environment
[1.057s] INFO:colcon.colcon_ros.task.ament_cmake.build:Building ROS package in '/home/xc2204/ros2_new_study/src/urdf_study' with build type 'ament_cmake'
[1.057s] INFO:colcon.colcon_cmake.task.cmake.build:Building CMake package in '/home/xc2204/ros2_new_study/src/urdf_study'
[1.058s] INFO:colcon.colcon_core.shell:Skip shell extension 'powershell' for command environment: Not usable outside of PowerShell
[1.058s] DEBUG:colcon.colcon_core.shell:Skip shell extension 'dsv' for command environment
[1.066s] DEBUG:colcon.colcon_core.event_handler.log_command:Invoking command in '/home/xc2204/ros2_new_study/build/msg_interfaces': CMAKE_PREFIX_PATH=${CMAKE_PREFIX_PATH}:/home/xc2204/ros2_new_study/install/test_pkg:/home/xc2204/ros2_new_study/install/pc_stuts:/home/xc2204/ros2_new_study/install/face_detect:/home/xc2204/ros2_new_study/install/TF_study:/opt/ros/humble /usr/bin/cmake --build /home/xc2204/ros2_new_study/build/msg_interfaces -- -j20 -l20
[1.342s] INFO:colcon.colcon_core.task.python.build:Building Python package in '/home/xc2204/ros2_new_study/src/TF_study'
[1.343s] INFO:colcon.colcon_core.shell:Skip shell extension 'powershell' for command environment: Not usable outside of PowerShell
[1.343s] DEBUG:colcon.colcon_core.shell:Skip shell extension 'dsv' for command environment
[1.603s] INFO:colcon.colcon_core.task.python.build:Building Python package in '/home/xc2204/ros2_new_study/src/face_detect'
[1.603s] INFO:colcon.colcon_core.shell:Skip shell extension 'powershell' for command environment: Not usable outside of PowerShell
[1.603s] DEBUG:colcon.colcon_core.shell:Skip shell extension 'dsv' for command environment
[1.617s] DEBUG:colcon.colcon_core.event_handler.log_command:Invoking command in '/home/xc2204/ros2_new_study/build/urdf_study': CMAKE_PREFIX_PATH=${CMAKE_PREFIX_PATH}:/home/xc2204/ros2_new_study/install/test_pkg:/home/xc2204/ros2_new_study/install/pc_stuts:/home/xc2204/ros2_new_study/install/face_detect:/home/xc2204/ros2_new_study/install/TF_study:/opt/ros/humble /usr/bin/cmake --build /home/xc2204/ros2_new_study/build/urdf_study -- -j20 -l20
[1.617s] DEBUG:colcon.colcon_core.event_handler.log_command:Invoked command in '/home/xc2204/ros2_new_study/build/msg_interfaces' returned '0': CMAKE_PREFIX_PATH=${CMAKE_PREFIX_PATH}:/home/xc2204/ros2_new_study/install/test_pkg:/home/xc2204/ros2_new_study/install/pc_stuts:/home/xc2204/ros2_new_study/install/face_detect:/home/xc2204/ros2_new_study/install/TF_study:/opt/ros/humble /usr/bin/cmake --build /home/xc2204/ros2_new_study/build/msg_interfaces -- -j20 -l20
[1.631s] DEBUG:colcon.colcon_core.event_handler.log_command:Invoking command in '/home/xc2204/ros2_new_study/build/msg_interfaces': CMAKE_PREFIX_PATH=${CMAKE_PREFIX_PATH}:/home/xc2204/ros2_new_study/install/test_pkg:/home/xc2204/ros2_new_study/install/pc_stuts:/home/xc2204/ros2_new_study/install/face_detect:/home/xc2204/ros2_new_study/install/TF_study:/opt/ros/humble /usr/bin/cmake --install /home/xc2204/ros2_new_study/build/msg_interfaces
[1.701s] Level 1:colcon.colcon_core.environment:create_environment_scripts_only(msg_interfaces)
[1.704s] DEBUG:colcon.colcon_core.event_handler.log_command:Invoked command in '/home/xc2204/ros2_new_study/build/msg_interfaces' returned '0': CMAKE_PREFIX_PATH=${CMAKE_PREFIX_PATH}:/home/xc2204/ros2_new_study/install/test_pkg:/home/xc2204/ros2_new_study/install/pc_stuts:/home/xc2204/ros2_new_study/install/face_detect:/home/xc2204/ros2_new_study/install/TF_study:/opt/ros/humble /usr/bin/cmake --install /home/xc2204/ros2_new_study/build/msg_interfaces
[1.712s] Level 1:colcon.colcon_core.environment:checking '/home/xc2204/ros2_new_study/install/msg_interfaces' for CMake module files
[1.713s] Level 1:colcon.colcon_core.environment:checking '/home/xc2204/ros2_new_study/install/msg_interfaces' for CMake config files
[1.713s] Level 1:colcon.colcon_core.shell:create_environment_hook('msg_interfaces', 'cmake_prefix_path')
[1.714s] INFO:colcon.colcon_core.shell:Creating environment hook '/home/xc2204/ros2_new_study/install/msg_interfaces/share/msg_interfaces/hook/cmake_prefix_path.ps1'
[1.714s] INFO:colcon.colcon_core.shell:Creating environment descriptor '/home/xc2204/ros2_new_study/install/msg_interfaces/share/msg_interfaces/hook/cmake_prefix_path.dsv'
[1.715s] INFO:colcon.colcon_core.shell:Creating environment hook '/home/xc2204/ros2_new_study/install/msg_interfaces/share/msg_interfaces/hook/cmake_prefix_path.sh'
[1.715s] Level 1:colcon.colcon_core.environment:checking '/home/xc2204/ros2_new_study/install/msg_interfaces/lib'
[1.716s] Level 1:colcon.colcon_core.shell:create_environment_hook('msg_interfaces', 'ld_library_path_lib')
[1.716s] INFO:colcon.colcon_core.shell:Creating environment hook '/home/xc2204/ros2_new_study/install/msg_interfaces/share/msg_interfaces/hook/ld_library_path_lib.ps1'
[1.717s] INFO:colcon.colcon_core.shell:Creating environment descriptor '/home/xc2204/ros2_new_study/install/msg_interfaces/share/msg_interfaces/hook/ld_library_path_lib.dsv'
[1.717s] INFO:colcon.colcon_core.shell:Creating environment hook '/home/xc2204/ros2_new_study/install/msg_interfaces/share/msg_interfaces/hook/ld_library_path_lib.sh'
[1.718s] Level 1:colcon.colcon_core.environment:checking '/home/xc2204/ros2_new_study/install/msg_interfaces/bin'
[1.718s] Level 1:colcon.colcon_core.environment:checking '/home/xc2204/ros2_new_study/install/msg_interfaces/lib/pkgconfig/msg_interfaces.pc'
[1.718s] Level 1:colcon.colcon_core.environment:checking '/home/xc2204/ros2_new_study/install/msg_interfaces/lib/python3.10/site-packages'
[1.719s] Level 1:colcon.colcon_core.environment:checking '/home/xc2204/ros2_new_study/install/msg_interfaces/bin'
[1.719s] INFO:colcon.colcon_core.shell:Creating package script '/home/xc2204/ros2_new_study/install/msg_interfaces/share/msg_interfaces/package.ps1'
[1.721s] INFO:colcon.colcon_core.shell:Creating package descriptor '/home/xc2204/ros2_new_study/install/msg_interfaces/share/msg_interfaces/package.dsv'
[1.722s] INFO:colcon.colcon_core.shell:Creating package script '/home/xc2204/ros2_new_study/install/msg_interfaces/share/msg_interfaces/package.sh'
[1.724s] INFO:colcon.colcon_core.shell:Creating package script '/home/xc2204/ros2_new_study/install/msg_interfaces/share/msg_interfaces/package.bash'
[1.725s] INFO:colcon.colcon_core.shell:Creating package script '/home/xc2204/ros2_new_study/install/msg_interfaces/share/msg_interfaces/package.zsh'
[1.727s] Level 1:colcon.colcon_core.environment:create_file_with_runtime_dependencies(/home/xc2204/ros2_new_study/install/msg_interfaces/share/colcon-core/packages/msg_interfaces)
[1.728s] Level 1:colcon.colcon_core.environment:create_environment_scripts_only(msg_interfaces)
[1.729s] Level 1:colcon.colcon_core.environment:checking '/home/xc2204/ros2_new_study/install/msg_interfaces' for CMake module files
[1.730s] Level 1:colcon.colcon_core.environment:checking '/home/xc2204/ros2_new_study/install/msg_interfaces' for CMake config files
[1.730s] Level 1:colcon.colcon_core.shell:create_environment_hook('msg_interfaces', 'cmake_prefix_path')
[1.731s] INFO:colcon.colcon_core.shell:Creating environment hook '/home/xc2204/ros2_new_study/install/msg_interfaces/share/msg_interfaces/hook/cmake_prefix_path.ps1'
[1.732s] INFO:colcon.colcon_core.shell:Creating environment descriptor '/home/xc2204/ros2_new_study/install/msg_interfaces/share/msg_interfaces/hook/cmake_prefix_path.dsv'
[1.732s] INFO:colcon.colcon_core.shell:Creating environment hook '/home/xc2204/ros2_new_study/install/msg_interfaces/share/msg_interfaces/hook/cmake_prefix_path.sh'
[1.733s] Level 1:colcon.colcon_core.environment:checking '/home/xc2204/ros2_new_study/install/msg_interfaces/lib'
[1.733s] Level 1:colcon.colcon_core.shell:create_environment_hook('msg_interfaces', 'ld_library_path_lib')
[1.733s] INFO:colcon.colcon_core.shell:Creating environment hook '/home/xc2204/ros2_new_study/install/msg_interfaces/share/msg_interfaces/hook/ld_library_path_lib.ps1'
[1.734s] INFO:colcon.colcon_core.shell:Creating environment descriptor '/home/xc2204/ros2_new_study/install/msg_interfaces/share/msg_interfaces/hook/ld_library_path_lib.dsv'
[1.734s] INFO:colcon.colcon_core.shell:Creating environment hook '/home/xc2204/ros2_new_study/install/msg_interfaces/share/msg_interfaces/hook/ld_library_path_lib.sh'
[1.735s] Level 1:colcon.colcon_core.environment:checking '/home/xc2204/ros2_new_study/install/msg_interfaces/bin'
[1.735s] Level 1:colcon.colcon_core.environment:checking '/home/xc2204/ros2_new_study/install/msg_interfaces/lib/pkgconfig/msg_interfaces.pc'
[1.735s] Level 1:colcon.colcon_core.environment:checking '/home/xc2204/ros2_new_study/install/msg_interfaces/lib/python3.10/site-packages'
[1.736s] Level 1:colcon.colcon_core.environment:checking '/home/xc2204/ros2_new_study/install/msg_interfaces/bin'
[1.736s] INFO:colcon.colcon_core.shell:Creating package script '/home/xc2204/ros2_new_study/install/msg_interfaces/share/msg_interfaces/package.ps1'
[1.737s] INFO:colcon.colcon_core.shell:Creating package descriptor '/home/xc2204/ros2_new_study/install/msg_interfaces/share/msg_interfaces/package.dsv'
[1.737s] INFO:colcon.colcon_core.shell:Creating package script '/home/xc2204/ros2_new_study/install/msg_interfaces/share/msg_interfaces/package.sh'
[1.738s] INFO:colcon.colcon_core.shell:Creating package script '/home/xc2204/ros2_new_study/install/msg_interfaces/share/msg_interfaces/package.bash'
[1.738s] INFO:colcon.colcon_core.shell:Creating package script '/home/xc2204/ros2_new_study/install/msg_interfaces/share/msg_interfaces/package.zsh'
[1.739s] Level 1:colcon.colcon_core.environment:create_file_with_runtime_dependencies(/home/xc2204/ros2_new_study/install/msg_interfaces/share/colcon-core/packages/msg_interfaces)
[1.740s] INFO:colcon.colcon_ros.task.ament_python.build:Building ROS package in '/home/xc2204/ros2_new_study/src/pc_stuts' with build type 'ament_python'
[1.740s] Level 1:colcon.colcon_core.shell:create_environment_hook('pc_stuts', 'ament_prefix_path')
[1.741s] INFO:colcon.colcon_core.shell:Creating environment hook '/home/xc2204/ros2_new_study/install/pc_stuts/share/pc_stuts/hook/ament_prefix_path.ps1'
[1.742s] INFO:colcon.colcon_core.shell:Creating environment descriptor '/home/xc2204/ros2_new_study/install/pc_stuts/share/pc_stuts/hook/ament_prefix_path.dsv'
[1.742s] INFO:colcon.colcon_core.shell:Creating environment hook '/home/xc2204/ros2_new_study/install/pc_stuts/share/pc_stuts/hook/ament_prefix_path.sh'
[1.743s] INFO:colcon.colcon_core.shell:Skip shell extension 'powershell' for command environment: Not usable outside of PowerShell
[1.743s] DEBUG:colcon.colcon_core.shell:Skip shell extension 'dsv' for command environment
[1.747s] INFO:colcon.colcon_ros.task.ament_python.build:Building ROS package in '/home/xc2204/ros2_new_study/src/test_pkg' with build type 'ament_python'
[1.747s] Level 1:colcon.colcon_core.shell:create_environment_hook('test_pkg', 'ament_prefix_path')
[1.747s] INFO:colcon.colcon_core.shell:Creating environment hook '/home/xc2204/ros2_new_study/install/test_pkg/share/test_pkg/hook/ament_prefix_path.ps1'
[1.748s] INFO:colcon.colcon_core.shell:Creating environment descriptor '/home/xc2204/ros2_new_study/install/test_pkg/share/test_pkg/hook/ament_prefix_path.dsv'
[1.750s] INFO:colcon.colcon_core.shell:Creating environment hook '/home/xc2204/ros2_new_study/install/test_pkg/share/test_pkg/hook/ament_prefix_path.sh'
[1.751s] INFO:colcon.colcon_core.shell:Skip shell extension 'powershell' for command environment: Not usable outside of PowerShell
[1.752s] DEBUG:colcon.colcon_core.shell:Skip shell extension 'dsv' for command environment
[2.191s] INFO:colcon.colcon_core.task.python.build:Building Python package in '/home/xc2204/ros2_new_study/src/test_pkg'
[2.191s] INFO:colcon.colcon_core.shell:Skip shell extension 'powershell' for command environment: Not usable outside of PowerShell
[2.191s] DEBUG:colcon.colcon_core.shell:Skip shell extension 'dsv' for command environment
[2.443s] INFO:colcon.colcon_core.task.python.build:Building Python package in '/home/xc2204/ros2_new_study/src/pc_stuts'
[2.443s] INFO:colcon.colcon_core.shell:Skip shell extension 'powershell' for command environment: Not usable outside of PowerShell
[2.443s] DEBUG:colcon.colcon_core.shell:Skip shell extension 'dsv' for command environment
[2.453s] DEBUG:colcon.colcon_core.event_handler.log_command:Invoking command in '/home/xc2204/ros2_new_study/src/TF_study': PYTHONPATH=/home/xc2204/ros2_new_study/build/TF_study/prefix_override:/usr/lib/python3/dist-packages/colcon_core/task/python/colcon_distutils_commands:/home/xc2204/ros2_new_study/install/TF_study/lib/python3.10/site-packages:${PYTHONPATH} /usr/bin/python3 -W ignore:setup.py install is deprecated -W ignore:easy_install command is deprecated setup.py egg_info --egg-base ../../build/TF_study build --build-base /home/xc2204/ros2_new_study/build/TF_study/build install --record /home/xc2204/ros2_new_study/build/TF_study/install.log --single-version-externally-managed install_data
[2.459s] DEBUG:colcon.colcon_core.event_handler.log_command:Invoking command in '/home/xc2204/ros2_new_study/src/face_detect': PYTHONPATH=/home/xc2204/ros2_new_study/build/face_detect/prefix_override:/usr/lib/python3/dist-packages/colcon_core/task/python/colcon_distutils_commands:/home/xc2204/ros2_new_study/install/face_detect/lib/python3.10/site-packages:${PYTHONPATH} /usr/bin/python3 -W ignore:setup.py install is deprecated -W ignore:easy_install command is deprecated setup.py egg_info --egg-base ../../build/face_detect build --build-base /home/xc2204/ros2_new_study/build/face_detect/build install --record /home/xc2204/ros2_new_study/build/face_detect/install.log --single-version-externally-managed install_data
[2.460s] DEBUG:colcon.colcon_core.event_handler.log_command:Invoked command in '/home/xc2204/ros2_new_study/build/urdf_study' returned '0': CMAKE_PREFIX_PATH=${CMAKE_PREFIX_PATH}:/home/xc2204/ros2_new_study/install/test_pkg:/home/xc2204/ros2_new_study/install/pc_stuts:/home/xc2204/ros2_new_study/install/face_detect:/home/xc2204/ros2_new_study/install/TF_study:/opt/ros/humble /usr/bin/cmake --build /home/xc2204/ros2_new_study/build/urdf_study -- -j20 -l20
[2.465s] DEBUG:colcon.colcon_core.event_handler.log_command:Invoking command in '/home/xc2204/ros2_new_study/build/urdf_study': CMAKE_PREFIX_PATH=${CMAKE_PREFIX_PATH}:/home/xc2204/ros2_new_study/install/test_pkg:/home/xc2204/ros2_new_study/install/pc_stuts:/home/xc2204/ros2_new_study/install/face_detect:/home/xc2204/ros2_new_study/install/TF_study:/opt/ros/humble /usr/bin/cmake --install /home/xc2204/ros2_new_study/build/urdf_study
[2.471s] Level 1:colcon.colcon_core.environment:create_environment_scripts_only(urdf_study)
[2.471s] Level 1:colcon.colcon_core.environment:checking '/home/xc2204/ros2_new_study/install/urdf_study' for CMake module files
[2.474s] Level 1:colcon.colcon_core.environment:checking '/home/xc2204/ros2_new_study/install/urdf_study' for CMake config files
[2.474s] DEBUG:colcon.colcon_core.event_handler.log_command:Invoked command in '/home/xc2204/ros2_new_study/build/urdf_study' returned '0': CMAKE_PREFIX_PATH=${CMAKE_PREFIX_PATH}:/home/xc2204/ros2_new_study/install/test_pkg:/home/xc2204/ros2_new_study/install/pc_stuts:/home/xc2204/ros2_new_study/install/face_detect:/home/xc2204/ros2_new_study/install/TF_study:/opt/ros/humble /usr/bin/cmake --install /home/xc2204/ros2_new_study/build/urdf_study
[2.475s] Level 1:colcon.colcon_core.shell:create_environment_hook('urdf_study', 'cmake_prefix_path')
[2.475s] INFO:colcon.colcon_core.shell:Creating environment hook '/home/xc2204/ros2_new_study/install/urdf_study/share/urdf_study/hook/cmake_prefix_path.ps1'
[2.476s] INFO:colcon.colcon_core.shell:Creating environment descriptor '/home/xc2204/ros2_new_study/install/urdf_study/share/urdf_study/hook/cmake_prefix_path.dsv'
[2.476s] INFO:colcon.colcon_core.shell:Creating environment hook '/home/xc2204/ros2_new_study/install/urdf_study/share/urdf_study/hook/cmake_prefix_path.sh'
[2.477s] Level 1:colcon.colcon_core.environment:checking '/home/xc2204/ros2_new_study/install/urdf_study/bin'
[2.478s] Level 1:colcon.colcon_core.environment:checking '/home/xc2204/ros2_new_study/install/urdf_study/lib/pkgconfig/urdf_study.pc'
[2.478s] Level 1:colcon.colcon_core.environment:checking '/home/xc2204/ros2_new_study/install/urdf_study/lib/python3.10/site-packages'
[2.478s] Level 1:colcon.colcon_core.environment:checking '/home/xc2204/ros2_new_study/install/urdf_study/bin'
[2.479s] INFO:colcon.colcon_core.shell:Creating package script '/home/xc2204/ros2_new_study/install/urdf_study/share/urdf_study/package.ps1'
[2.480s] INFO:colcon.colcon_core.shell:Creating package descriptor '/home/xc2204/ros2_new_study/install/urdf_study/share/urdf_study/package.dsv'
[2.480s] INFO:colcon.colcon_core.shell:Creating package script '/home/xc2204/ros2_new_study/install/urdf_study/share/urdf_study/package.sh'
[2.481s] INFO:colcon.colcon_core.shell:Creating package script '/home/xc2204/ros2_new_study/install/urdf_study/share/urdf_study/package.bash'
[2.482s] INFO:colcon.colcon_core.shell:Creating package script '/home/xc2204/ros2_new_study/install/urdf_study/share/urdf_study/package.zsh'
[2.482s] Level 1:colcon.colcon_core.environment:create_file_with_runtime_dependencies(/home/xc2204/ros2_new_study/install/urdf_study/share/colcon-core/packages/urdf_study)
[2.483s] Level 1:colcon.colcon_core.environment:create_environment_scripts_only(urdf_study)
[2.483s] Level 1:colcon.colcon_core.environment:checking '/home/xc2204/ros2_new_study/install/urdf_study' for CMake module files
[2.483s] Level 1:colcon.colcon_core.environment:checking '/home/xc2204/ros2_new_study/install/urdf_study' for CMake config files
[2.484s] Level 1:colcon.colcon_core.shell:create_environment_hook('urdf_study', 'cmake_prefix_path')
[2.484s] INFO:colcon.colcon_core.shell:Creating environment hook '/home/xc2204/ros2_new_study/install/urdf_study/share/urdf_study/hook/cmake_prefix_path.ps1'
[2.485s] INFO:colcon.colcon_core.shell:Creating environment descriptor '/home/xc2204/ros2_new_study/install/urdf_study/share/urdf_study/hook/cmake_prefix_path.dsv'
[2.485s] INFO:colcon.colcon_core.shell:Creating environment hook '/home/xc2204/ros2_new_study/install/urdf_study/share/urdf_study/hook/cmake_prefix_path.sh'
[2.486s] Level 1:colcon.colcon_core.environment:checking '/home/xc2204/ros2_new_study/install/urdf_study/bin'
[2.486s] Level 1:colcon.colcon_core.environment:checking '/home/xc2204/ros2_new_study/install/urdf_study/lib/pkgconfig/urdf_study.pc'
[2.486s] Level 1:colcon.colcon_core.environment:checking '/home/xc2204/ros2_new_study/install/urdf_study/lib/python3.10/site-packages'
[2.486s] Level 1:colcon.colcon_core.environment:checking '/home/xc2204/ros2_new_study/install/urdf_study/bin'
[2.487s] INFO:colcon.colcon_core.shell:Creating package script '/home/xc2204/ros2_new_study/install/urdf_study/share/urdf_study/package.ps1'
[2.487s] INFO:colcon.colcon_core.shell:Creating package descriptor '/home/xc2204/ros2_new_study/install/urdf_study/share/urdf_study/package.dsv'
[2.488s] INFO:colcon.colcon_core.shell:Creating package script '/home/xc2204/ros2_new_study/install/urdf_study/share/urdf_study/package.sh'
[2.489s] INFO:colcon.colcon_core.shell:Creating package script '/home/xc2204/ros2_new_study/install/urdf_study/share/urdf_study/package.bash'
[2.489s] INFO:colcon.colcon_core.shell:Creating package script '/home/xc2204/ros2_new_study/install/urdf_study/share/urdf_study/package.zsh'
[2.490s] Level 1:colcon.colcon_core.environment:create_file_with_runtime_dependencies(/home/xc2204/ros2_new_study/install/urdf_study/share/colcon-core/packages/urdf_study)
[2.823s] Level 1:colcon.colcon_core.environment:checking '/home/xc2204/ros2_new_study/install/face_detect' for CMake module files
[2.824s] DEBUG:colcon.colcon_core.event_handler.log_command:Invoked command in '/home/xc2204/ros2_new_study/src/face_detect' returned '0': PYTHONPATH=/home/xc2204/ros2_new_study/build/face_detect/prefix_override:/usr/lib/python3/dist-packages/colcon_core/task/python/colcon_distutils_commands:/home/xc2204/ros2_new_study/install/face_detect/lib/python3.10/site-packages:${PYTHONPATH} /usr/bin/python3 -W ignore:setup.py install is deprecated -W ignore:easy_install command is deprecated setup.py egg_info --egg-base ../../build/face_detect build --build-base /home/xc2204/ros2_new_study/build/face_detect/build install --record /home/xc2204/ros2_new_study/build/face_detect/install.log --single-version-externally-managed install_data
[2.825s] Level 1:colcon.colcon_core.environment:checking '/home/xc2204/ros2_new_study/install/face_detect' for CMake config files
[2.825s] Level 1:colcon.colcon_core.environment:checking '/home/xc2204/ros2_new_study/install/face_detect/lib'
[2.826s] Level 1:colcon.colcon_core.environment:checking '/home/xc2204/ros2_new_study/install/face_detect/bin'
[2.826s] Level 1:colcon.colcon_core.environment:checking '/home/xc2204/ros2_new_study/install/face_detect/lib/pkgconfig/face_detect.pc'
[2.826s] Level 1:colcon.colcon_core.environment:checking '/home/xc2204/ros2_new_study/install/face_detect/lib/python3.10/site-packages'
[2.826s] Level 1:colcon.colcon_core.shell:create_environment_hook('face_detect', 'pythonpath')
[2.826s] INFO:colcon.colcon_core.shell:Creating environment hook '/home/xc2204/ros2_new_study/install/face_detect/share/face_detect/hook/pythonpath.ps1'
[2.827s] INFO:colcon.colcon_core.shell:Creating environment descriptor '/home/xc2204/ros2_new_study/install/face_detect/share/face_detect/hook/pythonpath.dsv'
[2.827s] INFO:colcon.colcon_core.shell:Creating environment hook '/home/xc2204/ros2_new_study/install/face_detect/share/face_detect/hook/pythonpath.sh'
[2.828s] Level 1:colcon.colcon_core.environment:checking '/home/xc2204/ros2_new_study/install/face_detect/bin'
[2.828s] Level 1:colcon.colcon_core.environment:create_environment_scripts_only(face_detect)
[2.828s] INFO:colcon.colcon_core.shell:Creating package script '/home/xc2204/ros2_new_study/install/face_detect/share/face_detect/package.ps1'
[2.829s] INFO:colcon.colcon_core.shell:Creating package descriptor '/home/xc2204/ros2_new_study/install/face_detect/share/face_detect/package.dsv'
[2.829s] INFO:colcon.colcon_core.shell:Creating package script '/home/xc2204/ros2_new_study/install/face_detect/share/face_detect/package.sh'
[2.830s] INFO:colcon.colcon_core.shell:Creating package script '/home/xc2204/ros2_new_study/install/face_detect/share/face_detect/package.bash'
[2.830s] INFO:colcon.colcon_core.shell:Creating package script '/home/xc2204/ros2_new_study/install/face_detect/share/face_detect/package.zsh'
[2.830s] Level 1:colcon.colcon_core.environment:create_file_with_runtime_dependencies(/home/xc2204/ros2_new_study/install/face_detect/share/colcon-core/packages/face_detect)
[2.833s] Level 1:colcon.colcon_core.environment:checking '/home/xc2204/ros2_new_study/install/TF_study' for CMake module files
[2.834s] DEBUG:colcon.colcon_core.event_handler.log_command:Invoked command in '/home/xc2204/ros2_new_study/src/TF_study' returned '0': PYTHONPATH=/home/xc2204/ros2_new_study/build/TF_study/prefix_override:/usr/lib/python3/dist-packages/colcon_core/task/python/colcon_distutils_commands:/home/xc2204/ros2_new_study/install/TF_study/lib/python3.10/site-packages:${PYTHONPATH} /usr/bin/python3 -W ignore:setup.py install is deprecated -W ignore:easy_install command is deprecated setup.py egg_info --egg-base ../../build/TF_study build --build-base /home/xc2204/ros2_new_study/build/TF_study/build install --record /home/xc2204/ros2_new_study/build/TF_study/install.log --single-version-externally-managed install_data
[2.835s] Level 1:colcon.colcon_core.environment:checking '/home/xc2204/ros2_new_study/install/TF_study' for CMake config files
[2.835s] Level 1:colcon.colcon_core.environment:checking '/home/xc2204/ros2_new_study/install/TF_study/lib'
[2.835s] Level 1:colcon.colcon_core.environment:checking '/home/xc2204/ros2_new_study/install/TF_study/bin'
[2.836s] Level 1:colcon.colcon_core.environment:checking '/home/xc2204/ros2_new_study/install/TF_study/lib/pkgconfig/TF_study.pc'
[2.836s] Level 1:colcon.colcon_core.environment:checking '/home/xc2204/ros2_new_study/install/TF_study/lib/python3.10/site-packages'
[2.836s] Level 1:colcon.colcon_core.shell:create_environment_hook('TF_study', 'pythonpath')
[2.836s] INFO:colcon.colcon_core.shell:Creating environment hook '/home/xc2204/ros2_new_study/install/TF_study/share/TF_study/hook/pythonpath.ps1'
[2.838s] INFO:colcon.colcon_core.shell:Creating environment descriptor '/home/xc2204/ros2_new_study/install/TF_study/share/TF_study/hook/pythonpath.dsv'
[2.838s] INFO:colcon.colcon_core.shell:Creating environment hook '/home/xc2204/ros2_new_study/install/TF_study/share/TF_study/hook/pythonpath.sh'
[2.839s] Level 1:colcon.colcon_core.environment:checking '/home/xc2204/ros2_new_study/install/TF_study/bin'
[2.839s] Level 1:colcon.colcon_core.environment:create_environment_scripts_only(TF_study)
[2.840s] INFO:colcon.colcon_core.shell:Creating package script '/home/xc2204/ros2_new_study/install/TF_study/share/TF_study/package.ps1'
[2.840s] INFO:colcon.colcon_core.shell:Creating package descriptor '/home/xc2204/ros2_new_study/install/TF_study/share/TF_study/package.dsv'
[2.841s] INFO:colcon.colcon_core.shell:Creating package script '/home/xc2204/ros2_new_study/install/TF_study/share/TF_study/package.sh'
[2.842s] INFO:colcon.colcon_core.shell:Creating package script '/home/xc2204/ros2_new_study/install/TF_study/share/TF_study/package.bash'
[2.842s] INFO:colcon.colcon_core.shell:Creating package script '/home/xc2204/ros2_new_study/install/TF_study/share/TF_study/package.zsh'
[2.843s] Level 1:colcon.colcon_core.environment:create_file_with_runtime_dependencies(/home/xc2204/ros2_new_study/install/TF_study/share/colcon-core/packages/TF_study)
[2.907s] DEBUG:colcon.colcon_core.event_handler.log_command:Invoking command in '/home/xc2204/ros2_new_study/src/test_pkg': CMAKE_PREFIX_PATH=/home/xc2204/ros2_new_study/install/msg_interfaces:/home/xc2204/ros2_new_study/install/urdf_study PYTHONPATH=/home/xc2204/ros2_new_study/build/test_pkg/prefix_override:/usr/lib/python3/dist-packages/colcon_core/task/python/colcon_distutils_commands:/home/xc2204/ros2_new_study/install/test_pkg/lib/python3.10/site-packages:${PYTHONPATH} /usr/bin/python3 -W ignore:setup.py install is deprecated -W ignore:easy_install command is deprecated setup.py egg_info --egg-base ../../build/test_pkg build --build-base /home/xc2204/ros2_new_study/build/test_pkg/build install --record /home/xc2204/ros2_new_study/build/test_pkg/install.log --single-version-externally-managed install_data
[3.210s] DEBUG:colcon.colcon_core.event_handler.log_command:Invoking command in '/home/xc2204/ros2_new_study/src/pc_stuts': CMAKE_PREFIX_PATH=/home/xc2204/ros2_new_study/install/msg_interfaces:/home/xc2204/ros2_new_study/install/urdf_study PYTHONPATH=/home/xc2204/ros2_new_study/build/pc_stuts/prefix_override:/usr/lib/python3/dist-packages/colcon_core/task/python/colcon_distutils_commands:/home/xc2204/ros2_new_study/install/pc_stuts/lib/python3.10/site-packages:${PYTHONPATH} /usr/bin/python3 -W ignore:setup.py install is deprecated -W ignore:easy_install command is deprecated setup.py egg_info --egg-base ../../build/pc_stuts build --build-base /home/xc2204/ros2_new_study/build/pc_stuts/build install --record /home/xc2204/ros2_new_study/build/pc_stuts/install.log --single-version-externally-managed install_data
[3.293s] Level 1:colcon.colcon_core.environment:checking '/home/xc2204/ros2_new_study/install/test_pkg' for CMake module files
[3.294s] DEBUG:colcon.colcon_core.event_handler.log_command:Invoked command in '/home/xc2204/ros2_new_study/src/test_pkg' returned '0': CMAKE_PREFIX_PATH=/home/xc2204/ros2_new_study/install/msg_interfaces:/home/xc2204/ros2_new_study/install/urdf_study PYTHONPATH=/home/xc2204/ros2_new_study/build/test_pkg/prefix_override:/usr/lib/python3/dist-packages/colcon_core/task/python/colcon_distutils_commands:/home/xc2204/ros2_new_study/install/test_pkg/lib/python3.10/site-packages:${PYTHONPATH} /usr/bin/python3 -W ignore:setup.py install is deprecated -W ignore:easy_install command is deprecated setup.py egg_info --egg-base ../../build/test_pkg build --build-base /home/xc2204/ros2_new_study/build/test_pkg/build install --record /home/xc2204/ros2_new_study/build/test_pkg/install.log --single-version-externally-managed install_data
[3.294s] Level 1:colcon.colcon_core.environment:checking '/home/xc2204/ros2_new_study/install/test_pkg' for CMake config files
[3.295s] Level 1:colcon.colcon_core.environment:checking '/home/xc2204/ros2_new_study/install/test_pkg/lib'
[3.295s] Level 1:colcon.colcon_core.environment:checking '/home/xc2204/ros2_new_study/install/test_pkg/bin'
[3.295s] Level 1:colcon.colcon_core.environment:checking '/home/xc2204/ros2_new_study/install/test_pkg/lib/pkgconfig/test_pkg.pc'
[3.295s] Level 1:colcon.colcon_core.environment:checking '/home/xc2204/ros2_new_study/install/test_pkg/lib/python3.10/site-packages'
[3.295s] Level 1:colcon.colcon_core.shell:create_environment_hook('test_pkg', 'pythonpath')
[3.295s] INFO:colcon.colcon_core.shell:Creating environment hook '/home/xc2204/ros2_new_study/install/test_pkg/share/test_pkg/hook/pythonpath.ps1'
[3.296s] INFO:colcon.colcon_core.shell:Creating environment descriptor '/home/xc2204/ros2_new_study/install/test_pkg/share/test_pkg/hook/pythonpath.dsv'
[3.297s] INFO:colcon.colcon_core.shell:Creating environment hook '/home/xc2204/ros2_new_study/install/test_pkg/share/test_pkg/hook/pythonpath.sh'
[3.297s] Level 1:colcon.colcon_core.environment:checking '/home/xc2204/ros2_new_study/install/test_pkg/bin'
[3.298s] Level 1:colcon.colcon_core.environment:create_environment_scripts_only(test_pkg)
[3.298s] INFO:colcon.colcon_core.shell:Creating package script '/home/xc2204/ros2_new_study/install/test_pkg/share/test_pkg/package.ps1'
[3.299s] INFO:colcon.colcon_core.shell:Creating package descriptor '/home/xc2204/ros2_new_study/install/test_pkg/share/test_pkg/package.dsv'
[3.299s] INFO:colcon.colcon_core.shell:Creating package script '/home/xc2204/ros2_new_study/install/test_pkg/share/test_pkg/package.sh'
[3.300s] INFO:colcon.colcon_core.shell:Creating package script '/home/xc2204/ros2_new_study/install/test_pkg/share/test_pkg/package.bash'
[3.300s] INFO:colcon.colcon_core.shell:Creating package script '/home/xc2204/ros2_new_study/install/test_pkg/share/test_pkg/package.zsh'
[3.300s] Level 1:colcon.colcon_core.environment:create_file_with_runtime_dependencies(/home/xc2204/ros2_new_study/install/test_pkg/share/colcon-core/packages/test_pkg)
[3.556s] Level 1:colcon.colcon_core.environment:checking '/home/xc2204/ros2_new_study/install/pc_stuts' for CMake module files
[3.557s] DEBUG:colcon.colcon_core.event_handler.log_command:Invoked command in '/home/xc2204/ros2_new_study/src/pc_stuts' returned '0': CMAKE_PREFIX_PATH=/home/xc2204/ros2_new_study/install/msg_interfaces:/home/xc2204/ros2_new_study/install/urdf_study PYTHONPATH=/home/xc2204/ros2_new_study/build/pc_stuts/prefix_override:/usr/lib/python3/dist-packages/colcon_core/task/python/colcon_distutils_commands:/home/xc2204/ros2_new_study/install/pc_stuts/lib/python3.10/site-packages:${PYTHONPATH} /usr/bin/python3 -W ignore:setup.py install is deprecated -W ignore:easy_install command is deprecated setup.py egg_info --egg-base ../../build/pc_stuts build --build-base /home/xc2204/ros2_new_study/build/pc_stuts/build install --record /home/xc2204/ros2_new_study/build/pc_stuts/install.log --single-version-externally-managed install_data
[3.558s] Level 1:colcon.colcon_core.environment:checking '/home/xc2204/ros2_new_study/install/pc_stuts' for CMake config files
[3.559s] Level 1:colcon.colcon_core.environment:checking '/home/xc2204/ros2_new_study/install/pc_stuts/lib'
[3.559s] Level 1:colcon.colcon_core.environment:checking '/home/xc2204/ros2_new_study/install/pc_stuts/bin'
[3.559s] Level 1:colcon.colcon_core.environment:checking '/home/xc2204/ros2_new_study/install/pc_stuts/lib/pkgconfig/pc_stuts.pc'
[3.559s] Level 1:colcon.colcon_core.environment:checking '/home/xc2204/ros2_new_study/install/pc_stuts/lib/python3.10/site-packages'
[3.559s] Level 1:colcon.colcon_core.shell:create_environment_hook('pc_stuts', 'pythonpath')
[3.560s] INFO:colcon.colcon_core.shell:Creating environment hook '/home/xc2204/ros2_new_study/install/pc_stuts/share/pc_stuts/hook/pythonpath.ps1'
[3.560s] INFO:colcon.colcon_core.shell:Creating environment descriptor '/home/xc2204/ros2_new_study/install/pc_stuts/share/pc_stuts/hook/pythonpath.dsv'
[3.561s] INFO:colcon.colcon_core.shell:Creating environment hook '/home/xc2204/ros2_new_study/install/pc_stuts/share/pc_stuts/hook/pythonpath.sh'
[3.561s] Level 1:colcon.colcon_core.environment:checking '/home/xc2204/ros2_new_study/install/pc_stuts/bin'
[3.561s] Level 1:colcon.colcon_core.environment:create_environment_scripts_only(pc_stuts)
[3.562s] INFO:colcon.colcon_core.shell:Creating package script '/home/xc2204/ros2_new_study/install/pc_stuts/share/pc_stuts/package.ps1'
[3.562s] INFO:colcon.colcon_core.shell:Creating package descriptor '/home/xc2204/ros2_new_study/install/pc_stuts/share/pc_stuts/package.dsv'
[3.563s] INFO:colcon.colcon_core.shell:Creating package script '/home/xc2204/ros2_new_study/install/pc_stuts/share/pc_stuts/package.sh'
[3.563s] INFO:colcon.colcon_core.shell:Creating package script '/home/xc2204/ros2_new_study/install/pc_stuts/share/pc_stuts/package.bash'
[3.564s] INFO:colcon.colcon_core.shell:Creating package script '/home/xc2204/ros2_new_study/install/pc_stuts/share/pc_stuts/package.zsh'
[3.564s] Level 1:colcon.colcon_core.environment:create_file_with_runtime_dependencies(/home/xc2204/ros2_new_study/install/pc_stuts/share/colcon-core/packages/pc_stuts)
[3.564s] DEBUG:colcon.colcon_parallel_executor.executor.parallel:closing loop
[3.565s] DEBUG:colcon.colcon_parallel_executor.executor.parallel:loop closed
[3.565s] DEBUG:colcon.colcon_parallel_executor.executor.parallel:run_until_complete finished with '0'
[3.565s] DEBUG:colcon.colcon_core.event_reactor:joining thread
[3.581s] INFO:colcon.colcon_core.plugin_system:Skipping extension 'colcon_notification.desktop_notification.terminal_notifier': Not used on non-Darwin systems
[3.581s] INFO:colcon.colcon_core.plugin_system:Skipping extension 'colcon_notification.desktop_notification.win32': Not used on non-Windows systems
[3.582s] INFO:colcon.colcon_notification.desktop_notification:Sending desktop notification using 'notify2'
[3.589s] DEBUG:colcon.colcon_core.event_reactor:joined thread
[3.590s] INFO:colcon.colcon_core.shell:Creating prefix script '/home/xc2204/ros2_new_study/install/local_setup.ps1'
[3.592s] INFO:colcon.colcon_core.shell:Creating prefix util module '/home/xc2204/ros2_new_study/install/_local_setup_util_ps1.py'
[3.595s] INFO:colcon.colcon_core.shell:Creating prefix chain script '/home/xc2204/ros2_new_study/install/setup.ps1'
[3.597s] INFO:colcon.colcon_core.shell:Creating prefix script '/home/xc2204/ros2_new_study/install/local_setup.sh'
[3.598s] INFO:colcon.colcon_core.shell:Creating prefix util module '/home/xc2204/ros2_new_study/install/_local_setup_util_sh.py'
[3.599s] INFO:colcon.colcon_core.shell:Creating prefix chain script '/home/xc2204/ros2_new_study/install/setup.sh'
[3.601s] INFO:colcon.colcon_core.shell:Creating prefix script '/home/xc2204/ros2_new_study/install/local_setup.bash'
[3.603s] INFO:colcon.colcon_core.shell:Creating prefix chain script '/home/xc2204/ros2_new_study/install/setup.bash'
[3.605s] INFO:colcon.colcon_core.shell:Creating prefix script '/home/xc2204/ros2_new_study/install/local_setup.zsh'
[3.606s] INFO:colcon.colcon_core.shell:Creating prefix chain script '/home/xc2204/ros2_new_study/install/setup.zsh'
