[1.035s] Invoking command in '/home/xc2204/ros2_new_study/src/pc_stuts': PYTHONPATH=/home/xc2204/ros2_new_study/build/pc_stuts/prefix_override:/usr/lib/python3/dist-packages/colcon_core/task/python/colcon_distutils_commands:/home/xc2204/ros2_new_study/install/pc_stuts/lib/python3.10/site-packages:${PYTHONPATH} /usr/bin/python3 -W ignore:setup.py install is deprecated -W ignore:easy_install command is deprecated setup.py egg_info --egg-base ../../build/pc_stuts build --build-base /home/xc2204/ros2_new_study/build/pc_stuts/build install --record /home/xc2204/ros2_new_study/build/pc_stuts/install.log --single-version-externally-managed install_data
[1.313s] running egg_info
[1.314s] writing ../../build/pc_stuts/pc_stuts.egg-info/PKG-INFO
[1.314s] writing dependency_links to ../../build/pc_stuts/pc_stuts.egg-info/dependency_links.txt
[1.315s] writing entry points to ../../build/pc_stuts/pc_stuts.egg-info/entry_points.txt
[1.315s] writing requirements to ../../build/pc_stuts/pc_stuts.egg-info/requires.txt
[1.316s] writing top-level names to ../../build/pc_stuts/pc_stuts.egg-info/top_level.txt
[1.320s] reading manifest file '../../build/pc_stuts/pc_stuts.egg-info/SOURCES.txt'
[1.322s] writing manifest file '../../build/pc_stuts/pc_stuts.egg-info/SOURCES.txt'
[1.322s] running build
[1.322s] running build_py
[1.323s] running install
[1.323s] running install_lib
[1.324s] running install_data
[1.325s] running install_egg_info
[1.326s] removing '/home/xc2204/ros2_new_study/install/pc_stuts/lib/python3.10/site-packages/pc_stuts-0.0.0-py3.10.egg-info' (and everything under it)
[1.327s] Copying ../../build/pc_stuts/pc_stuts.egg-info to /home/xc2204/ros2_new_study/install/pc_stuts/lib/python3.10/site-packages/pc_stuts-0.0.0-py3.10.egg-info
[1.328s] running install_scripts
[1.353s] Installing qt_ui script to /home/xc2204/ros2_new_study/install/pc_stuts/lib/pc_stuts
[1.353s] Installing stuts_pub script to /home/xc2204/ros2_new_study/install/pc_stuts/lib/pc_stuts
[1.353s] Installing stuts_sub script to /home/xc2204/ros2_new_study/install/pc_stuts/lib/pc_stuts
[1.354s] writing list of installed files to '/home/xc2204/ros2_new_study/build/pc_stuts/install.log'
[1.407s] Invoked command in '/home/xc2204/ros2_new_study/src/pc_stuts' returned '0': PYTHONPATH=/home/xc2204/ros2_new_study/build/pc_stuts/prefix_override:/usr/lib/python3/dist-packages/colcon_core/task/python/colcon_distutils_commands:/home/xc2204/ros2_new_study/install/pc_stuts/lib/python3.10/site-packages:${PYTHONPATH} /usr/bin/python3 -W ignore:setup.py install is deprecated -W ignore:easy_install command is deprecated setup.py egg_info --egg-base ../../build/pc_stuts build --build-base /home/xc2204/ros2_new_study/build/pc_stuts/build install --record /home/xc2204/ros2_new_study/build/pc_stuts/install.log --single-version-externally-managed install_data
