[0.368s] Invoking command in '/home/xc2204/ros2_new_study/build/urdf_study': CMAKE_PREFIX_PATH=/opt/ros/humble /usr/bin/cmake --build /home/xc2204/ros2_new_study/build/urdf_study -- -j20 -l20
[0.400s] Invoked command in '/home/xc2204/ros2_new_study/build/urdf_study' returned '0': CMAKE_PREFIX_PATH=/opt/ros/humble /usr/bin/cmake --build /home/xc2204/ros2_new_study/build/urdf_study -- -j20 -l20
[0.403s] Invoking command in '/home/xc2204/ros2_new_study/build/urdf_study': CMAKE_PREFIX_PATH=/opt/ros/humble /usr/bin/cmake --install /home/xc2204/ros2_new_study/build/urdf_study
[0.412s] -- Install configuration: ""
[0.412s] -- Up-to-date: /home/xc2204/ros2_new_study/install/urdf_study/share/urdf_study//launch
[0.412s] -- Installing: /home/xc2204/ros2_new_study/install/urdf_study/share/urdf_study//launch/J_L_S_publisher.launch.py
[0.412s] -- Up-to-date: /home/xc2204/ros2_new_study/install/urdf_study/share/urdf_study//URDF
[0.413s] -- Installing: /home/xc2204/ros2_new_study/install/urdf_study/share/urdf_study//URDF/study_urdf_processed.urdf
[0.413s] -- Installing: /home/xc2204/ros2_new_study/install/urdf_study/share/urdf_study//URDF/study_urdf.urdf
[0.413s] -- Up-to-date: /home/xc2204/ros2_new_study/install/urdf_study/share/urdf_study//URDF/turtlebot3_waffle.urdf
[0.413s] -- Up-to-date: /home/xc2204/ros2_new_study/install/urdf_study/share/urdf_study//rviz
[0.413s] -- Up-to-date: /home/xc2204/ros2_new_study/install/urdf_study/share/urdf_study//rviz/urdf_study.rviz
[0.413s] -- Up-to-date: /home/xc2204/ros2_new_study/install/urdf_study/share/urdf_study//rviz/urdf_study.rviz:Zone.Identifier
[0.414s] -- Up-to-date: /home/xc2204/ros2_new_study/install/urdf_study/share/ament_index/resource_index/package_run_dependencies/urdf_study
[0.414s] -- Up-to-date: /home/xc2204/ros2_new_study/install/urdf_study/share/ament_index/resource_index/parent_prefix_path/urdf_study
[0.414s] -- Up-to-date: /home/xc2204/ros2_new_study/install/urdf_study/share/urdf_study/environment/ament_prefix_path.sh
[0.414s] -- Up-to-date: /home/xc2204/ros2_new_study/install/urdf_study/share/urdf_study/environment/ament_prefix_path.dsv
[0.414s] -- Up-to-date: /home/xc2204/ros2_new_study/install/urdf_study/share/urdf_study/environment/path.sh
[0.414s] -- Up-to-date: /home/xc2204/ros2_new_study/install/urdf_study/share/urdf_study/environment/path.dsv
[0.414s] -- Up-to-date: /home/xc2204/ros2_new_study/install/urdf_study/share/urdf_study/local_setup.bash
[0.414s] -- Up-to-date: /home/xc2204/ros2_new_study/install/urdf_study/share/urdf_study/local_setup.sh
[0.414s] -- Up-to-date: /home/xc2204/ros2_new_study/install/urdf_study/share/urdf_study/local_setup.zsh
[0.414s] -- Up-to-date: /home/xc2204/ros2_new_study/install/urdf_study/share/urdf_study/local_setup.dsv
[0.415s] -- Installing: /home/xc2204/ros2_new_study/install/urdf_study/share/urdf_study/package.dsv
[0.415s] -- Up-to-date: /home/xc2204/ros2_new_study/install/urdf_study/share/ament_index/resource_index/packages/urdf_study
[0.415s] -- Up-to-date: /home/xc2204/ros2_new_study/install/urdf_study/share/urdf_study/cmake/urdf_studyConfig.cmake
[0.416s] -- Up-to-date: /home/xc2204/ros2_new_study/install/urdf_study/share/urdf_study/cmake/urdf_studyConfig-version.cmake
[0.416s] -- Up-to-date: /home/xc2204/ros2_new_study/install/urdf_study/share/urdf_study/package.xml
[0.417s] Invoked command in '/home/xc2204/ros2_new_study/build/urdf_study' returned '0': CMAKE_PREFIX_PATH=/opt/ros/humble /usr/bin/cmake --install /home/xc2204/ros2_new_study/build/urdf_study
