[0.727s] Invoking command in '/home/xc2204/ros2_new_study/src/TF_study': PYTHONPATH=/home/xc2204/ros2_new_study/build/TF_study/prefix_override:/usr/lib/python3/dist-packages/colcon_core/task/python/colcon_distutils_commands:/home/xc2204/ros2_new_study/install/TF_study/lib/python3.10/site-packages:${PYTHONPATH} /usr/bin/python3 -W ignore:setup.py install is deprecated -W ignore:easy_install command is deprecated setup.py egg_info --egg-base ../../build/TF_study build --build-base /home/xc2204/ros2_new_study/build/TF_study/build install --record /home/xc2204/ros2_new_study/build/TF_study/install.log --single-version-externally-managed install_data
[0.930s] running egg_info
[0.931s] creating ../../build/TF_study/TF_study.egg-info
[0.931s] writing ../../build/TF_study/TF_study.egg-info/PKG-INFO
[0.931s] writing dependency_links to ../../build/TF_study/TF_study.egg-info/dependency_links.txt
[0.932s] writing entry points to ../../build/TF_study/TF_study.egg-info/entry_points.txt
[0.932s] writing requirements to ../../build/TF_study/TF_study.egg-info/requires.txt
[0.932s] writing top-level names to ../../build/TF_study/TF_study.egg-info/top_level.txt
[0.932s] writing manifest file '../../build/TF_study/TF_study.egg-info/SOURCES.txt'
[0.934s] reading manifest file '../../build/TF_study/TF_study.egg-info/SOURCES.txt'
[0.934s] adding license file 'LICENSE'
[0.935s] writing manifest file '../../build/TF_study/TF_study.egg-info/SOURCES.txt'
[0.935s] running build
[0.935s] running build_py
[0.935s] creating /home/xc2204/ros2_new_study/build/TF_study/build
[0.935s] creating /home/xc2204/ros2_new_study/build/TF_study/build/lib
[0.935s] creating /home/xc2204/ros2_new_study/build/TF_study/build/lib/TF_study
[0.935s] copying TF_study/dynamic_TF_broadcast.py -> /home/xc2204/ros2_new_study/build/TF_study/build/lib/TF_study
[0.936s] copying TF_study/tf_listen.py -> /home/xc2204/ros2_new_study/build/TF_study/build/lib/TF_study
[0.936s] copying TF_study/static_TF_broadcast.py -> /home/xc2204/ros2_new_study/build/TF_study/build/lib/TF_study
[0.936s] copying TF_study/__init__.py -> /home/xc2204/ros2_new_study/build/TF_study/build/lib/TF_study
[0.936s] running install
[0.936s] running install_lib
[0.937s] creating /home/xc2204/ros2_new_study/install/TF_study/lib/python3.10/site-packages/TF_study
[0.937s] copying /home/xc2204/ros2_new_study/build/TF_study/build/lib/TF_study/dynamic_TF_broadcast.py -> /home/xc2204/ros2_new_study/install/TF_study/lib/python3.10/site-packages/TF_study
[0.937s] copying /home/xc2204/ros2_new_study/build/TF_study/build/lib/TF_study/tf_listen.py -> /home/xc2204/ros2_new_study/install/TF_study/lib/python3.10/site-packages/TF_study
[0.937s] copying /home/xc2204/ros2_new_study/build/TF_study/build/lib/TF_study/static_TF_broadcast.py -> /home/xc2204/ros2_new_study/install/TF_study/lib/python3.10/site-packages/TF_study
[0.938s] copying /home/xc2204/ros2_new_study/build/TF_study/build/lib/TF_study/__init__.py -> /home/xc2204/ros2_new_study/install/TF_study/lib/python3.10/site-packages/TF_study
[0.938s] byte-compiling /home/xc2204/ros2_new_study/install/TF_study/lib/python3.10/site-packages/TF_study/dynamic_TF_broadcast.py to dynamic_TF_broadcast.cpython-310.pyc
[0.938s] byte-compiling /home/xc2204/ros2_new_study/install/TF_study/lib/python3.10/site-packages/TF_study/tf_listen.py to tf_listen.cpython-310.pyc
[0.939s] byte-compiling /home/xc2204/ros2_new_study/install/TF_study/lib/python3.10/site-packages/TF_study/static_TF_broadcast.py to static_TF_broadcast.cpython-310.pyc
[0.939s] byte-compiling /home/xc2204/ros2_new_study/install/TF_study/lib/python3.10/site-packages/TF_study/__init__.py to __init__.cpython-310.pyc
[0.939s] running install_data
[0.940s] creating /home/xc2204/ros2_new_study/install/TF_study/share/ament_index
[0.940s] creating /home/xc2204/ros2_new_study/install/TF_study/share/ament_index/resource_index
[0.940s] creating /home/xc2204/ros2_new_study/install/TF_study/share/ament_index/resource_index/packages
[0.940s] copying resource/TF_study -> /home/xc2204/ros2_new_study/install/TF_study/share/ament_index/resource_index/packages
[0.940s] copying package.xml -> /home/xc2204/ros2_new_study/install/TF_study/share/TF_study
[0.941s] running install_egg_info
[0.942s] Copying ../../build/TF_study/TF_study.egg-info to /home/xc2204/ros2_new_study/install/TF_study/lib/python3.10/site-packages/TF_study-0.0.0-py3.10.egg-info
[0.942s] running install_scripts
[0.961s] Installing dynamic_tf_broadcaster script to /home/xc2204/ros2_new_study/install/TF_study/lib/TF_study
[0.962s] Installing static_tf_broadcaster script to /home/xc2204/ros2_new_study/install/TF_study/lib/TF_study
[0.962s] Installing tf_listen script to /home/xc2204/ros2_new_study/install/TF_study/lib/TF_study
[0.962s] writing list of installed files to '/home/xc2204/ros2_new_study/build/TF_study/install.log'
[0.988s] Invoked command in '/home/xc2204/ros2_new_study/src/TF_study' returned '0': PYTHONPATH=/home/xc2204/ros2_new_study/build/TF_study/prefix_override:/usr/lib/python3/dist-packages/colcon_core/task/python/colcon_distutils_commands:/home/xc2204/ros2_new_study/install/TF_study/lib/python3.10/site-packages:${PYTHONPATH} /usr/bin/python3 -W ignore:setup.py install is deprecated -W ignore:easy_install command is deprecated setup.py egg_info --egg-base ../../build/TF_study build --build-base /home/xc2204/ros2_new_study/build/TF_study/build install --record /home/xc2204/ros2_new_study/build/TF_study/install.log --single-version-externally-managed install_data
