[0.467s] Invoking command in '/home/xc2204/ros2_new_study/build/urdf_study': CMAKE_PREFIX_PATH=/opt/ros/humble /usr/bin/cmake /home/xc2204/ros2_new_study/src/urdf_study -DCMAKE_INSTALL_PREFIX=/home/xc2204/ros2_new_study/install/urdf_study
[0.824s] -- The C compiler identification is GNU 11.4.0
[1.929s] -- The CXX compiler identification is GNU 11.4.0
[2.515s] -- Detecting C compiler ABI info
[2.720s] -- Detecting C compiler ABI info - done
[2.726s] -- Check for working C compiler: /usr/bin/cc - skipped
[2.726s] -- Detecting C compile features
[2.727s] -- Detecting C compile features - done
[2.732s] -- Detecting CXX compiler ABI info
[2.945s] -- Detecting CXX compiler ABI info - done
[2.950s] -- Check for working CXX compiler: /usr/bin/c++ - skipped
[2.950s] -- Detecting CXX compile features
[2.950s] -- Detecting CXX compile features - done
[2.960s] -- Found ament_cmake: 1.3.14 (/opt/ros/humble/share/ament_cmake/cmake)
[3.090s] -- Found Python3: /usr/bin/python3 (found version "3.10.12") found components: Interpreter 
[3.199s] -- Found ament_lint_auto: 0.12.15 (/opt/ros/humble/share/ament_lint_auto/cmake)
[3.262s] [31mCMake Error at /opt/ros/humble/share/ament_cmake_core/cmake/core/ament_package_xml.cmake:53 (message):
[3.262s]   ament_package_xml() package name 'urdf_study' in '/package.xml' does not
[3.262s]   match current PROJECT_NAME 'Urdf_study'.  You must call project() with the
[3.262s]   same package name before.
[3.262s] Call Stack (most recent call first):
[3.262s]   /opt/ros/humble/share/ament_lint_auto/cmake/ament_lint_auto_find_test_dependencies.cmake:31 (ament_package_xml)
[3.262s]   CMakeLists.txt:23 (ament_lint_auto_find_test_dependencies)
[3.262s] 
[3.262s] [0m
[3.262s] -- Configuring incomplete, errors occurred!
[3.262s] See also "/home/xc2204/ros2_new_study/build/urdf_study/CMakeFiles/CMakeOutput.log".
[3.611s] Invoked command in '/home/xc2204/ros2_new_study/build/urdf_study' returned '1': CMAKE_PREFIX_PATH=/opt/ros/humble /usr/bin/cmake /home/xc2204/ros2_new_study/src/urdf_study -DCMAKE_INSTALL_PREFIX=/home/xc2204/ros2_new_study/install/urdf_study
