[1.154s] Invoking command in '/home/xc2204/ros2_new_study/src/face_detect': PYTHONPATH=/home/xc2204/ros2_new_study/build/face_detect/prefix_override:/usr/lib/python3/dist-packages/colcon_core/task/python/colcon_distutils_commands:/home/xc2204/ros2_new_study/install/face_detect/lib/python3.10/site-packages:${PYTHONPATH} /usr/bin/python3 -W ignore:setup.py install is deprecated -W ignore:easy_install command is deprecated setup.py egg_info --egg-base ../../build/face_detect build --build-base /home/xc2204/ros2_new_study/build/face_detect/build install --record /home/xc2204/ros2_new_study/build/face_detect/install.log --single-version-externally-managed install_data
[1.373s] running egg_info
[1.373s] writing ../../build/face_detect/face_detect.egg-info/PKG-INFO
[1.374s] writing dependency_links to ../../build/face_detect/face_detect.egg-info/dependency_links.txt
[1.374s] writing entry points to ../../build/face_detect/face_detect.egg-info/entry_points.txt
[1.375s] writing requirements to ../../build/face_detect/face_detect.egg-info/requires.txt
[1.375s] writing top-level names to ../../build/face_detect/face_detect.egg-info/top_level.txt
[1.377s] reading manifest file '../../build/face_detect/face_detect.egg-info/SOURCES.txt'
[1.379s] writing manifest file '../../build/face_detect/face_detect.egg-info/SOURCES.txt'
[1.379s] running build
[1.379s] running build_py
[1.379s] running install
[1.380s] running install_lib
[1.382s] running install_data
[1.382s] copying launch/face.launch.py -> /home/xc2204/ros2_new_study/install/face_detect/share/face_detect/launch
[1.382s] running install_egg_info
[1.386s] removing '/home/xc2204/ros2_new_study/install/face_detect/lib/python3.10/site-packages/face_detect-0.0.0-py3.10.egg-info' (and everything under it)
[1.386s] Copying ../../build/face_detect/face_detect.egg-info to /home/xc2204/ros2_new_study/install/face_detect/lib/python3.10/site-packages/face_detect-0.0.0-py3.10.egg-info
[1.387s] running install_scripts
[1.413s] Installing client_face_detect script to /home/xc2204/ros2_new_study/install/face_detect/lib/face_detect
[1.413s] Installing srv_face_detect script to /home/xc2204/ros2_new_study/install/face_detect/lib/face_detect
[1.414s] Installing video_detect script to /home/xc2204/ros2_new_study/install/face_detect/lib/face_detect
[1.414s] writing list of installed files to '/home/xc2204/ros2_new_study/build/face_detect/install.log'
[1.449s] Invoked command in '/home/xc2204/ros2_new_study/src/face_detect' returned '0': PYTHONPATH=/home/xc2204/ros2_new_study/build/face_detect/prefix_override:/usr/lib/python3/dist-packages/colcon_core/task/python/colcon_distutils_commands:/home/xc2204/ros2_new_study/install/face_detect/lib/python3.10/site-packages:${PYTHONPATH} /usr/bin/python3 -W ignore:setup.py install is deprecated -W ignore:easy_install command is deprecated setup.py egg_info --egg-base ../../build/face_detect build --build-base /home/xc2204/ros2_new_study/build/face_detect/build install --record /home/xc2204/ros2_new_study/build/face_detect/install.log --single-version-externally-managed install_data
