[0.688s] Invoking command in '/home/xc2204/ros2_new_study/src/face_detect': PYTHONPATH=/home/xc2204/ros2_new_study/build/face_detect/prefix_override:/usr/lib/python3/dist-packages/colcon_core/task/python/colcon_distutils_commands:/home/xc2204/ros2_new_study/install/face_detect/lib/python3.10/site-packages:${PYTHONPATH} /usr/bin/python3 -W ignore:setup.py install is deprecated -W ignore:easy_install command is deprecated setup.py egg_info --egg-base ../../build/face_detect build --build-base /home/xc2204/ros2_new_study/build/face_detect/build install --record /home/xc2204/ros2_new_study/build/face_detect/install.log --single-version-externally-managed install_data
[0.908s] running egg_info
[0.909s] writing ../../build/face_detect/face_detect.egg-info/PKG-INFO
[0.909s] writing dependency_links to ../../build/face_detect/face_detect.egg-info/dependency_links.txt
[0.909s] writing entry points to ../../build/face_detect/face_detect.egg-info/entry_points.txt
[0.909s] writing requirements to ../../build/face_detect/face_detect.egg-info/requires.txt
[0.909s] writing top-level names to ../../build/face_detect/face_detect.egg-info/top_level.txt
[0.912s] reading manifest file '../../build/face_detect/face_detect.egg-info/SOURCES.txt'
[0.912s] writing manifest file '../../build/face_detect/face_detect.egg-info/SOURCES.txt'
[0.913s] running build
[0.913s] running build_py
[0.913s] running install
[0.914s] running install_lib
[0.915s] running install_data
[0.916s] copying launch/face.launch.py -> /home/xc2204/ros2_new_study/install/face_detect/share/face_detect/launch
[0.916s] running install_egg_info
[0.918s] removing '/home/xc2204/ros2_new_study/install/face_detect/lib/python3.10/site-packages/face_detect-0.0.0-py3.10.egg-info' (and everything under it)
[0.918s] Copying ../../build/face_detect/face_detect.egg-info to /home/xc2204/ros2_new_study/install/face_detect/lib/python3.10/site-packages/face_detect-0.0.0-py3.10.egg-info
[0.919s] running install_scripts
[0.941s] Installing client_face_detect script to /home/xc2204/ros2_new_study/install/face_detect/lib/face_detect
[0.942s] Installing srv_face_detect script to /home/xc2204/ros2_new_study/install/face_detect/lib/face_detect
[0.942s] Installing video_detect script to /home/xc2204/ros2_new_study/install/face_detect/lib/face_detect
[0.942s] writing list of installed files to '/home/xc2204/ros2_new_study/build/face_detect/install.log'
[1.165s] Invoked command in '/home/xc2204/ros2_new_study/src/face_detect' returned '0': PYTHONPATH=/home/xc2204/ros2_new_study/build/face_detect/prefix_override:/usr/lib/python3/dist-packages/colcon_core/task/python/colcon_distutils_commands:/home/xc2204/ros2_new_study/install/face_detect/lib/python3.10/site-packages:${PYTHONPATH} /usr/bin/python3 -W ignore:setup.py install is deprecated -W ignore:easy_install command is deprecated setup.py egg_info --egg-base ../../build/face_detect build --build-base /home/xc2204/ros2_new_study/build/face_detect/build install --record /home/xc2204/ros2_new_study/build/face_detect/install.log --single-version-externally-managed install_data
