[1.005s] Invoking command in '/home/xc2204/ros2_new_study/src/TF_study': PYTHONPATH=/home/xc2204/ros2_new_study/build/TF_study/prefix_override:/usr/lib/python3/dist-packages/colcon_core/task/python/colcon_distutils_commands:/home/xc2204/ros2_new_study/install/TF_study/lib/python3.10/site-packages:${PYTHONPATH} /usr/bin/python3 -W ignore:setup.py install is deprecated -W ignore:easy_install command is deprecated setup.py egg_info --egg-base ../../build/TF_study build --build-base /home/xc2204/ros2_new_study/build/TF_study/build install --record /home/xc2204/ros2_new_study/build/TF_study/install.log --single-version-externally-managed install_data
[1.198s] running egg_info
[1.199s] writing ../../build/TF_study/TF_study.egg-info/PKG-INFO
[1.199s] writing dependency_links to ../../build/TF_study/TF_study.egg-info/dependency_links.txt
[1.199s] writing entry points to ../../build/TF_study/TF_study.egg-info/entry_points.txt
[1.200s] writing requirements to ../../build/TF_study/TF_study.egg-info/requires.txt
[1.200s] writing top-level names to ../../build/TF_study/TF_study.egg-info/top_level.txt
[1.201s] reading manifest file '../../build/TF_study/TF_study.egg-info/SOURCES.txt'
[1.202s] adding license file 'LICENSE'
[1.202s] writing manifest file '../../build/TF_study/TF_study.egg-info/SOURCES.txt'
[1.203s] running build
[1.203s] running build_py
[1.203s] running install
[1.203s] running install_lib
[1.205s] running install_data
[1.205s] running install_egg_info
[1.207s] removing '/home/xc2204/ros2_new_study/install/TF_study/lib/python3.10/site-packages/TF_study-0.0.0-py3.10.egg-info' (and everything under it)
[1.207s] Copying ../../build/TF_study/TF_study.egg-info to /home/xc2204/ros2_new_study/install/TF_study/lib/python3.10/site-packages/TF_study-0.0.0-py3.10.egg-info
[1.209s] running install_scripts
[1.231s] Installing dynamic_tf_broadcaster script to /home/xc2204/ros2_new_study/install/TF_study/lib/TF_study
[1.231s] Installing static_tf_broadcaster script to /home/xc2204/ros2_new_study/install/TF_study/lib/TF_study
[1.232s] Installing tf_listen script to /home/xc2204/ros2_new_study/install/TF_study/lib/TF_study
[1.232s] writing list of installed files to '/home/xc2204/ros2_new_study/build/TF_study/install.log'
[1.256s] Invoked command in '/home/xc2204/ros2_new_study/src/TF_study' returned '0': PYTHONPATH=/home/xc2204/ros2_new_study/build/TF_study/prefix_override:/usr/lib/python3/dist-packages/colcon_core/task/python/colcon_distutils_commands:/home/xc2204/ros2_new_study/install/TF_study/lib/python3.10/site-packages:${PYTHONPATH} /usr/bin/python3 -W ignore:setup.py install is deprecated -W ignore:easy_install command is deprecated setup.py egg_info --egg-base ../../build/TF_study build --build-base /home/xc2204/ros2_new_study/build/TF_study/build install --record /home/xc2204/ros2_new_study/build/TF_study/install.log --single-version-externally-managed install_data
