[  2%] Built target msg_interfaces__rs
[ 12%] Built target msg_interfaces__rosidl_generator_c
[ 15%] Built target msg_interfaces__cpp
[ 15%] Built target ament_cmake_python_copy_msg_interfaces
[ 25%] Built target msg_interfaces__rosidl_typesupport_c
[ 40%] Built target msg_interfaces__rosidl_typesupport_cpp
[ 45%] Built target msg_interfaces__rosidl_typesupport_fastrtps_c
[ 55%] Built target msg_interfaces__rosidl_typesupport_introspection_cpp
[ 65%] Built target msg_interfaces__rosidl_typesupport_introspection_c
[ 75%] Built target msg_interfaces__rosidl_typesupport_fastrtps_cpp
[ 75%] Built target msg_interfaces
[ 77%] Built target msg_interfaces__py
[ 85%] Built target msg_interfaces__rosidl_generator_py
[ 90%] Built target msg_interfaces__rosidl_typesupport_introspection_c__pyext
[ 95%] Built target msg_interfaces__rosidl_typesupport_fastrtps_c__pyext
[100%] Built target msg_interfaces__rosidl_typesupport_c__pyext
running egg_info
writing msg_interfaces.egg-info/PKG-INFO
writing dependency_links to msg_interfaces.egg-info/dependency_links.txt
writing top-level names to msg_interfaces.egg-info/top_level.txt
reading manifest file 'msg_interfaces.egg-info/SOURCES.txt'
writing manifest file 'msg_interfaces.egg-info/SOURCES.txt'
[100%] Built target ament_cmake_python_build_msg_interfaces_egg
