[0.353s] DEBUG:colcon:Command line arguments: ['/usr/bin/colcon', 'build']
[0.353s] DEBUG:colcon:Parsed command line arguments: Namespace(log_base=None, log_level=None, verb_name='build', build_base='build', install_base='install', merge_install=False, symlink_install=False, test_result_base=None, continue_on_error=False, executor='parallel', parallel_workers=20, event_handlers=None, ignore_user_meta=False, metas=['./colcon.meta'], base_paths=['.'], packages_ignore=None, packages_ignore_regex=None, paths=None, packages_up_to=None, packages_up_to_regex=None, packages_above=None, packages_above_and_dependencies=None, packages_above_depth=None, packages_select_by_dep=None, packages_skip_by_dep=None, packages_skip_up_to=None, packages_select_build_failed=False, packages_skip_build_finished=False, packages_select_test_failures=False, packages_skip_test_passed=False, packages_select=None, packages_skip=None, packages_select_regex=None, packages_skip_regex=None, packages_start=None, packages_end=None, allow_overriding=[], cmake_args=None, cmake_target=None, cmake_target_skip_unavailable=False, cmake_clean_cache=False, cmake_clean_first=False, cmake_force_configure=False, ament_cmake_args=None, catkin_cmake_args=None, catkin_skip_building_tests=False, mixin_files=None, mixin=None, verb_parser=<colcon_mixin.mixin.mixin_argument.MixinArgumentDecorator object at 0x7e052275f580>, verb_extension=<colcon_core.verb.build.BuildVerb object at 0x7e05228a0520>, main=<bound method BuildVerb.main of <colcon_core.verb.build.BuildVerb object at 0x7e05228a0520>>, mixin_verb=('build',))
[0.708s] Level 1:colcon.colcon_core.package_discovery:discover_packages(colcon_meta) check parameters
[0.708s] Level 1:colcon.colcon_core.package_discovery:discover_packages(recursive) check parameters
[0.708s] Level 1:colcon.colcon_core.package_discovery:discover_packages(ignore) check parameters
[0.708s] Level 1:colcon.colcon_core.package_discovery:discover_packages(path) check parameters
[0.708s] Level 1:colcon.colcon_core.package_discovery:discover_packages(colcon_meta) discover
[0.708s] Level 1:colcon.colcon_core.package_discovery:discover_packages(recursive) discover
[0.708s] INFO:colcon.colcon_core.package_discovery:Crawling recursively for packages in '/home/xc2204/ros2_new_study'
[0.708s] Level 1:colcon.colcon_core.package_identification:_identify(.) by extensions ['ignore', 'ignore_ament_install']
[0.708s] Level 1:colcon.colcon_core.package_identification:_identify(.) by extension 'ignore'
[0.708s] Level 1:colcon.colcon_core.package_identification:_identify(.) by extension 'ignore_ament_install'
[0.708s] Level 1:colcon.colcon_core.package_identification:_identify(.) by extensions ['colcon_pkg']
[0.708s] Level 1:colcon.colcon_core.package_identification:_identify(.) by extension 'colcon_pkg'
[0.708s] Level 1:colcon.colcon_core.package_identification:_identify(.) by extensions ['colcon_meta']
[0.708s] Level 1:colcon.colcon_core.package_identification:_identify(.) by extension 'colcon_meta'
[0.708s] Level 1:colcon.colcon_core.package_identification:_identify(.) by extensions ['ros']
[0.708s] Level 1:colcon.colcon_core.package_identification:_identify(.) by extension 'ros'
[0.721s] Level 1:colcon.colcon_core.package_identification:_identify(.) by extensions ['cmake', 'python']
[0.721s] Level 1:colcon.colcon_core.package_identification:_identify(.) by extension 'cmake'
[0.721s] Level 1:colcon.colcon_core.package_identification:_identify(.) by extension 'python'
[0.721s] Level 1:colcon.colcon_core.package_identification:_identify(.) by extensions ['python_setup_py']
[0.721s] Level 1:colcon.colcon_core.package_identification:_identify(.) by extension 'python_setup_py'
[0.722s] Level 1:colcon.colcon_core.package_identification:_identify(build) by extensions ['ignore', 'ignore_ament_install']
[0.722s] Level 1:colcon.colcon_core.package_identification:_identify(build) by extension 'ignore'
[0.722s] Level 1:colcon.colcon_core.package_identification:_identify(build) ignored
[0.722s] Level 1:colcon.colcon_core.package_identification:_identify(install) by extensions ['ignore', 'ignore_ament_install']
[0.722s] Level 1:colcon.colcon_core.package_identification:_identify(install) by extension 'ignore'
[0.722s] Level 1:colcon.colcon_core.package_identification:_identify(install) ignored
[0.722s] Level 1:colcon.colcon_core.package_identification:_identify(log) by extensions ['ignore', 'ignore_ament_install']
[0.722s] Level 1:colcon.colcon_core.package_identification:_identify(log) by extension 'ignore'
[0.722s] Level 1:colcon.colcon_core.package_identification:_identify(log) ignored
[0.722s] Level 1:colcon.colcon_core.package_identification:_identify(src) by extensions ['ignore', 'ignore_ament_install']
[0.723s] Level 1:colcon.colcon_core.package_identification:_identify(src) by extension 'ignore'
[0.723s] Level 1:colcon.colcon_core.package_identification:_identify(src) by extension 'ignore_ament_install'
[0.723s] Level 1:colcon.colcon_core.package_identification:_identify(src) by extensions ['colcon_pkg']
[0.723s] Level 1:colcon.colcon_core.package_identification:_identify(src) by extension 'colcon_pkg'
[0.723s] Level 1:colcon.colcon_core.package_identification:_identify(src) by extensions ['colcon_meta']
[0.723s] Level 1:colcon.colcon_core.package_identification:_identify(src) by extension 'colcon_meta'
[0.723s] Level 1:colcon.colcon_core.package_identification:_identify(src) by extensions ['ros']
[0.723s] Level 1:colcon.colcon_core.package_identification:_identify(src) by extension 'ros'
[0.723s] Level 1:colcon.colcon_core.package_identification:_identify(src) by extensions ['cmake', 'python']
[0.723s] Level 1:colcon.colcon_core.package_identification:_identify(src) by extension 'cmake'
[0.723s] Level 1:colcon.colcon_core.package_identification:_identify(src) by extension 'python'
[0.723s] Level 1:colcon.colcon_core.package_identification:_identify(src) by extensions ['python_setup_py']
[0.723s] Level 1:colcon.colcon_core.package_identification:_identify(src) by extension 'python_setup_py'
[0.723s] Level 1:colcon.colcon_core.package_identification:_identify(src/face_detect) by extensions ['ignore', 'ignore_ament_install']
[0.723s] Level 1:colcon.colcon_core.package_identification:_identify(src/face_detect) by extension 'ignore'
[0.723s] Level 1:colcon.colcon_core.package_identification:_identify(src/face_detect) by extension 'ignore_ament_install'
[0.723s] Level 1:colcon.colcon_core.package_identification:_identify(src/face_detect) by extensions ['colcon_pkg']
[0.723s] Level 1:colcon.colcon_core.package_identification:_identify(src/face_detect) by extension 'colcon_pkg'
[0.723s] Level 1:colcon.colcon_core.package_identification:_identify(src/face_detect) by extensions ['colcon_meta']
[0.723s] Level 1:colcon.colcon_core.package_identification:_identify(src/face_detect) by extension 'colcon_meta'
[0.724s] Level 1:colcon.colcon_core.package_identification:_identify(src/face_detect) by extensions ['ros']
[0.724s] Level 1:colcon.colcon_core.package_identification:_identify(src/face_detect) by extension 'ros'
[0.727s] DEBUG:colcon.colcon_core.package_identification:Package 'src/face_detect' with type 'ros.ament_python' and name 'face_detect'
[0.727s] Level 1:colcon.colcon_core.package_identification:_identify(src/msg_interfaces) by extensions ['ignore', 'ignore_ament_install']
[0.727s] Level 1:colcon.colcon_core.package_identification:_identify(src/msg_interfaces) by extension 'ignore'
[0.727s] Level 1:colcon.colcon_core.package_identification:_identify(src/msg_interfaces) by extension 'ignore_ament_install'
[0.727s] Level 1:colcon.colcon_core.package_identification:_identify(src/msg_interfaces) by extensions ['colcon_pkg']
[0.727s] Level 1:colcon.colcon_core.package_identification:_identify(src/msg_interfaces) by extension 'colcon_pkg'
[0.727s] Level 1:colcon.colcon_core.package_identification:_identify(src/msg_interfaces) by extensions ['colcon_meta']
[0.727s] Level 1:colcon.colcon_core.package_identification:_identify(src/msg_interfaces) by extension 'colcon_meta'
[0.728s] Level 1:colcon.colcon_core.package_identification:_identify(src/msg_interfaces) by extensions ['ros']
[0.728s] Level 1:colcon.colcon_core.package_identification:_identify(src/msg_interfaces) by extension 'ros'
[0.728s] DEBUG:colcon.colcon_core.package_identification:Package 'src/msg_interfaces' with type 'ros.ament_cmake' and name 'msg_interfaces'
[0.728s] Level 1:colcon.colcon_core.package_identification:_identify(src/pc_stuts) by extensions ['ignore', 'ignore_ament_install']
[0.729s] Level 1:colcon.colcon_core.package_identification:_identify(src/pc_stuts) by extension 'ignore'
[0.729s] Level 1:colcon.colcon_core.package_identification:_identify(src/pc_stuts) by extension 'ignore_ament_install'
[0.729s] Level 1:colcon.colcon_core.package_identification:_identify(src/pc_stuts) by extensions ['colcon_pkg']
[0.729s] Level 1:colcon.colcon_core.package_identification:_identify(src/pc_stuts) by extension 'colcon_pkg'
[0.729s] Level 1:colcon.colcon_core.package_identification:_identify(src/pc_stuts) by extensions ['colcon_meta']
[0.729s] Level 1:colcon.colcon_core.package_identification:_identify(src/pc_stuts) by extension 'colcon_meta'
[0.729s] Level 1:colcon.colcon_core.package_identification:_identify(src/pc_stuts) by extensions ['ros']
[0.729s] Level 1:colcon.colcon_core.package_identification:_identify(src/pc_stuts) by extension 'ros'
[0.729s] DEBUG:colcon.colcon_core.package_identification:Package 'src/pc_stuts' with type 'ros.ament_python' and name 'pc_stuts'
[0.730s] Level 1:colcon.colcon_core.package_identification:_identify(src/test_pkg) by extensions ['ignore', 'ignore_ament_install']
[0.730s] Level 1:colcon.colcon_core.package_identification:_identify(src/test_pkg) by extension 'ignore'
[0.730s] Level 1:colcon.colcon_core.package_identification:_identify(src/test_pkg) by extension 'ignore_ament_install'
[0.730s] Level 1:colcon.colcon_core.package_identification:_identify(src/test_pkg) by extensions ['colcon_pkg']
[0.730s] Level 1:colcon.colcon_core.package_identification:_identify(src/test_pkg) by extension 'colcon_pkg'
[0.730s] Level 1:colcon.colcon_core.package_identification:_identify(src/test_pkg) by extensions ['colcon_meta']
[0.730s] Level 1:colcon.colcon_core.package_identification:_identify(src/test_pkg) by extension 'colcon_meta'
[0.730s] Level 1:colcon.colcon_core.package_identification:_identify(src/test_pkg) by extensions ['ros']
[0.730s] Level 1:colcon.colcon_core.package_identification:_identify(src/test_pkg) by extension 'ros'
[0.730s] DEBUG:colcon.colcon_core.package_identification:Package 'src/test_pkg' with type 'ros.ament_python' and name 'test_pkg'
[0.730s] Level 1:colcon.colcon_core.package_discovery:discover_packages(recursive) using defaults
[0.731s] Level 1:colcon.colcon_core.package_discovery:discover_packages(ignore) discover
[0.731s] Level 1:colcon.colcon_core.package_discovery:discover_packages(ignore) using defaults
[0.731s] Level 1:colcon.colcon_core.package_discovery:discover_packages(path) discover
[0.731s] Level 1:colcon.colcon_core.package_discovery:discover_packages(path) using defaults
[0.772s] Level 1:colcon.colcon_core.package_discovery:discover_packages(prefix_path) check parameters
[0.772s] Level 1:colcon.colcon_core.package_discovery:discover_packages(prefix_path) discover
[0.778s] DEBUG:colcon.colcon_installed_package_information.package_discovery:Found 4 installed packages in /home/xc2204/ros2_new_study/install
[0.781s] DEBUG:colcon.colcon_installed_package_information.package_discovery:Found 384 installed packages in /opt/ros/humble
[0.783s] Level 1:colcon.colcon_core.package_discovery:discover_packages(prefix_path) using defaults
[0.953s] Level 5:colcon.colcon_core.verb:set package 'face_detect' build argument 'cmake_args' from command line to 'None'
[0.953s] Level 5:colcon.colcon_core.verb:set package 'face_detect' build argument 'cmake_target' from command line to 'None'
[0.953s] Level 5:colcon.colcon_core.verb:set package 'face_detect' build argument 'cmake_target_skip_unavailable' from command line to 'False'
[0.953s] Level 5:colcon.colcon_core.verb:set package 'face_detect' build argument 'cmake_clean_cache' from command line to 'False'
[0.953s] Level 5:colcon.colcon_core.verb:set package 'face_detect' build argument 'cmake_clean_first' from command line to 'False'
[0.953s] Level 5:colcon.colcon_core.verb:set package 'face_detect' build argument 'cmake_force_configure' from command line to 'False'
[0.953s] Level 5:colcon.colcon_core.verb:set package 'face_detect' build argument 'ament_cmake_args' from command line to 'None'
[0.953s] Level 5:colcon.colcon_core.verb:set package 'face_detect' build argument 'catkin_cmake_args' from command line to 'None'
[0.953s] Level 5:colcon.colcon_core.verb:set package 'face_detect' build argument 'catkin_skip_building_tests' from command line to 'False'
[0.953s] DEBUG:colcon.colcon_core.verb:Building package 'face_detect' with the following arguments: {'ament_cmake_args': None, 'build_base': '/home/xc2204/ros2_new_study/build/face_detect', 'catkin_cmake_args': None, 'catkin_skip_building_tests': False, 'cmake_args': None, 'cmake_clean_cache': False, 'cmake_clean_first': False, 'cmake_force_configure': False, 'cmake_target': None, 'cmake_target_skip_unavailable': False, 'install_base': '/home/xc2204/ros2_new_study/install/face_detect', 'merge_install': False, 'path': '/home/xc2204/ros2_new_study/src/face_detect', 'symlink_install': False, 'test_result_base': None}
[0.953s] Level 5:colcon.colcon_core.verb:set package 'msg_interfaces' build argument 'cmake_args' from command line to 'None'
[0.953s] Level 5:colcon.colcon_core.verb:set package 'msg_interfaces' build argument 'cmake_target' from command line to 'None'
[0.953s] Level 5:colcon.colcon_core.verb:set package 'msg_interfaces' build argument 'cmake_target_skip_unavailable' from command line to 'False'
[0.953s] Level 5:colcon.colcon_core.verb:set package 'msg_interfaces' build argument 'cmake_clean_cache' from command line to 'False'
[0.953s] Level 5:colcon.colcon_core.verb:set package 'msg_interfaces' build argument 'cmake_clean_first' from command line to 'False'
[0.953s] Level 5:colcon.colcon_core.verb:set package 'msg_interfaces' build argument 'cmake_force_configure' from command line to 'False'
[0.954s] Level 5:colcon.colcon_core.verb:set package 'msg_interfaces' build argument 'ament_cmake_args' from command line to 'None'
[0.954s] Level 5:colcon.colcon_core.verb:set package 'msg_interfaces' build argument 'catkin_cmake_args' from command line to 'None'
[0.954s] Level 5:colcon.colcon_core.verb:set package 'msg_interfaces' build argument 'catkin_skip_building_tests' from command line to 'False'
[0.954s] DEBUG:colcon.colcon_core.verb:Building package 'msg_interfaces' with the following arguments: {'ament_cmake_args': None, 'build_base': '/home/xc2204/ros2_new_study/build/msg_interfaces', 'catkin_cmake_args': None, 'catkin_skip_building_tests': False, 'cmake_args': None, 'cmake_clean_cache': False, 'cmake_clean_first': False, 'cmake_force_configure': False, 'cmake_target': None, 'cmake_target_skip_unavailable': False, 'install_base': '/home/xc2204/ros2_new_study/install/msg_interfaces', 'merge_install': False, 'path': '/home/xc2204/ros2_new_study/src/msg_interfaces', 'symlink_install': False, 'test_result_base': None}
[0.954s] Level 5:colcon.colcon_core.verb:set package 'pc_stuts' build argument 'cmake_args' from command line to 'None'
[0.954s] Level 5:colcon.colcon_core.verb:set package 'pc_stuts' build argument 'cmake_target' from command line to 'None'
[0.954s] Level 5:colcon.colcon_core.verb:set package 'pc_stuts' build argument 'cmake_target_skip_unavailable' from command line to 'False'
[0.954s] Level 5:colcon.colcon_core.verb:set package 'pc_stuts' build argument 'cmake_clean_cache' from command line to 'False'
[0.954s] Level 5:colcon.colcon_core.verb:set package 'pc_stuts' build argument 'cmake_clean_first' from command line to 'False'
[0.954s] Level 5:colcon.colcon_core.verb:set package 'pc_stuts' build argument 'cmake_force_configure' from command line to 'False'
[0.954s] Level 5:colcon.colcon_core.verb:set package 'pc_stuts' build argument 'ament_cmake_args' from command line to 'None'
[0.954s] Level 5:colcon.colcon_core.verb:set package 'pc_stuts' build argument 'catkin_cmake_args' from command line to 'None'
[0.954s] Level 5:colcon.colcon_core.verb:set package 'pc_stuts' build argument 'catkin_skip_building_tests' from command line to 'False'
[0.954s] DEBUG:colcon.colcon_core.verb:Building package 'pc_stuts' with the following arguments: {'ament_cmake_args': None, 'build_base': '/home/xc2204/ros2_new_study/build/pc_stuts', 'catkin_cmake_args': None, 'catkin_skip_building_tests': False, 'cmake_args': None, 'cmake_clean_cache': False, 'cmake_clean_first': False, 'cmake_force_configure': False, 'cmake_target': None, 'cmake_target_skip_unavailable': False, 'install_base': '/home/xc2204/ros2_new_study/install/pc_stuts', 'merge_install': False, 'path': '/home/xc2204/ros2_new_study/src/pc_stuts', 'symlink_install': False, 'test_result_base': None}
[0.955s] Level 5:colcon.colcon_core.verb:set package 'test_pkg' build argument 'cmake_args' from command line to 'None'
[0.955s] Level 5:colcon.colcon_core.verb:set package 'test_pkg' build argument 'cmake_target' from command line to 'None'
[0.955s] Level 5:colcon.colcon_core.verb:set package 'test_pkg' build argument 'cmake_target_skip_unavailable' from command line to 'False'
[0.955s] Level 5:colcon.colcon_core.verb:set package 'test_pkg' build argument 'cmake_clean_cache' from command line to 'False'
[0.955s] Level 5:colcon.colcon_core.verb:set package 'test_pkg' build argument 'cmake_clean_first' from command line to 'False'
[0.955s] Level 5:colcon.colcon_core.verb:set package 'test_pkg' build argument 'cmake_force_configure' from command line to 'False'
[0.955s] Level 5:colcon.colcon_core.verb:set package 'test_pkg' build argument 'ament_cmake_args' from command line to 'None'
[0.955s] Level 5:colcon.colcon_core.verb:set package 'test_pkg' build argument 'catkin_cmake_args' from command line to 'None'
[0.955s] Level 5:colcon.colcon_core.verb:set package 'test_pkg' build argument 'catkin_skip_building_tests' from command line to 'False'
[0.955s] DEBUG:colcon.colcon_core.verb:Building package 'test_pkg' with the following arguments: {'ament_cmake_args': None, 'build_base': '/home/xc2204/ros2_new_study/build/test_pkg', 'catkin_cmake_args': None, 'catkin_skip_building_tests': False, 'cmake_args': None, 'cmake_clean_cache': False, 'cmake_clean_first': False, 'cmake_force_configure': False, 'cmake_target': None, 'cmake_target_skip_unavailable': False, 'install_base': '/home/xc2204/ros2_new_study/install/test_pkg', 'merge_install': False, 'path': '/home/xc2204/ros2_new_study/src/test_pkg', 'symlink_install': False, 'test_result_base': None}
[0.955s] INFO:colcon.colcon_core.executor:Executing jobs using 'parallel' executor
[0.956s] DEBUG:colcon.colcon_parallel_executor.executor.parallel:run_until_complete
[0.956s] INFO:colcon.colcon_ros.task.ament_cmake.build:Building ROS package in '/home/xc2204/ros2_new_study/src/msg_interfaces' with build type 'ament_cmake'
[0.957s] INFO:colcon.colcon_cmake.task.cmake.build:Building CMake package in '/home/xc2204/ros2_new_study/src/msg_interfaces'
[0.966s] INFO:colcon.colcon_core.plugin_system:Skipping extension 'colcon_core.shell.bat': Not used on non-Windows systems
[0.966s] INFO:colcon.colcon_core.shell:Skip shell extension 'powershell' for command environment: Not usable outside of PowerShell
[0.966s] DEBUG:colcon.colcon_core.shell:Skip shell extension 'dsv' for command environment
[0.971s] INFO:colcon.colcon_ros.task.ament_python.build:Building ROS package in '/home/xc2204/ros2_new_study/src/face_detect' with build type 'ament_python'
[0.971s] Level 1:colcon.colcon_core.shell:create_environment_hook('face_detect', 'ament_prefix_path')
[0.972s] INFO:colcon.colcon_core.shell:Creating environment hook '/home/xc2204/ros2_new_study/install/face_detect/share/face_detect/hook/ament_prefix_path.ps1'
[0.973s] INFO:colcon.colcon_core.shell:Creating environment descriptor '/home/xc2204/ros2_new_study/install/face_detect/share/face_detect/hook/ament_prefix_path.dsv'
[0.974s] INFO:colcon.colcon_core.shell:Creating environment hook '/home/xc2204/ros2_new_study/install/face_detect/share/face_detect/hook/ament_prefix_path.sh'
[0.975s] INFO:colcon.colcon_core.shell:Skip shell extension 'powershell' for command environment: Not usable outside of PowerShell
[0.975s] DEBUG:colcon.colcon_core.shell:Skip shell extension 'dsv' for command environment
[0.982s] DEBUG:colcon.colcon_core.event_handler.log_command:Invoking command in '/home/xc2204/ros2_new_study/build/msg_interfaces': CMAKE_PREFIX_PATH=${CMAKE_PREFIX_PATH}:/home/xc2204/ros2_new_study/install/test_pkg:/home/xc2204/ros2_new_study/install/pc_stuts:/home/xc2204/ros2_new_study/install/face_detect:/opt/ros/humble /usr/bin/cmake --build /home/xc2204/ros2_new_study/build/msg_interfaces -- -j20 -l20
[1.223s] INFO:colcon.colcon_core.task.python.build:Building Python package in '/home/xc2204/ros2_new_study/src/face_detect'
[1.223s] INFO:colcon.colcon_core.shell:Skip shell extension 'powershell' for command environment: Not usable outside of PowerShell
[1.223s] DEBUG:colcon.colcon_core.shell:Skip shell extension 'dsv' for command environment
[1.372s] DEBUG:colcon.colcon_core.event_handler.log_command:Invoked command in '/home/xc2204/ros2_new_study/build/msg_interfaces' returned '0': CMAKE_PREFIX_PATH=${CMAKE_PREFIX_PATH}:/home/xc2204/ros2_new_study/install/test_pkg:/home/xc2204/ros2_new_study/install/pc_stuts:/home/xc2204/ros2_new_study/install/face_detect:/opt/ros/humble /usr/bin/cmake --build /home/xc2204/ros2_new_study/build/msg_interfaces -- -j20 -l20
[1.383s] DEBUG:colcon.colcon_core.event_handler.log_command:Invoking command in '/home/xc2204/ros2_new_study/build/msg_interfaces': CMAKE_PREFIX_PATH=${CMAKE_PREFIX_PATH}:/home/xc2204/ros2_new_study/install/test_pkg:/home/xc2204/ros2_new_study/install/pc_stuts:/home/xc2204/ros2_new_study/install/face_detect:/opt/ros/humble /usr/bin/cmake --install /home/xc2204/ros2_new_study/build/msg_interfaces
[1.462s] Level 1:colcon.colcon_core.environment:create_environment_scripts_only(msg_interfaces)
[1.463s] DEBUG:colcon.colcon_core.event_handler.log_command:Invoked command in '/home/xc2204/ros2_new_study/build/msg_interfaces' returned '0': CMAKE_PREFIX_PATH=${CMAKE_PREFIX_PATH}:/home/xc2204/ros2_new_study/install/test_pkg:/home/xc2204/ros2_new_study/install/pc_stuts:/home/xc2204/ros2_new_study/install/face_detect:/opt/ros/humble /usr/bin/cmake --install /home/xc2204/ros2_new_study/build/msg_interfaces
[1.472s] Level 1:colcon.colcon_core.environment:checking '/home/xc2204/ros2_new_study/install/msg_interfaces' for CMake module files
[1.472s] Level 1:colcon.colcon_core.environment:checking '/home/xc2204/ros2_new_study/install/msg_interfaces' for CMake config files
[1.473s] Level 1:colcon.colcon_core.shell:create_environment_hook('msg_interfaces', 'cmake_prefix_path')
[1.473s] INFO:colcon.colcon_core.shell:Creating environment hook '/home/xc2204/ros2_new_study/install/msg_interfaces/share/msg_interfaces/hook/cmake_prefix_path.ps1'
[1.474s] INFO:colcon.colcon_core.shell:Creating environment descriptor '/home/xc2204/ros2_new_study/install/msg_interfaces/share/msg_interfaces/hook/cmake_prefix_path.dsv'
[1.475s] INFO:colcon.colcon_core.shell:Creating environment hook '/home/xc2204/ros2_new_study/install/msg_interfaces/share/msg_interfaces/hook/cmake_prefix_path.sh'
[1.475s] Level 1:colcon.colcon_core.environment:checking '/home/xc2204/ros2_new_study/install/msg_interfaces/lib'
[1.475s] Level 1:colcon.colcon_core.shell:create_environment_hook('msg_interfaces', 'ld_library_path_lib')
[1.476s] INFO:colcon.colcon_core.shell:Creating environment hook '/home/xc2204/ros2_new_study/install/msg_interfaces/share/msg_interfaces/hook/ld_library_path_lib.ps1'
[1.476s] INFO:colcon.colcon_core.shell:Creating environment descriptor '/home/xc2204/ros2_new_study/install/msg_interfaces/share/msg_interfaces/hook/ld_library_path_lib.dsv'
[1.476s] INFO:colcon.colcon_core.shell:Creating environment hook '/home/xc2204/ros2_new_study/install/msg_interfaces/share/msg_interfaces/hook/ld_library_path_lib.sh'
[1.477s] Level 1:colcon.colcon_core.environment:checking '/home/xc2204/ros2_new_study/install/msg_interfaces/bin'
[1.477s] Level 1:colcon.colcon_core.environment:checking '/home/xc2204/ros2_new_study/install/msg_interfaces/lib/pkgconfig/msg_interfaces.pc'
[1.477s] Level 1:colcon.colcon_core.environment:checking '/home/xc2204/ros2_new_study/install/msg_interfaces/lib/python3.10/site-packages'
[1.477s] Level 1:colcon.colcon_core.environment:checking '/home/xc2204/ros2_new_study/install/msg_interfaces/bin'
[1.478s] INFO:colcon.colcon_core.shell:Creating package script '/home/xc2204/ros2_new_study/install/msg_interfaces/share/msg_interfaces/package.ps1'
[1.479s] INFO:colcon.colcon_core.shell:Creating package descriptor '/home/xc2204/ros2_new_study/install/msg_interfaces/share/msg_interfaces/package.dsv'
[1.480s] INFO:colcon.colcon_core.shell:Creating package script '/home/xc2204/ros2_new_study/install/msg_interfaces/share/msg_interfaces/package.sh'
[1.482s] INFO:colcon.colcon_core.shell:Creating package script '/home/xc2204/ros2_new_study/install/msg_interfaces/share/msg_interfaces/package.bash'
[1.483s] INFO:colcon.colcon_core.shell:Creating package script '/home/xc2204/ros2_new_study/install/msg_interfaces/share/msg_interfaces/package.zsh'
[1.485s] Level 1:colcon.colcon_core.environment:create_file_with_runtime_dependencies(/home/xc2204/ros2_new_study/install/msg_interfaces/share/colcon-core/packages/msg_interfaces)
[1.486s] Level 1:colcon.colcon_core.environment:create_environment_scripts_only(msg_interfaces)
[1.487s] Level 1:colcon.colcon_core.environment:checking '/home/xc2204/ros2_new_study/install/msg_interfaces' for CMake module files
[1.487s] Level 1:colcon.colcon_core.environment:checking '/home/xc2204/ros2_new_study/install/msg_interfaces' for CMake config files
[1.487s] Level 1:colcon.colcon_core.shell:create_environment_hook('msg_interfaces', 'cmake_prefix_path')
[1.487s] INFO:colcon.colcon_core.shell:Creating environment hook '/home/xc2204/ros2_new_study/install/msg_interfaces/share/msg_interfaces/hook/cmake_prefix_path.ps1'
[1.488s] INFO:colcon.colcon_core.shell:Creating environment descriptor '/home/xc2204/ros2_new_study/install/msg_interfaces/share/msg_interfaces/hook/cmake_prefix_path.dsv'
[1.488s] INFO:colcon.colcon_core.shell:Creating environment hook '/home/xc2204/ros2_new_study/install/msg_interfaces/share/msg_interfaces/hook/cmake_prefix_path.sh'
[1.489s] Level 1:colcon.colcon_core.environment:checking '/home/xc2204/ros2_new_study/install/msg_interfaces/lib'
[1.489s] Level 1:colcon.colcon_core.shell:create_environment_hook('msg_interfaces', 'ld_library_path_lib')
[1.489s] INFO:colcon.colcon_core.shell:Creating environment hook '/home/xc2204/ros2_new_study/install/msg_interfaces/share/msg_interfaces/hook/ld_library_path_lib.ps1'
[1.489s] INFO:colcon.colcon_core.shell:Creating environment descriptor '/home/xc2204/ros2_new_study/install/msg_interfaces/share/msg_interfaces/hook/ld_library_path_lib.dsv'
[1.490s] INFO:colcon.colcon_core.shell:Creating environment hook '/home/xc2204/ros2_new_study/install/msg_interfaces/share/msg_interfaces/hook/ld_library_path_lib.sh'
[1.490s] Level 1:colcon.colcon_core.environment:checking '/home/xc2204/ros2_new_study/install/msg_interfaces/bin'
[1.490s] Level 1:colcon.colcon_core.environment:checking '/home/xc2204/ros2_new_study/install/msg_interfaces/lib/pkgconfig/msg_interfaces.pc'
[1.490s] Level 1:colcon.colcon_core.environment:checking '/home/xc2204/ros2_new_study/install/msg_interfaces/lib/python3.10/site-packages'
[1.491s] Level 1:colcon.colcon_core.environment:checking '/home/xc2204/ros2_new_study/install/msg_interfaces/bin'
[1.491s] INFO:colcon.colcon_core.shell:Creating package script '/home/xc2204/ros2_new_study/install/msg_interfaces/share/msg_interfaces/package.ps1'
[1.492s] INFO:colcon.colcon_core.shell:Creating package descriptor '/home/xc2204/ros2_new_study/install/msg_interfaces/share/msg_interfaces/package.dsv'
[1.492s] INFO:colcon.colcon_core.shell:Creating package script '/home/xc2204/ros2_new_study/install/msg_interfaces/share/msg_interfaces/package.sh'
[1.492s] INFO:colcon.colcon_core.shell:Creating package script '/home/xc2204/ros2_new_study/install/msg_interfaces/share/msg_interfaces/package.bash'
[1.493s] INFO:colcon.colcon_core.shell:Creating package script '/home/xc2204/ros2_new_study/install/msg_interfaces/share/msg_interfaces/package.zsh'
[1.493s] Level 1:colcon.colcon_core.environment:create_file_with_runtime_dependencies(/home/xc2204/ros2_new_study/install/msg_interfaces/share/colcon-core/packages/msg_interfaces)
[1.494s] INFO:colcon.colcon_ros.task.ament_python.build:Building ROS package in '/home/xc2204/ros2_new_study/src/pc_stuts' with build type 'ament_python'
[1.494s] Level 1:colcon.colcon_core.shell:create_environment_hook('pc_stuts', 'ament_prefix_path')
[1.494s] INFO:colcon.colcon_core.shell:Creating environment hook '/home/xc2204/ros2_new_study/install/pc_stuts/share/pc_stuts/hook/ament_prefix_path.ps1'
[1.495s] INFO:colcon.colcon_core.shell:Creating environment descriptor '/home/xc2204/ros2_new_study/install/pc_stuts/share/pc_stuts/hook/ament_prefix_path.dsv'
[1.496s] INFO:colcon.colcon_core.shell:Creating environment hook '/home/xc2204/ros2_new_study/install/pc_stuts/share/pc_stuts/hook/ament_prefix_path.sh'
[1.497s] INFO:colcon.colcon_core.shell:Skip shell extension 'powershell' for command environment: Not usable outside of PowerShell
[1.497s] DEBUG:colcon.colcon_core.shell:Skip shell extension 'dsv' for command environment
[1.500s] INFO:colcon.colcon_ros.task.ament_python.build:Building ROS package in '/home/xc2204/ros2_new_study/src/test_pkg' with build type 'ament_python'
[1.500s] Level 1:colcon.colcon_core.shell:create_environment_hook('test_pkg', 'ament_prefix_path')
[1.501s] INFO:colcon.colcon_core.shell:Creating environment hook '/home/xc2204/ros2_new_study/install/test_pkg/share/test_pkg/hook/ament_prefix_path.ps1'
[1.501s] INFO:colcon.colcon_core.shell:Creating environment descriptor '/home/xc2204/ros2_new_study/install/test_pkg/share/test_pkg/hook/ament_prefix_path.dsv'
[1.502s] INFO:colcon.colcon_core.shell:Creating environment hook '/home/xc2204/ros2_new_study/install/test_pkg/share/test_pkg/hook/ament_prefix_path.sh'
[1.502s] INFO:colcon.colcon_core.shell:Skip shell extension 'powershell' for command environment: Not usable outside of PowerShell
[1.502s] DEBUG:colcon.colcon_core.shell:Skip shell extension 'dsv' for command environment
[1.843s] INFO:colcon.colcon_core.task.python.build:Building Python package in '/home/xc2204/ros2_new_study/src/test_pkg'
[1.844s] INFO:colcon.colcon_core.shell:Skip shell extension 'powershell' for command environment: Not usable outside of PowerShell
[1.844s] DEBUG:colcon.colcon_core.shell:Skip shell extension 'dsv' for command environment
[2.044s] INFO:colcon.colcon_core.task.python.build:Building Python package in '/home/xc2204/ros2_new_study/src/pc_stuts'
[2.044s] INFO:colcon.colcon_core.shell:Skip shell extension 'powershell' for command environment: Not usable outside of PowerShell
[2.044s] DEBUG:colcon.colcon_core.shell:Skip shell extension 'dsv' for command environment
[2.051s] DEBUG:colcon.colcon_core.event_handler.log_command:Invoking command in '/home/xc2204/ros2_new_study/src/face_detect': PYTHONPATH=/home/xc2204/ros2_new_study/build/face_detect/prefix_override:/usr/lib/python3/dist-packages/colcon_core/task/python/colcon_distutils_commands:/home/xc2204/ros2_new_study/install/face_detect/lib/python3.10/site-packages:${PYTHONPATH} /usr/bin/python3 -W ignore:setup.py install is deprecated -W ignore:easy_install command is deprecated setup.py egg_info --egg-base ../../build/face_detect build --build-base /home/xc2204/ros2_new_study/build/face_detect/build install --record /home/xc2204/ros2_new_study/build/face_detect/install.log --single-version-externally-managed install_data
[2.333s] Level 1:colcon.colcon_core.environment:checking '/home/xc2204/ros2_new_study/install/face_detect' for CMake module files
[2.334s] DEBUG:colcon.colcon_core.event_handler.log_command:Invoked command in '/home/xc2204/ros2_new_study/src/face_detect' returned '0': PYTHONPATH=/home/xc2204/ros2_new_study/build/face_detect/prefix_override:/usr/lib/python3/dist-packages/colcon_core/task/python/colcon_distutils_commands:/home/xc2204/ros2_new_study/install/face_detect/lib/python3.10/site-packages:${PYTHONPATH} /usr/bin/python3 -W ignore:setup.py install is deprecated -W ignore:easy_install command is deprecated setup.py egg_info --egg-base ../../build/face_detect build --build-base /home/xc2204/ros2_new_study/build/face_detect/build install --record /home/xc2204/ros2_new_study/build/face_detect/install.log --single-version-externally-managed install_data
[2.334s] Level 1:colcon.colcon_core.environment:checking '/home/xc2204/ros2_new_study/install/face_detect' for CMake config files
[2.335s] Level 1:colcon.colcon_core.environment:checking '/home/xc2204/ros2_new_study/install/face_detect/lib'
[2.335s] Level 1:colcon.colcon_core.environment:checking '/home/xc2204/ros2_new_study/install/face_detect/bin'
[2.335s] Level 1:colcon.colcon_core.environment:checking '/home/xc2204/ros2_new_study/install/face_detect/lib/pkgconfig/face_detect.pc'
[2.335s] Level 1:colcon.colcon_core.environment:checking '/home/xc2204/ros2_new_study/install/face_detect/lib/python3.10/site-packages'
[2.335s] Level 1:colcon.colcon_core.shell:create_environment_hook('face_detect', 'pythonpath')
[2.336s] INFO:colcon.colcon_core.shell:Creating environment hook '/home/xc2204/ros2_new_study/install/face_detect/share/face_detect/hook/pythonpath.ps1'
[2.336s] INFO:colcon.colcon_core.shell:Creating environment descriptor '/home/xc2204/ros2_new_study/install/face_detect/share/face_detect/hook/pythonpath.dsv'
[2.336s] INFO:colcon.colcon_core.shell:Creating environment hook '/home/xc2204/ros2_new_study/install/face_detect/share/face_detect/hook/pythonpath.sh'
[2.337s] Level 1:colcon.colcon_core.environment:checking '/home/xc2204/ros2_new_study/install/face_detect/bin'
[2.337s] Level 1:colcon.colcon_core.environment:create_environment_scripts_only(face_detect)
[2.337s] INFO:colcon.colcon_core.shell:Creating package script '/home/xc2204/ros2_new_study/install/face_detect/share/face_detect/package.ps1'
[2.338s] INFO:colcon.colcon_core.shell:Creating package descriptor '/home/xc2204/ros2_new_study/install/face_detect/share/face_detect/package.dsv'
[2.338s] INFO:colcon.colcon_core.shell:Creating package script '/home/xc2204/ros2_new_study/install/face_detect/share/face_detect/package.sh'
[2.338s] INFO:colcon.colcon_core.shell:Creating package script '/home/xc2204/ros2_new_study/install/face_detect/share/face_detect/package.bash'
[2.339s] INFO:colcon.colcon_core.shell:Creating package script '/home/xc2204/ros2_new_study/install/face_detect/share/face_detect/package.zsh'
[2.339s] Level 1:colcon.colcon_core.environment:create_file_with_runtime_dependencies(/home/xc2204/ros2_new_study/install/face_detect/share/colcon-core/packages/face_detect)
[2.382s] DEBUG:colcon.colcon_core.event_handler.log_command:Invoking command in '/home/xc2204/ros2_new_study/src/test_pkg': PYTHONPATH=/home/xc2204/ros2_new_study/build/test_pkg/prefix_override:/usr/lib/python3/dist-packages/colcon_core/task/python/colcon_distutils_commands:/home/xc2204/ros2_new_study/install/test_pkg/lib/python3.10/site-packages:${PYTHONPATH} /usr/bin/python3 -W ignore:setup.py install is deprecated -W ignore:easy_install command is deprecated setup.py egg_info --egg-base ../../build/test_pkg build --build-base /home/xc2204/ros2_new_study/build/test_pkg/build install --record /home/xc2204/ros2_new_study/build/test_pkg/install.log --single-version-externally-managed install_data
[2.568s] DEBUG:colcon.colcon_core.event_handler.log_command:Invoking command in '/home/xc2204/ros2_new_study/src/pc_stuts': PYTHONPATH=/home/xc2204/ros2_new_study/build/pc_stuts/prefix_override:/usr/lib/python3/dist-packages/colcon_core/task/python/colcon_distutils_commands:/home/xc2204/ros2_new_study/install/pc_stuts/lib/python3.10/site-packages:${PYTHONPATH} /usr/bin/python3 -W ignore:setup.py install is deprecated -W ignore:easy_install command is deprecated setup.py egg_info --egg-base ../../build/pc_stuts build --build-base /home/xc2204/ros2_new_study/build/pc_stuts/build install --record /home/xc2204/ros2_new_study/build/pc_stuts/install.log --single-version-externally-managed install_data
[2.674s] Level 1:colcon.colcon_core.environment:checking '/home/xc2204/ros2_new_study/install/test_pkg' for CMake module files
[2.675s] DEBUG:colcon.colcon_core.event_handler.log_command:Invoked command in '/home/xc2204/ros2_new_study/src/test_pkg' returned '0': PYTHONPATH=/home/xc2204/ros2_new_study/build/test_pkg/prefix_override:/usr/lib/python3/dist-packages/colcon_core/task/python/colcon_distutils_commands:/home/xc2204/ros2_new_study/install/test_pkg/lib/python3.10/site-packages:${PYTHONPATH} /usr/bin/python3 -W ignore:setup.py install is deprecated -W ignore:easy_install command is deprecated setup.py egg_info --egg-base ../../build/test_pkg build --build-base /home/xc2204/ros2_new_study/build/test_pkg/build install --record /home/xc2204/ros2_new_study/build/test_pkg/install.log --single-version-externally-managed install_data
[2.675s] Level 1:colcon.colcon_core.environment:checking '/home/xc2204/ros2_new_study/install/test_pkg' for CMake config files
[2.677s] Level 1:colcon.colcon_core.environment:checking '/home/xc2204/ros2_new_study/install/test_pkg/lib'
[2.677s] Level 1:colcon.colcon_core.environment:checking '/home/xc2204/ros2_new_study/install/test_pkg/bin'
[2.677s] Level 1:colcon.colcon_core.environment:checking '/home/xc2204/ros2_new_study/install/test_pkg/lib/pkgconfig/test_pkg.pc'
[2.678s] Level 1:colcon.colcon_core.environment:checking '/home/xc2204/ros2_new_study/install/test_pkg/lib/python3.10/site-packages'
[2.678s] Level 1:colcon.colcon_core.shell:create_environment_hook('test_pkg', 'pythonpath')
[2.678s] INFO:colcon.colcon_core.shell:Creating environment hook '/home/xc2204/ros2_new_study/install/test_pkg/share/test_pkg/hook/pythonpath.ps1'
[2.679s] INFO:colcon.colcon_core.shell:Creating environment descriptor '/home/xc2204/ros2_new_study/install/test_pkg/share/test_pkg/hook/pythonpath.dsv'
[2.680s] INFO:colcon.colcon_core.shell:Creating environment hook '/home/xc2204/ros2_new_study/install/test_pkg/share/test_pkg/hook/pythonpath.sh'
[2.681s] Level 1:colcon.colcon_core.environment:checking '/home/xc2204/ros2_new_study/install/test_pkg/bin'
[2.681s] Level 1:colcon.colcon_core.environment:create_environment_scripts_only(test_pkg)
[2.681s] INFO:colcon.colcon_core.shell:Creating package script '/home/xc2204/ros2_new_study/install/test_pkg/share/test_pkg/package.ps1'
[2.682s] INFO:colcon.colcon_core.shell:Creating package descriptor '/home/xc2204/ros2_new_study/install/test_pkg/share/test_pkg/package.dsv'
[2.683s] INFO:colcon.colcon_core.shell:Creating package script '/home/xc2204/ros2_new_study/install/test_pkg/share/test_pkg/package.sh'
[2.683s] INFO:colcon.colcon_core.shell:Creating package script '/home/xc2204/ros2_new_study/install/test_pkg/share/test_pkg/package.bash'
[2.684s] INFO:colcon.colcon_core.shell:Creating package script '/home/xc2204/ros2_new_study/install/test_pkg/share/test_pkg/package.zsh'
[2.684s] Level 1:colcon.colcon_core.environment:create_file_with_runtime_dependencies(/home/xc2204/ros2_new_study/install/test_pkg/share/colcon-core/packages/test_pkg)
[2.874s] Level 1:colcon.colcon_core.environment:checking '/home/xc2204/ros2_new_study/install/pc_stuts' for CMake module files
[2.874s] DEBUG:colcon.colcon_core.event_handler.log_command:Invoked command in '/home/xc2204/ros2_new_study/src/pc_stuts' returned '0': PYTHONPATH=/home/xc2204/ros2_new_study/build/pc_stuts/prefix_override:/usr/lib/python3/dist-packages/colcon_core/task/python/colcon_distutils_commands:/home/xc2204/ros2_new_study/install/pc_stuts/lib/python3.10/site-packages:${PYTHONPATH} /usr/bin/python3 -W ignore:setup.py install is deprecated -W ignore:easy_install command is deprecated setup.py egg_info --egg-base ../../build/pc_stuts build --build-base /home/xc2204/ros2_new_study/build/pc_stuts/build install --record /home/xc2204/ros2_new_study/build/pc_stuts/install.log --single-version-externally-managed install_data
[2.875s] Level 1:colcon.colcon_core.environment:checking '/home/xc2204/ros2_new_study/install/pc_stuts' for CMake config files
[2.876s] Level 1:colcon.colcon_core.environment:checking '/home/xc2204/ros2_new_study/install/pc_stuts/lib'
[2.876s] Level 1:colcon.colcon_core.environment:checking '/home/xc2204/ros2_new_study/install/pc_stuts/bin'
[2.876s] Level 1:colcon.colcon_core.environment:checking '/home/xc2204/ros2_new_study/install/pc_stuts/lib/pkgconfig/pc_stuts.pc'
[2.876s] Level 1:colcon.colcon_core.environment:checking '/home/xc2204/ros2_new_study/install/pc_stuts/lib/python3.10/site-packages'
[2.876s] Level 1:colcon.colcon_core.shell:create_environment_hook('pc_stuts', 'pythonpath')
[2.876s] INFO:colcon.colcon_core.shell:Creating environment hook '/home/xc2204/ros2_new_study/install/pc_stuts/share/pc_stuts/hook/pythonpath.ps1'
[2.877s] INFO:colcon.colcon_core.shell:Creating environment descriptor '/home/xc2204/ros2_new_study/install/pc_stuts/share/pc_stuts/hook/pythonpath.dsv'
[2.877s] INFO:colcon.colcon_core.shell:Creating environment hook '/home/xc2204/ros2_new_study/install/pc_stuts/share/pc_stuts/hook/pythonpath.sh'
[2.878s] Level 1:colcon.colcon_core.environment:checking '/home/xc2204/ros2_new_study/install/pc_stuts/bin'
[2.878s] Level 1:colcon.colcon_core.environment:create_environment_scripts_only(pc_stuts)
[2.878s] INFO:colcon.colcon_core.shell:Creating package script '/home/xc2204/ros2_new_study/install/pc_stuts/share/pc_stuts/package.ps1'
[2.878s] INFO:colcon.colcon_core.shell:Creating package descriptor '/home/xc2204/ros2_new_study/install/pc_stuts/share/pc_stuts/package.dsv'
[2.879s] INFO:colcon.colcon_core.shell:Creating package script '/home/xc2204/ros2_new_study/install/pc_stuts/share/pc_stuts/package.sh'
[2.879s] INFO:colcon.colcon_core.shell:Creating package script '/home/xc2204/ros2_new_study/install/pc_stuts/share/pc_stuts/package.bash'
[2.879s] INFO:colcon.colcon_core.shell:Creating package script '/home/xc2204/ros2_new_study/install/pc_stuts/share/pc_stuts/package.zsh'
[2.880s] Level 1:colcon.colcon_core.environment:create_file_with_runtime_dependencies(/home/xc2204/ros2_new_study/install/pc_stuts/share/colcon-core/packages/pc_stuts)
[2.880s] DEBUG:colcon.colcon_parallel_executor.executor.parallel:closing loop
[2.881s] DEBUG:colcon.colcon_parallel_executor.executor.parallel:loop closed
[2.881s] DEBUG:colcon.colcon_parallel_executor.executor.parallel:run_until_complete finished with '0'
[2.881s] DEBUG:colcon.colcon_core.event_reactor:joining thread
[2.893s] INFO:colcon.colcon_core.plugin_system:Skipping extension 'colcon_notification.desktop_notification.terminal_notifier': Not used on non-Darwin systems
[2.893s] INFO:colcon.colcon_core.plugin_system:Skipping extension 'colcon_notification.desktop_notification.win32': Not used on non-Windows systems
[2.893s] INFO:colcon.colcon_notification.desktop_notification:Sending desktop notification using 'notify2'
[2.900s] DEBUG:colcon.colcon_core.event_reactor:joined thread
[2.901s] INFO:colcon.colcon_core.shell:Creating prefix script '/home/xc2204/ros2_new_study/install/local_setup.ps1'
[2.902s] INFO:colcon.colcon_core.shell:Creating prefix util module '/home/xc2204/ros2_new_study/install/_local_setup_util_ps1.py'
[2.904s] INFO:colcon.colcon_core.shell:Creating prefix chain script '/home/xc2204/ros2_new_study/install/setup.ps1'
[2.905s] INFO:colcon.colcon_core.shell:Creating prefix script '/home/xc2204/ros2_new_study/install/local_setup.sh'
[2.906s] INFO:colcon.colcon_core.shell:Creating prefix util module '/home/xc2204/ros2_new_study/install/_local_setup_util_sh.py'
[2.906s] INFO:colcon.colcon_core.shell:Creating prefix chain script '/home/xc2204/ros2_new_study/install/setup.sh'
[2.907s] INFO:colcon.colcon_core.shell:Creating prefix script '/home/xc2204/ros2_new_study/install/local_setup.bash'
[2.909s] INFO:colcon.colcon_core.shell:Creating prefix chain script '/home/xc2204/ros2_new_study/install/setup.bash'
[2.910s] INFO:colcon.colcon_core.shell:Creating prefix script '/home/xc2204/ros2_new_study/install/local_setup.zsh'
[2.911s] INFO:colcon.colcon_core.shell:Creating prefix chain script '/home/xc2204/ros2_new_study/install/setup.zsh'
