[0.028s] Invoking command in '/home/xc2204/ros2_new_study/build/msg_interfaces': CMAKE_PREFIX_PATH=/opt/ros/humble /usr/bin/cmake --build /home/xc2204/ros2_new_study/build/msg_interfaces -- -j20 -l20
[0.321s] [  2%] Built target msg_interfaces__cpp
[0.321s] [  5%] Built target msg_interfaces__rs
[0.321s] [ 15%] Built target msg_interfaces__rosidl_generator_c
[0.322s] [ 15%] Built target ament_cmake_python_copy_msg_interfaces
[0.322s] [ 25%] Built target msg_interfaces__rosidl_typesupport_introspection_cpp
[0.322s] [ 35%] Built target msg_interfaces__rosidl_typesupport_fastrtps_cpp
[0.322s] [ 45%] Built target msg_interfaces__rosidl_typesupport_cpp
[0.322s] [ 55%] Built target msg_interfaces__rosidl_typesupport_c
[0.322s] [ 65%] Built target msg_interfaces__rosidl_typesupport_introspection_c
[0.322s] [ 75%] Built target msg_interfaces__rosidl_typesupport_fastrtps_c
[0.322s] [ 75%] Built target msg_interfaces
[0.322s] [ 77%] Built target msg_interfaces__py
[0.322s] [ 85%] Built target msg_interfaces__rosidl_generator_py
[0.322s] [ 97%] Built target msg_interfaces__rosidl_typesupport_fastrtps_c__pyext
[0.322s] [ 97%] Built target msg_interfaces__rosidl_typesupport_introspection_c__pyext
[0.322s] [100%] Built target msg_interfaces__rosidl_typesupport_c__pyext
[0.361s] running egg_info
[0.361s] writing msg_interfaces.egg-info/PKG-INFO
[0.362s] writing dependency_links to msg_interfaces.egg-info/dependency_links.txt
[0.362s] writing top-level names to msg_interfaces.egg-info/top_level.txt
[0.365s] reading manifest file 'msg_interfaces.egg-info/SOURCES.txt'
[0.365s] writing manifest file 'msg_interfaces.egg-info/SOURCES.txt'
[0.389s] [100%] Built target ament_cmake_python_build_msg_interfaces_egg
[0.514s] Invoked command in '/home/xc2204/ros2_new_study/build/msg_interfaces' returned '0': CMAKE_PREFIX_PATH=/opt/ros/humble /usr/bin/cmake --build /home/xc2204/ros2_new_study/build/msg_interfaces -- -j20 -l20
[0.523s] Invoking command in '/home/xc2204/ros2_new_study/build/msg_interfaces': CMAKE_PREFIX_PATH=/opt/ros/humble /usr/bin/cmake --install /home/xc2204/ros2_new_study/build/msg_interfaces
[0.529s] -- Install configuration: ""
[0.530s] -- Up-to-date: /home/xc2204/ros2_new_study/install/msg_interfaces/share/ament_index/resource_index/rosidl_interfaces/msg_interfaces
[0.530s] -- Up-to-date: /home/xc2204/ros2_new_study/install/msg_interfaces/include/msg_interfaces/msg_interfaces
[0.530s] -- Up-to-date: /home/xc2204/ros2_new_study/install/msg_interfaces/include/msg_interfaces/msg_interfaces/msg
[0.530s] -- Up-to-date: /home/xc2204/ros2_new_study/install/msg_interfaces/include/msg_interfaces/msg_interfaces/msg/rosidl_generator_c__visibility_control.h
[0.530s] -- Up-to-date: /home/xc2204/ros2_new_study/install/msg_interfaces/include/msg_interfaces/msg_interfaces/msg/detail
[0.531s] -- Up-to-date: /home/xc2204/ros2_new_study/install/msg_interfaces/include/msg_interfaces/msg_interfaces/msg/detail/system_status__functions.h
[0.531s] -- Up-to-date: /home/xc2204/ros2_new_study/install/msg_interfaces/include/msg_interfaces/msg_interfaces/msg/detail/system_status__struct.h
[0.531s] -- Up-to-date: /home/xc2204/ros2_new_study/install/msg_interfaces/include/msg_interfaces/msg_interfaces/msg/detail/system_status__type_support.h
[0.531s] -- Up-to-date: /home/xc2204/ros2_new_study/install/msg_interfaces/include/msg_interfaces/msg_interfaces/msg/detail/system_status__functions.c
[0.531s] -- Up-to-date: /home/xc2204/ros2_new_study/install/msg_interfaces/include/msg_interfaces/msg_interfaces/msg/system_status.h
[0.531s] -- Up-to-date: /home/xc2204/ros2_new_study/install/msg_interfaces/include/msg_interfaces/msg_interfaces/srv
[0.531s] -- Up-to-date: /home/xc2204/ros2_new_study/install/msg_interfaces/include/msg_interfaces/msg_interfaces/srv/face_detector.h
[0.531s] -- Up-to-date: /home/xc2204/ros2_new_study/install/msg_interfaces/include/msg_interfaces/msg_interfaces/srv/detail
[0.531s] -- Up-to-date: /home/xc2204/ros2_new_study/install/msg_interfaces/include/msg_interfaces/msg_interfaces/srv/detail/face_detector__functions.h
[0.532s] -- Up-to-date: /home/xc2204/ros2_new_study/install/msg_interfaces/include/msg_interfaces/msg_interfaces/srv/detail/face_detector__struct.h
[0.532s] -- Up-to-date: /home/xc2204/ros2_new_study/install/msg_interfaces/include/msg_interfaces/msg_interfaces/srv/detail/face_detector__functions.c
[0.532s] -- Up-to-date: /home/xc2204/ros2_new_study/install/msg_interfaces/include/msg_interfaces/msg_interfaces/srv/detail/face_detector__type_support.h
[0.532s] -- Up-to-date: /home/xc2204/ros2_new_study/install/msg_interfaces/share/msg_interfaces/environment/library_path.sh
[0.532s] -- Up-to-date: /home/xc2204/ros2_new_study/install/msg_interfaces/share/msg_interfaces/environment/library_path.dsv
[0.533s] -- Up-to-date: /home/xc2204/ros2_new_study/install/msg_interfaces/lib/libmsg_interfaces__rosidl_generator_c.so
[0.533s] -- Up-to-date: /home/xc2204/ros2_new_study/install/msg_interfaces/include/msg_interfaces/msg_interfaces
[0.533s] -- Up-to-date: /home/xc2204/ros2_new_study/install/msg_interfaces/include/msg_interfaces/msg_interfaces/msg
[0.534s] -- Up-to-date: /home/xc2204/ros2_new_study/install/msg_interfaces/include/msg_interfaces/msg_interfaces/msg/rosidl_typesupport_fastrtps_c__visibility_control.h
[0.534s] -- Up-to-date: /home/xc2204/ros2_new_study/install/msg_interfaces/include/msg_interfaces/msg_interfaces/msg/detail
[0.534s] -- Up-to-date: /home/xc2204/ros2_new_study/install/msg_interfaces/include/msg_interfaces/msg_interfaces/msg/detail/system_status__rosidl_typesupport_fastrtps_c.h
[0.534s] -- Up-to-date: /home/xc2204/ros2_new_study/install/msg_interfaces/include/msg_interfaces/msg_interfaces/srv
[0.535s] -- Up-to-date: /home/xc2204/ros2_new_study/install/msg_interfaces/include/msg_interfaces/msg_interfaces/srv/detail
[0.535s] -- Up-to-date: /home/xc2204/ros2_new_study/install/msg_interfaces/include/msg_interfaces/msg_interfaces/srv/detail/face_detector__rosidl_typesupport_fastrtps_c.h
[0.536s] -- Up-to-date: /home/xc2204/ros2_new_study/install/msg_interfaces/lib/libmsg_interfaces__rosidl_typesupport_fastrtps_c.so
[0.536s] -- Up-to-date: /home/xc2204/ros2_new_study/install/msg_interfaces/include/msg_interfaces/msg_interfaces
[0.536s] -- Up-to-date: /home/xc2204/ros2_new_study/install/msg_interfaces/include/msg_interfaces/msg_interfaces/msg
[0.537s] -- Up-to-date: /home/xc2204/ros2_new_study/install/msg_interfaces/include/msg_interfaces/msg_interfaces/msg/rosidl_typesupport_introspection_c__visibility_control.h
[0.537s] -- Up-to-date: /home/xc2204/ros2_new_study/install/msg_interfaces/include/msg_interfaces/msg_interfaces/msg/detail
[0.537s] -- Up-to-date: /home/xc2204/ros2_new_study/install/msg_interfaces/include/msg_interfaces/msg_interfaces/msg/detail/system_status__type_support.c
[0.537s] -- Up-to-date: /home/xc2204/ros2_new_study/install/msg_interfaces/include/msg_interfaces/msg_interfaces/msg/detail/system_status__rosidl_typesupport_introspection_c.h
[0.537s] -- Up-to-date: /home/xc2204/ros2_new_study/install/msg_interfaces/include/msg_interfaces/msg_interfaces/srv
[0.538s] -- Up-to-date: /home/xc2204/ros2_new_study/install/msg_interfaces/include/msg_interfaces/msg_interfaces/srv/detail
[0.538s] -- Up-to-date: /home/xc2204/ros2_new_study/install/msg_interfaces/include/msg_interfaces/msg_interfaces/srv/detail/face_detector__rosidl_typesupport_introspection_c.h
[0.538s] -- Up-to-date: /home/xc2204/ros2_new_study/install/msg_interfaces/include/msg_interfaces/msg_interfaces/srv/detail/face_detector__type_support.c
[0.538s] -- Up-to-date: /home/xc2204/ros2_new_study/install/msg_interfaces/lib/libmsg_interfaces__rosidl_typesupport_introspection_c.so
[0.539s] -- Up-to-date: /home/xc2204/ros2_new_study/install/msg_interfaces/lib/libmsg_interfaces__rosidl_typesupport_c.so
[0.539s] -- Up-to-date: /home/xc2204/ros2_new_study/install/msg_interfaces/include/msg_interfaces/msg_interfaces
[0.539s] -- Up-to-date: /home/xc2204/ros2_new_study/install/msg_interfaces/include/msg_interfaces/msg_interfaces/msg
[0.540s] -- Up-to-date: /home/xc2204/ros2_new_study/install/msg_interfaces/include/msg_interfaces/msg_interfaces/msg/detail
[0.540s] -- Up-to-date: /home/xc2204/ros2_new_study/install/msg_interfaces/include/msg_interfaces/msg_interfaces/msg/detail/system_status__traits.hpp
[0.540s] -- Up-to-date: /home/xc2204/ros2_new_study/install/msg_interfaces/include/msg_interfaces/msg_interfaces/msg/detail/system_status__struct.hpp
[0.540s] -- Up-to-date: /home/xc2204/ros2_new_study/install/msg_interfaces/include/msg_interfaces/msg_interfaces/msg/detail/system_status__type_support.hpp
[0.540s] -- Up-to-date: /home/xc2204/ros2_new_study/install/msg_interfaces/include/msg_interfaces/msg_interfaces/msg/detail/system_status__builder.hpp
[0.541s] -- Up-to-date: /home/xc2204/ros2_new_study/install/msg_interfaces/include/msg_interfaces/msg_interfaces/msg/rosidl_generator_cpp__visibility_control.hpp
[0.541s] -- Up-to-date: /home/xc2204/ros2_new_study/install/msg_interfaces/include/msg_interfaces/msg_interfaces/msg/system_status.hpp
[0.541s] -- Up-to-date: /home/xc2204/ros2_new_study/install/msg_interfaces/include/msg_interfaces/msg_interfaces/srv
[0.541s] -- Up-to-date: /home/xc2204/ros2_new_study/install/msg_interfaces/include/msg_interfaces/msg_interfaces/srv/detail
[0.541s] -- Up-to-date: /home/xc2204/ros2_new_study/install/msg_interfaces/include/msg_interfaces/msg_interfaces/srv/detail/face_detector__traits.hpp
[0.541s] -- Up-to-date: /home/xc2204/ros2_new_study/install/msg_interfaces/include/msg_interfaces/msg_interfaces/srv/detail/face_detector__builder.hpp
[0.541s] -- Up-to-date: /home/xc2204/ros2_new_study/install/msg_interfaces/include/msg_interfaces/msg_interfaces/srv/detail/face_detector__type_support.hpp
[0.541s] -- Up-to-date: /home/xc2204/ros2_new_study/install/msg_interfaces/include/msg_interfaces/msg_interfaces/srv/detail/face_detector__struct.hpp
[0.541s] -- Up-to-date: /home/xc2204/ros2_new_study/install/msg_interfaces/include/msg_interfaces/msg_interfaces/srv/face_detector.hpp
[0.541s] -- Up-to-date: /home/xc2204/ros2_new_study/install/msg_interfaces/include/msg_interfaces/msg_interfaces
[0.542s] -- Up-to-date: /home/xc2204/ros2_new_study/install/msg_interfaces/include/msg_interfaces/msg_interfaces/msg
[0.542s] -- Up-to-date: /home/xc2204/ros2_new_study/install/msg_interfaces/include/msg_interfaces/msg_interfaces/msg/rosidl_typesupport_fastrtps_cpp__visibility_control.h
[0.542s] -- Up-to-date: /home/xc2204/ros2_new_study/install/msg_interfaces/include/msg_interfaces/msg_interfaces/msg/detail
[0.542s] -- Up-to-date: /home/xc2204/ros2_new_study/install/msg_interfaces/include/msg_interfaces/msg_interfaces/msg/detail/system_status__rosidl_typesupport_fastrtps_cpp.hpp
[0.542s] -- Up-to-date: /home/xc2204/ros2_new_study/install/msg_interfaces/include/msg_interfaces/msg_interfaces/msg/detail/dds_fastrtps
[0.542s] -- Up-to-date: /home/xc2204/ros2_new_study/install/msg_interfaces/include/msg_interfaces/msg_interfaces/srv
[0.543s] -- Up-to-date: /home/xc2204/ros2_new_study/install/msg_interfaces/include/msg_interfaces/msg_interfaces/srv/detail
[0.543s] -- Up-to-date: /home/xc2204/ros2_new_study/install/msg_interfaces/include/msg_interfaces/msg_interfaces/srv/detail/dds_fastrtps
[0.543s] -- Up-to-date: /home/xc2204/ros2_new_study/install/msg_interfaces/include/msg_interfaces/msg_interfaces/srv/detail/face_detector__rosidl_typesupport_fastrtps_cpp.hpp
[0.544s] -- Up-to-date: /home/xc2204/ros2_new_study/install/msg_interfaces/lib/libmsg_interfaces__rosidl_typesupport_fastrtps_cpp.so
[0.544s] -- Up-to-date: /home/xc2204/ros2_new_study/install/msg_interfaces/include/msg_interfaces/msg_interfaces
[0.545s] -- Up-to-date: /home/xc2204/ros2_new_study/install/msg_interfaces/include/msg_interfaces/msg_interfaces/msg
[0.545s] -- Up-to-date: /home/xc2204/ros2_new_study/install/msg_interfaces/include/msg_interfaces/msg_interfaces/msg/detail
[0.546s] -- Up-to-date: /home/xc2204/ros2_new_study/install/msg_interfaces/include/msg_interfaces/msg_interfaces/msg/detail/system_status__type_support.cpp
[0.546s] -- Up-to-date: /home/xc2204/ros2_new_study/install/msg_interfaces/include/msg_interfaces/msg_interfaces/msg/detail/system_status__rosidl_typesupport_introspection_cpp.hpp
[0.546s] -- Up-to-date: /home/xc2204/ros2_new_study/install/msg_interfaces/include/msg_interfaces/msg_interfaces/srv
[0.546s] -- Up-to-date: /home/xc2204/ros2_new_study/install/msg_interfaces/include/msg_interfaces/msg_interfaces/srv/detail
[0.546s] -- Up-to-date: /home/xc2204/ros2_new_study/install/msg_interfaces/include/msg_interfaces/msg_interfaces/srv/detail/face_detector__type_support.cpp
[0.546s] -- Up-to-date: /home/xc2204/ros2_new_study/install/msg_interfaces/include/msg_interfaces/msg_interfaces/srv/detail/face_detector__rosidl_typesupport_introspection_cpp.hpp
[0.547s] -- Up-to-date: /home/xc2204/ros2_new_study/install/msg_interfaces/lib/libmsg_interfaces__rosidl_typesupport_introspection_cpp.so
[0.548s] -- Up-to-date: /home/xc2204/ros2_new_study/install/msg_interfaces/lib/libmsg_interfaces__rosidl_typesupport_cpp.so
[0.548s] -- Up-to-date: /home/xc2204/ros2_new_study/install/msg_interfaces/share/msg_interfaces/environment/pythonpath.sh
[0.548s] -- Up-to-date: /home/xc2204/ros2_new_study/install/msg_interfaces/share/msg_interfaces/environment/pythonpath.dsv
[0.548s] -- Up-to-date: /home/xc2204/ros2_new_study/install/msg_interfaces/local/lib/python3.10/dist-packages/msg_interfaces-0.0.0-py3.10.egg-info
[0.548s] -- Installing: /home/xc2204/ros2_new_study/install/msg_interfaces/local/lib/python3.10/dist-packages/msg_interfaces-0.0.0-py3.10.egg-info/top_level.txt
[0.548s] -- Installing: /home/xc2204/ros2_new_study/install/msg_interfaces/local/lib/python3.10/dist-packages/msg_interfaces-0.0.0-py3.10.egg-info/SOURCES.txt
[0.549s] -- Installing: /home/xc2204/ros2_new_study/install/msg_interfaces/local/lib/python3.10/dist-packages/msg_interfaces-0.0.0-py3.10.egg-info/dependency_links.txt
[0.549s] -- Installing: /home/xc2204/ros2_new_study/install/msg_interfaces/local/lib/python3.10/dist-packages/msg_interfaces-0.0.0-py3.10.egg-info/PKG-INFO
[0.549s] -- Up-to-date: /home/xc2204/ros2_new_study/install/msg_interfaces/local/lib/python3.10/dist-packages/msg_interfaces
[0.549s] -- Up-to-date: /home/xc2204/ros2_new_study/install/msg_interfaces/local/lib/python3.10/dist-packages/msg_interfaces/_msg_interfaces_s.ep.rosidl_typesupport_c.c
[0.549s] -- Up-to-date: /home/xc2204/ros2_new_study/install/msg_interfaces/local/lib/python3.10/dist-packages/msg_interfaces/msg
[0.549s] -- Up-to-date: /home/xc2204/ros2_new_study/install/msg_interfaces/local/lib/python3.10/dist-packages/msg_interfaces/msg/_system_status.py
[0.549s] -- Up-to-date: /home/xc2204/ros2_new_study/install/msg_interfaces/local/lib/python3.10/dist-packages/msg_interfaces/msg/_system_status_s.c
[0.549s] -- Up-to-date: /home/xc2204/ros2_new_study/install/msg_interfaces/local/lib/python3.10/dist-packages/msg_interfaces/msg/__init__.py
[0.549s] -- Up-to-date: /home/xc2204/ros2_new_study/install/msg_interfaces/local/lib/python3.10/dist-packages/msg_interfaces/libmsg_interfaces__rosidl_generator_py.so
[0.550s] -- Up-to-date: /home/xc2204/ros2_new_study/install/msg_interfaces/local/lib/python3.10/dist-packages/msg_interfaces/_msg_interfaces_s.ep.rosidl_typesupport_fastrtps_c.c
[0.550s] -- Up-to-date: /home/xc2204/ros2_new_study/install/msg_interfaces/local/lib/python3.10/dist-packages/msg_interfaces/srv
[0.550s] -- Up-to-date: /home/xc2204/ros2_new_study/install/msg_interfaces/local/lib/python3.10/dist-packages/msg_interfaces/srv/_face_detector.py
[0.550s] -- Up-to-date: /home/xc2204/ros2_new_study/install/msg_interfaces/local/lib/python3.10/dist-packages/msg_interfaces/srv/_face_detector_s.c
[0.550s] -- Up-to-date: /home/xc2204/ros2_new_study/install/msg_interfaces/local/lib/python3.10/dist-packages/msg_interfaces/srv/__init__.py
[0.550s] -- Up-to-date: /home/xc2204/ros2_new_study/install/msg_interfaces/local/lib/python3.10/dist-packages/msg_interfaces/_msg_interfaces_s.ep.rosidl_typesupport_introspection_c.c
[0.550s] -- Up-to-date: /home/xc2204/ros2_new_study/install/msg_interfaces/local/lib/python3.10/dist-packages/msg_interfaces/msg_interfaces_s__rosidl_typesupport_fastrtps_c.cpython-310-x86_64-linux-gnu.so
[0.550s] -- Up-to-date: /home/xc2204/ros2_new_study/install/msg_interfaces/local/lib/python3.10/dist-packages/msg_interfaces/msg_interfaces_s__rosidl_typesupport_c.cpython-310-x86_64-linux-gnu.so
[0.550s] -- Up-to-date: /home/xc2204/ros2_new_study/install/msg_interfaces/local/lib/python3.10/dist-packages/msg_interfaces/msg_interfaces_s__rosidl_typesupport_introspection_c.cpython-310-x86_64-linux-gnu.so
[0.550s] -- Up-to-date: /home/xc2204/ros2_new_study/install/msg_interfaces/local/lib/python3.10/dist-packages/msg_interfaces/__init__.py
[0.576s] Listing '/home/xc2204/ros2_new_study/install/msg_interfaces/local/lib/python3.10/dist-packages/msg_interfaces'...
[0.576s] Listing '/home/xc2204/ros2_new_study/install/msg_interfaces/local/lib/python3.10/dist-packages/msg_interfaces/msg'...
[0.576s] Listing '/home/xc2204/ros2_new_study/install/msg_interfaces/local/lib/python3.10/dist-packages/msg_interfaces/srv'...
[0.582s] -- Up-to-date: /home/xc2204/ros2_new_study/install/msg_interfaces/local/lib/python3.10/dist-packages/msg_interfaces/msg_interfaces_s__rosidl_typesupport_fastrtps_c.cpython-310-x86_64-linux-gnu.so
[0.583s] -- Up-to-date: /home/xc2204/ros2_new_study/install/msg_interfaces/local/lib/python3.10/dist-packages/msg_interfaces/msg_interfaces_s__rosidl_typesupport_introspection_c.cpython-310-x86_64-linux-gnu.so
[0.583s] -- Up-to-date: /home/xc2204/ros2_new_study/install/msg_interfaces/local/lib/python3.10/dist-packages/msg_interfaces/msg_interfaces_s__rosidl_typesupport_c.cpython-310-x86_64-linux-gnu.so
[0.584s] -- Up-to-date: /home/xc2204/ros2_new_study/install/msg_interfaces/lib/libmsg_interfaces__rosidl_generator_py.so
[0.585s] -- Up-to-date: /home/xc2204/ros2_new_study/install/msg_interfaces/share/ament_index/resource_index/rust_packages/msg_interfaces
[0.585s] -- Up-to-date: /home/xc2204/ros2_new_study/install/msg_interfaces/share/msg_interfaces/rust
[0.585s] -- Up-to-date: /home/xc2204/ros2_new_study/install/msg_interfaces/share/msg_interfaces/rust/build.rs
[0.585s] -- Up-to-date: /home/xc2204/ros2_new_study/install/msg_interfaces/share/msg_interfaces/rust/src
[0.586s] -- Up-to-date: /home/xc2204/ros2_new_study/install/msg_interfaces/share/msg_interfaces/rust/src/srv.rs
[0.586s] -- Up-to-date: /home/xc2204/ros2_new_study/install/msg_interfaces/share/msg_interfaces/rust/src/msg
[0.586s] -- Up-to-date: /home/xc2204/ros2_new_study/install/msg_interfaces/share/msg_interfaces/rust/src/msg/rmw.rs
[0.586s] -- Up-to-date: /home/xc2204/ros2_new_study/install/msg_interfaces/share/msg_interfaces/rust/src/lib.rs
[0.586s] -- Up-to-date: /home/xc2204/ros2_new_study/install/msg_interfaces/share/msg_interfaces/rust/src/srv
[0.587s] -- Up-to-date: /home/xc2204/ros2_new_study/install/msg_interfaces/share/msg_interfaces/rust/src/srv/rmw.rs
[0.587s] -- Up-to-date: /home/xc2204/ros2_new_study/install/msg_interfaces/share/msg_interfaces/rust/src/msg.rs
[0.587s] -- Up-to-date: /home/xc2204/ros2_new_study/install/msg_interfaces/share/msg_interfaces/rust/Cargo.toml
[0.588s] -- Up-to-date: /home/xc2204/ros2_new_study/install/msg_interfaces/share/msg_interfaces/msg/SystemStatus.idl
[0.588s] -- Up-to-date: /home/xc2204/ros2_new_study/install/msg_interfaces/share/msg_interfaces/srv/FaceDetector.idl
[0.589s] -- Up-to-date: /home/xc2204/ros2_new_study/install/msg_interfaces/share/msg_interfaces/msg/SystemStatus.msg
[0.589s] -- Up-to-date: /home/xc2204/ros2_new_study/install/msg_interfaces/share/msg_interfaces/srv/FaceDetector.srv
[0.589s] -- Up-to-date: /home/xc2204/ros2_new_study/install/msg_interfaces/share/msg_interfaces/srv/FaceDetector_Request.msg
[0.589s] -- Up-to-date: /home/xc2204/ros2_new_study/install/msg_interfaces/share/msg_interfaces/srv/FaceDetector_Response.msg
[0.589s] -- Up-to-date: /home/xc2204/ros2_new_study/install/msg_interfaces/share/ament_index/resource_index/package_run_dependencies/msg_interfaces
[0.589s] -- Up-to-date: /home/xc2204/ros2_new_study/install/msg_interfaces/share/ament_index/resource_index/parent_prefix_path/msg_interfaces
[0.589s] -- Up-to-date: /home/xc2204/ros2_new_study/install/msg_interfaces/share/msg_interfaces/environment/ament_prefix_path.sh
[0.589s] -- Up-to-date: /home/xc2204/ros2_new_study/install/msg_interfaces/share/msg_interfaces/environment/ament_prefix_path.dsv
[0.589s] -- Up-to-date: /home/xc2204/ros2_new_study/install/msg_interfaces/share/msg_interfaces/environment/path.sh
[0.589s] -- Up-to-date: /home/xc2204/ros2_new_study/install/msg_interfaces/share/msg_interfaces/environment/path.dsv
[0.589s] -- Up-to-date: /home/xc2204/ros2_new_study/install/msg_interfaces/share/msg_interfaces/local_setup.bash
[0.589s] -- Up-to-date: /home/xc2204/ros2_new_study/install/msg_interfaces/share/msg_interfaces/local_setup.sh
[0.590s] -- Up-to-date: /home/xc2204/ros2_new_study/install/msg_interfaces/share/msg_interfaces/local_setup.zsh
[0.590s] -- Up-to-date: /home/xc2204/ros2_new_study/install/msg_interfaces/share/msg_interfaces/local_setup.dsv
[0.590s] -- Installing: /home/xc2204/ros2_new_study/install/msg_interfaces/share/msg_interfaces/package.dsv
[0.590s] -- Up-to-date: /home/xc2204/ros2_new_study/install/msg_interfaces/share/ament_index/resource_index/packages/msg_interfaces
[0.591s] -- Up-to-date: /home/xc2204/ros2_new_study/install/msg_interfaces/share/msg_interfaces/cmake/export_msg_interfaces__rosidl_generator_cExport.cmake
[0.591s] -- Up-to-date: /home/xc2204/ros2_new_study/install/msg_interfaces/share/msg_interfaces/cmake/export_msg_interfaces__rosidl_generator_cExport-noconfig.cmake
[0.592s] -- Up-to-date: /home/xc2204/ros2_new_study/install/msg_interfaces/share/msg_interfaces/cmake/export_msg_interfaces__rosidl_typesupport_fastrtps_cExport.cmake
[0.592s] -- Up-to-date: /home/xc2204/ros2_new_study/install/msg_interfaces/share/msg_interfaces/cmake/export_msg_interfaces__rosidl_typesupport_fastrtps_cExport-noconfig.cmake
[0.592s] -- Up-to-date: /home/xc2204/ros2_new_study/install/msg_interfaces/share/msg_interfaces/cmake/msg_interfaces__rosidl_typesupport_introspection_cExport.cmake
[0.593s] -- Up-to-date: /home/xc2204/ros2_new_study/install/msg_interfaces/share/msg_interfaces/cmake/msg_interfaces__rosidl_typesupport_introspection_cExport-noconfig.cmake
[0.594s] -- Up-to-date: /home/xc2204/ros2_new_study/install/msg_interfaces/share/msg_interfaces/cmake/msg_interfaces__rosidl_typesupport_cExport.cmake
[0.594s] -- Up-to-date: /home/xc2204/ros2_new_study/install/msg_interfaces/share/msg_interfaces/cmake/msg_interfaces__rosidl_typesupport_cExport-noconfig.cmake
[0.595s] -- Up-to-date: /home/xc2204/ros2_new_study/install/msg_interfaces/share/msg_interfaces/cmake/export_msg_interfaces__rosidl_generator_cppExport.cmake
[0.595s] -- Up-to-date: /home/xc2204/ros2_new_study/install/msg_interfaces/share/msg_interfaces/cmake/export_msg_interfaces__rosidl_typesupport_fastrtps_cppExport.cmake
[0.595s] -- Up-to-date: /home/xc2204/ros2_new_study/install/msg_interfaces/share/msg_interfaces/cmake/export_msg_interfaces__rosidl_typesupport_fastrtps_cppExport-noconfig.cmake
[0.596s] -- Up-to-date: /home/xc2204/ros2_new_study/install/msg_interfaces/share/msg_interfaces/cmake/msg_interfaces__rosidl_typesupport_introspection_cppExport.cmake
[0.596s] -- Up-to-date: /home/xc2204/ros2_new_study/install/msg_interfaces/share/msg_interfaces/cmake/msg_interfaces__rosidl_typesupport_introspection_cppExport-noconfig.cmake
[0.597s] -- Up-to-date: /home/xc2204/ros2_new_study/install/msg_interfaces/share/msg_interfaces/cmake/msg_interfaces__rosidl_typesupport_cppExport.cmake
[0.597s] -- Up-to-date: /home/xc2204/ros2_new_study/install/msg_interfaces/share/msg_interfaces/cmake/msg_interfaces__rosidl_typesupport_cppExport-noconfig.cmake
[0.598s] -- Up-to-date: /home/xc2204/ros2_new_study/install/msg_interfaces/share/msg_interfaces/cmake/export_msg_interfaces__rosidl_generator_pyExport.cmake
[0.598s] -- Up-to-date: /home/xc2204/ros2_new_study/install/msg_interfaces/share/msg_interfaces/cmake/export_msg_interfaces__rosidl_generator_pyExport-noconfig.cmake
[0.599s] -- Up-to-date: /home/xc2204/ros2_new_study/install/msg_interfaces/share/msg_interfaces/cmake/rosidl_cmake-extras.cmake
[0.599s] -- Up-to-date: /home/xc2204/ros2_new_study/install/msg_interfaces/share/msg_interfaces/cmake/ament_cmake_export_dependencies-extras.cmake
[0.599s] -- Up-to-date: /home/xc2204/ros2_new_study/install/msg_interfaces/share/msg_interfaces/cmake/ament_cmake_export_include_directories-extras.cmake
[0.599s] -- Up-to-date: /home/xc2204/ros2_new_study/install/msg_interfaces/share/msg_interfaces/cmake/ament_cmake_export_libraries-extras.cmake
[0.599s] -- Up-to-date: /home/xc2204/ros2_new_study/install/msg_interfaces/share/msg_interfaces/cmake/ament_cmake_export_targets-extras.cmake
[0.599s] -- Up-to-date: /home/xc2204/ros2_new_study/install/msg_interfaces/share/msg_interfaces/cmake/rosidl_cmake_export_typesupport_targets-extras.cmake
[0.599s] -- Up-to-date: /home/xc2204/ros2_new_study/install/msg_interfaces/share/msg_interfaces/cmake/rosidl_cmake_export_typesupport_libraries-extras.cmake
[0.599s] -- Up-to-date: /home/xc2204/ros2_new_study/install/msg_interfaces/share/msg_interfaces/cmake/msg_interfacesConfig.cmake
[0.599s] -- Up-to-date: /home/xc2204/ros2_new_study/install/msg_interfaces/share/msg_interfaces/cmake/msg_interfacesConfig-version.cmake
[0.599s] -- Up-to-date: /home/xc2204/ros2_new_study/install/msg_interfaces/share/msg_interfaces/package.xml
[0.602s] Invoked command in '/home/xc2204/ros2_new_study/build/msg_interfaces' returned '0': CMAKE_PREFIX_PATH=/opt/ros/humble /usr/bin/cmake --install /home/xc2204/ros2_new_study/build/msg_interfaces
