running egg_info
writing ../../build/pc_stuts/pc_stuts.egg-info/PKG-INFO
writing dependency_links to ../../build/pc_stuts/pc_stuts.egg-info/dependency_links.txt
writing entry points to ../../build/pc_stuts/pc_stuts.egg-info/entry_points.txt
writing requirements to ../../build/pc_stuts/pc_stuts.egg-info/requires.txt
writing top-level names to ../../build/pc_stuts/pc_stuts.egg-info/top_level.txt
reading manifest file '../../build/pc_stuts/pc_stuts.egg-info/SOURCES.txt'
writing manifest file '../../build/pc_stuts/pc_stuts.egg-info/SOURCES.txt'
running build
running build_py
running install
running install_lib
running install_data
running install_egg_info
removing '/home/xc2204/ros2_new_study/install/pc_stuts/lib/python3.10/site-packages/pc_stuts-0.0.0-py3.10.egg-info' (and everything under it)
Copying ../../build/pc_stuts/pc_stuts.egg-info to /home/xc2204/ros2_new_study/install/pc_stuts/lib/python3.10/site-packages/pc_stuts-0.0.0-py3.10.egg-info
running install_scripts
Installing qt_ui script to /home/xc2204/ros2_new_study/install/pc_stuts/lib/pc_stuts
Installing stuts_pub script to /home/xc2204/ros2_new_study/install/pc_stuts/lib/pc_stuts
Installing stuts_sub script to /home/xc2204/ros2_new_study/install/pc_stuts/lib/pc_stuts
writing list of installed files to '/home/xc2204/ros2_new_study/build/pc_stuts/install.log'
