[0.746s] Invoking command in '/home/xc2204/ros2_new_study/src/pc_stuts': CMAKE_PREFIX_PATH=/home/xc2204/ros2_new_study/install/msg_interfaces:/home/xc2204/ros2_new_study/install/urdf_study PYTHONPATH=/home/xc2204/ros2_new_study/build/pc_stuts/prefix_override:/usr/lib/python3/dist-packages/colcon_core/task/python/colcon_distutils_commands:/home/xc2204/ros2_new_study/install/pc_stuts/lib/python3.10/site-packages:${PYTHONPATH} /usr/bin/python3 -W ignore:setup.py install is deprecated -W ignore:easy_install command is deprecated setup.py egg_info --egg-base ../../build/pc_stuts build --build-base /home/xc2204/ros2_new_study/build/pc_stuts/build install --record /home/xc2204/ros2_new_study/build/pc_stuts/install.log --single-version-externally-managed install_data
[0.908s] running egg_info
[0.909s] writing ../../build/pc_stuts/pc_stuts.egg-info/PKG-INFO
[0.909s] writing dependency_links to ../../build/pc_stuts/pc_stuts.egg-info/dependency_links.txt
[0.909s] writing entry points to ../../build/pc_stuts/pc_stuts.egg-info/entry_points.txt
[0.909s] writing requirements to ../../build/pc_stuts/pc_stuts.egg-info/requires.txt
[0.909s] writing top-level names to ../../build/pc_stuts/pc_stuts.egg-info/top_level.txt
[0.910s] reading manifest file '../../build/pc_stuts/pc_stuts.egg-info/SOURCES.txt'
[0.911s] writing manifest file '../../build/pc_stuts/pc_stuts.egg-info/SOURCES.txt'
[0.911s] running build
[0.911s] running build_py
[0.911s] running install
[0.911s] running install_lib
[0.912s] running install_data
[0.912s] running install_egg_info
[0.913s] removing '/home/xc2204/ros2_new_study/install/pc_stuts/lib/python3.10/site-packages/pc_stuts-0.0.0-py3.10.egg-info' (and everything under it)
[0.914s] Copying ../../build/pc_stuts/pc_stuts.egg-info to /home/xc2204/ros2_new_study/install/pc_stuts/lib/python3.10/site-packages/pc_stuts-0.0.0-py3.10.egg-info
[0.914s] running install_scripts
[0.929s] Installing qt_ui script to /home/xc2204/ros2_new_study/install/pc_stuts/lib/pc_stuts
[0.929s] Installing stuts_pub script to /home/xc2204/ros2_new_study/install/pc_stuts/lib/pc_stuts
[0.929s] Installing stuts_sub script to /home/xc2204/ros2_new_study/install/pc_stuts/lib/pc_stuts
[0.929s] writing list of installed files to '/home/xc2204/ros2_new_study/build/pc_stuts/install.log'
[0.948s] Invoked command in '/home/xc2204/ros2_new_study/src/pc_stuts' returned '0': CMAKE_PREFIX_PATH=/home/xc2204/ros2_new_study/install/msg_interfaces:/home/xc2204/ros2_new_study/install/urdf_study PYTHONPATH=/home/xc2204/ros2_new_study/build/pc_stuts/prefix_override:/usr/lib/python3/dist-packages/colcon_core/task/python/colcon_distutils_commands:/home/xc2204/ros2_new_study/install/pc_stuts/lib/python3.10/site-packages:${PYTHONPATH} /usr/bin/python3 -W ignore:setup.py install is deprecated -W ignore:easy_install command is deprecated setup.py egg_info --egg-base ../../build/pc_stuts build --build-base /home/xc2204/ros2_new_study/build/pc_stuts/build install --record /home/xc2204/ros2_new_study/build/pc_stuts/install.log --single-version-externally-managed install_data
