[0.862s] Invoking command in '/home/xc2204/ros2_new_study/src/face_detect': PYTHONPATH=/home/xc2204/ros2_new_study/src/build/face_detect/prefix_override:/usr/lib/python3/dist-packages/colcon_core/task/python/colcon_distutils_commands:/home/xc2204/ros2_new_study/src/install/face_detect/lib/python3.10/site-packages:${PYTHONPATH} /usr/bin/python3 -W ignore:setup.py install is deprecated -W ignore:easy_install command is deprecated setup.py egg_info --egg-base ../build/face_detect build --build-base /home/xc2204/ros2_new_study/src/build/face_detect/build install --record /home/xc2204/ros2_new_study/src/build/face_detect/install.log --single-version-externally-managed install_data
[1.060s] running egg_info
[1.061s] creating ../build/face_detect/face_detect.egg-info
[1.061s] writing ../build/face_detect/face_detect.egg-info/PKG-INFO
[1.062s] writing dependency_links to ../build/face_detect/face_detect.egg-info/dependency_links.txt
[1.062s] writing entry points to ../build/face_detect/face_detect.egg-info/entry_points.txt
[1.062s] writing requirements to ../build/face_detect/face_detect.egg-info/requires.txt
[1.062s] writing top-level names to ../build/face_detect/face_detect.egg-info/top_level.txt
[1.063s] writing manifest file '../build/face_detect/face_detect.egg-info/SOURCES.txt'
[1.063s] reading manifest file '../build/face_detect/face_detect.egg-info/SOURCES.txt'
[1.064s] writing manifest file '../build/face_detect/face_detect.egg-info/SOURCES.txt'
[1.064s] running build
[1.064s] running build_py
[1.064s] creating /home/xc2204/ros2_new_study/src/build/face_detect/build
[1.065s] creating /home/xc2204/ros2_new_study/src/build/face_detect/build/lib
[1.065s] creating /home/xc2204/ros2_new_study/src/build/face_detect/build/lib/face_detect
[1.066s] copying face_detect/srv_face_detect.py -> /home/xc2204/ros2_new_study/src/build/face_detect/build/lib/face_detect
[1.066s] copying face_detect/video_detect.py -> /home/xc2204/ros2_new_study/src/build/face_detect/build/lib/face_detect
[1.066s] copying face_detect/client_face_detect.py -> /home/xc2204/ros2_new_study/src/build/face_detect/build/lib/face_detect
[1.066s] copying face_detect/__init__.py -> /home/xc2204/ros2_new_study/src/build/face_detect/build/lib/face_detect
[1.066s] running install
[1.066s] running install_lib
[1.067s] creating /home/xc2204/ros2_new_study/src/install/face_detect/lib/python3.10/site-packages/face_detect
[1.068s] copying /home/xc2204/ros2_new_study/src/build/face_detect/build/lib/face_detect/srv_face_detect.py -> /home/xc2204/ros2_new_study/src/install/face_detect/lib/python3.10/site-packages/face_detect
[1.068s] copying /home/xc2204/ros2_new_study/src/build/face_detect/build/lib/face_detect/video_detect.py -> /home/xc2204/ros2_new_study/src/install/face_detect/lib/python3.10/site-packages/face_detect
[1.068s] copying /home/xc2204/ros2_new_study/src/build/face_detect/build/lib/face_detect/client_face_detect.py -> /home/xc2204/ros2_new_study/src/install/face_detect/lib/python3.10/site-packages/face_detect
[1.068s] copying /home/xc2204/ros2_new_study/src/build/face_detect/build/lib/face_detect/__init__.py -> /home/xc2204/ros2_new_study/src/install/face_detect/lib/python3.10/site-packages/face_detect
[1.068s] byte-compiling /home/xc2204/ros2_new_study/src/install/face_detect/lib/python3.10/site-packages/face_detect/srv_face_detect.py to srv_face_detect.cpython-310.pyc
[1.070s] byte-compiling /home/xc2204/ros2_new_study/src/install/face_detect/lib/python3.10/site-packages/face_detect/video_detect.py to video_detect.cpython-310.pyc
[1.071s] byte-compiling /home/xc2204/ros2_new_study/src/install/face_detect/lib/python3.10/site-packages/face_detect/client_face_detect.py to client_face_detect.cpython-310.pyc
[1.072s] byte-compiling /home/xc2204/ros2_new_study/src/install/face_detect/lib/python3.10/site-packages/face_detect/__init__.py to __init__.cpython-310.pyc
[1.072s] running install_data
[1.072s] creating /home/xc2204/ros2_new_study/src/install/face_detect/share/ament_index
[1.073s] creating /home/xc2204/ros2_new_study/src/install/face_detect/share/ament_index/resource_index
[1.073s] creating /home/xc2204/ros2_new_study/src/install/face_detect/share/ament_index/resource_index/packages
[1.073s] copying resource/face_detect -> /home/xc2204/ros2_new_study/src/install/face_detect/share/ament_index/resource_index/packages
[1.073s] copying package.xml -> /home/xc2204/ros2_new_study/src/install/face_detect/share/face_detect
[1.073s] creating /home/xc2204/ros2_new_study/src/install/face_detect/share/face_detect/resource
[1.074s] copying resource/image.png -> /home/xc2204/ros2_new_study/src/install/face_detect/share/face_detect/resource
[1.076s] copying resource/image_face.png -> /home/xc2204/ros2_new_study/src/install/face_detect/share/face_detect/resource
[1.077s] creating /home/xc2204/ros2_new_study/src/install/face_detect/share/face_detect/launch
[1.078s] copying launch/face.launch.py -> /home/xc2204/ros2_new_study/src/install/face_detect/share/face_detect/launch
[1.078s] running install_egg_info
[1.079s] Copying ../build/face_detect/face_detect.egg-info to /home/xc2204/ros2_new_study/src/install/face_detect/lib/python3.10/site-packages/face_detect-0.0.0-py3.10.egg-info
[1.080s] running install_scripts
[1.098s] Installing client_face_detect script to /home/xc2204/ros2_new_study/src/install/face_detect/lib/face_detect
[1.099s] Installing srv_face_detect script to /home/xc2204/ros2_new_study/src/install/face_detect/lib/face_detect
[1.099s] Installing video_detect script to /home/xc2204/ros2_new_study/src/install/face_detect/lib/face_detect
[1.099s] writing list of installed files to '/home/xc2204/ros2_new_study/src/build/face_detect/install.log'
[1.134s] Invoked command in '/home/xc2204/ros2_new_study/src/face_detect' returned '0': PYTHONPATH=/home/xc2204/ros2_new_study/src/build/face_detect/prefix_override:/usr/lib/python3/dist-packages/colcon_core/task/python/colcon_distutils_commands:/home/xc2204/ros2_new_study/src/install/face_detect/lib/python3.10/site-packages:${PYTHONPATH} /usr/bin/python3 -W ignore:setup.py install is deprecated -W ignore:easy_install command is deprecated setup.py egg_info --egg-base ../build/face_detect build --build-base /home/xc2204/ros2_new_study/src/build/face_detect/build install --record /home/xc2204/ros2_new_study/src/build/face_detect/install.log --single-version-externally-managed install_data
