[0.029s] Invoking command in '/home/xc2204/ros2_new_study/build/msg_interfaces': CMAKE_PREFIX_PATH=/opt/ros/humble /usr/bin/cmake /home/xc2204/ros2_new_study/src/msg_interfaces -DCMAKE_INSTALL_PREFIX=/home/xc2204/ros2_new_study/install/msg_interfaces
[0.347s] -- The C compiler identification is GNU 11.4.0
[1.285s] -- The CXX compiler identification is GNU 11.4.0
[1.720s] -- Detecting C compiler ABI info
[1.885s] -- Detecting C compiler ABI info - done
[1.890s] -- Check for working C compiler: /usr/bin/cc - skipped
[1.891s] -- Detecting C compile features
[1.892s] -- Detecting C compile features - done
[1.895s] -- Detecting CXX compiler ABI info
[2.061s] -- Detecting CXX compiler ABI info - done
[2.071s] -- Check for working CXX compiler: /usr/bin/c++ - skipped
[2.071s] -- Detecting CXX compile features
[2.072s] -- Detecting CXX compile features - done
[2.083s] -- Found ament_cmake: 1.3.14 (/opt/ros/humble/share/ament_cmake/cmake)
[2.216s] -- Found Python3: /usr/bin/python3 (found version "3.10.12") found components: Interpreter 
[2.313s] -- Found rosidl_default_generators: 1.2.1 (/opt/ros/humble/share/rosidl_default_generators/cmake)
[2.321s] -- Using all available rosidl_typesupport_c: rosidl_typesupport_fastrtps_c;rosidl_typesupport_introspection_c
[2.330s] -- Found rosidl_adapter: 3.1.8 (/opt/ros/humble/share/rosidl_adapter/cmake)
[2.608s] -- Using all available rosidl_typesupport_cpp: rosidl_typesupport_fastrtps_cpp;rosidl_typesupport_introspection_cpp
[2.665s] -- Found builtin_interfaces: 1.2.2 (/opt/ros/humble/share/builtin_interfaces/cmake)
[2.694s] -- Found sensor_msgs: 4.9.1 (/opt/ros/humble/share/sensor_msgs/cmake)
[3.074s] -- Found ament_cmake_ros: 0.10.0 (/opt/ros/humble/share/ament_cmake_ros/cmake)
[3.309s] -- Using all available rosidl_typesupport_c: rosidl_typesupport_fastrtps_c;rosidl_typesupport_introspection_c
[3.575s] -- Using all available rosidl_typesupport_cpp: rosidl_typesupport_fastrtps_cpp;rosidl_typesupport_introspection_cpp
[3.768s] -- Found PythonInterp: /usr/bin/python3 (found suitable version "3.10.12", minimum required is "3.6") 
[3.769s] -- Found python_cmake_module: 0.10.0 (/opt/ros/humble/share/python_cmake_module/cmake)
[4.394s] -- Found PythonLibs: /usr/lib/x86_64-linux-gnu/libpython3.10.so (found suitable version "3.10.12", minimum required is "3.5") 
[4.394s] -- Using PYTHON_EXECUTABLE: /usr/bin/python3
[4.394s] -- Using PYTHON_INCLUDE_DIRS: /usr/include/python3.10
[4.394s] -- Using PYTHON_LIBRARIES: /usr/lib/x86_64-linux-gnu/libpython3.10.so
[4.410s] -- Found PythonExtra: .so  
[4.591s] -- Found ament_lint_auto: 0.12.15 (/opt/ros/humble/share/ament_lint_auto/cmake)
[4.619s] -- Added test 'lint_cmake' to check CMake code style
[4.620s] -- Added test 'xmllint' to check XML markup files
[4.623s] -- Configuring done
[4.664s] -- Generating done
[4.675s] -- Build files have been written to: /home/xc2204/ros2_new_study/build/msg_interfaces
