-- Install configuration: ""
-- Up-to-date: /home/xc2204/ros2_new_study/install/urdf_study/share/urdf_study//launch
-- Up-to-date: /home/xc2204/ros2_new_study/install/urdf_study/share/urdf_study//launch/J_L_S_publisher.launch.py
-- Up-to-date: /home/xc2204/ros2_new_study/install/urdf_study/share/urdf_study//URDF
-- Up-to-date: /home/xc2204/ros2_new_study/install/urdf_study/share/urdf_study//URDF/sensro
-- Up-to-date: /home/xc2204/ros2_new_study/install/urdf_study/share/urdf_study//URDF/sensro/camera.urdf.xacro
-- Up-to-date: /home/xc2204/ros2_new_study/install/urdf_study/share/urdf_study//URDF/sensro/lader.urdf.xacro
-- Up-to-date: /home/xc2204/ros2_new_study/install/urdf_study/share/urdf_study//URDF/sensro/imu.urdf.xacro
-- Up-to-date: /home/xc2204/ros2_new_study/install/urdf_study/share/urdf_study//URDF/study_urdf_processed.urdf
-- Up-to-date: /home/xc2204/ros2_new_study/install/urdf_study/share/urdf_study//URDF/study_urdf.urdf
-- Up-to-date: /home/xc2204/ros2_new_study/install/urdf_study/share/urdf_study//rviz
-- Up-to-date: /home/xc2204/ros2_new_study/install/urdf_study/share/urdf_study//rviz/urdf_study.rviz
-- Up-to-date: /home/xc2204/ros2_new_study/install/urdf_study/share/urdf_study//rviz/urdf_study.rviz:Zone.Identifier
-- Up-to-date: /home/xc2204/ros2_new_study/install/urdf_study/share/urdf_study//world
-- Up-to-date: /home/xc2204/ros2_new_study/install/urdf_study/share/ament_index/resource_index/package_run_dependencies/urdf_study
-- Up-to-date: /home/xc2204/ros2_new_study/install/urdf_study/share/ament_index/resource_index/parent_prefix_path/urdf_study
-- Up-to-date: /home/xc2204/ros2_new_study/install/urdf_study/share/urdf_study/environment/ament_prefix_path.sh
-- Up-to-date: /home/xc2204/ros2_new_study/install/urdf_study/share/urdf_study/environment/ament_prefix_path.dsv
-- Up-to-date: /home/xc2204/ros2_new_study/install/urdf_study/share/urdf_study/environment/path.sh
-- Up-to-date: /home/xc2204/ros2_new_study/install/urdf_study/share/urdf_study/environment/path.dsv
-- Up-to-date: /home/xc2204/ros2_new_study/install/urdf_study/share/urdf_study/local_setup.bash
-- Up-to-date: /home/xc2204/ros2_new_study/install/urdf_study/share/urdf_study/local_setup.sh
-- Up-to-date: /home/xc2204/ros2_new_study/install/urdf_study/share/urdf_study/local_setup.zsh
-- Up-to-date: /home/xc2204/ros2_new_study/install/urdf_study/share/urdf_study/local_setup.dsv
-- Installing: /home/xc2204/ros2_new_study/install/urdf_study/share/urdf_study/package.dsv
-- Up-to-date: /home/xc2204/ros2_new_study/install/urdf_study/share/ament_index/resource_index/packages/urdf_study
-- Up-to-date: /home/xc2204/ros2_new_study/install/urdf_study/share/urdf_study/cmake/urdf_studyConfig.cmake
-- Up-to-date: /home/xc2204/ros2_new_study/install/urdf_study/share/urdf_study/cmake/urdf_studyConfig-version.cmake
-- Up-to-date: /home/xc2204/ros2_new_study/install/urdf_study/share/urdf_study/package.xml
