[0.669s] Invoking command in '/home/xc2204/ros2_new_study/src/TF_study': PYTHONPATH=/home/xc2204/ros2_new_study/build/TF_study/prefix_override:/usr/lib/python3/dist-packages/colcon_core/task/python/colcon_distutils_commands:/home/xc2204/ros2_new_study/install/TF_study/lib/python3.10/site-packages:${PYTHONPATH} /usr/bin/python3 -W ignore:setup.py install is deprecated -W ignore:easy_install command is deprecated setup.py egg_info --egg-base ../../build/TF_study build --build-base /home/xc2204/ros2_new_study/build/TF_study/build install --record /home/xc2204/ros2_new_study/build/TF_study/install.log --single-version-externally-managed install_data
[0.844s] running egg_info
[0.844s] creating ../../build/TF_study/TF_study.egg-info
[0.845s] writing ../../build/TF_study/TF_study.egg-info/PKG-INFO
[0.845s] writing dependency_links to ../../build/TF_study/TF_study.egg-info/dependency_links.txt
[0.846s] writing entry points to ../../build/TF_study/TF_study.egg-info/entry_points.txt
[0.846s] writing requirements to ../../build/TF_study/TF_study.egg-info/requires.txt
[0.846s] writing top-level names to ../../build/TF_study/TF_study.egg-info/top_level.txt
[0.846s] writing manifest file '../../build/TF_study/TF_study.egg-info/SOURCES.txt'
[0.848s] reading manifest file '../../build/TF_study/TF_study.egg-info/SOURCES.txt'
[0.849s] adding license file 'LICENSE'
[0.850s] writing manifest file '../../build/TF_study/TF_study.egg-info/SOURCES.txt'
[0.850s] running build
[0.850s] running build_py
[0.850s] creating /home/xc2204/ros2_new_study/build/TF_study/build
[0.850s] creating /home/xc2204/ros2_new_study/build/TF_study/build/lib
[0.851s] creating /home/xc2204/ros2_new_study/build/TF_study/build/lib/TF_study
[0.851s] copying TF_study/dynamic_TF_broadcast.py -> /home/xc2204/ros2_new_study/build/TF_study/build/lib/TF_study
[0.851s] copying TF_study/tf_listen.py -> /home/xc2204/ros2_new_study/build/TF_study/build/lib/TF_study
[0.851s] copying TF_study/static_TF_broadcast.py -> /home/xc2204/ros2_new_study/build/TF_study/build/lib/TF_study
[0.852s] copying TF_study/__init__.py -> /home/xc2204/ros2_new_study/build/TF_study/build/lib/TF_study
[0.852s] running install
[0.852s] running install_lib
[0.852s] creating /home/xc2204/ros2_new_study/install/TF_study/lib/python3.10/site-packages/TF_study
[0.852s] copying /home/xc2204/ros2_new_study/build/TF_study/build/lib/TF_study/dynamic_TF_broadcast.py -> /home/xc2204/ros2_new_study/install/TF_study/lib/python3.10/site-packages/TF_study
[0.852s] copying /home/xc2204/ros2_new_study/build/TF_study/build/lib/TF_study/tf_listen.py -> /home/xc2204/ros2_new_study/install/TF_study/lib/python3.10/site-packages/TF_study
[0.853s] copying /home/xc2204/ros2_new_study/build/TF_study/build/lib/TF_study/static_TF_broadcast.py -> /home/xc2204/ros2_new_study/install/TF_study/lib/python3.10/site-packages/TF_study
[0.853s] copying /home/xc2204/ros2_new_study/build/TF_study/build/lib/TF_study/__init__.py -> /home/xc2204/ros2_new_study/install/TF_study/lib/python3.10/site-packages/TF_study
[0.854s] byte-compiling /home/xc2204/ros2_new_study/install/TF_study/lib/python3.10/site-packages/TF_study/dynamic_TF_broadcast.py to dynamic_TF_broadcast.cpython-310.pyc
[0.854s] byte-compiling /home/xc2204/ros2_new_study/install/TF_study/lib/python3.10/site-packages/TF_study/tf_listen.py to tf_listen.cpython-310.pyc
[0.854s] byte-compiling /home/xc2204/ros2_new_study/install/TF_study/lib/python3.10/site-packages/TF_study/static_TF_broadcast.py to static_TF_broadcast.cpython-310.pyc
[0.854s] byte-compiling /home/xc2204/ros2_new_study/install/TF_study/lib/python3.10/site-packages/TF_study/__init__.py to __init__.cpython-310.pyc
[0.854s] running install_data
[0.854s] creating /home/xc2204/ros2_new_study/install/TF_study/share/ament_index
[0.854s] creating /home/xc2204/ros2_new_study/install/TF_study/share/ament_index/resource_index
[0.854s] creating /home/xc2204/ros2_new_study/install/TF_study/share/ament_index/resource_index/packages
[0.854s] copying resource/TF_study -> /home/xc2204/ros2_new_study/install/TF_study/share/ament_index/resource_index/packages
[0.855s] copying package.xml -> /home/xc2204/ros2_new_study/install/TF_study/share/TF_study
[0.855s] running install_egg_info
[0.855s] Copying ../../build/TF_study/TF_study.egg-info to /home/xc2204/ros2_new_study/install/TF_study/lib/python3.10/site-packages/TF_study-0.0.0-py3.10.egg-info
[0.856s] running install_scripts
[0.873s] Installing dynamic_tf_broadcaster script to /home/xc2204/ros2_new_study/install/TF_study/lib/TF_study
[0.873s] Installing static_tf_broadcaster script to /home/xc2204/ros2_new_study/install/TF_study/lib/TF_study
[0.873s] Installing tf_listen script to /home/xc2204/ros2_new_study/install/TF_study/lib/TF_study
[0.873s] writing list of installed files to '/home/xc2204/ros2_new_study/build/TF_study/install.log'
[0.894s] Invoked command in '/home/xc2204/ros2_new_study/src/TF_study' returned '0': PYTHONPATH=/home/xc2204/ros2_new_study/build/TF_study/prefix_override:/usr/lib/python3/dist-packages/colcon_core/task/python/colcon_distutils_commands:/home/xc2204/ros2_new_study/install/TF_study/lib/python3.10/site-packages:${PYTHONPATH} /usr/bin/python3 -W ignore:setup.py install is deprecated -W ignore:easy_install command is deprecated setup.py egg_info --egg-base ../../build/TF_study build --build-base /home/xc2204/ros2_new_study/build/TF_study/build install --record /home/xc2204/ros2_new_study/build/TF_study/install.log --single-version-externally-managed install_data
