[0.857s] Invoking command in '/home/xc2204/ros2_new_study/src/pc_stuts': AMENT_PREFIX_PATH=/home/xc2204/ros2_new_study/src/install/msg_interfaces:${AMENT_PREFIX_PATH} CMAKE_PREFIX_PATH=/home/xc2204/ros2_new_study/src/install/msg_interfaces:${CMAKE_PREFIX_PATH} LD_LIBRARY_PATH=/home/xc2204/ros2_new_study/src/install/msg_interfaces/lib:${LD_LIBRARY_PATH} PYTHONPATH=/home/xc2204/ros2_new_study/src/build/pc_stuts/prefix_override:/usr/lib/python3/dist-packages/colcon_core/task/python/colcon_distutils_commands:/home/xc2204/ros2_new_study/src/install/pc_stuts/lib/python3.10/site-packages:/home/xc2204/ros2_new_study/src/install/msg_interfaces/local/lib/python3.10/dist-packages:${PYTHONPATH} /usr/bin/python3 -W ignore:setup.py install is deprecated -W ignore:easy_install command is deprecated setup.py egg_info --egg-base ../build/pc_stuts build --build-base /home/xc2204/ros2_new_study/src/build/pc_stuts/build install --record /home/xc2204/ros2_new_study/src/build/pc_stuts/install.log --single-version-externally-managed install_data
[1.046s] running egg_info
[1.046s] creating ../build/pc_stuts/pc_stuts.egg-info
[1.047s] writing ../build/pc_stuts/pc_stuts.egg-info/PKG-INFO
[1.047s] writing dependency_links to ../build/pc_stuts/pc_stuts.egg-info/dependency_links.txt
[1.047s] writing entry points to ../build/pc_stuts/pc_stuts.egg-info/entry_points.txt
[1.048s] writing requirements to ../build/pc_stuts/pc_stuts.egg-info/requires.txt
[1.048s] writing top-level names to ../build/pc_stuts/pc_stuts.egg-info/top_level.txt
[1.048s] writing manifest file '../build/pc_stuts/pc_stuts.egg-info/SOURCES.txt'
[1.049s] reading manifest file '../build/pc_stuts/pc_stuts.egg-info/SOURCES.txt'
[1.049s] writing manifest file '../build/pc_stuts/pc_stuts.egg-info/SOURCES.txt'
[1.050s] running build
[1.050s] running build_py
[1.050s] creating /home/xc2204/ros2_new_study/src/build/pc_stuts/build
[1.050s] creating /home/xc2204/ros2_new_study/src/build/pc_stuts/build/lib
[1.051s] creating /home/xc2204/ros2_new_study/src/build/pc_stuts/build/lib/pc_stuts
[1.051s] copying pc_stuts/qt_ui.py -> /home/xc2204/ros2_new_study/src/build/pc_stuts/build/lib/pc_stuts
[1.051s] copying pc_stuts/stuts_pub.py -> /home/xc2204/ros2_new_study/src/build/pc_stuts/build/lib/pc_stuts
[1.052s] copying pc_stuts/__init__.py -> /home/xc2204/ros2_new_study/src/build/pc_stuts/build/lib/pc_stuts
[1.052s] copying pc_stuts/stuts_sub.py -> /home/xc2204/ros2_new_study/src/build/pc_stuts/build/lib/pc_stuts
[1.052s] running install
[1.052s] running install_lib
[1.053s] creating /home/xc2204/ros2_new_study/src/install/pc_stuts/lib/python3.10/site-packages/pc_stuts
[1.053s] copying /home/xc2204/ros2_new_study/src/build/pc_stuts/build/lib/pc_stuts/qt_ui.py -> /home/xc2204/ros2_new_study/src/install/pc_stuts/lib/python3.10/site-packages/pc_stuts
[1.053s] copying /home/xc2204/ros2_new_study/src/build/pc_stuts/build/lib/pc_stuts/stuts_pub.py -> /home/xc2204/ros2_new_study/src/install/pc_stuts/lib/python3.10/site-packages/pc_stuts
[1.053s] copying /home/xc2204/ros2_new_study/src/build/pc_stuts/build/lib/pc_stuts/__init__.py -> /home/xc2204/ros2_new_study/src/install/pc_stuts/lib/python3.10/site-packages/pc_stuts
[1.054s] copying /home/xc2204/ros2_new_study/src/build/pc_stuts/build/lib/pc_stuts/stuts_sub.py -> /home/xc2204/ros2_new_study/src/install/pc_stuts/lib/python3.10/site-packages/pc_stuts
[1.054s] byte-compiling /home/xc2204/ros2_new_study/src/install/pc_stuts/lib/python3.10/site-packages/pc_stuts/qt_ui.py to qt_ui.cpython-310.pyc
[1.055s] byte-compiling /home/xc2204/ros2_new_study/src/install/pc_stuts/lib/python3.10/site-packages/pc_stuts/stuts_pub.py to stuts_pub.cpython-310.pyc
[1.055s] byte-compiling /home/xc2204/ros2_new_study/src/install/pc_stuts/lib/python3.10/site-packages/pc_stuts/__init__.py to __init__.cpython-310.pyc
[1.055s] byte-compiling /home/xc2204/ros2_new_study/src/install/pc_stuts/lib/python3.10/site-packages/pc_stuts/stuts_sub.py to stuts_sub.cpython-310.pyc
[1.056s] running install_data
[1.056s] creating /home/xc2204/ros2_new_study/src/install/pc_stuts/share/ament_index
[1.056s] creating /home/xc2204/ros2_new_study/src/install/pc_stuts/share/ament_index/resource_index
[1.056s] creating /home/xc2204/ros2_new_study/src/install/pc_stuts/share/ament_index/resource_index/packages
[1.056s] copying resource/pc_stuts -> /home/xc2204/ros2_new_study/src/install/pc_stuts/share/ament_index/resource_index/packages
[1.057s] copying package.xml -> /home/xc2204/ros2_new_study/src/install/pc_stuts/share/pc_stuts
[1.057s] running install_egg_info
[1.058s] Copying ../build/pc_stuts/pc_stuts.egg-info to /home/xc2204/ros2_new_study/src/install/pc_stuts/lib/python3.10/site-packages/pc_stuts-0.0.0-py3.10.egg-info
[1.059s] running install_scripts
[1.076s] Installing qt_ui script to /home/xc2204/ros2_new_study/src/install/pc_stuts/lib/pc_stuts
[1.076s] Installing stuts_pub script to /home/xc2204/ros2_new_study/src/install/pc_stuts/lib/pc_stuts
[1.076s] Installing stuts_sub script to /home/xc2204/ros2_new_study/src/install/pc_stuts/lib/pc_stuts
[1.077s] writing list of installed files to '/home/xc2204/ros2_new_study/src/build/pc_stuts/install.log'
[1.097s] Invoked command in '/home/xc2204/ros2_new_study/src/pc_stuts' returned '0': AMENT_PREFIX_PATH=/home/xc2204/ros2_new_study/src/install/msg_interfaces:${AMENT_PREFIX_PATH} CMAKE_PREFIX_PATH=/home/xc2204/ros2_new_study/src/install/msg_interfaces:${CMAKE_PREFIX_PATH} LD_LIBRARY_PATH=/home/xc2204/ros2_new_study/src/install/msg_interfaces/lib:${LD_LIBRARY_PATH} PYTHONPATH=/home/xc2204/ros2_new_study/src/build/pc_stuts/prefix_override:/usr/lib/python3/dist-packages/colcon_core/task/python/colcon_distutils_commands:/home/xc2204/ros2_new_study/src/install/pc_stuts/lib/python3.10/site-packages:/home/xc2204/ros2_new_study/src/install/msg_interfaces/local/lib/python3.10/dist-packages:${PYTHONPATH} /usr/bin/python3 -W ignore:setup.py install is deprecated -W ignore:easy_install command is deprecated setup.py egg_info --egg-base ../build/pc_stuts build --build-base /home/xc2204/ros2_new_study/src/build/pc_stuts/build install --record /home/xc2204/ros2_new_study/src/build/pc_stuts/install.log --single-version-externally-managed install_data
