[0.377s] Invoking command in '/home/xc2204/ros2_new_study/build/urdf_study': CMAKE_PREFIX_PATH=${CMAKE_PREFIX_PATH}:/home/xc2204/ros2_new_study/install/test_pkg:/home/xc2204/ros2_new_study/install/pc_stuts:/home/xc2204/ros2_new_study/install/face_detect:/home/xc2204/ros2_new_study/install/TF_study:/opt/ros/humble /usr/bin/cmake /home/xc2204/ros2_new_study/src/urdf_study -DCMAKE_INSTALL_PREFIX=/home/xc2204/ros2_new_study/install/urdf_study
[0.573s] -- The C compiler identification is GNU 11.4.0
[1.296s] -- The CXX compiler identification is GNU 11.4.0
[1.865s] -- Detecting C compiler ABI info
[2.116s] -- Detecting C compiler ABI info - done
[2.121s] -- Check for working C compiler: /usr/bin/cc - skipped
[2.121s] -- Detecting C compile features
[2.121s] -- Detecting C compile features - done
[2.123s] -- Detecting CXX compiler ABI info
[2.337s] -- Detecting CXX compiler ABI info - done
[2.342s] -- Check for working CXX compiler: /usr/bin/c++ - skipped
[2.342s] -- Detecting CXX compile features
[2.342s] -- Detecting CXX compile features - done
[2.344s] -- Found ament_cmake: 1.3.14 (/opt/ros/humble/share/ament_cmake/cmake)
[2.465s] -- Found Python3: /usr/bin/python3 (found version "3.10.12") found components: Interpreter 
[2.536s] -- Found ament_lint_auto: 0.12.15 (/opt/ros/humble/share/ament_lint_auto/cmake)
[2.601s] -- Added test 'flake8' to check Python code syntax and style conventions
[2.602s] -- Added test 'lint_cmake' to check CMake code style
[2.602s] -- Added test 'pep257' to check Python code against some of the docstring style conventions in PEP 257
[2.603s] -- Added test 'xmllint' to check XML markup files
[2.605s] -- Configuring done
[2.608s] -- Generating done
[2.609s] -- Build files have been written to: /home/xc2204/ros2_new_study/build/urdf_study
[2.614s] Invoked command in '/home/xc2204/ros2_new_study/build/urdf_study' returned '0': CMAKE_PREFIX_PATH=${CMAKE_PREFIX_PATH}:/home/xc2204/ros2_new_study/install/test_pkg:/home/xc2204/ros2_new_study/install/pc_stuts:/home/xc2204/ros2_new_study/install/face_detect:/home/xc2204/ros2_new_study/install/TF_study:/opt/ros/humble /usr/bin/cmake /home/xc2204/ros2_new_study/src/urdf_study -DCMAKE_INSTALL_PREFIX=/home/xc2204/ros2_new_study/install/urdf_study
[2.616s] Invoking command in '/home/xc2204/ros2_new_study/build/urdf_study': CMAKE_PREFIX_PATH=${CMAKE_PREFIX_PATH}:/home/xc2204/ros2_new_study/install/test_pkg:/home/xc2204/ros2_new_study/install/pc_stuts:/home/xc2204/ros2_new_study/install/face_detect:/home/xc2204/ros2_new_study/install/TF_study:/opt/ros/humble /usr/bin/cmake --build /home/xc2204/ros2_new_study/build/urdf_study -- -j20 -l20
[2.645s] Invoked command in '/home/xc2204/ros2_new_study/build/urdf_study' returned '0': CMAKE_PREFIX_PATH=${CMAKE_PREFIX_PATH}:/home/xc2204/ros2_new_study/install/test_pkg:/home/xc2204/ros2_new_study/install/pc_stuts:/home/xc2204/ros2_new_study/install/face_detect:/home/xc2204/ros2_new_study/install/TF_study:/opt/ros/humble /usr/bin/cmake --build /home/xc2204/ros2_new_study/build/urdf_study -- -j20 -l20
[2.653s] Invoking command in '/home/xc2204/ros2_new_study/build/urdf_study': CMAKE_PREFIX_PATH=${CMAKE_PREFIX_PATH}:/home/xc2204/ros2_new_study/install/test_pkg:/home/xc2204/ros2_new_study/install/pc_stuts:/home/xc2204/ros2_new_study/install/face_detect:/home/xc2204/ros2_new_study/install/TF_study:/opt/ros/humble /usr/bin/cmake --install /home/xc2204/ros2_new_study/build/urdf_study
[2.659s] -- Install configuration: ""
[2.659s] -- Installing: /home/xc2204/ros2_new_study/install/urdf_study/share/urdf_study//launch
[2.660s] -- Installing: /home/xc2204/ros2_new_study/install/urdf_study/share/urdf_study//launch/J_L_S_publisher.launch.py
[2.660s] -- Installing: /home/xc2204/ros2_new_study/install/urdf_study/share/urdf_study//URDF
[2.660s] -- Installing: /home/xc2204/ros2_new_study/install/urdf_study/share/urdf_study//URDF/study_urdf.urdf
[2.660s] -- Installing: /home/xc2204/ros2_new_study/install/urdf_study/share/ament_index/resource_index/package_run_dependencies/urdf_study
[2.660s] -- Installing: /home/xc2204/ros2_new_study/install/urdf_study/share/ament_index/resource_index/parent_prefix_path/urdf_study
[2.661s] -- Installing: /home/xc2204/ros2_new_study/install/urdf_study/share/urdf_study/environment/ament_prefix_path.sh
[2.661s] -- Installing: /home/xc2204/ros2_new_study/install/urdf_study/share/urdf_study/environment/ament_prefix_path.dsv
[2.661s] -- Installing: /home/xc2204/ros2_new_study/install/urdf_study/share/urdf_study/environment/path.sh
[2.661s] -- Installing: /home/xc2204/ros2_new_study/install/urdf_study/share/urdf_study/environment/path.dsv
[2.661s] -- Installing: /home/xc2204/ros2_new_study/install/urdf_study/share/urdf_study/local_setup.bash
[2.661s] -- Installing: /home/xc2204/ros2_new_study/install/urdf_study/share/urdf_study/local_setup.sh
[2.662s] -- Installing: /home/xc2204/ros2_new_study/install/urdf_study/share/urdf_study/local_setup.zsh
[2.662s] -- Installing: /home/xc2204/ros2_new_study/install/urdf_study/share/urdf_study/local_setup.dsv
[2.662s] -- Installing: /home/xc2204/ros2_new_study/install/urdf_study/share/urdf_study/package.dsv
[2.662s] -- Installing: /home/xc2204/ros2_new_study/install/urdf_study/share/ament_index/resource_index/packages/urdf_study
[2.662s] -- Installing: /home/xc2204/ros2_new_study/install/urdf_study/share/urdf_study/cmake/urdf_studyConfig.cmake
[2.662s] -- Installing: /home/xc2204/ros2_new_study/install/urdf_study/share/urdf_study/cmake/urdf_studyConfig-version.cmake
[2.662s] -- Installing: /home/xc2204/ros2_new_study/install/urdf_study/share/urdf_study/package.xml
[2.664s] Invoked command in '/home/xc2204/ros2_new_study/build/urdf_study' returned '0': CMAKE_PREFIX_PATH=${CMAKE_PREFIX_PATH}:/home/xc2204/ros2_new_study/install/test_pkg:/home/xc2204/ros2_new_study/install/pc_stuts:/home/xc2204/ros2_new_study/install/face_detect:/home/xc2204/ros2_new_study/install/TF_study:/opt/ros/humble /usr/bin/cmake --install /home/xc2204/ros2_new_study/build/urdf_study
