[0.026s] Invoking command in '/home/xc2204/ros2_new_study/src/build/msg_interfaces': CMAKE_PREFIX_PATH=${CMAKE_PREFIX_PATH}:/home/xc2204/ros2_new_study/install/test_pkg:/home/xc2204/ros2_new_study/install/pc_stuts:/home/xc2204/ros2_new_study/install/face_detect:/opt/ros/humble /usr/bin/cmake /home/xc2204/ros2_new_study/src/msg_interfaces -DCMAKE_INSTALL_PREFIX=/home/xc2204/ros2_new_study/src/install/msg_interfaces
[0.345s] -- The C compiler identification is GNU 11.4.0
[1.223s] -- The CXX compiler identification is GNU 11.4.0
[1.782s] -- Detecting C compiler ABI info
[1.977s] -- Detecting C compiler ABI info - done
[1.982s] -- Check for working C compiler: /usr/bin/cc - skipped
[1.983s] -- Detecting C compile features
[1.983s] -- Detecting C compile features - done
[1.987s] -- Detecting CXX compiler ABI info
[2.193s] -- Detecting CXX compiler ABI info - done
[2.199s] -- Check for working CXX compiler: /usr/bin/c++ - skipped
[2.199s] -- Detecting CXX compile features
[2.199s] -- Detecting CXX compile features - done
[2.209s] -- Found ament_cmake: 1.3.14 (/opt/ros/humble/share/ament_cmake/cmake)
[2.343s] -- Found Python3: /usr/bin/python3 (found version "3.10.12") found components: Interpreter 
[2.441s] -- Found rosidl_default_generators: 1.2.1 (/opt/ros/humble/share/rosidl_default_generators/cmake)
[2.449s] -- Using all available rosidl_typesupport_c: rosidl_typesupport_fastrtps_c;rosidl_typesupport_introspection_c
[2.458s] -- Found rosidl_adapter: 3.1.8 (/opt/ros/humble/share/rosidl_adapter/cmake)
[2.714s] -- Using all available rosidl_typesupport_cpp: rosidl_typesupport_fastrtps_cpp;rosidl_typesupport_introspection_cpp
[2.760s] -- Found builtin_interfaces: 1.2.2 (/opt/ros/humble/share/builtin_interfaces/cmake)
[2.777s] -- Found sensor_msgs: 4.9.1 (/opt/ros/humble/share/sensor_msgs/cmake)
[3.081s] -- Found ament_cmake_ros: 0.10.0 (/opt/ros/humble/share/ament_cmake_ros/cmake)
[3.325s] -- Using all available rosidl_typesupport_c: rosidl_typesupport_fastrtps_c;rosidl_typesupport_introspection_c
[3.643s] -- Using all available rosidl_typesupport_cpp: rosidl_typesupport_fastrtps_cpp;rosidl_typesupport_introspection_cpp
[3.885s] -- Found PythonInterp: /usr/bin/python3 (found suitable version "3.10.12", minimum required is "3.6") 
[3.887s] -- Found python_cmake_module: 0.10.0 (/opt/ros/humble/share/python_cmake_module/cmake)
[4.548s] -- Found PythonLibs: /usr/lib/x86_64-linux-gnu/libpython3.10.so (found suitable version "3.10.12", minimum required is "3.5") 
[4.548s] -- Using PYTHON_EXECUTABLE: /usr/bin/python3
[4.548s] -- Using PYTHON_INCLUDE_DIRS: /usr/include/python3.10
[4.548s] -- Using PYTHON_LIBRARIES: /usr/lib/x86_64-linux-gnu/libpython3.10.so
[4.565s] -- Found PythonExtra: .so  
[4.758s] -- Found ament_lint_auto: 0.12.15 (/opt/ros/humble/share/ament_lint_auto/cmake)
[4.791s] -- Added test 'lint_cmake' to check CMake code style
[4.793s] -- Added test 'xmllint' to check XML markup files
[4.796s] -- Configuring done
[4.843s] -- Generating done
[4.856s] -- Build files have been written to: /home/xc2204/ros2_new_study/src/build/msg_interfaces
[4.865s] Invoked command in '/home/xc2204/ros2_new_study/src/build/msg_interfaces' returned '0': CMAKE_PREFIX_PATH=${CMAKE_PREFIX_PATH}:/home/xc2204/ros2_new_study/install/test_pkg:/home/xc2204/ros2_new_study/install/pc_stuts:/home/xc2204/ros2_new_study/install/face_detect:/opt/ros/humble /usr/bin/cmake /home/xc2204/ros2_new_study/src/msg_interfaces -DCMAKE_INSTALL_PREFIX=/home/xc2204/ros2_new_study/src/install/msg_interfaces
[4.867s] Invoking command in '/home/xc2204/ros2_new_study/src/build/msg_interfaces': CMAKE_PREFIX_PATH=${CMAKE_PREFIX_PATH}:/home/xc2204/ros2_new_study/install/test_pkg:/home/xc2204/ros2_new_study/install/pc_stuts:/home/xc2204/ros2_new_study/install/face_detect:/opt/ros/humble /usr/bin/cmake --build /home/xc2204/ros2_new_study/src/build/msg_interfaces -- -j20 -l20
[4.899s] [  2%] [34m[1mGenerating C code for ROS interfaces[0m
[4.908s] [  7%] [34m[1mGenerating Rust code for ROS interfaces[0m
[4.908s] [  7%] [34m[1mGenerating C++ code for ROS interfaces[0m
[4.915s] [  7%] Built target ament_cmake_python_copy_msg_interfaces
[5.173s] running egg_info
[5.174s] creating msg_interfaces.egg-info
[5.174s] writing msg_interfaces.egg-info/PKG-INFO
[5.174s] writing dependency_links to msg_interfaces.egg-info/dependency_links.txt
[5.175s] writing top-level names to msg_interfaces.egg-info/top_level.txt
[5.175s] writing manifest file 'msg_interfaces.egg-info/SOURCES.txt'
[5.178s] reading manifest file 'msg_interfaces.egg-info/SOURCES.txt'
[5.179s] writing manifest file 'msg_interfaces.egg-info/SOURCES.txt'
[5.212s] [  7%] Built target ament_cmake_python_build_msg_interfaces_egg
[5.215s] [  7%] Built target msg_interfaces__rs
[5.267s] [  7%] Built target msg_interfaces__cpp
[5.272s] [ 10%] [32mBuilding C object CMakeFiles/msg_interfaces__rosidl_generator_c.dir/rosidl_generator_c/msg_interfaces/srv/detail/face_detector__functions.c.o[0m
[5.272s] [ 12%] [32mBuilding C object CMakeFiles/msg_interfaces__rosidl_generator_c.dir/rosidl_generator_c/msg_interfaces/msg/detail/system_status__functions.c.o[0m
[5.277s] [ 15%] [34m[1mGenerating C++ type support for eProsima Fast-RTPS[0m
[5.278s] [ 20%] [34m[1mGenerating C++ introspection for ROS interfaces[0m
[5.278s] [ 20%] [34m[1mGenerating C++ type support dispatch for ROS interfaces[0m
[5.363s] [ 22%] [32m[1mLinking C shared library libmsg_interfaces__rosidl_generator_c.so[0m
[5.631s] [ 27%] [32mBuilding CXX object CMakeFiles/msg_interfaces__rosidl_typesupport_cpp.dir/rosidl_typesupport_cpp/msg_interfaces/srv/face_detector__type_support.cpp.o[0m
[5.631s] [ 27%] [32mBuilding CXX object CMakeFiles/msg_interfaces__rosidl_typesupport_cpp.dir/rosidl_typesupport_cpp/msg_interfaces/msg/system_status__type_support.cpp.o[0m
[5.644s] [ 30%] [32mBuilding CXX object CMakeFiles/msg_interfaces__rosidl_typesupport_introspection_cpp.dir/rosidl_typesupport_introspection_cpp/msg_interfaces/msg/detail/system_status__type_support.cpp.o[0m
[5.645s] [ 32%] [32mBuilding CXX object CMakeFiles/msg_interfaces__rosidl_typesupport_introspection_cpp.dir/rosidl_typesupport_introspection_cpp/msg_interfaces/srv/detail/face_detector__type_support.cpp.o[0m
[5.679s] [ 35%] [32mBuilding CXX object CMakeFiles/msg_interfaces__rosidl_typesupport_fastrtps_cpp.dir/rosidl_typesupport_fastrtps_cpp/msg_interfaces/msg/detail/dds_fastrtps/system_status__type_support.cpp.o[0m
[5.679s] [ 35%] Built target msg_interfaces__rosidl_generator_c
[5.680s] [ 37%] [32mBuilding CXX object CMakeFiles/msg_interfaces__rosidl_typesupport_fastrtps_cpp.dir/rosidl_typesupport_fastrtps_cpp/msg_interfaces/srv/detail/dds_fastrtps/face_detector__type_support.cpp.o[0m
[5.692s] [ 40%] [34m[1mGenerating C introspection for ROS interfaces[0m
[5.692s] [ 45%] [34m[1mGenerating C type support dispatch for ROS interfaces[0m
[5.693s] [ 45%] [34m[1mGenerating C type support for eProsima Fast-RTPS[0m
[6.088s] [ 47%] [32m[1mLinking CXX shared library libmsg_interfaces__rosidl_typesupport_cpp.so[0m
[6.147s] [ 50%] [32mBuilding CXX object CMakeFiles/msg_interfaces__rosidl_typesupport_c.dir/rosidl_typesupport_c/msg_interfaces/msg/system_status__type_support.cpp.o[0m
[6.151s] [ 52%] [32mBuilding CXX object CMakeFiles/msg_interfaces__rosidl_typesupport_c.dir/rosidl_typesupport_c/msg_interfaces/srv/face_detector__type_support.cpp.o[0m
[6.189s] [ 57%] [32m[1mLinking CXX shared library libmsg_interfaces__rosidl_typesupport_c.so[0m
[6.190s] [ 57%] [32mBuilding CXX object CMakeFiles/msg_interfaces__rosidl_typesupport_fastrtps_c.dir/rosidl_typesupport_fastrtps_c/msg_interfaces/msg/detail/system_status__type_support_c.cpp.o[0m
[6.190s] [ 60%] [32mBuilding CXX object CMakeFiles/msg_interfaces__rosidl_typesupport_fastrtps_c.dir/rosidl_typesupport_fastrtps_c/msg_interfaces/srv/detail/face_detector__type_support_c.cpp.o[0m
[6.201s] [ 62%] [32mBuilding C object CMakeFiles/msg_interfaces__rosidl_typesupport_introspection_c.dir/rosidl_typesupport_introspection_c/msg_interfaces/msg/detail/system_status__type_support.c.o[0m
[6.202s] [ 65%] [32mBuilding C object CMakeFiles/msg_interfaces__rosidl_typesupport_introspection_c.dir/rosidl_typesupport_introspection_c/msg_interfaces/srv/detail/face_detector__type_support.c.o[0m
[6.264s] [ 67%] [32m[1mLinking C shared library libmsg_interfaces__rosidl_typesupport_introspection_c.so[0m
[6.301s] [ 70%] [32m[1mLinking CXX shared library libmsg_interfaces__rosidl_typesupport_introspection_cpp.so[0m
[6.323s] [ 72%] [32m[1mLinking CXX shared library libmsg_interfaces__rosidl_typesupport_fastrtps_cpp.so[0m
[6.394s] [ 72%] Built target msg_interfaces__rosidl_typesupport_cpp
[6.479s] [ 72%] Built target msg_interfaces__rosidl_typesupport_c
[6.534s] [ 72%] Built target msg_interfaces__rosidl_typesupport_introspection_c
[6.535s] [ 75%] [32m[1mLinking CXX shared library libmsg_interfaces__rosidl_typesupport_fastrtps_c.so[0m
[6.595s] [ 75%] Built target msg_interfaces__rosidl_typesupport_introspection_cpp
[6.622s] [ 75%] Built target msg_interfaces__rosidl_typesupport_fastrtps_cpp
[6.755s] [ 75%] Built target msg_interfaces__rosidl_typesupport_fastrtps_c
[6.772s] [ 75%] Built target msg_interfaces
[6.788s] [ 77%] [34m[1mGenerating Python code for ROS interfaces[0m
[7.218s] [ 77%] Built target msg_interfaces__py
[7.232s] [ 80%] [32mBuilding C object CMakeFiles/msg_interfaces__rosidl_generator_py.dir/rosidl_generator_py/msg_interfaces/srv/_face_detector_s.c.o[0m
[7.234s] [ 82%] [32mBuilding C object CMakeFiles/msg_interfaces__rosidl_generator_py.dir/rosidl_generator_py/msg_interfaces/msg/_system_status_s.c.o[0m
[7.369s] [ 85%] [32m[1mLinking C shared library rosidl_generator_py/msg_interfaces/libmsg_interfaces__rosidl_generator_py.so[0m
[7.563s] [ 85%] Built target msg_interfaces__rosidl_generator_py
[7.580s] [ 92%] [32mBuilding C object CMakeFiles/msg_interfaces__rosidl_typesupport_c__pyext.dir/rosidl_generator_py/msg_interfaces/_msg_interfaces_s.ep.rosidl_typesupport_c.c.o[0m
[7.580s] [ 92%] [32mBuilding C object CMakeFiles/msg_interfaces__rosidl_typesupport_introspection_c__pyext.dir/rosidl_generator_py/msg_interfaces/_msg_interfaces_s.ep.rosidl_typesupport_introspection_c.c.o[0m
[7.580s] [ 92%] [32mBuilding C object CMakeFiles/msg_interfaces__rosidl_typesupport_fastrtps_c__pyext.dir/rosidl_generator_py/msg_interfaces/_msg_interfaces_s.ep.rosidl_typesupport_fastrtps_c.c.o[0m
[7.667s] [ 95%] [32m[1mLinking C shared library rosidl_generator_py/msg_interfaces/msg_interfaces_s__rosidl_typesupport_introspection_c.cpython-310-x86_64-linux-gnu.so[0m
[7.669s] [ 97%] [32m[1mLinking C shared library rosidl_generator_py/msg_interfaces/msg_interfaces_s__rosidl_typesupport_c.cpython-310-x86_64-linux-gnu.so[0m
[7.671s] [100%] [32m[1mLinking C shared library rosidl_generator_py/msg_interfaces/msg_interfaces_s__rosidl_typesupport_fastrtps_c.cpython-310-x86_64-linux-gnu.so[0m
[7.811s] [100%] Built target msg_interfaces__rosidl_typesupport_c__pyext
[7.811s] [100%] Built target msg_interfaces__rosidl_typesupport_introspection_c__pyext
[7.877s] [100%] Built target msg_interfaces__rosidl_typesupport_fastrtps_c__pyext
[7.889s] Invoked command in '/home/xc2204/ros2_new_study/src/build/msg_interfaces' returned '0': CMAKE_PREFIX_PATH=${CMAKE_PREFIX_PATH}:/home/xc2204/ros2_new_study/install/test_pkg:/home/xc2204/ros2_new_study/install/pc_stuts:/home/xc2204/ros2_new_study/install/face_detect:/opt/ros/humble /usr/bin/cmake --build /home/xc2204/ros2_new_study/src/build/msg_interfaces -- -j20 -l20
[7.899s] Invoking command in '/home/xc2204/ros2_new_study/src/build/msg_interfaces': CMAKE_PREFIX_PATH=${CMAKE_PREFIX_PATH}:/home/xc2204/ros2_new_study/install/test_pkg:/home/xc2204/ros2_new_study/install/pc_stuts:/home/xc2204/ros2_new_study/install/face_detect:/opt/ros/humble /usr/bin/cmake --install /home/xc2204/ros2_new_study/src/build/msg_interfaces
[7.905s] -- Install configuration: ""
[7.906s] -- Installing: /home/xc2204/ros2_new_study/src/install/msg_interfaces/share/ament_index/resource_index/rosidl_interfaces/msg_interfaces
[7.906s] -- Installing: /home/xc2204/ros2_new_study/src/install/msg_interfaces/include/msg_interfaces/msg_interfaces
[7.907s] -- Installing: /home/xc2204/ros2_new_study/src/install/msg_interfaces/include/msg_interfaces/msg_interfaces/msg
[7.907s] -- Installing: /home/xc2204/ros2_new_study/src/install/msg_interfaces/include/msg_interfaces/msg_interfaces/msg/rosidl_generator_c__visibility_control.h
[7.907s] -- Installing: /home/xc2204/ros2_new_study/src/install/msg_interfaces/include/msg_interfaces/msg_interfaces/msg/detail
[7.907s] -- Installing: /home/xc2204/ros2_new_study/src/install/msg_interfaces/include/msg_interfaces/msg_interfaces/msg/detail/system_status__functions.h
[7.907s] -- Installing: /home/xc2204/ros2_new_study/src/install/msg_interfaces/include/msg_interfaces/msg_interfaces/msg/detail/system_status__struct.h
[7.907s] -- Installing: /home/xc2204/ros2_new_study/src/install/msg_interfaces/include/msg_interfaces/msg_interfaces/msg/detail/system_status__type_support.h
[7.908s] -- Installing: /home/xc2204/ros2_new_study/src/install/msg_interfaces/include/msg_interfaces/msg_interfaces/msg/detail/system_status__functions.c
[7.908s] -- Installing: /home/xc2204/ros2_new_study/src/install/msg_interfaces/include/msg_interfaces/msg_interfaces/msg/system_status.h
[7.908s] -- Installing: /home/xc2204/ros2_new_study/src/install/msg_interfaces/include/msg_interfaces/msg_interfaces/srv
[7.908s] -- Installing: /home/xc2204/ros2_new_study/src/install/msg_interfaces/include/msg_interfaces/msg_interfaces/srv/face_detector.h
[7.908s] -- Installing: /home/xc2204/ros2_new_study/src/install/msg_interfaces/include/msg_interfaces/msg_interfaces/srv/detail
[7.908s] -- Installing: /home/xc2204/ros2_new_study/src/install/msg_interfaces/include/msg_interfaces/msg_interfaces/srv/detail/face_detector__functions.h
[7.908s] -- Installing: /home/xc2204/ros2_new_study/src/install/msg_interfaces/include/msg_interfaces/msg_interfaces/srv/detail/face_detector__struct.h
[7.908s] -- Installing: /home/xc2204/ros2_new_study/src/install/msg_interfaces/include/msg_interfaces/msg_interfaces/srv/detail/face_detector__functions.c
[7.908s] -- Installing: /home/xc2204/ros2_new_study/src/install/msg_interfaces/include/msg_interfaces/msg_interfaces/srv/detail/face_detector__type_support.h
[7.908s] -- Installing: /home/xc2204/ros2_new_study/src/install/msg_interfaces/share/msg_interfaces/environment/library_path.sh
[7.909s] -- Installing: /home/xc2204/ros2_new_study/src/install/msg_interfaces/share/msg_interfaces/environment/library_path.dsv
[7.909s] -- Installing: /home/xc2204/ros2_new_study/src/install/msg_interfaces/lib/libmsg_interfaces__rosidl_generator_c.so
[7.909s] -- Set runtime path of "/home/xc2204/ros2_new_study/src/install/msg_interfaces/lib/libmsg_interfaces__rosidl_generator_c.so" to ""
[7.910s] -- Up-to-date: /home/xc2204/ros2_new_study/src/install/msg_interfaces/include/msg_interfaces/msg_interfaces
[7.910s] -- Up-to-date: /home/xc2204/ros2_new_study/src/install/msg_interfaces/include/msg_interfaces/msg_interfaces/msg
[7.910s] -- Installing: /home/xc2204/ros2_new_study/src/install/msg_interfaces/include/msg_interfaces/msg_interfaces/msg/rosidl_typesupport_fastrtps_c__visibility_control.h
[7.910s] -- Up-to-date: /home/xc2204/ros2_new_study/src/install/msg_interfaces/include/msg_interfaces/msg_interfaces/msg/detail
[7.910s] -- Installing: /home/xc2204/ros2_new_study/src/install/msg_interfaces/include/msg_interfaces/msg_interfaces/msg/detail/system_status__rosidl_typesupport_fastrtps_c.h
[7.910s] -- Up-to-date: /home/xc2204/ros2_new_study/src/install/msg_interfaces/include/msg_interfaces/msg_interfaces/srv
[7.910s] -- Up-to-date: /home/xc2204/ros2_new_study/src/install/msg_interfaces/include/msg_interfaces/msg_interfaces/srv/detail
[7.910s] -- Installing: /home/xc2204/ros2_new_study/src/install/msg_interfaces/include/msg_interfaces/msg_interfaces/srv/detail/face_detector__rosidl_typesupport_fastrtps_c.h
[7.910s] -- Installing: /home/xc2204/ros2_new_study/src/install/msg_interfaces/lib/libmsg_interfaces__rosidl_typesupport_fastrtps_c.so
[7.910s] -- Set runtime path of "/home/xc2204/ros2_new_study/src/install/msg_interfaces/lib/libmsg_interfaces__rosidl_typesupport_fastrtps_c.so" to ""
[7.910s] -- Up-to-date: /home/xc2204/ros2_new_study/src/install/msg_interfaces/include/msg_interfaces/msg_interfaces
[7.911s] -- Up-to-date: /home/xc2204/ros2_new_study/src/install/msg_interfaces/include/msg_interfaces/msg_interfaces/msg
[7.911s] -- Installing: /home/xc2204/ros2_new_study/src/install/msg_interfaces/include/msg_interfaces/msg_interfaces/msg/rosidl_typesupport_introspection_c__visibility_control.h
[7.911s] -- Up-to-date: /home/xc2204/ros2_new_study/src/install/msg_interfaces/include/msg_interfaces/msg_interfaces/msg/detail
[7.911s] -- Installing: /home/xc2204/ros2_new_study/src/install/msg_interfaces/include/msg_interfaces/msg_interfaces/msg/detail/system_status__type_support.c
[7.911s] -- Installing: /home/xc2204/ros2_new_study/src/install/msg_interfaces/include/msg_interfaces/msg_interfaces/msg/detail/system_status__rosidl_typesupport_introspection_c.h
[7.911s] -- Up-to-date: /home/xc2204/ros2_new_study/src/install/msg_interfaces/include/msg_interfaces/msg_interfaces/srv
[7.911s] -- Up-to-date: /home/xc2204/ros2_new_study/src/install/msg_interfaces/include/msg_interfaces/msg_interfaces/srv/detail
[7.911s] -- Installing: /home/xc2204/ros2_new_study/src/install/msg_interfaces/include/msg_interfaces/msg_interfaces/srv/detail/face_detector__rosidl_typesupport_introspection_c.h
[7.912s] -- Installing: /home/xc2204/ros2_new_study/src/install/msg_interfaces/include/msg_interfaces/msg_interfaces/srv/detail/face_detector__type_support.c
[7.912s] -- Installing: /home/xc2204/ros2_new_study/src/install/msg_interfaces/lib/libmsg_interfaces__rosidl_typesupport_introspection_c.so
[7.912s] -- Set runtime path of "/home/xc2204/ros2_new_study/src/install/msg_interfaces/lib/libmsg_interfaces__rosidl_typesupport_introspection_c.so" to ""
[7.912s] -- Installing: /home/xc2204/ros2_new_study/src/install/msg_interfaces/lib/libmsg_interfaces__rosidl_typesupport_c.so
[7.912s] -- Set runtime path of "/home/xc2204/ros2_new_study/src/install/msg_interfaces/lib/libmsg_interfaces__rosidl_typesupport_c.so" to ""
[7.912s] -- Up-to-date: /home/xc2204/ros2_new_study/src/install/msg_interfaces/include/msg_interfaces/msg_interfaces
[7.912s] -- Up-to-date: /home/xc2204/ros2_new_study/src/install/msg_interfaces/include/msg_interfaces/msg_interfaces/msg
[7.912s] -- Up-to-date: /home/xc2204/ros2_new_study/src/install/msg_interfaces/include/msg_interfaces/msg_interfaces/msg/detail
[7.912s] -- Installing: /home/xc2204/ros2_new_study/src/install/msg_interfaces/include/msg_interfaces/msg_interfaces/msg/detail/system_status__traits.hpp
[7.912s] -- Installing: /home/xc2204/ros2_new_study/src/install/msg_interfaces/include/msg_interfaces/msg_interfaces/msg/detail/system_status__struct.hpp
[7.913s] -- Installing: /home/xc2204/ros2_new_study/src/install/msg_interfaces/include/msg_interfaces/msg_interfaces/msg/detail/system_status__type_support.hpp
[7.913s] -- Installing: /home/xc2204/ros2_new_study/src/install/msg_interfaces/include/msg_interfaces/msg_interfaces/msg/detail/system_status__builder.hpp
[7.913s] -- Installing: /home/xc2204/ros2_new_study/src/install/msg_interfaces/include/msg_interfaces/msg_interfaces/msg/rosidl_generator_cpp__visibility_control.hpp
[7.913s] -- Installing: /home/xc2204/ros2_new_study/src/install/msg_interfaces/include/msg_interfaces/msg_interfaces/msg/system_status.hpp
[7.913s] -- Up-to-date: /home/xc2204/ros2_new_study/src/install/msg_interfaces/include/msg_interfaces/msg_interfaces/srv
[7.914s] -- Up-to-date: /home/xc2204/ros2_new_study/src/install/msg_interfaces/include/msg_interfaces/msg_interfaces/srv/detail
[7.914s] -- Installing: /home/xc2204/ros2_new_study/src/install/msg_interfaces/include/msg_interfaces/msg_interfaces/srv/detail/face_detector__traits.hpp
[7.914s] -- Installing: /home/xc2204/ros2_new_study/src/install/msg_interfaces/include/msg_interfaces/msg_interfaces/srv/detail/face_detector__builder.hpp
[7.914s] -- Installing: /home/xc2204/ros2_new_study/src/install/msg_interfaces/include/msg_interfaces/msg_interfaces/srv/detail/face_detector__type_support.hpp
[7.914s] -- Installing: /home/xc2204/ros2_new_study/src/install/msg_interfaces/include/msg_interfaces/msg_interfaces/srv/detail/face_detector__struct.hpp
[7.914s] -- Installing: /home/xc2204/ros2_new_study/src/install/msg_interfaces/include/msg_interfaces/msg_interfaces/srv/face_detector.hpp
[7.914s] -- Up-to-date: /home/xc2204/ros2_new_study/src/install/msg_interfaces/include/msg_interfaces/msg_interfaces
[7.914s] -- Up-to-date: /home/xc2204/ros2_new_study/src/install/msg_interfaces/include/msg_interfaces/msg_interfaces/msg
[7.915s] -- Installing: /home/xc2204/ros2_new_study/src/install/msg_interfaces/include/msg_interfaces/msg_interfaces/msg/rosidl_typesupport_fastrtps_cpp__visibility_control.h
[7.915s] -- Up-to-date: /home/xc2204/ros2_new_study/src/install/msg_interfaces/include/msg_interfaces/msg_interfaces/msg/detail
[7.915s] -- Installing: /home/xc2204/ros2_new_study/src/install/msg_interfaces/include/msg_interfaces/msg_interfaces/msg/detail/system_status__rosidl_typesupport_fastrtps_cpp.hpp
[7.915s] -- Installing: /home/xc2204/ros2_new_study/src/install/msg_interfaces/include/msg_interfaces/msg_interfaces/msg/detail/dds_fastrtps
[7.916s] -- Up-to-date: /home/xc2204/ros2_new_study/src/install/msg_interfaces/include/msg_interfaces/msg_interfaces/srv
[7.916s] -- Up-to-date: /home/xc2204/ros2_new_study/src/install/msg_interfaces/include/msg_interfaces/msg_interfaces/srv/detail
[7.916s] -- Installing: /home/xc2204/ros2_new_study/src/install/msg_interfaces/include/msg_interfaces/msg_interfaces/srv/detail/dds_fastrtps
[7.916s] -- Installing: /home/xc2204/ros2_new_study/src/install/msg_interfaces/include/msg_interfaces/msg_interfaces/srv/detail/face_detector__rosidl_typesupport_fastrtps_cpp.hpp
[7.916s] -- Installing: /home/xc2204/ros2_new_study/src/install/msg_interfaces/lib/libmsg_interfaces__rosidl_typesupport_fastrtps_cpp.so
[7.916s] -- Set runtime path of "/home/xc2204/ros2_new_study/src/install/msg_interfaces/lib/libmsg_interfaces__rosidl_typesupport_fastrtps_cpp.so" to ""
[7.916s] -- Up-to-date: /home/xc2204/ros2_new_study/src/install/msg_interfaces/include/msg_interfaces/msg_interfaces
[7.916s] -- Up-to-date: /home/xc2204/ros2_new_study/src/install/msg_interfaces/include/msg_interfaces/msg_interfaces/msg
[7.916s] -- Up-to-date: /home/xc2204/ros2_new_study/src/install/msg_interfaces/include/msg_interfaces/msg_interfaces/msg/detail
[7.916s] -- Installing: /home/xc2204/ros2_new_study/src/install/msg_interfaces/include/msg_interfaces/msg_interfaces/msg/detail/system_status__type_support.cpp
[7.917s] -- Installing: /home/xc2204/ros2_new_study/src/install/msg_interfaces/include/msg_interfaces/msg_interfaces/msg/detail/system_status__rosidl_typesupport_introspection_cpp.hpp
[7.917s] -- Up-to-date: /home/xc2204/ros2_new_study/src/install/msg_interfaces/include/msg_interfaces/msg_interfaces/srv
[7.917s] -- Up-to-date: /home/xc2204/ros2_new_study/src/install/msg_interfaces/include/msg_interfaces/msg_interfaces/srv/detail
[7.917s] -- Installing: /home/xc2204/ros2_new_study/src/install/msg_interfaces/include/msg_interfaces/msg_interfaces/srv/detail/face_detector__type_support.cpp
[7.917s] -- Installing: /home/xc2204/ros2_new_study/src/install/msg_interfaces/include/msg_interfaces/msg_interfaces/srv/detail/face_detector__rosidl_typesupport_introspection_cpp.hpp
[7.917s] -- Installing: /home/xc2204/ros2_new_study/src/install/msg_interfaces/lib/libmsg_interfaces__rosidl_typesupport_introspection_cpp.so
[7.917s] -- Set runtime path of "/home/xc2204/ros2_new_study/src/install/msg_interfaces/lib/libmsg_interfaces__rosidl_typesupport_introspection_cpp.so" to ""
[7.917s] -- Installing: /home/xc2204/ros2_new_study/src/install/msg_interfaces/lib/libmsg_interfaces__rosidl_typesupport_cpp.so
[7.917s] -- Set runtime path of "/home/xc2204/ros2_new_study/src/install/msg_interfaces/lib/libmsg_interfaces__rosidl_typesupport_cpp.so" to ""
[7.917s] -- Installing: /home/xc2204/ros2_new_study/src/install/msg_interfaces/share/msg_interfaces/environment/pythonpath.sh
[7.917s] -- Installing: /home/xc2204/ros2_new_study/src/install/msg_interfaces/share/msg_interfaces/environment/pythonpath.dsv
[7.917s] -- Installing: /home/xc2204/ros2_new_study/src/install/msg_interfaces/local/lib/python3.10/dist-packages/msg_interfaces-0.0.0-py3.10.egg-info
[7.918s] -- Installing: /home/xc2204/ros2_new_study/src/install/msg_interfaces/local/lib/python3.10/dist-packages/msg_interfaces-0.0.0-py3.10.egg-info/top_level.txt
[7.918s] -- Installing: /home/xc2204/ros2_new_study/src/install/msg_interfaces/local/lib/python3.10/dist-packages/msg_interfaces-0.0.0-py3.10.egg-info/SOURCES.txt
[7.918s] -- Installing: /home/xc2204/ros2_new_study/src/install/msg_interfaces/local/lib/python3.10/dist-packages/msg_interfaces-0.0.0-py3.10.egg-info/dependency_links.txt
[7.918s] -- Installing: /home/xc2204/ros2_new_study/src/install/msg_interfaces/local/lib/python3.10/dist-packages/msg_interfaces-0.0.0-py3.10.egg-info/PKG-INFO
[7.918s] -- Installing: /home/xc2204/ros2_new_study/src/install/msg_interfaces/local/lib/python3.10/dist-packages/msg_interfaces
[7.918s] -- Installing: /home/xc2204/ros2_new_study/src/install/msg_interfaces/local/lib/python3.10/dist-packages/msg_interfaces/_msg_interfaces_s.ep.rosidl_typesupport_c.c
[7.919s] -- Installing: /home/xc2204/ros2_new_study/src/install/msg_interfaces/local/lib/python3.10/dist-packages/msg_interfaces/msg
[7.919s] -- Installing: /home/xc2204/ros2_new_study/src/install/msg_interfaces/local/lib/python3.10/dist-packages/msg_interfaces/msg/_system_status.py
[7.919s] -- Installing: /home/xc2204/ros2_new_study/src/install/msg_interfaces/local/lib/python3.10/dist-packages/msg_interfaces/msg/_system_status_s.c
[7.919s] -- Installing: /home/xc2204/ros2_new_study/src/install/msg_interfaces/local/lib/python3.10/dist-packages/msg_interfaces/msg/__init__.py
[7.919s] -- Installing: /home/xc2204/ros2_new_study/src/install/msg_interfaces/local/lib/python3.10/dist-packages/msg_interfaces/libmsg_interfaces__rosidl_generator_py.so
[7.919s] -- Installing: /home/xc2204/ros2_new_study/src/install/msg_interfaces/local/lib/python3.10/dist-packages/msg_interfaces/_msg_interfaces_s.ep.rosidl_typesupport_fastrtps_c.c
[7.919s] -- Installing: /home/xc2204/ros2_new_study/src/install/msg_interfaces/local/lib/python3.10/dist-packages/msg_interfaces/srv
[7.919s] -- Installing: /home/xc2204/ros2_new_study/src/install/msg_interfaces/local/lib/python3.10/dist-packages/msg_interfaces/srv/_face_detector.py
[7.919s] -- Installing: /home/xc2204/ros2_new_study/src/install/msg_interfaces/local/lib/python3.10/dist-packages/msg_interfaces/srv/_face_detector_s.c
[7.920s] -- Installing: /home/xc2204/ros2_new_study/src/install/msg_interfaces/local/lib/python3.10/dist-packages/msg_interfaces/srv/__init__.py
[7.920s] -- Installing: /home/xc2204/ros2_new_study/src/install/msg_interfaces/local/lib/python3.10/dist-packages/msg_interfaces/_msg_interfaces_s.ep.rosidl_typesupport_introspection_c.c
[7.920s] -- Installing: /home/xc2204/ros2_new_study/src/install/msg_interfaces/local/lib/python3.10/dist-packages/msg_interfaces/msg_interfaces_s__rosidl_typesupport_fastrtps_c.cpython-310-x86_64-linux-gnu.so
[7.920s] -- Installing: /home/xc2204/ros2_new_study/src/install/msg_interfaces/local/lib/python3.10/dist-packages/msg_interfaces/msg_interfaces_s__rosidl_typesupport_c.cpython-310-x86_64-linux-gnu.so
[7.920s] -- Installing: /home/xc2204/ros2_new_study/src/install/msg_interfaces/local/lib/python3.10/dist-packages/msg_interfaces/msg_interfaces_s__rosidl_typesupport_introspection_c.cpython-310-x86_64-linux-gnu.so
[7.920s] -- Installing: /home/xc2204/ros2_new_study/src/install/msg_interfaces/local/lib/python3.10/dist-packages/msg_interfaces/__init__.py
[7.957s] Listing '/home/xc2204/ros2_new_study/src/install/msg_interfaces/local/lib/python3.10/dist-packages/msg_interfaces'...
[7.957s] Compiling '/home/xc2204/ros2_new_study/src/install/msg_interfaces/local/lib/python3.10/dist-packages/msg_interfaces/__init__.py'...
[7.957s] Listing '/home/xc2204/ros2_new_study/src/install/msg_interfaces/local/lib/python3.10/dist-packages/msg_interfaces/msg'...
[7.957s] Compiling '/home/xc2204/ros2_new_study/src/install/msg_interfaces/local/lib/python3.10/dist-packages/msg_interfaces/msg/__init__.py'...
[7.957s] Compiling '/home/xc2204/ros2_new_study/src/install/msg_interfaces/local/lib/python3.10/dist-packages/msg_interfaces/msg/_system_status.py'...
[7.957s] Listing '/home/xc2204/ros2_new_study/src/install/msg_interfaces/local/lib/python3.10/dist-packages/msg_interfaces/srv'...
[7.957s] Compiling '/home/xc2204/ros2_new_study/src/install/msg_interfaces/local/lib/python3.10/dist-packages/msg_interfaces/srv/__init__.py'...
[7.957s] Compiling '/home/xc2204/ros2_new_study/src/install/msg_interfaces/local/lib/python3.10/dist-packages/msg_interfaces/srv/_face_detector.py'...
[7.961s] -- Installing: /home/xc2204/ros2_new_study/src/install/msg_interfaces/local/lib/python3.10/dist-packages/msg_interfaces/msg_interfaces_s__rosidl_typesupport_fastrtps_c.cpython-310-x86_64-linux-gnu.so
[7.961s] -- Set runtime path of "/home/xc2204/ros2_new_study/src/install/msg_interfaces/local/lib/python3.10/dist-packages/msg_interfaces/msg_interfaces_s__rosidl_typesupport_fastrtps_c.cpython-310-x86_64-linux-gnu.so" to ""
[7.961s] -- Installing: /home/xc2204/ros2_new_study/src/install/msg_interfaces/local/lib/python3.10/dist-packages/msg_interfaces/msg_interfaces_s__rosidl_typesupport_introspection_c.cpython-310-x86_64-linux-gnu.so
[7.962s] -- Set runtime path of "/home/xc2204/ros2_new_study/src/install/msg_interfaces/local/lib/python3.10/dist-packages/msg_interfaces/msg_interfaces_s__rosidl_typesupport_introspection_c.cpython-310-x86_64-linux-gnu.so" to ""
[7.962s] -- Installing: /home/xc2204/ros2_new_study/src/install/msg_interfaces/local/lib/python3.10/dist-packages/msg_interfaces/msg_interfaces_s__rosidl_typesupport_c.cpython-310-x86_64-linux-gnu.so
[7.962s] -- Set runtime path of "/home/xc2204/ros2_new_study/src/install/msg_interfaces/local/lib/python3.10/dist-packages/msg_interfaces/msg_interfaces_s__rosidl_typesupport_c.cpython-310-x86_64-linux-gnu.so" to ""
[7.962s] -- Installing: /home/xc2204/ros2_new_study/src/install/msg_interfaces/lib/libmsg_interfaces__rosidl_generator_py.so
[7.962s] -- Set runtime path of "/home/xc2204/ros2_new_study/src/install/msg_interfaces/lib/libmsg_interfaces__rosidl_generator_py.so" to ""
[7.963s] -- Installing: /home/xc2204/ros2_new_study/src/install/msg_interfaces/share/ament_index/resource_index/rust_packages/msg_interfaces
[7.963s] -- Installing: /home/xc2204/ros2_new_study/src/install/msg_interfaces/share/msg_interfaces/rust
[7.963s] -- Installing: /home/xc2204/ros2_new_study/src/install/msg_interfaces/share/msg_interfaces/rust/build.rs
[7.963s] -- Installing: /home/xc2204/ros2_new_study/src/install/msg_interfaces/share/msg_interfaces/rust/src
[7.963s] -- Installing: /home/xc2204/ros2_new_study/src/install/msg_interfaces/share/msg_interfaces/rust/src/srv.rs
[7.964s] -- Installing: /home/xc2204/ros2_new_study/src/install/msg_interfaces/share/msg_interfaces/rust/src/msg
[7.964s] -- Installing: /home/xc2204/ros2_new_study/src/install/msg_interfaces/share/msg_interfaces/rust/src/msg/rmw.rs
[7.964s] -- Installing: /home/xc2204/ros2_new_study/src/install/msg_interfaces/share/msg_interfaces/rust/src/lib.rs
[7.964s] -- Installing: /home/xc2204/ros2_new_study/src/install/msg_interfaces/share/msg_interfaces/rust/src/srv
[7.964s] -- Installing: /home/xc2204/ros2_new_study/src/install/msg_interfaces/share/msg_interfaces/rust/src/srv/rmw.rs
[7.964s] -- Installing: /home/xc2204/ros2_new_study/src/install/msg_interfaces/share/msg_interfaces/rust/src/msg.rs
[7.964s] -- Installing: /home/xc2204/ros2_new_study/src/install/msg_interfaces/share/msg_interfaces/rust/Cargo.toml
[7.965s] -- Installing: /home/xc2204/ros2_new_study/src/install/msg_interfaces/share/msg_interfaces/msg/SystemStatus.idl
[7.965s] -- Installing: /home/xc2204/ros2_new_study/src/install/msg_interfaces/share/msg_interfaces/srv/FaceDetector.idl
[7.965s] -- Installing: /home/xc2204/ros2_new_study/src/install/msg_interfaces/share/msg_interfaces/msg/SystemStatus.msg
[7.965s] -- Installing: /home/xc2204/ros2_new_study/src/install/msg_interfaces/share/msg_interfaces/srv/FaceDetector.srv
[7.966s] -- Installing: /home/xc2204/ros2_new_study/src/install/msg_interfaces/share/msg_interfaces/srv/FaceDetector_Request.msg
[7.966s] -- Installing: /home/xc2204/ros2_new_study/src/install/msg_interfaces/share/msg_interfaces/srv/FaceDetector_Response.msg
[7.966s] -- Installing: /home/xc2204/ros2_new_study/src/install/msg_interfaces/share/ament_index/resource_index/package_run_dependencies/msg_interfaces
[7.966s] -- Installing: /home/xc2204/ros2_new_study/src/install/msg_interfaces/share/ament_index/resource_index/parent_prefix_path/msg_interfaces
[7.966s] -- Installing: /home/xc2204/ros2_new_study/src/install/msg_interfaces/share/msg_interfaces/environment/ament_prefix_path.sh
[7.966s] -- Installing: /home/xc2204/ros2_new_study/src/install/msg_interfaces/share/msg_interfaces/environment/ament_prefix_path.dsv
[7.967s] -- Installing: /home/xc2204/ros2_new_study/src/install/msg_interfaces/share/msg_interfaces/environment/path.sh
[7.967s] -- Installing: /home/xc2204/ros2_new_study/src/install/msg_interfaces/share/msg_interfaces/environment/path.dsv
[7.967s] -- Installing: /home/xc2204/ros2_new_study/src/install/msg_interfaces/share/msg_interfaces/local_setup.bash
[7.967s] -- Installing: /home/xc2204/ros2_new_study/src/install/msg_interfaces/share/msg_interfaces/local_setup.sh
[7.967s] -- Installing: /home/xc2204/ros2_new_study/src/install/msg_interfaces/share/msg_interfaces/local_setup.zsh
[7.967s] -- Installing: /home/xc2204/ros2_new_study/src/install/msg_interfaces/share/msg_interfaces/local_setup.dsv
[7.967s] -- Installing: /home/xc2204/ros2_new_study/src/install/msg_interfaces/share/msg_interfaces/package.dsv
[7.968s] -- Installing: /home/xc2204/ros2_new_study/src/install/msg_interfaces/share/ament_index/resource_index/packages/msg_interfaces
[7.968s] -- Installing: /home/xc2204/ros2_new_study/src/install/msg_interfaces/share/msg_interfaces/cmake/export_msg_interfaces__rosidl_generator_cExport.cmake
[7.968s] -- Installing: /home/xc2204/ros2_new_study/src/install/msg_interfaces/share/msg_interfaces/cmake/export_msg_interfaces__rosidl_generator_cExport-noconfig.cmake
[7.968s] -- Installing: /home/xc2204/ros2_new_study/src/install/msg_interfaces/share/msg_interfaces/cmake/export_msg_interfaces__rosidl_typesupport_fastrtps_cExport.cmake
[7.969s] -- Installing: /home/xc2204/ros2_new_study/src/install/msg_interfaces/share/msg_interfaces/cmake/export_msg_interfaces__rosidl_typesupport_fastrtps_cExport-noconfig.cmake
[7.969s] -- Installing: /home/xc2204/ros2_new_study/src/install/msg_interfaces/share/msg_interfaces/cmake/msg_interfaces__rosidl_typesupport_introspection_cExport.cmake
[7.969s] -- Installing: /home/xc2204/ros2_new_study/src/install/msg_interfaces/share/msg_interfaces/cmake/msg_interfaces__rosidl_typesupport_introspection_cExport-noconfig.cmake
[7.969s] -- Installing: /home/xc2204/ros2_new_study/src/install/msg_interfaces/share/msg_interfaces/cmake/msg_interfaces__rosidl_typesupport_cExport.cmake
[7.969s] -- Installing: /home/xc2204/ros2_new_study/src/install/msg_interfaces/share/msg_interfaces/cmake/msg_interfaces__rosidl_typesupport_cExport-noconfig.cmake
[7.969s] -- Installing: /home/xc2204/ros2_new_study/src/install/msg_interfaces/share/msg_interfaces/cmake/export_msg_interfaces__rosidl_generator_cppExport.cmake
[7.969s] -- Installing: /home/xc2204/ros2_new_study/src/install/msg_interfaces/share/msg_interfaces/cmake/export_msg_interfaces__rosidl_typesupport_fastrtps_cppExport.cmake
[7.969s] -- Installing: /home/xc2204/ros2_new_study/src/install/msg_interfaces/share/msg_interfaces/cmake/export_msg_interfaces__rosidl_typesupport_fastrtps_cppExport-noconfig.cmake
[7.970s] -- Installing: /home/xc2204/ros2_new_study/src/install/msg_interfaces/share/msg_interfaces/cmake/msg_interfaces__rosidl_typesupport_introspection_cppExport.cmake
[7.970s] -- Installing: /home/xc2204/ros2_new_study/src/install/msg_interfaces/share/msg_interfaces/cmake/msg_interfaces__rosidl_typesupport_introspection_cppExport-noconfig.cmake
[7.970s] -- Installing: /home/xc2204/ros2_new_study/src/install/msg_interfaces/share/msg_interfaces/cmake/msg_interfaces__rosidl_typesupport_cppExport.cmake
[7.970s] -- Installing: /home/xc2204/ros2_new_study/src/install/msg_interfaces/share/msg_interfaces/cmake/msg_interfaces__rosidl_typesupport_cppExport-noconfig.cmake
[7.970s] -- Installing: /home/xc2204/ros2_new_study/src/install/msg_interfaces/share/msg_interfaces/cmake/export_msg_interfaces__rosidl_generator_pyExport.cmake
[7.970s] -- Installing: /home/xc2204/ros2_new_study/src/install/msg_interfaces/share/msg_interfaces/cmake/export_msg_interfaces__rosidl_generator_pyExport-noconfig.cmake
[7.970s] -- Installing: /home/xc2204/ros2_new_study/src/install/msg_interfaces/share/msg_interfaces/cmake/rosidl_cmake-extras.cmake
[7.970s] -- Installing: /home/xc2204/ros2_new_study/src/install/msg_interfaces/share/msg_interfaces/cmake/ament_cmake_export_dependencies-extras.cmake
[7.970s] -- Installing: /home/xc2204/ros2_new_study/src/install/msg_interfaces/share/msg_interfaces/cmake/ament_cmake_export_include_directories-extras.cmake
[7.971s] -- Installing: /home/xc2204/ros2_new_study/src/install/msg_interfaces/share/msg_interfaces/cmake/ament_cmake_export_libraries-extras.cmake
[7.971s] -- Installing: /home/xc2204/ros2_new_study/src/install/msg_interfaces/share/msg_interfaces/cmake/ament_cmake_export_targets-extras.cmake
[7.971s] -- Installing: /home/xc2204/ros2_new_study/src/install/msg_interfaces/share/msg_interfaces/cmake/rosidl_cmake_export_typesupport_targets-extras.cmake
[7.971s] -- Installing: /home/xc2204/ros2_new_study/src/install/msg_interfaces/share/msg_interfaces/cmake/rosidl_cmake_export_typesupport_libraries-extras.cmake
[7.971s] -- Installing: /home/xc2204/ros2_new_study/src/install/msg_interfaces/share/msg_interfaces/cmake/msg_interfacesConfig.cmake
[7.971s] -- Installing: /home/xc2204/ros2_new_study/src/install/msg_interfaces/share/msg_interfaces/cmake/msg_interfacesConfig-version.cmake
[7.971s] -- Installing: /home/xc2204/ros2_new_study/src/install/msg_interfaces/share/msg_interfaces/package.xml
[7.974s] Invoked command in '/home/xc2204/ros2_new_study/src/build/msg_interfaces' returned '0': CMAKE_PREFIX_PATH=${CMAKE_PREFIX_PATH}:/home/xc2204/ros2_new_study/install/test_pkg:/home/xc2204/ros2_new_study/install/pc_stuts:/home/xc2204/ros2_new_study/install/face_detect:/opt/ros/humble /usr/bin/cmake --install /home/xc2204/ros2_new_study/src/build/msg_interfaces
