[0.962s] Invoking command in '/home/xc2204/ros2_new_study/src/pc_stuts': CMAKE_PREFIX_PATH=/home/xc2204/ros2_new_study/install/msg_interfaces:/home/xc2204/ros2_new_study/install/urdf_study PYTHONPATH=/home/xc2204/ros2_new_study/build/pc_stuts/prefix_override:/usr/lib/python3/dist-packages/colcon_core/task/python/colcon_distutils_commands:/home/xc2204/ros2_new_study/install/pc_stuts/lib/python3.10/site-packages:${PYTHONPATH} /usr/bin/python3 -W ignore:setup.py install is deprecated -W ignore:easy_install command is deprecated setup.py egg_info --egg-base ../../build/pc_stuts build --build-base /home/xc2204/ros2_new_study/build/pc_stuts/build install --record /home/xc2204/ros2_new_study/build/pc_stuts/install.log --single-version-externally-managed install_data
[1.134s] running egg_info
[1.135s] writing ../../build/pc_stuts/pc_stuts.egg-info/PKG-INFO
[1.135s] writing dependency_links to ../../build/pc_stuts/pc_stuts.egg-info/dependency_links.txt
[1.135s] writing entry points to ../../build/pc_stuts/pc_stuts.egg-info/entry_points.txt
[1.135s] writing requirements to ../../build/pc_stuts/pc_stuts.egg-info/requires.txt
[1.135s] writing top-level names to ../../build/pc_stuts/pc_stuts.egg-info/top_level.txt
[1.137s] reading manifest file '../../build/pc_stuts/pc_stuts.egg-info/SOURCES.txt'
[1.138s] writing manifest file '../../build/pc_stuts/pc_stuts.egg-info/SOURCES.txt'
[1.138s] running build
[1.138s] running build_py
[1.138s] running install
[1.139s] running install_lib
[1.140s] running install_data
[1.140s] running install_egg_info
[1.141s] removing '/home/xc2204/ros2_new_study/install/pc_stuts/lib/python3.10/site-packages/pc_stuts-0.0.0-py3.10.egg-info' (and everything under it)
[1.141s] Copying ../../build/pc_stuts/pc_stuts.egg-info to /home/xc2204/ros2_new_study/install/pc_stuts/lib/python3.10/site-packages/pc_stuts-0.0.0-py3.10.egg-info
[1.142s] running install_scripts
[1.158s] Installing qt_ui script to /home/xc2204/ros2_new_study/install/pc_stuts/lib/pc_stuts
[1.158s] Installing stuts_pub script to /home/xc2204/ros2_new_study/install/pc_stuts/lib/pc_stuts
[1.159s] Installing stuts_sub script to /home/xc2204/ros2_new_study/install/pc_stuts/lib/pc_stuts
[1.159s] writing list of installed files to '/home/xc2204/ros2_new_study/build/pc_stuts/install.log'
[1.184s] Invoked command in '/home/xc2204/ros2_new_study/src/pc_stuts' returned '0': CMAKE_PREFIX_PATH=/home/xc2204/ros2_new_study/install/msg_interfaces:/home/xc2204/ros2_new_study/install/urdf_study PYTHONPATH=/home/xc2204/ros2_new_study/build/pc_stuts/prefix_override:/usr/lib/python3/dist-packages/colcon_core/task/python/colcon_distutils_commands:/home/xc2204/ros2_new_study/install/pc_stuts/lib/python3.10/site-packages:${PYTHONPATH} /usr/bin/python3 -W ignore:setup.py install is deprecated -W ignore:easy_install command is deprecated setup.py egg_info --egg-base ../../build/pc_stuts build --build-base /home/xc2204/ros2_new_study/build/pc_stuts/build install --record /home/xc2204/ros2_new_study/build/pc_stuts/install.log --single-version-externally-managed install_data
