/home/xc2204/ros2_new_study/install/face_detect/lib/python3.10/site-packages/face_detect/srv_face_detect.py
/home/xc2204/ros2_new_study/install/face_detect/lib/python3.10/site-packages/face_detect/video_detect.py
/home/xc2204/ros2_new_study/install/face_detect/lib/python3.10/site-packages/face_detect/client_face_detect.py
/home/xc2204/ros2_new_study/install/face_detect/lib/python3.10/site-packages/face_detect/__init__.py
/home/xc2204/ros2_new_study/install/face_detect/lib/python3.10/site-packages/face_detect/__pycache__/srv_face_detect.cpython-310.pyc
/home/xc2204/ros2_new_study/install/face_detect/lib/python3.10/site-packages/face_detect/__pycache__/video_detect.cpython-310.pyc
/home/xc2204/ros2_new_study/install/face_detect/lib/python3.10/site-packages/face_detect/__pycache__/client_face_detect.cpython-310.pyc
/home/xc2204/ros2_new_study/install/face_detect/lib/python3.10/site-packages/face_detect/__pycache__/__init__.cpython-310.pyc
/home/xc2204/ros2_new_study/install/face_detect/share/ament_index/resource_index/packages/face_detect
/home/xc2204/ros2_new_study/install/face_detect/share/face_detect/package.xml
/home/xc2204/ros2_new_study/install/face_detect/share/face_detect/resource/image.png
/home/xc2204/ros2_new_study/install/face_detect/share/face_detect/resource/image_face.png
/home/xc2204/ros2_new_study/install/face_detect/share/face_detect/launch/face.launch.py
/home/xc2204/ros2_new_study/install/face_detect/lib/python3.10/site-packages/face_detect-0.0.0-py3.10.egg-info/entry_points.txt
/home/xc2204/ros2_new_study/install/face_detect/lib/python3.10/site-packages/face_detect-0.0.0-py3.10.egg-info/zip-safe
/home/xc2204/ros2_new_study/install/face_detect/lib/python3.10/site-packages/face_detect-0.0.0-py3.10.egg-info/top_level.txt
/home/xc2204/ros2_new_study/install/face_detect/lib/python3.10/site-packages/face_detect-0.0.0-py3.10.egg-info/SOURCES.txt
/home/xc2204/ros2_new_study/install/face_detect/lib/python3.10/site-packages/face_detect-0.0.0-py3.10.egg-info/dependency_links.txt
/home/xc2204/ros2_new_study/install/face_detect/lib/python3.10/site-packages/face_detect-0.0.0-py3.10.egg-info/requires.txt
/home/xc2204/ros2_new_study/install/face_detect/lib/python3.10/site-packages/face_detect-0.0.0-py3.10.egg-info/PKG-INFO
/home/xc2204/ros2_new_study/install/face_detect/lib/face_detect/client_face_detect
/home/xc2204/ros2_new_study/install/face_detect/lib/face_detect/srv_face_detect
/home/xc2204/ros2_new_study/install/face_detect/lib/face_detect/video_detect
