[0.226s] DEBUG:colcon:Command line arguments: ['/usr/bin/colcon', 'build']
[0.226s] DEBUG:colcon:Parsed command line arguments: Namespace(log_base=None, log_level=None, verb_name='build', build_base='build', install_base='install', merge_install=False, symlink_install=False, test_result_base=None, continue_on_error=False, executor='parallel', parallel_workers=20, event_handlers=None, ignore_user_meta=False, metas=['./colcon.meta'], base_paths=['.'], packages_ignore=None, packages_ignore_regex=None, paths=None, packages_up_to=None, packages_up_to_regex=None, packages_above=None, packages_above_and_dependencies=None, packages_above_depth=None, packages_select_by_dep=None, packages_skip_by_dep=None, packages_skip_up_to=None, packages_select_build_failed=False, packages_skip_build_finished=False, packages_select_test_failures=False, packages_skip_test_passed=False, packages_select=None, packages_skip=None, packages_select_regex=None, packages_skip_regex=None, packages_start=None, packages_end=None, allow_overriding=[], cmake_args=None, cmake_target=None, cmake_target_skip_unavailable=False, cmake_clean_cache=False, cmake_clean_first=False, cmake_force_configure=False, ament_cmake_args=None, catkin_cmake_args=None, catkin_skip_building_tests=False, mixin_files=None, mixin=None, verb_parser=<colcon_mixin.mixin.mixin_argument.MixinArgumentDecorator object at 0x77b7f8b6b5b0>, verb_extension=<colcon_core.verb.build.BuildVerb object at 0x77b7f8cac550>, main=<bound method BuildVerb.main of <colcon_core.verb.build.BuildVerb object at 0x77b7f8cac550>>, mixin_verb=('build',))
[0.350s] Level 1:colcon.colcon_core.package_discovery:discover_packages(colcon_meta) check parameters
[0.350s] Level 1:colcon.colcon_core.package_discovery:discover_packages(recursive) check parameters
[0.350s] Level 1:colcon.colcon_core.package_discovery:discover_packages(ignore) check parameters
[0.350s] Level 1:colcon.colcon_core.package_discovery:discover_packages(path) check parameters
[0.351s] Level 1:colcon.colcon_core.package_discovery:discover_packages(colcon_meta) discover
[0.351s] Level 1:colcon.colcon_core.package_discovery:discover_packages(recursive) discover
[0.351s] INFO:colcon.colcon_core.package_discovery:Crawling recursively for packages in '/home/xc2204/ros2_new_study'
[0.351s] Level 1:colcon.colcon_core.package_identification:_identify(.) by extensions ['ignore', 'ignore_ament_install']
[0.351s] Level 1:colcon.colcon_core.package_identification:_identify(.) by extension 'ignore'
[0.351s] Level 1:colcon.colcon_core.package_identification:_identify(.) by extension 'ignore_ament_install'
[0.351s] Level 1:colcon.colcon_core.package_identification:_identify(.) by extensions ['colcon_pkg']
[0.351s] Level 1:colcon.colcon_core.package_identification:_identify(.) by extension 'colcon_pkg'
[0.351s] Level 1:colcon.colcon_core.package_identification:_identify(.) by extensions ['colcon_meta']
[0.351s] Level 1:colcon.colcon_core.package_identification:_identify(.) by extension 'colcon_meta'
[0.351s] Level 1:colcon.colcon_core.package_identification:_identify(.) by extensions ['ros']
[0.351s] Level 1:colcon.colcon_core.package_identification:_identify(.) by extension 'ros'
[0.362s] Level 1:colcon.colcon_core.package_identification:_identify(.) by extensions ['cmake', 'python']
[0.362s] Level 1:colcon.colcon_core.package_identification:_identify(.) by extension 'cmake'
[0.362s] Level 1:colcon.colcon_core.package_identification:_identify(.) by extension 'python'
[0.362s] Level 1:colcon.colcon_core.package_identification:_identify(.) by extensions ['python_setup_py']
[0.362s] Level 1:colcon.colcon_core.package_identification:_identify(.) by extension 'python_setup_py'
[0.363s] Level 1:colcon.colcon_core.package_identification:_identify(build) by extensions ['ignore', 'ignore_ament_install']
[0.363s] Level 1:colcon.colcon_core.package_identification:_identify(build) by extension 'ignore'
[0.363s] Level 1:colcon.colcon_core.package_identification:_identify(build) ignored
[0.363s] Level 1:colcon.colcon_core.package_identification:_identify(install) by extensions ['ignore', 'ignore_ament_install']
[0.363s] Level 1:colcon.colcon_core.package_identification:_identify(install) by extension 'ignore'
[0.363s] Level 1:colcon.colcon_core.package_identification:_identify(install) ignored
[0.363s] Level 1:colcon.colcon_core.package_identification:_identify(log) by extensions ['ignore', 'ignore_ament_install']
[0.363s] Level 1:colcon.colcon_core.package_identification:_identify(log) by extension 'ignore'
[0.363s] Level 1:colcon.colcon_core.package_identification:_identify(log) ignored
[0.363s] Level 1:colcon.colcon_core.package_identification:_identify(src) by extensions ['ignore', 'ignore_ament_install']
[0.363s] Level 1:colcon.colcon_core.package_identification:_identify(src) by extension 'ignore'
[0.364s] Level 1:colcon.colcon_core.package_identification:_identify(src) by extension 'ignore_ament_install'
[0.364s] Level 1:colcon.colcon_core.package_identification:_identify(src) by extensions ['colcon_pkg']
[0.364s] Level 1:colcon.colcon_core.package_identification:_identify(src) by extension 'colcon_pkg'
[0.364s] Level 1:colcon.colcon_core.package_identification:_identify(src) by extensions ['colcon_meta']
[0.364s] Level 1:colcon.colcon_core.package_identification:_identify(src) by extension 'colcon_meta'
[0.364s] Level 1:colcon.colcon_core.package_identification:_identify(src) by extensions ['ros']
[0.364s] Level 1:colcon.colcon_core.package_identification:_identify(src) by extension 'ros'
[0.365s] Level 1:colcon.colcon_core.package_identification:_identify(src) by extensions ['cmake', 'python']
[0.365s] Level 1:colcon.colcon_core.package_identification:_identify(src) by extension 'cmake'
[0.365s] Level 1:colcon.colcon_core.package_identification:_identify(src) by extension 'python'
[0.365s] Level 1:colcon.colcon_core.package_identification:_identify(src) by extensions ['python_setup_py']
[0.365s] Level 1:colcon.colcon_core.package_identification:_identify(src) by extension 'python_setup_py'
[0.365s] Level 1:colcon.colcon_core.package_identification:_identify(src/face_detect) by extensions ['ignore', 'ignore_ament_install']
[0.365s] Level 1:colcon.colcon_core.package_identification:_identify(src/face_detect) by extension 'ignore'
[0.365s] Level 1:colcon.colcon_core.package_identification:_identify(src/face_detect) by extension 'ignore_ament_install'
[0.365s] Level 1:colcon.colcon_core.package_identification:_identify(src/face_detect) by extensions ['colcon_pkg']
[0.366s] Level 1:colcon.colcon_core.package_identification:_identify(src/face_detect) by extension 'colcon_pkg'
[0.366s] Level 1:colcon.colcon_core.package_identification:_identify(src/face_detect) by extensions ['colcon_meta']
[0.366s] Level 1:colcon.colcon_core.package_identification:_identify(src/face_detect) by extension 'colcon_meta'
[0.366s] Level 1:colcon.colcon_core.package_identification:_identify(src/face_detect) by extensions ['ros']
[0.366s] Level 1:colcon.colcon_core.package_identification:_identify(src/face_detect) by extension 'ros'
[0.370s] DEBUG:colcon.colcon_core.package_identification:Package 'src/face_detect' with type 'ros.ament_python' and name 'face_detect'
[0.370s] Level 1:colcon.colcon_core.package_identification:_identify(src/msg_interfaces) by extensions ['ignore', 'ignore_ament_install']
[0.370s] Level 1:colcon.colcon_core.package_identification:_identify(src/msg_interfaces) by extension 'ignore'
[0.370s] Level 1:colcon.colcon_core.package_identification:_identify(src/msg_interfaces) by extension 'ignore_ament_install'
[0.370s] Level 1:colcon.colcon_core.package_identification:_identify(src/msg_interfaces) by extensions ['colcon_pkg']
[0.370s] Level 1:colcon.colcon_core.package_identification:_identify(src/msg_interfaces) by extension 'colcon_pkg'
[0.370s] Level 1:colcon.colcon_core.package_identification:_identify(src/msg_interfaces) by extensions ['colcon_meta']
[0.370s] Level 1:colcon.colcon_core.package_identification:_identify(src/msg_interfaces) by extension 'colcon_meta'
[0.370s] Level 1:colcon.colcon_core.package_identification:_identify(src/msg_interfaces) by extensions ['ros']
[0.370s] Level 1:colcon.colcon_core.package_identification:_identify(src/msg_interfaces) by extension 'ros'
[0.371s] DEBUG:colcon.colcon_core.package_identification:Package 'src/msg_interfaces' with type 'ros.ament_cmake' and name 'msg_interfaces'
[0.371s] Level 1:colcon.colcon_core.package_identification:_identify(src/pc_stuts) by extensions ['ignore', 'ignore_ament_install']
[0.371s] Level 1:colcon.colcon_core.package_identification:_identify(src/pc_stuts) by extension 'ignore'
[0.371s] Level 1:colcon.colcon_core.package_identification:_identify(src/pc_stuts) by extension 'ignore_ament_install'
[0.371s] Level 1:colcon.colcon_core.package_identification:_identify(src/pc_stuts) by extensions ['colcon_pkg']
[0.371s] Level 1:colcon.colcon_core.package_identification:_identify(src/pc_stuts) by extension 'colcon_pkg'
[0.371s] Level 1:colcon.colcon_core.package_identification:_identify(src/pc_stuts) by extensions ['colcon_meta']
[0.372s] Level 1:colcon.colcon_core.package_identification:_identify(src/pc_stuts) by extension 'colcon_meta'
[0.372s] Level 1:colcon.colcon_core.package_identification:_identify(src/pc_stuts) by extensions ['ros']
[0.372s] Level 1:colcon.colcon_core.package_identification:_identify(src/pc_stuts) by extension 'ros'
[0.372s] DEBUG:colcon.colcon_core.package_identification:Package 'src/pc_stuts' with type 'ros.ament_python' and name 'pc_stuts'
[0.372s] Level 1:colcon.colcon_core.package_identification:_identify(src/test_pkg) by extensions ['ignore', 'ignore_ament_install']
[0.372s] Level 1:colcon.colcon_core.package_identification:_identify(src/test_pkg) by extension 'ignore'
[0.372s] Level 1:colcon.colcon_core.package_identification:_identify(src/test_pkg) by extension 'ignore_ament_install'
[0.372s] Level 1:colcon.colcon_core.package_identification:_identify(src/test_pkg) by extensions ['colcon_pkg']
[0.372s] Level 1:colcon.colcon_core.package_identification:_identify(src/test_pkg) by extension 'colcon_pkg'
[0.372s] Level 1:colcon.colcon_core.package_identification:_identify(src/test_pkg) by extensions ['colcon_meta']
[0.372s] Level 1:colcon.colcon_core.package_identification:_identify(src/test_pkg) by extension 'colcon_meta'
[0.372s] Level 1:colcon.colcon_core.package_identification:_identify(src/test_pkg) by extensions ['ros']
[0.372s] Level 1:colcon.colcon_core.package_identification:_identify(src/test_pkg) by extension 'ros'
[0.373s] DEBUG:colcon.colcon_core.package_identification:Package 'src/test_pkg' with type 'ros.ament_python' and name 'test_pkg'
[0.373s] Level 1:colcon.colcon_core.package_discovery:discover_packages(recursive) using defaults
[0.373s] Level 1:colcon.colcon_core.package_discovery:discover_packages(ignore) discover
[0.373s] Level 1:colcon.colcon_core.package_discovery:discover_packages(ignore) using defaults
[0.373s] Level 1:colcon.colcon_core.package_discovery:discover_packages(path) discover
[0.373s] Level 1:colcon.colcon_core.package_discovery:discover_packages(path) using defaults
[0.405s] Level 1:colcon.colcon_core.package_discovery:discover_packages(prefix_path) check parameters
[0.405s] Level 1:colcon.colcon_core.package_discovery:discover_packages(prefix_path) discover
[0.407s] DEBUG:colcon.colcon_installed_package_information.package_discovery:Found 4 installed packages in /home/xc2204/ros2_new_study/install
[0.408s] DEBUG:colcon.colcon_installed_package_information.package_discovery:Found 384 installed packages in /opt/ros/humble
[0.410s] Level 1:colcon.colcon_core.package_discovery:discover_packages(prefix_path) using defaults
[0.442s] Level 5:colcon.colcon_core.verb:set package 'face_detect' build argument 'cmake_args' from command line to 'None'
[0.442s] Level 5:colcon.colcon_core.verb:set package 'face_detect' build argument 'cmake_target' from command line to 'None'
[0.442s] Level 5:colcon.colcon_core.verb:set package 'face_detect' build argument 'cmake_target_skip_unavailable' from command line to 'False'
[0.442s] Level 5:colcon.colcon_core.verb:set package 'face_detect' build argument 'cmake_clean_cache' from command line to 'False'
[0.442s] Level 5:colcon.colcon_core.verb:set package 'face_detect' build argument 'cmake_clean_first' from command line to 'False'
[0.442s] Level 5:colcon.colcon_core.verb:set package 'face_detect' build argument 'cmake_force_configure' from command line to 'False'
[0.442s] Level 5:colcon.colcon_core.verb:set package 'face_detect' build argument 'ament_cmake_args' from command line to 'None'
[0.442s] Level 5:colcon.colcon_core.verb:set package 'face_detect' build argument 'catkin_cmake_args' from command line to 'None'
[0.442s] Level 5:colcon.colcon_core.verb:set package 'face_detect' build argument 'catkin_skip_building_tests' from command line to 'False'
[0.442s] DEBUG:colcon.colcon_core.verb:Building package 'face_detect' with the following arguments: {'ament_cmake_args': None, 'build_base': '/home/xc2204/ros2_new_study/build/face_detect', 'catkin_cmake_args': None, 'catkin_skip_building_tests': False, 'cmake_args': None, 'cmake_clean_cache': False, 'cmake_clean_first': False, 'cmake_force_configure': False, 'cmake_target': None, 'cmake_target_skip_unavailable': False, 'install_base': '/home/xc2204/ros2_new_study/install/face_detect', 'merge_install': False, 'path': '/home/xc2204/ros2_new_study/src/face_detect', 'symlink_install': False, 'test_result_base': None}
[0.443s] Level 5:colcon.colcon_core.verb:set package 'msg_interfaces' build argument 'cmake_args' from command line to 'None'
[0.443s] Level 5:colcon.colcon_core.verb:set package 'msg_interfaces' build argument 'cmake_target' from command line to 'None'
[0.443s] Level 5:colcon.colcon_core.verb:set package 'msg_interfaces' build argument 'cmake_target_skip_unavailable' from command line to 'False'
[0.443s] Level 5:colcon.colcon_core.verb:set package 'msg_interfaces' build argument 'cmake_clean_cache' from command line to 'False'
[0.443s] Level 5:colcon.colcon_core.verb:set package 'msg_interfaces' build argument 'cmake_clean_first' from command line to 'False'
[0.443s] Level 5:colcon.colcon_core.verb:set package 'msg_interfaces' build argument 'cmake_force_configure' from command line to 'False'
[0.443s] Level 5:colcon.colcon_core.verb:set package 'msg_interfaces' build argument 'ament_cmake_args' from command line to 'None'
[0.443s] Level 5:colcon.colcon_core.verb:set package 'msg_interfaces' build argument 'catkin_cmake_args' from command line to 'None'
[0.443s] Level 5:colcon.colcon_core.verb:set package 'msg_interfaces' build argument 'catkin_skip_building_tests' from command line to 'False'
[0.443s] DEBUG:colcon.colcon_core.verb:Building package 'msg_interfaces' with the following arguments: {'ament_cmake_args': None, 'build_base': '/home/xc2204/ros2_new_study/build/msg_interfaces', 'catkin_cmake_args': None, 'catkin_skip_building_tests': False, 'cmake_args': None, 'cmake_clean_cache': False, 'cmake_clean_first': False, 'cmake_force_configure': False, 'cmake_target': None, 'cmake_target_skip_unavailable': False, 'install_base': '/home/xc2204/ros2_new_study/install/msg_interfaces', 'merge_install': False, 'path': '/home/xc2204/ros2_new_study/src/msg_interfaces', 'symlink_install': False, 'test_result_base': None}
[0.443s] Level 5:colcon.colcon_core.verb:set package 'pc_stuts' build argument 'cmake_args' from command line to 'None'
[0.443s] Level 5:colcon.colcon_core.verb:set package 'pc_stuts' build argument 'cmake_target' from command line to 'None'
[0.443s] Level 5:colcon.colcon_core.verb:set package 'pc_stuts' build argument 'cmake_target_skip_unavailable' from command line to 'False'
[0.443s] Level 5:colcon.colcon_core.verb:set package 'pc_stuts' build argument 'cmake_clean_cache' from command line to 'False'
[0.443s] Level 5:colcon.colcon_core.verb:set package 'pc_stuts' build argument 'cmake_clean_first' from command line to 'False'
[0.443s] Level 5:colcon.colcon_core.verb:set package 'pc_stuts' build argument 'cmake_force_configure' from command line to 'False'
[0.443s] Level 5:colcon.colcon_core.verb:set package 'pc_stuts' build argument 'ament_cmake_args' from command line to 'None'
[0.443s] Level 5:colcon.colcon_core.verb:set package 'pc_stuts' build argument 'catkin_cmake_args' from command line to 'None'
[0.443s] Level 5:colcon.colcon_core.verb:set package 'pc_stuts' build argument 'catkin_skip_building_tests' from command line to 'False'
[0.443s] DEBUG:colcon.colcon_core.verb:Building package 'pc_stuts' with the following arguments: {'ament_cmake_args': None, 'build_base': '/home/xc2204/ros2_new_study/build/pc_stuts', 'catkin_cmake_args': None, 'catkin_skip_building_tests': False, 'cmake_args': None, 'cmake_clean_cache': False, 'cmake_clean_first': False, 'cmake_force_configure': False, 'cmake_target': None, 'cmake_target_skip_unavailable': False, 'install_base': '/home/xc2204/ros2_new_study/install/pc_stuts', 'merge_install': False, 'path': '/home/xc2204/ros2_new_study/src/pc_stuts', 'symlink_install': False, 'test_result_base': None}
[0.444s] Level 5:colcon.colcon_core.verb:set package 'test_pkg' build argument 'cmake_args' from command line to 'None'
[0.444s] Level 5:colcon.colcon_core.verb:set package 'test_pkg' build argument 'cmake_target' from command line to 'None'
[0.444s] Level 5:colcon.colcon_core.verb:set package 'test_pkg' build argument 'cmake_target_skip_unavailable' from command line to 'False'
[0.444s] Level 5:colcon.colcon_core.verb:set package 'test_pkg' build argument 'cmake_clean_cache' from command line to 'False'
[0.444s] Level 5:colcon.colcon_core.verb:set package 'test_pkg' build argument 'cmake_clean_first' from command line to 'False'
[0.444s] Level 5:colcon.colcon_core.verb:set package 'test_pkg' build argument 'cmake_force_configure' from command line to 'False'
[0.444s] Level 5:colcon.colcon_core.verb:set package 'test_pkg' build argument 'ament_cmake_args' from command line to 'None'
[0.444s] Level 5:colcon.colcon_core.verb:set package 'test_pkg' build argument 'catkin_cmake_args' from command line to 'None'
[0.444s] Level 5:colcon.colcon_core.verb:set package 'test_pkg' build argument 'catkin_skip_building_tests' from command line to 'False'
[0.444s] DEBUG:colcon.colcon_core.verb:Building package 'test_pkg' with the following arguments: {'ament_cmake_args': None, 'build_base': '/home/xc2204/ros2_new_study/build/test_pkg', 'catkin_cmake_args': None, 'catkin_skip_building_tests': False, 'cmake_args': None, 'cmake_clean_cache': False, 'cmake_clean_first': False, 'cmake_force_configure': False, 'cmake_target': None, 'cmake_target_skip_unavailable': False, 'install_base': '/home/xc2204/ros2_new_study/install/test_pkg', 'merge_install': False, 'path': '/home/xc2204/ros2_new_study/src/test_pkg', 'symlink_install': False, 'test_result_base': None}
[0.444s] INFO:colcon.colcon_core.executor:Executing jobs using 'parallel' executor
[0.445s] DEBUG:colcon.colcon_parallel_executor.executor.parallel:run_until_complete
[0.445s] INFO:colcon.colcon_ros.task.ament_cmake.build:Building ROS package in '/home/xc2204/ros2_new_study/src/msg_interfaces' with build type 'ament_cmake'
[0.446s] INFO:colcon.colcon_cmake.task.cmake.build:Building CMake package in '/home/xc2204/ros2_new_study/src/msg_interfaces'
[0.448s] INFO:colcon.colcon_core.plugin_system:Skipping extension 'colcon_core.shell.bat': Not used on non-Windows systems
[0.448s] INFO:colcon.colcon_core.shell:Skip shell extension 'powershell' for command environment: Not usable outside of PowerShell
[0.448s] DEBUG:colcon.colcon_core.shell:Skip shell extension 'dsv' for command environment
[0.451s] INFO:colcon.colcon_ros.task.ament_python.build:Building ROS package in '/home/xc2204/ros2_new_study/src/face_detect' with build type 'ament_python'
[0.451s] Level 1:colcon.colcon_core.shell:create_environment_hook('face_detect', 'ament_prefix_path')
[0.451s] INFO:colcon.colcon_core.shell:Creating environment hook '/home/xc2204/ros2_new_study/install/face_detect/share/face_detect/hook/ament_prefix_path.ps1'
[0.452s] INFO:colcon.colcon_core.shell:Creating environment descriptor '/home/xc2204/ros2_new_study/install/face_detect/share/face_detect/hook/ament_prefix_path.dsv'
[0.452s] INFO:colcon.colcon_core.shell:Creating environment hook '/home/xc2204/ros2_new_study/install/face_detect/share/face_detect/hook/ament_prefix_path.sh'
[0.453s] INFO:colcon.colcon_core.shell:Skip shell extension 'powershell' for command environment: Not usable outside of PowerShell
[0.453s] DEBUG:colcon.colcon_core.shell:Skip shell extension 'dsv' for command environment
[0.463s] DEBUG:colcon.colcon_core.event_handler.log_command:Invoking command in '/home/xc2204/ros2_new_study/build/msg_interfaces': CMAKE_PREFIX_PATH=${CMAKE_PREFIX_PATH}:/home/xc2204/ros2_new_study/install/test_pkg:/home/xc2204/ros2_new_study/install/pc_stuts:/home/xc2204/ros2_new_study/install/face_detect:/opt/ros/humble /usr/bin/cmake --build /home/xc2204/ros2_new_study/build/msg_interfaces -- -j20 -l20
[0.682s] INFO:colcon.colcon_core.task.python.build:Building Python package in '/home/xc2204/ros2_new_study/src/face_detect'
[0.683s] INFO:colcon.colcon_core.shell:Skip shell extension 'powershell' for command environment: Not usable outside of PowerShell
[0.683s] DEBUG:colcon.colcon_core.shell:Skip shell extension 'dsv' for command environment
[0.754s] DEBUG:colcon.colcon_core.event_handler.log_command:Invoked command in '/home/xc2204/ros2_new_study/build/msg_interfaces' returned '0': CMAKE_PREFIX_PATH=${CMAKE_PREFIX_PATH}:/home/xc2204/ros2_new_study/install/test_pkg:/home/xc2204/ros2_new_study/install/pc_stuts:/home/xc2204/ros2_new_study/install/face_detect:/opt/ros/humble /usr/bin/cmake --build /home/xc2204/ros2_new_study/build/msg_interfaces -- -j20 -l20
[0.762s] DEBUG:colcon.colcon_core.event_handler.log_command:Invoking command in '/home/xc2204/ros2_new_study/build/msg_interfaces': CMAKE_PREFIX_PATH=${CMAKE_PREFIX_PATH}:/home/xc2204/ros2_new_study/install/test_pkg:/home/xc2204/ros2_new_study/install/pc_stuts:/home/xc2204/ros2_new_study/install/face_detect:/opt/ros/humble /usr/bin/cmake --install /home/xc2204/ros2_new_study/build/msg_interfaces
[0.813s] Level 1:colcon.colcon_core.environment:create_environment_scripts_only(msg_interfaces)
[0.817s] DEBUG:colcon.colcon_core.event_handler.log_command:Invoked command in '/home/xc2204/ros2_new_study/build/msg_interfaces' returned '0': CMAKE_PREFIX_PATH=${CMAKE_PREFIX_PATH}:/home/xc2204/ros2_new_study/install/test_pkg:/home/xc2204/ros2_new_study/install/pc_stuts:/home/xc2204/ros2_new_study/install/face_detect:/opt/ros/humble /usr/bin/cmake --install /home/xc2204/ros2_new_study/build/msg_interfaces
[0.817s] Level 1:colcon.colcon_core.environment:checking '/home/xc2204/ros2_new_study/install/msg_interfaces' for CMake module files
[0.818s] Level 1:colcon.colcon_core.environment:checking '/home/xc2204/ros2_new_study/install/msg_interfaces' for CMake config files
[0.818s] Level 1:colcon.colcon_core.shell:create_environment_hook('msg_interfaces', 'cmake_prefix_path')
[0.818s] INFO:colcon.colcon_core.shell:Creating environment hook '/home/xc2204/ros2_new_study/install/msg_interfaces/share/msg_interfaces/hook/cmake_prefix_path.ps1'
[0.819s] INFO:colcon.colcon_core.shell:Creating environment descriptor '/home/xc2204/ros2_new_study/install/msg_interfaces/share/msg_interfaces/hook/cmake_prefix_path.dsv'
[0.819s] INFO:colcon.colcon_core.shell:Creating environment hook '/home/xc2204/ros2_new_study/install/msg_interfaces/share/msg_interfaces/hook/cmake_prefix_path.sh'
[0.820s] Level 1:colcon.colcon_core.environment:checking '/home/xc2204/ros2_new_study/install/msg_interfaces/lib'
[0.820s] Level 1:colcon.colcon_core.shell:create_environment_hook('msg_interfaces', 'ld_library_path_lib')
[0.820s] INFO:colcon.colcon_core.shell:Creating environment hook '/home/xc2204/ros2_new_study/install/msg_interfaces/share/msg_interfaces/hook/ld_library_path_lib.ps1'
[0.821s] INFO:colcon.colcon_core.shell:Creating environment descriptor '/home/xc2204/ros2_new_study/install/msg_interfaces/share/msg_interfaces/hook/ld_library_path_lib.dsv'
[0.821s] INFO:colcon.colcon_core.shell:Creating environment hook '/home/xc2204/ros2_new_study/install/msg_interfaces/share/msg_interfaces/hook/ld_library_path_lib.sh'
[0.821s] Level 1:colcon.colcon_core.environment:checking '/home/xc2204/ros2_new_study/install/msg_interfaces/bin'
[0.821s] Level 1:colcon.colcon_core.environment:checking '/home/xc2204/ros2_new_study/install/msg_interfaces/lib/pkgconfig/msg_interfaces.pc'
[0.822s] Level 1:colcon.colcon_core.environment:checking '/home/xc2204/ros2_new_study/install/msg_interfaces/lib/python3.10/site-packages'
[0.822s] Level 1:colcon.colcon_core.environment:checking '/home/xc2204/ros2_new_study/install/msg_interfaces/bin'
[0.822s] INFO:colcon.colcon_core.shell:Creating package script '/home/xc2204/ros2_new_study/install/msg_interfaces/share/msg_interfaces/package.ps1'
[0.823s] INFO:colcon.colcon_core.shell:Creating package descriptor '/home/xc2204/ros2_new_study/install/msg_interfaces/share/msg_interfaces/package.dsv'
[0.823s] INFO:colcon.colcon_core.shell:Creating package script '/home/xc2204/ros2_new_study/install/msg_interfaces/share/msg_interfaces/package.sh'
[0.824s] INFO:colcon.colcon_core.shell:Creating package script '/home/xc2204/ros2_new_study/install/msg_interfaces/share/msg_interfaces/package.bash'
[0.825s] INFO:colcon.colcon_core.shell:Creating package script '/home/xc2204/ros2_new_study/install/msg_interfaces/share/msg_interfaces/package.zsh'
[0.825s] Level 1:colcon.colcon_core.environment:create_file_with_runtime_dependencies(/home/xc2204/ros2_new_study/install/msg_interfaces/share/colcon-core/packages/msg_interfaces)
[0.826s] Level 1:colcon.colcon_core.environment:create_environment_scripts_only(msg_interfaces)
[0.826s] Level 1:colcon.colcon_core.environment:checking '/home/xc2204/ros2_new_study/install/msg_interfaces' for CMake module files
[0.827s] Level 1:colcon.colcon_core.environment:checking '/home/xc2204/ros2_new_study/install/msg_interfaces' for CMake config files
[0.827s] Level 1:colcon.colcon_core.shell:create_environment_hook('msg_interfaces', 'cmake_prefix_path')
[0.828s] INFO:colcon.colcon_core.shell:Creating environment hook '/home/xc2204/ros2_new_study/install/msg_interfaces/share/msg_interfaces/hook/cmake_prefix_path.ps1'
[0.828s] INFO:colcon.colcon_core.shell:Creating environment descriptor '/home/xc2204/ros2_new_study/install/msg_interfaces/share/msg_interfaces/hook/cmake_prefix_path.dsv'
[0.829s] INFO:colcon.colcon_core.shell:Creating environment hook '/home/xc2204/ros2_new_study/install/msg_interfaces/share/msg_interfaces/hook/cmake_prefix_path.sh'
[0.829s] Level 1:colcon.colcon_core.environment:checking '/home/xc2204/ros2_new_study/install/msg_interfaces/lib'
[0.829s] Level 1:colcon.colcon_core.shell:create_environment_hook('msg_interfaces', 'ld_library_path_lib')
[0.829s] INFO:colcon.colcon_core.shell:Creating environment hook '/home/xc2204/ros2_new_study/install/msg_interfaces/share/msg_interfaces/hook/ld_library_path_lib.ps1'
[0.830s] INFO:colcon.colcon_core.shell:Creating environment descriptor '/home/xc2204/ros2_new_study/install/msg_interfaces/share/msg_interfaces/hook/ld_library_path_lib.dsv'
[0.830s] INFO:colcon.colcon_core.shell:Creating environment hook '/home/xc2204/ros2_new_study/install/msg_interfaces/share/msg_interfaces/hook/ld_library_path_lib.sh'
[0.830s] Level 1:colcon.colcon_core.environment:checking '/home/xc2204/ros2_new_study/install/msg_interfaces/bin'
[0.831s] Level 1:colcon.colcon_core.environment:checking '/home/xc2204/ros2_new_study/install/msg_interfaces/lib/pkgconfig/msg_interfaces.pc'
[0.831s] Level 1:colcon.colcon_core.environment:checking '/home/xc2204/ros2_new_study/install/msg_interfaces/lib/python3.10/site-packages'
[0.831s] Level 1:colcon.colcon_core.environment:checking '/home/xc2204/ros2_new_study/install/msg_interfaces/bin'
[0.831s] INFO:colcon.colcon_core.shell:Creating package script '/home/xc2204/ros2_new_study/install/msg_interfaces/share/msg_interfaces/package.ps1'
[0.832s] INFO:colcon.colcon_core.shell:Creating package descriptor '/home/xc2204/ros2_new_study/install/msg_interfaces/share/msg_interfaces/package.dsv'
[0.832s] INFO:colcon.colcon_core.shell:Creating package script '/home/xc2204/ros2_new_study/install/msg_interfaces/share/msg_interfaces/package.sh'
[0.833s] INFO:colcon.colcon_core.shell:Creating package script '/home/xc2204/ros2_new_study/install/msg_interfaces/share/msg_interfaces/package.bash'
[0.833s] INFO:colcon.colcon_core.shell:Creating package script '/home/xc2204/ros2_new_study/install/msg_interfaces/share/msg_interfaces/package.zsh'
[0.834s] Level 1:colcon.colcon_core.environment:create_file_with_runtime_dependencies(/home/xc2204/ros2_new_study/install/msg_interfaces/share/colcon-core/packages/msg_interfaces)
[0.834s] INFO:colcon.colcon_ros.task.ament_python.build:Building ROS package in '/home/xc2204/ros2_new_study/src/pc_stuts' with build type 'ament_python'
[0.834s] Level 1:colcon.colcon_core.shell:create_environment_hook('pc_stuts', 'ament_prefix_path')
[0.835s] INFO:colcon.colcon_core.shell:Creating environment hook '/home/xc2204/ros2_new_study/install/pc_stuts/share/pc_stuts/hook/ament_prefix_path.ps1'
[0.836s] INFO:colcon.colcon_core.shell:Creating environment descriptor '/home/xc2204/ros2_new_study/install/pc_stuts/share/pc_stuts/hook/ament_prefix_path.dsv'
[0.836s] INFO:colcon.colcon_core.shell:Creating environment hook '/home/xc2204/ros2_new_study/install/pc_stuts/share/pc_stuts/hook/ament_prefix_path.sh'
[0.837s] INFO:colcon.colcon_core.shell:Skip shell extension 'powershell' for command environment: Not usable outside of PowerShell
[0.837s] DEBUG:colcon.colcon_core.shell:Skip shell extension 'dsv' for command environment
[0.840s] INFO:colcon.colcon_ros.task.ament_python.build:Building ROS package in '/home/xc2204/ros2_new_study/src/test_pkg' with build type 'ament_python'
[0.840s] Level 1:colcon.colcon_core.shell:create_environment_hook('test_pkg', 'ament_prefix_path')
[0.840s] INFO:colcon.colcon_core.shell:Creating environment hook '/home/xc2204/ros2_new_study/install/test_pkg/share/test_pkg/hook/ament_prefix_path.ps1'
[0.841s] INFO:colcon.colcon_core.shell:Creating environment descriptor '/home/xc2204/ros2_new_study/install/test_pkg/share/test_pkg/hook/ament_prefix_path.dsv'
[0.841s] INFO:colcon.colcon_core.shell:Creating environment hook '/home/xc2204/ros2_new_study/install/test_pkg/share/test_pkg/hook/ament_prefix_path.sh'
[0.842s] INFO:colcon.colcon_core.shell:Skip shell extension 'powershell' for command environment: Not usable outside of PowerShell
[0.842s] DEBUG:colcon.colcon_core.shell:Skip shell extension 'dsv' for command environment
[1.151s] INFO:colcon.colcon_core.task.python.build:Building Python package in '/home/xc2204/ros2_new_study/src/test_pkg'
[1.152s] INFO:colcon.colcon_core.shell:Skip shell extension 'powershell' for command environment: Not usable outside of PowerShell
[1.152s] DEBUG:colcon.colcon_core.shell:Skip shell extension 'dsv' for command environment
[1.350s] INFO:colcon.colcon_core.task.python.build:Building Python package in '/home/xc2204/ros2_new_study/src/pc_stuts'
[1.350s] INFO:colcon.colcon_core.shell:Skip shell extension 'powershell' for command environment: Not usable outside of PowerShell
[1.351s] DEBUG:colcon.colcon_core.shell:Skip shell extension 'dsv' for command environment
[1.357s] DEBUG:colcon.colcon_core.event_handler.log_command:Invoking command in '/home/xc2204/ros2_new_study/src/face_detect': PYTHONPATH=/home/xc2204/ros2_new_study/build/face_detect/prefix_override:/usr/lib/python3/dist-packages/colcon_core/task/python/colcon_distutils_commands:/home/xc2204/ros2_new_study/install/face_detect/lib/python3.10/site-packages:${PYTHONPATH} /usr/bin/python3 -W ignore:setup.py install is deprecated -W ignore:easy_install command is deprecated setup.py egg_info --egg-base ../../build/face_detect build --build-base /home/xc2204/ros2_new_study/build/face_detect/build install --record /home/xc2204/ros2_new_study/build/face_detect/install.log --single-version-externally-managed install_data
[1.587s] Level 1:colcon.colcon_core.environment:checking '/home/xc2204/ros2_new_study/install/face_detect' for CMake module files
[1.587s] DEBUG:colcon.colcon_core.event_handler.log_command:Invoked command in '/home/xc2204/ros2_new_study/src/face_detect' returned '0': PYTHONPATH=/home/xc2204/ros2_new_study/build/face_detect/prefix_override:/usr/lib/python3/dist-packages/colcon_core/task/python/colcon_distutils_commands:/home/xc2204/ros2_new_study/install/face_detect/lib/python3.10/site-packages:${PYTHONPATH} /usr/bin/python3 -W ignore:setup.py install is deprecated -W ignore:easy_install command is deprecated setup.py egg_info --egg-base ../../build/face_detect build --build-base /home/xc2204/ros2_new_study/build/face_detect/build install --record /home/xc2204/ros2_new_study/build/face_detect/install.log --single-version-externally-managed install_data
[1.588s] Level 1:colcon.colcon_core.environment:checking '/home/xc2204/ros2_new_study/install/face_detect' for CMake config files
[1.588s] Level 1:colcon.colcon_core.environment:checking '/home/xc2204/ros2_new_study/install/face_detect/lib'
[1.588s] Level 1:colcon.colcon_core.environment:checking '/home/xc2204/ros2_new_study/install/face_detect/bin'
[1.588s] Level 1:colcon.colcon_core.environment:checking '/home/xc2204/ros2_new_study/install/face_detect/lib/pkgconfig/face_detect.pc'
[1.589s] Level 1:colcon.colcon_core.environment:checking '/home/xc2204/ros2_new_study/install/face_detect/lib/python3.10/site-packages'
[1.589s] Level 1:colcon.colcon_core.shell:create_environment_hook('face_detect', 'pythonpath')
[1.589s] INFO:colcon.colcon_core.shell:Creating environment hook '/home/xc2204/ros2_new_study/install/face_detect/share/face_detect/hook/pythonpath.ps1'
[1.589s] INFO:colcon.colcon_core.shell:Creating environment descriptor '/home/xc2204/ros2_new_study/install/face_detect/share/face_detect/hook/pythonpath.dsv'
[1.590s] INFO:colcon.colcon_core.shell:Creating environment hook '/home/xc2204/ros2_new_study/install/face_detect/share/face_detect/hook/pythonpath.sh'
[1.590s] Level 1:colcon.colcon_core.environment:checking '/home/xc2204/ros2_new_study/install/face_detect/bin'
[1.590s] Level 1:colcon.colcon_core.environment:create_environment_scripts_only(face_detect)
[1.591s] INFO:colcon.colcon_core.shell:Creating package script '/home/xc2204/ros2_new_study/install/face_detect/share/face_detect/package.ps1'
[1.591s] INFO:colcon.colcon_core.shell:Creating package descriptor '/home/xc2204/ros2_new_study/install/face_detect/share/face_detect/package.dsv'
[1.591s] INFO:colcon.colcon_core.shell:Creating package script '/home/xc2204/ros2_new_study/install/face_detect/share/face_detect/package.sh'
[1.592s] INFO:colcon.colcon_core.shell:Creating package script '/home/xc2204/ros2_new_study/install/face_detect/share/face_detect/package.bash'
[1.592s] INFO:colcon.colcon_core.shell:Creating package script '/home/xc2204/ros2_new_study/install/face_detect/share/face_detect/package.zsh'
[1.592s] Level 1:colcon.colcon_core.environment:create_file_with_runtime_dependencies(/home/xc2204/ros2_new_study/install/face_detect/share/colcon-core/packages/face_detect)
[1.636s] DEBUG:colcon.colcon_core.event_handler.log_command:Invoking command in '/home/xc2204/ros2_new_study/src/test_pkg': PYTHONPATH=/home/xc2204/ros2_new_study/build/test_pkg/prefix_override:/usr/lib/python3/dist-packages/colcon_core/task/python/colcon_distutils_commands:/home/xc2204/ros2_new_study/install/test_pkg/lib/python3.10/site-packages:${PYTHONPATH} /usr/bin/python3 -W ignore:setup.py install is deprecated -W ignore:easy_install command is deprecated setup.py egg_info --egg-base ../../build/test_pkg build --build-base /home/xc2204/ros2_new_study/build/test_pkg/build install --record /home/xc2204/ros2_new_study/build/test_pkg/install.log --single-version-externally-managed install_data
[1.779s] DEBUG:colcon.colcon_core.event_handler.log_command:Invoking command in '/home/xc2204/ros2_new_study/src/pc_stuts': PYTHONPATH=/home/xc2204/ros2_new_study/build/pc_stuts/prefix_override:/usr/lib/python3/dist-packages/colcon_core/task/python/colcon_distutils_commands:/home/xc2204/ros2_new_study/install/pc_stuts/lib/python3.10/site-packages:${PYTHONPATH} /usr/bin/python3 -W ignore:setup.py install is deprecated -W ignore:easy_install command is deprecated setup.py egg_info --egg-base ../../build/pc_stuts build --build-base /home/xc2204/ros2_new_study/build/pc_stuts/build install --record /home/xc2204/ros2_new_study/build/pc_stuts/install.log --single-version-externally-managed install_data
[1.855s] Level 1:colcon.colcon_core.environment:checking '/home/xc2204/ros2_new_study/install/test_pkg' for CMake module files
[1.856s] DEBUG:colcon.colcon_core.event_handler.log_command:Invoked command in '/home/xc2204/ros2_new_study/src/test_pkg' returned '0': PYTHONPATH=/home/xc2204/ros2_new_study/build/test_pkg/prefix_override:/usr/lib/python3/dist-packages/colcon_core/task/python/colcon_distutils_commands:/home/xc2204/ros2_new_study/install/test_pkg/lib/python3.10/site-packages:${PYTHONPATH} /usr/bin/python3 -W ignore:setup.py install is deprecated -W ignore:easy_install command is deprecated setup.py egg_info --egg-base ../../build/test_pkg build --build-base /home/xc2204/ros2_new_study/build/test_pkg/build install --record /home/xc2204/ros2_new_study/build/test_pkg/install.log --single-version-externally-managed install_data
[1.856s] Level 1:colcon.colcon_core.environment:checking '/home/xc2204/ros2_new_study/install/test_pkg' for CMake config files
[1.857s] Level 1:colcon.colcon_core.environment:checking '/home/xc2204/ros2_new_study/install/test_pkg/lib'
[1.857s] Level 1:colcon.colcon_core.environment:checking '/home/xc2204/ros2_new_study/install/test_pkg/bin'
[1.857s] Level 1:colcon.colcon_core.environment:checking '/home/xc2204/ros2_new_study/install/test_pkg/lib/pkgconfig/test_pkg.pc'
[1.857s] Level 1:colcon.colcon_core.environment:checking '/home/xc2204/ros2_new_study/install/test_pkg/lib/python3.10/site-packages'
[1.857s] Level 1:colcon.colcon_core.shell:create_environment_hook('test_pkg', 'pythonpath')
[1.857s] INFO:colcon.colcon_core.shell:Creating environment hook '/home/xc2204/ros2_new_study/install/test_pkg/share/test_pkg/hook/pythonpath.ps1'
[1.858s] INFO:colcon.colcon_core.shell:Creating environment descriptor '/home/xc2204/ros2_new_study/install/test_pkg/share/test_pkg/hook/pythonpath.dsv'
[1.858s] INFO:colcon.colcon_core.shell:Creating environment hook '/home/xc2204/ros2_new_study/install/test_pkg/share/test_pkg/hook/pythonpath.sh'
[1.859s] Level 1:colcon.colcon_core.environment:checking '/home/xc2204/ros2_new_study/install/test_pkg/bin'
[1.859s] Level 1:colcon.colcon_core.environment:create_environment_scripts_only(test_pkg)
[1.859s] INFO:colcon.colcon_core.shell:Creating package script '/home/xc2204/ros2_new_study/install/test_pkg/share/test_pkg/package.ps1'
[1.860s] INFO:colcon.colcon_core.shell:Creating package descriptor '/home/xc2204/ros2_new_study/install/test_pkg/share/test_pkg/package.dsv'
[1.860s] INFO:colcon.colcon_core.shell:Creating package script '/home/xc2204/ros2_new_study/install/test_pkg/share/test_pkg/package.sh'
[1.860s] INFO:colcon.colcon_core.shell:Creating package script '/home/xc2204/ros2_new_study/install/test_pkg/share/test_pkg/package.bash'
[1.861s] INFO:colcon.colcon_core.shell:Creating package script '/home/xc2204/ros2_new_study/install/test_pkg/share/test_pkg/package.zsh'
[1.861s] Level 1:colcon.colcon_core.environment:create_file_with_runtime_dependencies(/home/xc2204/ros2_new_study/install/test_pkg/share/colcon-core/packages/test_pkg)
[1.996s] Level 1:colcon.colcon_core.environment:checking '/home/xc2204/ros2_new_study/install/pc_stuts' for CMake module files
[1.997s] DEBUG:colcon.colcon_core.event_handler.log_command:Invoked command in '/home/xc2204/ros2_new_study/src/pc_stuts' returned '0': PYTHONPATH=/home/xc2204/ros2_new_study/build/pc_stuts/prefix_override:/usr/lib/python3/dist-packages/colcon_core/task/python/colcon_distutils_commands:/home/xc2204/ros2_new_study/install/pc_stuts/lib/python3.10/site-packages:${PYTHONPATH} /usr/bin/python3 -W ignore:setup.py install is deprecated -W ignore:easy_install command is deprecated setup.py egg_info --egg-base ../../build/pc_stuts build --build-base /home/xc2204/ros2_new_study/build/pc_stuts/build install --record /home/xc2204/ros2_new_study/build/pc_stuts/install.log --single-version-externally-managed install_data
[1.997s] Level 1:colcon.colcon_core.environment:checking '/home/xc2204/ros2_new_study/install/pc_stuts' for CMake config files
[1.997s] Level 1:colcon.colcon_core.environment:checking '/home/xc2204/ros2_new_study/install/pc_stuts/lib'
[1.997s] Level 1:colcon.colcon_core.environment:checking '/home/xc2204/ros2_new_study/install/pc_stuts/bin'
[1.998s] Level 1:colcon.colcon_core.environment:checking '/home/xc2204/ros2_new_study/install/pc_stuts/lib/pkgconfig/pc_stuts.pc'
[1.998s] Level 1:colcon.colcon_core.environment:checking '/home/xc2204/ros2_new_study/install/pc_stuts/lib/python3.10/site-packages'
[1.998s] Level 1:colcon.colcon_core.shell:create_environment_hook('pc_stuts', 'pythonpath')
[1.998s] INFO:colcon.colcon_core.shell:Creating environment hook '/home/xc2204/ros2_new_study/install/pc_stuts/share/pc_stuts/hook/pythonpath.ps1'
[1.999s] INFO:colcon.colcon_core.shell:Creating environment descriptor '/home/xc2204/ros2_new_study/install/pc_stuts/share/pc_stuts/hook/pythonpath.dsv'
[1.999s] INFO:colcon.colcon_core.shell:Creating environment hook '/home/xc2204/ros2_new_study/install/pc_stuts/share/pc_stuts/hook/pythonpath.sh'
[1.999s] Level 1:colcon.colcon_core.environment:checking '/home/xc2204/ros2_new_study/install/pc_stuts/bin'
[2.000s] Level 1:colcon.colcon_core.environment:create_environment_scripts_only(pc_stuts)
[2.000s] INFO:colcon.colcon_core.shell:Creating package script '/home/xc2204/ros2_new_study/install/pc_stuts/share/pc_stuts/package.ps1'
[2.000s] INFO:colcon.colcon_core.shell:Creating package descriptor '/home/xc2204/ros2_new_study/install/pc_stuts/share/pc_stuts/package.dsv'
[2.001s] INFO:colcon.colcon_core.shell:Creating package script '/home/xc2204/ros2_new_study/install/pc_stuts/share/pc_stuts/package.sh'
[2.001s] INFO:colcon.colcon_core.shell:Creating package script '/home/xc2204/ros2_new_study/install/pc_stuts/share/pc_stuts/package.bash'
[2.001s] INFO:colcon.colcon_core.shell:Creating package script '/home/xc2204/ros2_new_study/install/pc_stuts/share/pc_stuts/package.zsh'
[2.001s] Level 1:colcon.colcon_core.environment:create_file_with_runtime_dependencies(/home/xc2204/ros2_new_study/install/pc_stuts/share/colcon-core/packages/pc_stuts)
[2.002s] DEBUG:colcon.colcon_parallel_executor.executor.parallel:closing loop
[2.002s] DEBUG:colcon.colcon_parallel_executor.executor.parallel:loop closed
[2.002s] DEBUG:colcon.colcon_parallel_executor.executor.parallel:run_until_complete finished with '0'
[2.002s] DEBUG:colcon.colcon_core.event_reactor:joining thread
[2.006s] INFO:colcon.colcon_core.plugin_system:Skipping extension 'colcon_notification.desktop_notification.terminal_notifier': Not used on non-Darwin systems
[2.006s] INFO:colcon.colcon_core.plugin_system:Skipping extension 'colcon_notification.desktop_notification.win32': Not used on non-Windows systems
[2.007s] INFO:colcon.colcon_notification.desktop_notification:Sending desktop notification using 'notify2'
[2.011s] DEBUG:colcon.colcon_core.event_reactor:joined thread
[2.011s] INFO:colcon.colcon_core.shell:Creating prefix script '/home/xc2204/ros2_new_study/install/local_setup.ps1'
[2.012s] INFO:colcon.colcon_core.shell:Creating prefix util module '/home/xc2204/ros2_new_study/install/_local_setup_util_ps1.py'
[2.013s] INFO:colcon.colcon_core.shell:Creating prefix chain script '/home/xc2204/ros2_new_study/install/setup.ps1'
[2.014s] INFO:colcon.colcon_core.shell:Creating prefix script '/home/xc2204/ros2_new_study/install/local_setup.sh'
[2.014s] INFO:colcon.colcon_core.shell:Creating prefix util module '/home/xc2204/ros2_new_study/install/_local_setup_util_sh.py'
[2.014s] INFO:colcon.colcon_core.shell:Creating prefix chain script '/home/xc2204/ros2_new_study/install/setup.sh'
[2.015s] INFO:colcon.colcon_core.shell:Creating prefix script '/home/xc2204/ros2_new_study/install/local_setup.bash'
[2.015s] INFO:colcon.colcon_core.shell:Creating prefix chain script '/home/xc2204/ros2_new_study/install/setup.bash'
[2.016s] INFO:colcon.colcon_core.shell:Creating prefix script '/home/xc2204/ros2_new_study/install/local_setup.zsh'
[2.016s] INFO:colcon.colcon_core.shell:Creating prefix chain script '/home/xc2204/ros2_new_study/install/setup.zsh'
