[1.398s] Invoking command in '/home/xc2204/ros2_new_study/src/face_detect': PYTHONPATH=/home/xc2204/ros2_new_study/build/face_detect/prefix_override:/usr/lib/python3/dist-packages/colcon_core/task/python/colcon_distutils_commands:/home/xc2204/ros2_new_study/install/face_detect/lib/python3.10/site-packages:${PYTHONPATH} /usr/bin/python3 -W ignore:setup.py install is deprecated -W ignore:easy_install command is deprecated setup.py egg_info --egg-base ../../build/face_detect build --build-base /home/xc2204/ros2_new_study/build/face_detect/build install --record /home/xc2204/ros2_new_study/build/face_detect/install.log --single-version-externally-managed install_data
[1.643s] running egg_info
[1.644s] writing ../../build/face_detect/face_detect.egg-info/PKG-INFO
[1.645s] writing dependency_links to ../../build/face_detect/face_detect.egg-info/dependency_links.txt
[1.645s] writing entry points to ../../build/face_detect/face_detect.egg-info/entry_points.txt
[1.645s] writing requirements to ../../build/face_detect/face_detect.egg-info/requires.txt
[1.645s] writing top-level names to ../../build/face_detect/face_detect.egg-info/top_level.txt
[1.650s] reading manifest file '../../build/face_detect/face_detect.egg-info/SOURCES.txt'
[1.653s] writing manifest file '../../build/face_detect/face_detect.egg-info/SOURCES.txt'
[1.653s] running build
[1.653s] running build_py
[1.654s] running install
[1.654s] running install_lib
[1.657s] running install_data
[1.658s] running install_egg_info
[1.660s] removing '/home/xc2204/ros2_new_study/install/face_detect/lib/python3.10/site-packages/face_detect-0.0.0-py3.10.egg-info' (and everything under it)
[1.660s] Copying ../../build/face_detect/face_detect.egg-info to /home/xc2204/ros2_new_study/install/face_detect/lib/python3.10/site-packages/face_detect-0.0.0-py3.10.egg-info
[1.662s] running install_scripts
[1.686s] Installing client_face_detect script to /home/xc2204/ros2_new_study/install/face_detect/lib/face_detect
[1.687s] Installing srv_face_detect script to /home/xc2204/ros2_new_study/install/face_detect/lib/face_detect
[1.687s] Installing video_detect script to /home/xc2204/ros2_new_study/install/face_detect/lib/face_detect
[1.687s] writing list of installed files to '/home/xc2204/ros2_new_study/build/face_detect/install.log'
[1.724s] Invoked command in '/home/xc2204/ros2_new_study/src/face_detect' returned '0': PYTHONPATH=/home/xc2204/ros2_new_study/build/face_detect/prefix_override:/usr/lib/python3/dist-packages/colcon_core/task/python/colcon_distutils_commands:/home/xc2204/ros2_new_study/install/face_detect/lib/python3.10/site-packages:${PYTHONPATH} /usr/bin/python3 -W ignore:setup.py install is deprecated -W ignore:easy_install command is deprecated setup.py egg_info --egg-base ../../build/face_detect build --build-base /home/xc2204/ros2_new_study/build/face_detect/build install --record /home/xc2204/ros2_new_study/build/face_detect/install.log --single-version-externally-managed install_data
