/home/xc2204/ros2_new_study/install/pc_stuts/lib/python3.10/site-packages/pc_stuts/qt_ui.py
/home/xc2204/ros2_new_study/install/pc_stuts/lib/python3.10/site-packages/pc_stuts/stuts_pub.py
/home/xc2204/ros2_new_study/install/pc_stuts/lib/python3.10/site-packages/pc_stuts/__init__.py
/home/xc2204/ros2_new_study/install/pc_stuts/lib/python3.10/site-packages/pc_stuts/stuts_sub.py
/home/xc2204/ros2_new_study/install/pc_stuts/lib/python3.10/site-packages/pc_stuts/__pycache__/qt_ui.cpython-310.pyc
/home/xc2204/ros2_new_study/install/pc_stuts/lib/python3.10/site-packages/pc_stuts/__pycache__/stuts_pub.cpython-310.pyc
/home/xc2204/ros2_new_study/install/pc_stuts/lib/python3.10/site-packages/pc_stuts/__pycache__/__init__.cpython-310.pyc
/home/xc2204/ros2_new_study/install/pc_stuts/lib/python3.10/site-packages/pc_stuts/__pycache__/stuts_sub.cpython-310.pyc
/home/xc2204/ros2_new_study/install/pc_stuts/share/ament_index/resource_index/packages/pc_stuts
/home/xc2204/ros2_new_study/install/pc_stuts/share/pc_stuts/package.xml
/home/xc2204/ros2_new_study/install/pc_stuts/lib/python3.10/site-packages/pc_stuts-0.0.0-py3.10.egg-info/entry_points.txt
/home/xc2204/ros2_new_study/install/pc_stuts/lib/python3.10/site-packages/pc_stuts-0.0.0-py3.10.egg-info/zip-safe
/home/xc2204/ros2_new_study/install/pc_stuts/lib/python3.10/site-packages/pc_stuts-0.0.0-py3.10.egg-info/top_level.txt
/home/xc2204/ros2_new_study/install/pc_stuts/lib/python3.10/site-packages/pc_stuts-0.0.0-py3.10.egg-info/SOURCES.txt
/home/xc2204/ros2_new_study/install/pc_stuts/lib/python3.10/site-packages/pc_stuts-0.0.0-py3.10.egg-info/dependency_links.txt
/home/xc2204/ros2_new_study/install/pc_stuts/lib/python3.10/site-packages/pc_stuts-0.0.0-py3.10.egg-info/requires.txt
/home/xc2204/ros2_new_study/install/pc_stuts/lib/python3.10/site-packages/pc_stuts-0.0.0-py3.10.egg-info/PKG-INFO
/home/xc2204/ros2_new_study/install/pc_stuts/lib/pc_stuts/qt_ui
/home/xc2204/ros2_new_study/install/pc_stuts/lib/pc_stuts/stuts_pub
/home/xc2204/ros2_new_study/install/pc_stuts/lib/pc_stuts/stuts_sub
